Copyright 1986-2022 Xilinx, Inc. All Rights Reserved. Copyright 2022-2025 Advanced Micro Devices, Inc. All Rights Reserved.
---------------------------------------------------------------------------------------------------------------------------------------------
| Tool Version : Vivado v.2025.1 (lin64) Build 6140274 Wed May 21 22:58:25 MDT 2025
| Date         : Wed Oct 15 16:58:49 2025
| Host         : eecs-digital-02 running 64-bit Ubuntu 24.04.3 LTS
| Command      : report_timing_summary -file obj/post_place_timing_summary.rpt
| Design       : top_level
| Device       : 7s50-csga324
| Speed File   : -1  PRODUCTION 1.23 2018-06-13
| Design State : Fully Placed
---------------------------------------------------------------------------------------------------------------------------------------------

Timing Summary Report

------------------------------------------------------------------------------------------------
| Timer Settings
| --------------
------------------------------------------------------------------------------------------------

  Enable Multi Corner Analysis               :  Yes
  Enable Pessimism Removal                   :  Yes
  Pessimism Removal Resolution               :  Nearest Common Node
  Enable Input Delay Default Clock           :  No
  Enable Preset / Clear Arcs                 :  No
  Disable Flight Delays                      :  No
  Ignore I/O Paths                           :  No
  Timing Early Launch at Borrowing Latches   :  No
  Borrow Time for Max Delay Exceptions       :  Yes
  Merge Timing Exceptions                    :  Yes
  Inter-SLR Compensation                     :  Conservative

  Corner  Analyze    Analyze    
  Name    Max Paths  Min Paths  
  ------  ---------  ---------  
  Slow    Yes        Yes        
  Fast    Yes        Yes        


------------------------------------------------------------------------------------------------
| Report Methodology
| ------------------
------------------------------------------------------------------------------------------------

No report available as report_methodology has not been run prior. Run report_methodology on the current design for the summary of methodology violations.



check_timing report

Table of Contents
-----------------
1. checking no_clock (0)
2. checking constant_clock (0)
3. checking pulse_width_clock (0)
4. checking unconstrained_internal_endpoints (0)
5. checking no_input_delay (49)
6. checking no_output_delay (86)
7. checking multiple_clock (0)
8. checking generated_clocks (0)
9. checking loops (0)
10. checking partial_input_delay (0)
11. checking partial_output_delay (0)
12. checking latch_loops (0)

1. checking no_clock (0)
------------------------
 There are 0 register/latch pins with no clock.


2. checking constant_clock (0)
------------------------------
 There are 0 register/latch pins with constant_clock.


3. checking pulse_width_clock (0)
---------------------------------
 There are 0 register/latch pins which need pulse_width check


4. checking unconstrained_internal_endpoints (0)
------------------------------------------------
 There are 0 pins that are not constrained for maximum delay.

 There are 0 pins that are not constrained for maximum delay due to constant clock.


5. checking no_input_delay (49)
-------------------------------
 There are 49 input ports with no input delay specified. (HIGH)

 There are 0 input ports with no input delay but user has a false path constraint.


6. checking no_output_delay (86)
--------------------------------
 There are 86 ports with no output delay specified. (HIGH)

 There are 0 ports with no output delay but user has a false path constraint

 There are 0 ports with no output delay but with a timing clock defined on it or propagating through it


7. checking multiple_clock (0)
------------------------------
 There are 0 register/latch pins with multiple clocks.


8. checking generated_clocks (0)
--------------------------------
 There are 0 generated clocks that are not connected to a clock source.


9. checking loops (0)
---------------------
 There are 0 combinational loops in the design.


10. checking partial_input_delay (0)
------------------------------------
 There are 0 input ports with partial input delay specified.


11. checking partial_output_delay (0)
-------------------------------------
 There are 0 ports with partial output delay specified.


12. checking latch_loops (0)
----------------------------
 There are 0 combinational latch loops in the design through latch input



------------------------------------------------------------------------------------------------
| Design Timing Summary
| ---------------------
------------------------------------------------------------------------------------------------

    WNS(ns)      TNS(ns)  TNS Failing Endpoints  TNS Total Endpoints      WHS(ns)      THS(ns)  THS Failing Endpoints  THS Total Endpoints     WPWS(ns)     TPWS(ns)  TPWS Failing Endpoints  TPWS Total Endpoints  
    -------      -------  ---------------------  -------------------      -------      -------  ---------------------  -------------------     --------     --------  ----------------------  --------------------  
      0.433        0.000                      0                12824       -0.340      -10.659                    139                12792        0.264        0.000                       0                  4285  


Timing constraints are not met.


------------------------------------------------------------------------------------------------
| Clock Summary
| -------------
------------------------------------------------------------------------------------------------

Clock                        Waveform(ns)         Period(ns)      Frequency(MHz)
-----                        ------------         ----------      --------------
gclk                         {0.000 4.000}        10.000          100.000         
  clk_camera_clk_wiz_0       {0.000 2.500}        5.000           200.000         
  clk_controller_clk_wiz_0   {0.000 6.000}        12.000          83.333          
  clk_ddr3_90_clk_wiz_0      {0.750 2.250}        3.000           333.333         
  clk_ddr3_clk_wiz_0         {0.000 1.500}        3.000           333.333         
  clk_passthrough_clk_wiz_0  {0.000 5.000}        10.000          100.000         
    clk_pixel_cw_hdmi        {0.000 6.734}        13.468          74.250          
    clk_tmds_cw_hdmi         {0.000 1.347}        2.694           371.250         
    clkfbout_cw_hdmi         {0.000 25.000}       50.000          20.000          
  clk_xc_clk_wiz_0           {0.000 20.000}       40.000          25.000          
  clkfbout_clk_wiz_0         {0.000 5.000}        10.000          100.000         


------------------------------------------------------------------------------------------------
| Intra Clock Table
| -----------------
------------------------------------------------------------------------------------------------

Clock                            WNS(ns)      TNS(ns)  TNS Failing Endpoints  TNS Total Endpoints      WHS(ns)      THS(ns)  THS Failing Endpoints  THS Total Endpoints     WPWS(ns)     TPWS(ns)  TPWS Failing Endpoints  TPWS Total Endpoints  
-----                            -------      -------  ---------------------  -------------------      -------      -------  ---------------------  -------------------     --------     --------  ----------------------  --------------------  
gclk                                                                                                                                                                           2.000        0.000                       0                     1  
  clk_camera_clk_wiz_0             0.433        0.000                      0                 2233       -0.340       -6.023                     71                 2233        0.264        0.000                       0                   651  
  clk_controller_clk_wiz_0         0.539        0.000                      0                 7780       -0.230       -4.380                     63                 7780        4.750        0.000                       0                  2647  
  clk_ddr3_90_clk_wiz_0                                                                                                                                                        0.845        0.000                       0                    20  
  clk_ddr3_clk_wiz_0                                                                                                                                                           0.845        0.000                       0                    63  
  clk_passthrough_clk_wiz_0                                                                                                                                                    3.000        0.000                       0                     3  
    clk_pixel_cw_hdmi              0.626        0.000                      0                 2779       -0.097       -0.256                      5                 2779        6.234        0.000                       0                   884  
    clk_tmds_cw_hdmi                                                                                                                                                           0.538        0.000                       0                     8  
    clkfbout_cw_hdmi                                                                                                                                                          47.845        0.000                       0                     3  
  clk_xc_clk_wiz_0                                                                                                                                                            37.845        0.000                       0                     2  
  clkfbout_clk_wiz_0                                                                                                                                                           7.845        0.000                       0                     3  


------------------------------------------------------------------------------------------------
| Inter Clock Table
| -----------------
------------------------------------------------------------------------------------------------

From Clock                To Clock                      WNS(ns)      TNS(ns)  TNS Failing Endpoints  TNS Total Endpoints      WHS(ns)      THS(ns)  THS Failing Endpoints  THS Total Endpoints  
----------                --------                      -------      -------  ---------------------  -------------------      -------      -------  ---------------------  -------------------  
clk_controller_clk_wiz_0  clk_camera_clk_wiz_0            4.786        0.000                      0                    8                                                                        
clk_camera_clk_wiz_0      clk_controller_clk_wiz_0        4.850        0.000                      0                    8                                                                        
clk_pixel_cw_hdmi         clk_controller_clk_wiz_0        4.446        0.000                      0                    8                                                                        
clk_controller_clk_wiz_0  clk_pixel_cw_hdmi               4.262        0.000                      0                    8                                                                        


------------------------------------------------------------------------------------------------
| Other Path Groups Table
| -----------------------
------------------------------------------------------------------------------------------------

Path Group    From Clock    To Clock          WNS(ns)      TNS(ns)  TNS Failing Endpoints  TNS Total Endpoints      WHS(ns)      THS(ns)  THS Failing Endpoints  THS Total Endpoints  
----------    ----------    --------          -------      -------  ---------------------  -------------------      -------      -------  ---------------------  -------------------  


------------------------------------------------------------------------------------------------
| Timing Details
| --------------
------------------------------------------------------------------------------------------------


---------------------------------------------------------------------------------------------------
From Clock:  gclk
  To Clock:  gclk

Setup :           NA  Failing Endpoints,  Worst Slack           NA  ,  Total Violation           NA
Hold  :           NA  Failing Endpoints,  Worst Slack           NA  ,  Total Violation           NA
PW    :            0  Failing Endpoints,  Worst Slack        2.000ns,  Total Violation        0.000ns
---------------------------------------------------------------------------------------------------


Pulse Width Checks
--------------------------------------------------------------------------------------
Clock Name:         gclk
Waveform(ns):       { 0.000 4.000 }
Period(ns):         10.000
Sources:            { clk_100mhz }

Check Type        Corner  Lib Pin            Reference Pin  Required(ns)  Actual(ns)  Slack(ns)  Location         Pin
Min Period        n/a     MMCME2_ADV/CLKIN1  n/a            1.249         10.000      8.751      MMCME2_ADV_X0Y0  lcw/mmcm_adv_inst/CLKIN1
Max Period        n/a     MMCME2_ADV/CLKIN1  n/a            100.000       10.000      90.000     MMCME2_ADV_X0Y0  lcw/mmcm_adv_inst/CLKIN1
Low Pulse Width   Slow    MMCME2_ADV/CLKIN1  n/a            2.000         6.000       4.000      MMCME2_ADV_X0Y0  lcw/mmcm_adv_inst/CLKIN1
High Pulse Width  Slow    MMCME2_ADV/CLKIN1  n/a            2.000         4.000       2.000      MMCME2_ADV_X0Y0  lcw/mmcm_adv_inst/CLKIN1



---------------------------------------------------------------------------------------------------
From Clock:  clk_camera_clk_wiz_0
  To Clock:  clk_camera_clk_wiz_0

Setup :            0  Failing Endpoints,  Worst Slack        0.433ns,  Total Violation        0.000ns
Hold  :           71  Failing Endpoints,  Worst Slack       -0.340ns,  Total Violation       -6.023ns
PW    :            0  Failing Endpoints,  Worst Slack        0.264ns,  Total Violation        0.000ns
---------------------------------------------------------------------------------------------------


Max Delay Paths
--------------------------------------------------------------------------------------
Slack (MET) :             0.433ns  (required time - arrival time)
  Source:                 nolabel_line160/pixel_v_count_reg[5]/C
                            (rising edge-triggered cell FDRE clocked by clk_camera_clk_wiz_0  {rise@0.000ns fall@2.500ns period=5.000ns})
  Destination:            addra_reg[15]_rep/D
                            (rising edge-triggered cell FDRE clocked by clk_camera_clk_wiz_0  {rise@0.000ns fall@2.500ns period=5.000ns})
  Path Group:             clk_camera_clk_wiz_0
  Path Type:              Setup (Max at Slow Process Corner)
  Requirement:            5.000ns  (clk_camera_clk_wiz_0 rise@5.000ns - clk_camera_clk_wiz_0 rise@0.000ns)
  Data Path Delay:        4.236ns  (logic 2.361ns (55.737%)  route 1.875ns (44.263%))
  Logic Levels:           5  (CARRY4=4 LUT2=1)
  Clock Path Skew:        -0.024ns (DCD - SCD + CPR)
    Destination Clock Delay (DCD):    -1.614ns = ( 3.386 - 5.000 ) 
    Source Clock Delay      (SCD):    -1.023ns
    Clock Pessimism Removal (CPR):    0.568ns
  Clock Uncertainty:      0.067ns  ((TSJ^2 + DJ^2)^1/2) / 2 + PE
    Total System Jitter     (TSJ):    0.071ns
    Discrete Jitter          (DJ):    0.113ns
    Phase Error              (PE):    0.000ns

    Location             Delay type                Incr(ns)  Path(ns)    Netlist Resource(s)
  -------------------------------------------------------------------    -------------------
                         (clock clk_camera_clk_wiz_0 rise edge)
                                                      0.000     0.000 r  
    N15                                               0.000     0.000 r  clk_100mhz (IN)
                         net (fo=0)                   0.000     0.000    lcw/clk_in1
    N15                  IBUF (Prop_ibuf_I_O)         1.440     1.440 r  lcw/clkin1_ibufg/O
                         net (fo=1, estimated)        1.233     2.673    lcw/clk_in1_clk_wiz_0
    MMCME2_ADV_X0Y0      MMCME2_ADV (Prop_mmcme2_adv_CLKIN1_CLKOUT3)
                                                     -7.025    -4.352 r  lcw/mmcm_adv_inst/CLKOUT3
                         net (fo=1, estimated)        1.666    -2.686    lcw/clk_camera_clk_wiz_0
    BUFGCTRL_X0Y2        BUFG (Prop_bufg_I_O)         0.096    -2.590 r  lcw/clkout4_buf/O
                         net (fo=649, estimated)      1.567    -1.023    nolabel_line160/clk_camera
    SLICE_X37Y43         FDRE                                         r  nolabel_line160/pixel_v_count_reg[5]/C
  -------------------------------------------------------------------    -------------------
    SLICE_X37Y43         FDRE (Prop_fdre_C_Q)         0.456    -0.567 r  nolabel_line160/pixel_v_count_reg[5]/Q
                         net (fo=6, estimated)        0.881     0.314    nolabel_line160/Q[5]
    SLICE_X35Y41         LUT2 (Prop_lut2_I0_O)        0.124     0.438 r  nolabel_line160/addra[13]_i_4/O
                         net (fo=1, routed)           0.000     0.438    nolabel_line160/addra[13]_i_4_n_0
    SLICE_X35Y41         CARRY4 (Prop_carry4_S[2]_CO[3])
                                                      0.398     0.836 r  nolabel_line160/addra_reg[13]_i_2/CO[3]
                         net (fo=1, estimated)        0.000     0.836    nolabel_line160/addra_reg[13]_i_2_n_0
    SLICE_X35Y42         CARRY4 (Prop_carry4_CI_O[1])
                                                      0.334     1.170 r  nolabel_line160/addra_reg[15]_i_4/O[1]
                         net (fo=1, estimated)        0.498     1.668    nolabel_line160/addra1[12]
    SLICE_X36Y42         CARRY4 (Prop_carry4_S[2]_CO[3])
                                                      0.701     2.369 r  nolabel_line160/addra_reg[13]_i_1/CO[3]
                         net (fo=1, estimated)        0.000     2.369    nolabel_line160/addra_reg[13]_i_1_n_0
    SLICE_X36Y43         CARRY4 (Prop_carry4_CI_O[1])
                                                      0.348     2.717 r  nolabel_line160/addra_reg[15]_i_2/O[1]
                         net (fo=2, estimated)        0.496     3.213    nolabel_line160_n_23
    SLICE_X36Y47         FDRE                                         r  addra_reg[15]_rep/D
  -------------------------------------------------------------------    -------------------

                         (clock clk_camera_clk_wiz_0 rise edge)
                                                      5.000     5.000 r  
    N15                                               0.000     5.000 r  clk_100mhz (IN)
                         net (fo=0)                   0.000     5.000    lcw/clk_in1
    N15                  IBUF (Prop_ibuf_I_O)         1.370     6.370 r  lcw/clkin1_ibufg/O
                         net (fo=1, estimated)        1.171     7.542    lcw/clk_in1_clk_wiz_0
    MMCME2_ADV_X0Y0      MMCME2_ADV (Prop_mmcme2_adv_CLKIN1_CLKOUT3)
                                                     -7.279     0.263 r  lcw/mmcm_adv_inst/CLKOUT3
                         net (fo=1, estimated)        1.583     1.846    lcw/clk_camera_clk_wiz_0
    BUFGCTRL_X0Y2        BUFG (Prop_bufg_I_O)         0.091     1.937 r  lcw/clkout4_buf/O
                         net (fo=649, estimated)      1.449     3.386    i_ref_clk
    SLICE_X36Y47         FDRE                                         r  addra_reg[15]_rep/C
                         clock pessimism              0.568     3.953    
                         clock uncertainty           -0.067     3.887    
    SLICE_X36Y47         FDRE (Setup_fdre_C_D)       -0.240     3.647    addra_reg[15]_rep
  -------------------------------------------------------------------
                         required time                          3.647    
                         arrival time                          -3.213    
  -------------------------------------------------------------------
                         slack                                  0.433    





Min Delay Paths
--------------------------------------------------------------------------------------
Slack (VIOLATED) :        -0.340ns  (arrival time - required time)
  Source:                 highdef_fb/stacker_inst/chunk_tdata_reg[31]/C
                            (rising edge-triggered cell FDRE clocked by clk_camera_clk_wiz_0  {rise@0.000ns fall@2.500ns period=5.000ns})
  Destination:            highdef_fb/camera_data_fifo/xpm_fifo_axis_inst/xpm_fifo_base_inst/gen_sdpram.xpm_memory_base_inst/gen_wr_a.gen_word_narrow.mem_reg_0/DIADI[31]
                            (rising edge-triggered cell RAMB36E1 clocked by clk_camera_clk_wiz_0  {rise@0.000ns fall@2.500ns period=5.000ns})
  Path Group:             clk_camera_clk_wiz_0
  Path Type:              Hold (Min at Fast Process Corner)
  Requirement:            0.000ns  (clk_camera_clk_wiz_0 rise@0.000ns - clk_camera_clk_wiz_0 rise@0.000ns)
  Data Path Delay:        0.273ns  (logic 0.141ns (51.581%)  route 0.132ns (48.419%))
  Logic Levels:           0  
  Clock Path Skew:        0.317ns (DCD - SCD - CPR)
    Destination Clock Delay (DCD):    -0.808ns
    Source Clock Delay      (SCD):    -0.603ns
    Clock Pessimism Removal (CPR):    -0.523ns

    Location             Delay type                Incr(ns)  Path(ns)    Netlist Resource(s)
  -------------------------------------------------------------------    -------------------
                         (clock clk_camera_clk_wiz_0 rise edge)
                                                      0.000     0.000 r  
    N15                                               0.000     0.000 r  clk_100mhz (IN)
                         net (fo=0)                   0.000     0.000    lcw/clk_in1
    N15                  IBUF (Prop_ibuf_I_O)         0.209     0.209 r  lcw/clkin1_ibufg/O
                         net (fo=1, estimated)        0.520     0.728    lcw/clk_in1_clk_wiz_0
    MMCME2_ADV_X0Y0      MMCME2_ADV (Prop_mmcme2_adv_CLKIN1_CLKOUT3)
                                                     -2.621    -1.893 r  lcw/mmcm_adv_inst/CLKOUT3
                         net (fo=1, estimated)        0.702    -1.191    lcw/clk_camera_clk_wiz_0
    BUFGCTRL_X0Y2        BUFG (Prop_bufg_I_O)         0.026    -1.165 r  lcw/clkout4_buf/O
                         net (fo=649, estimated)      0.562    -0.603    highdef_fb/stacker_inst/clk_camera
    SLICE_X48Y50         FDRE                                         r  highdef_fb/stacker_inst/chunk_tdata_reg[31]/C
  -------------------------------------------------------------------    -------------------
    SLICE_X48Y50         FDRE (Prop_fdre_C_Q)         0.141    -0.462 r  highdef_fb/stacker_inst/chunk_tdata_reg[31]/Q
                         net (fo=1, estimated)        0.132    -0.329    highdef_fb/camera_data_fifo/xpm_fifo_axis_inst/xpm_fifo_base_inst/gen_sdpram.xpm_memory_base_inst/dina[31]
    RAMB36_X1Y9          RAMB36E1                                     r  highdef_fb/camera_data_fifo/xpm_fifo_axis_inst/xpm_fifo_base_inst/gen_sdpram.xpm_memory_base_inst/gen_wr_a.gen_word_narrow.mem_reg_0/DIADI[31]
  -------------------------------------------------------------------    -------------------

                         (clock clk_camera_clk_wiz_0 rise edge)
                                                      0.000     0.000 r  
    N15                                               0.000     0.000 r  clk_100mhz (IN)
                         net (fo=0)                   0.000     0.000    lcw/clk_in1
    N15                  IBUF (Prop_ibuf_I_O)         0.396     0.396 r  lcw/clkin1_ibufg/O
                         net (fo=1, estimated)        0.547     0.943    lcw/clk_in1_clk_wiz_0
    MMCME2_ADV_X0Y0      MMCME2_ADV (Prop_mmcme2_adv_CLKIN1_CLKOUT3)
                                                     -3.399    -2.456 r  lcw/mmcm_adv_inst/CLKOUT3
                         net (fo=1, estimated)        0.739    -1.717    lcw/clk_camera_clk_wiz_0
    BUFGCTRL_X0Y2        BUFG (Prop_bufg_I_O)         0.029    -1.688 r  lcw/clkout4_buf/O
                         net (fo=649, estimated)      0.879    -0.808    highdef_fb/camera_data_fifo/xpm_fifo_axis_inst/xpm_fifo_base_inst/gen_sdpram.xpm_memory_base_inst/clka
    RAMB36_X1Y9          RAMB36E1                                     r  highdef_fb/camera_data_fifo/xpm_fifo_axis_inst/xpm_fifo_base_inst/gen_sdpram.xpm_memory_base_inst/gen_wr_a.gen_word_narrow.mem_reg_0/CLKBWRCLK
                         clock pessimism              0.523    -0.285    
    RAMB36_X1Y9          RAMB36E1 (Hold_ramb36e1_CLKBWRCLK_DIADI[31])
                                                      0.296     0.011    highdef_fb/camera_data_fifo/xpm_fifo_axis_inst/xpm_fifo_base_inst/gen_sdpram.xpm_memory_base_inst/gen_wr_a.gen_word_narrow.mem_reg_0
  -------------------------------------------------------------------
                         required time                         -0.011    
                         arrival time                          -0.329    
  -------------------------------------------------------------------
                         slack                                 -0.340    





Pulse Width Checks
--------------------------------------------------------------------------------------
Clock Name:         clk_camera_clk_wiz_0
Waveform(ns):       { 0.000 2.500 }
Period(ns):         5.000
Sources:            { lcw/mmcm_adv_inst/CLKOUT3 }

Check Type        Corner  Lib Pin            Reference Pin  Required(ns)  Actual(ns)  Slack(ns)  Location         Pin
Min Period        n/a     IDELAYCTRL/REFCLK  n/a            3.225         5.000       1.775      IDELAYCTRL_X1Y0  highdef_fb/ddr3_top/ddr3_phy_inst/IDELAYCTRL_inst/REFCLK
Max Period        n/a     IDELAYCTRL/REFCLK  n/a            5.264         5.000       0.264      IDELAYCTRL_X1Y0  highdef_fb/ddr3_top/ddr3_phy_inst/IDELAYCTRL_inst/REFCLK
Low Pulse Width   Slow    FDRE/C             n/a            0.500         2.500       2.000      SLICE_X34Y39     addra_reg[0]/C
High Pulse Width  Slow    FDRE/C             n/a            0.500         2.500       2.000      SLICE_X34Y39     addra_reg[0]/C



---------------------------------------------------------------------------------------------------
From Clock:  clk_controller_clk_wiz_0
  To Clock:  clk_controller_clk_wiz_0

Setup :            0  Failing Endpoints,  Worst Slack        0.539ns,  Total Violation        0.000ns
Hold  :           63  Failing Endpoints,  Worst Slack       -0.230ns,  Total Violation       -4.380ns
PW    :            0  Failing Endpoints,  Worst Slack        4.750ns,  Total Violation        0.000ns
---------------------------------------------------------------------------------------------------


Max Delay Paths
--------------------------------------------------------------------------------------
Slack (MET) :             0.539ns  (required time - arrival time)
  Source:                 highdef_fb/ddr3_top/ddr3_controller_inst/bank_status_q_reg[2]/C
                            (rising edge-triggered cell FDRE clocked by clk_controller_clk_wiz_0  {rise@0.000ns fall@6.000ns period=12.000ns})
  Destination:            highdef_fb/ddr3_top/ddr3_controller_inst/o_wb_stall_calib_reg/D
                            (rising edge-triggered cell FDRE clocked by clk_controller_clk_wiz_0  {rise@0.000ns fall@6.000ns period=12.000ns})
  Path Group:             clk_controller_clk_wiz_0
  Path Type:              Setup (Max at Slow Process Corner)
  Requirement:            12.000ns  (clk_controller_clk_wiz_0 rise@12.000ns - clk_controller_clk_wiz_0 rise@0.000ns)
  Data Path Delay:        11.378ns  (logic 4.139ns (36.377%)  route 7.239ns (63.623%))
  Logic Levels:           15  (CARRY4=2 LUT2=1 LUT3=1 LUT4=1 LUT5=3 LUT6=5 MUXF7=2)
  Clock Path Skew:        -0.036ns (DCD - SCD + CPR)
    Destination Clock Delay (DCD):    -1.618ns = ( 10.382 - 12.000 ) 
    Source Clock Delay      (SCD):    -1.030ns
    Clock Pessimism Removal (CPR):    0.553ns
  Clock Uncertainty:      0.076ns  ((TSJ^2 + DJ^2)^1/2) / 2 + PE
    Total System Jitter     (TSJ):    0.071ns
    Discrete Jitter          (DJ):    0.134ns
    Phase Error              (PE):    0.000ns

    Location             Delay type                Incr(ns)  Path(ns)    Netlist Resource(s)
  -------------------------------------------------------------------    -------------------
                         (clock clk_controller_clk_wiz_0 rise edge)
                                                      0.000     0.000 r  
    N15                                               0.000     0.000 r  clk_100mhz (IN)
                         net (fo=0)                   0.000     0.000    lcw/clk_in1
    N15                  IBUF (Prop_ibuf_I_O)         1.440     1.440 r  lcw/clkin1_ibufg/O
                         net (fo=1, estimated)        1.233     2.673    lcw/clk_in1_clk_wiz_0
    MMCME2_ADV_X0Y0      MMCME2_ADV (Prop_mmcme2_adv_CLKIN1_CLKOUT0)
                                                     -7.025    -4.352 r  lcw/mmcm_adv_inst/CLKOUT0
                         net (fo=1, estimated)        1.666    -2.686    lcw/clk_controller_clk_wiz_0
    BUFGCTRL_X0Y0        BUFG (Prop_bufg_I_O)         0.096    -2.590 r  lcw/clkout1_buf/O
                         net (fo=2645, estimated)     1.560    -1.030    highdef_fb/ddr3_top/ddr3_controller_inst/i_controller_clk
    SLICE_X38Y34         FDRE                                         r  highdef_fb/ddr3_top/ddr3_controller_inst/bank_status_q_reg[2]/C
  -------------------------------------------------------------------    -------------------
    SLICE_X38Y34         FDRE (Prop_fdre_C_Q)         0.518    -0.512 r  highdef_fb/ddr3_top/ddr3_controller_inst/bank_status_q_reg[2]/Q
                         net (fo=3, estimated)        1.004     0.492    highdef_fb/ddr3_top/ddr3_controller_inst/bank_status_q_reg_n_0_[2]
    SLICE_X39Y34         LUT6 (Prop_lut6_I1_O)        0.124     0.616 r  highdef_fb/ddr3_top/ddr3_controller_inst/o_phy_cmd[64]_INST_0_i_2/O
                         net (fo=1, routed)           0.000     0.616    highdef_fb/ddr3_top/ddr3_controller_inst/o_phy_cmd[64]_INST_0_i_2_n_0
    SLICE_X39Y34         MUXF7 (Prop_muxf7_I0_O)      0.212     0.828 r  highdef_fb/ddr3_top/ddr3_controller_inst/o_phy_cmd[64]_INST_0_i_1/O
                         net (fo=48, estimated)       0.952     1.780    highdef_fb/ddr3_top/ddr3_controller_inst/o_phy_cmd[64]_INST_0_i_1_n_0
    SLICE_X41Y31         LUT2 (Prop_lut2_I0_O)        0.325     2.105 r  highdef_fb/ddr3_top/ddr3_controller_inst/o_phy_cmd[70]_INST_0_i_1/O
                         net (fo=21, estimated)       0.659     2.764    highdef_fb/ddr3_top/ddr3_controller_inst/o_phy_cmd[70]_INST_0_i_1_n_0
    SLICE_X41Y31         LUT3 (Prop_lut3_I0_O)        0.326     3.090 f  highdef_fb/ddr3_top/ddr3_controller_inst/o_phy_cmd[70]_INST_0_i_2/O
                         net (fo=32, estimated)       0.673     3.763    highdef_fb/ddr3_top/ddr3_controller_inst/o_phy_cmd[70]_INST_0_i_2_n_0
    SLICE_X39Y31         LUT4 (Prop_lut4_I3_O)        0.119     3.882 r  highdef_fb/ddr3_top/ddr3_controller_inst/delay_before_precharge_counter_q[7][2]_i_2/O
                         net (fo=19, estimated)       0.690     4.572    highdef_fb/ddr3_top/ddr3_controller_inst/delay_before_precharge_counter_q[7][2]_i_2_n_0
    SLICE_X30Y29         LUT5 (Prop_lut5_I1_O)        0.332     4.904 r  highdef_fb/ddr3_top/ddr3_controller_inst/bank_active_row_q[7][2]_i_1/O
                         net (fo=3, estimated)        0.682     5.586    highdef_fb/ddr3_top/ddr3_controller_inst/bank_active_row_q[7][2]_i_1_n_0
    SLICE_X30Y29         LUT6 (Prop_lut6_I0_O)        0.124     5.710 r  highdef_fb/ddr3_top/ddr3_controller_inst/o_wb_stall_q_i_194/O
                         net (fo=1, routed)           0.000     5.710    highdef_fb/ddr3_top/ddr3_controller_inst/o_wb_stall_q_i_194_n_0
    SLICE_X30Y29         MUXF7 (Prop_muxf7_I1_O)      0.214     5.924 r  highdef_fb/ddr3_top/ddr3_controller_inst/o_wb_stall_q_reg_i_133/O
                         net (fo=1, estimated)        0.488     6.412    highdef_fb/ddr3_top/ddr3_controller_inst/o_wb_stall_q_reg_i_133_n_0
    SLICE_X31Y29         LUT6 (Prop_lut6_I4_O)        0.297     6.709 f  highdef_fb/ddr3_top/ddr3_controller_inst/o_wb_stall_q_i_83/O
                         net (fo=1, estimated)        0.671     7.380    highdef_fb/ddr3_top/ddr3_controller_inst/o_wb_stall_q_i_83_n_0
    SLICE_X36Y31         LUT5 (Prop_lut5_I4_O)        0.124     7.504 r  highdef_fb/ddr3_top/ddr3_controller_inst/o_wb_stall_q_i_35/O
                         net (fo=1, routed)           0.000     7.504    highdef_fb/ddr3_top/ddr3_controller_inst/o_wb_stall_q_i_35_n_0
    SLICE_X36Y31         CARRY4 (Prop_carry4_S[0]_CO[3])
                                                      0.532     8.036 r  highdef_fb/ddr3_top/ddr3_controller_inst/o_wb_stall_q_reg_i_15/CO[3]
                         net (fo=1, estimated)        0.000     8.036    highdef_fb/ddr3_top/ddr3_controller_inst/o_wb_stall_q_reg_i_15_n_0
    SLICE_X36Y32         CARRY4 (Prop_carry4_CI_CO[0])
                                                      0.271     8.307 f  highdef_fb/ddr3_top/ddr3_controller_inst/o_wb_stall_q_reg_i_6/CO[0]
                         net (fo=1, estimated)        0.451     8.758    highdef_fb/ddr3_top/ddr3_controller_inst/stage2_stall2
    SLICE_X36Y35         LUT6 (Prop_lut6_I0_O)        0.373     9.131 r  highdef_fb/ddr3_top/ddr3_controller_inst/o_wb_stall_q_i_2/O
                         net (fo=1, estimated)        0.496     9.627    highdef_fb/ddr3_top/ddr3_controller_inst/o_wb_stall_q_i_2_n_0
    SLICE_X38Y36         LUT6 (Prop_lut6_I0_O)        0.124     9.751 r  highdef_fb/ddr3_top/ddr3_controller_inst/o_wb_stall_q_i_1/O
                         net (fo=5, estimated)        0.473    10.224    highdef_fb/ddr3_top/ddr3_controller_inst/o_wb_stall_d22_out
    SLICE_X40Y36         LUT5 (Prop_lut5_I1_O)        0.124    10.348 r  highdef_fb/ddr3_top/ddr3_controller_inst/o_wb_stall_calib_i_1/O
                         net (fo=1, routed)           0.000    10.348    highdef_fb/ddr3_top/ddr3_controller_inst/o_wb_stall_calib_i_1_n_0
    SLICE_X40Y36         FDRE                                         r  highdef_fb/ddr3_top/ddr3_controller_inst/o_wb_stall_calib_reg/D
  -------------------------------------------------------------------    -------------------

                         (clock clk_controller_clk_wiz_0 rise edge)
                                                     12.000    12.000 r  
    N15                                               0.000    12.000 r  clk_100mhz (IN)
                         net (fo=0)                   0.000    12.000    lcw/clk_in1
    N15                  IBUF (Prop_ibuf_I_O)         1.370    13.370 r  lcw/clkin1_ibufg/O
                         net (fo=1, estimated)        1.171    14.542    lcw/clk_in1_clk_wiz_0
    MMCME2_ADV_X0Y0      MMCME2_ADV (Prop_mmcme2_adv_CLKIN1_CLKOUT0)
                                                     -7.279     7.263 r  lcw/mmcm_adv_inst/CLKOUT0
                         net (fo=1, estimated)        1.583     8.846    lcw/clk_controller_clk_wiz_0
    BUFGCTRL_X0Y0        BUFG (Prop_bufg_I_O)         0.091     8.937 r  lcw/clkout1_buf/O
                         net (fo=2645, estimated)     1.445    10.382    highdef_fb/ddr3_top/ddr3_controller_inst/i_controller_clk
    SLICE_X40Y36         FDRE                                         r  highdef_fb/ddr3_top/ddr3_controller_inst/o_wb_stall_calib_reg/C
                         clock pessimism              0.553    10.934    
                         clock uncertainty           -0.076    10.859    
    SLICE_X40Y36         FDRE (Setup_fdre_C_D)        0.029    10.888    highdef_fb/ddr3_top/ddr3_controller_inst/o_wb_stall_calib_reg
  -------------------------------------------------------------------
                         required time                         10.888    
                         arrival time                         -10.348    
  -------------------------------------------------------------------
                         slack                                  0.539    





Min Delay Paths
--------------------------------------------------------------------------------------
Slack (VIOLATED) :        -0.230ns  (arrival time - required time)
  Source:                 highdef_fb/ddr3_top/ddr3_phy_inst/sync_rst_reg/C
                            (rising edge-triggered cell FDSE clocked by clk_controller_clk_wiz_0  {rise@0.000ns fall@6.000ns period=12.000ns})
  Destination:            highdef_fb/ddr3_top/ddr3_phy_inst/genblk7[0].OSERDESE2_dqs/RST
                            (rising edge-triggered cell OSERDESE2 clocked by clk_controller_clk_wiz_0  {rise@0.000ns fall@6.000ns period=12.000ns})
  Path Group:             clk_controller_clk_wiz_0
  Path Type:              Hold (Min at Fast Process Corner)
  Requirement:            0.000ns  (clk_controller_clk_wiz_0 rise@0.000ns - clk_controller_clk_wiz_0 rise@0.000ns)
  Data Path Delay:        0.458ns  (logic 0.128ns (27.970%)  route 0.330ns (72.030%))
  Logic Levels:           0  
  Clock Path Skew:        0.182ns (DCD - SCD - CPR)
    Destination Clock Delay (DCD):    -0.676ns
    Source Clock Delay      (SCD):    -0.569ns
    Clock Pessimism Removal (CPR):    -0.289ns

    Location             Delay type                Incr(ns)  Path(ns)    Netlist Resource(s)
  -------------------------------------------------------------------    -------------------
                         (clock clk_controller_clk_wiz_0 rise edge)
                                                      0.000     0.000 r  
    N15                                               0.000     0.000 r  clk_100mhz (IN)
                         net (fo=0)                   0.000     0.000    lcw/clk_in1
    N15                  IBUF (Prop_ibuf_I_O)         0.209     0.209 r  lcw/clkin1_ibufg/O
                         net (fo=1, estimated)        0.520     0.728    lcw/clk_in1_clk_wiz_0
    MMCME2_ADV_X0Y0      MMCME2_ADV (Prop_mmcme2_adv_CLKIN1_CLKOUT0)
                                                     -2.621    -1.893 r  lcw/mmcm_adv_inst/CLKOUT0
                         net (fo=1, estimated)        0.702    -1.191    lcw/clk_controller_clk_wiz_0
    BUFGCTRL_X0Y0        BUFG (Prop_bufg_I_O)         0.026    -1.165 r  lcw/clkout1_buf/O
                         net (fo=2645, estimated)     0.596    -0.569    highdef_fb/ddr3_top/ddr3_phy_inst/clk_controller
    SLICE_X65Y43         FDSE                                         r  highdef_fb/ddr3_top/ddr3_phy_inst/sync_rst_reg/C
  -------------------------------------------------------------------    -------------------
    SLICE_X65Y43         FDSE (Prop_fdse_C_Q)         0.128    -0.441 r  highdef_fb/ddr3_top/ddr3_phy_inst/sync_rst_reg/Q
                         net (fo=62, estimated)       0.330    -0.111    highdef_fb/ddr3_top/ddr3_phy_inst/sync_rst
    OLOGIC_X1Y44         OSERDESE2                                    r  highdef_fb/ddr3_top/ddr3_phy_inst/genblk7[0].OSERDESE2_dqs/RST
  -------------------------------------------------------------------    -------------------

                         (clock clk_controller_clk_wiz_0 rise edge)
                                                      0.000     0.000 r  
    N15                                               0.000     0.000 r  clk_100mhz (IN)
                         net (fo=0)                   0.000     0.000    lcw/clk_in1
    N15                  IBUF (Prop_ibuf_I_O)         0.396     0.396 r  lcw/clkin1_ibufg/O
                         net (fo=1, estimated)        0.547     0.943    lcw/clk_in1_clk_wiz_0
    MMCME2_ADV_X0Y0      MMCME2_ADV (Prop_mmcme2_adv_CLKIN1_CLKOUT0)
                                                     -3.399    -2.456 r  lcw/mmcm_adv_inst/CLKOUT0
                         net (fo=1, estimated)        0.739    -1.717    lcw/clk_controller_clk_wiz_0
    BUFGCTRL_X0Y0        BUFG (Prop_bufg_I_O)         0.029    -1.688 r  lcw/clkout1_buf/O
                         net (fo=2645, estimated)     1.012    -0.676    highdef_fb/ddr3_top/ddr3_phy_inst/clk_controller
    OLOGIC_X1Y44         OSERDESE2                                    r  highdef_fb/ddr3_top/ddr3_phy_inst/genblk7[0].OSERDESE2_dqs/CLKDIV
                         clock pessimism              0.289    -0.387    
    OLOGIC_X1Y44         OSERDESE2 (Hold_oserdese2_CLKDIV_RST)
                                                      0.506     0.119    highdef_fb/ddr3_top/ddr3_phy_inst/genblk7[0].OSERDESE2_dqs
  -------------------------------------------------------------------
                         required time                         -0.119    
                         arrival time                          -0.111    
  -------------------------------------------------------------------
                         slack                                 -0.230    





Pulse Width Checks
--------------------------------------------------------------------------------------
Clock Name:         clk_controller_clk_wiz_0
Waveform(ns):       { 0.000 6.000 }
Period(ns):         12.000
Sources:            { lcw/mmcm_adv_inst/CLKOUT0 }

Check Type        Corner  Lib Pin             Reference Pin  Required(ns)  Actual(ns)  Slack(ns)  Location         Pin
Min Period        n/a     RAMB36E1/CLKARDCLK  n/a            2.576         12.000      9.424      RAMB36_X1Y9      highdef_fb/camera_data_fifo/xpm_fifo_axis_inst/xpm_fifo_base_inst/gen_sdpram.xpm_memory_base_inst/gen_wr_a.gen_word_narrow.mem_reg_0/CLKARDCLK
Max Period        n/a     MMCME2_ADV/CLKOUT0  n/a            213.360       12.000      201.360    MMCME2_ADV_X0Y0  lcw/mmcm_adv_inst/CLKOUT0
Low Pulse Width   Slow    RAMD64E/CLK         n/a            1.250         6.000       4.750      SLICE_X52Y33     highdef_fb/traffic_generator_inst/mcf/fifo_reg_0_63_0_2/RAMA/CLK
High Pulse Width  Slow    RAMD64E/CLK         n/a            1.250         6.000       4.750      SLICE_X52Y33     highdef_fb/traffic_generator_inst/mcf/fifo_reg_0_63_0_2/RAMA/CLK



---------------------------------------------------------------------------------------------------
From Clock:  clk_ddr3_90_clk_wiz_0
  To Clock:  clk_ddr3_90_clk_wiz_0

Setup :           NA  Failing Endpoints,  Worst Slack           NA  ,  Total Violation           NA
Hold  :           NA  Failing Endpoints,  Worst Slack           NA  ,  Total Violation           NA
PW    :            0  Failing Endpoints,  Worst Slack        0.845ns,  Total Violation        0.000ns
---------------------------------------------------------------------------------------------------


Pulse Width Checks
--------------------------------------------------------------------------------------
Clock Name:         clk_ddr3_90_clk_wiz_0
Waveform(ns):       { 0.750 2.250 }
Period(ns):         3.000
Sources:            { lcw/mmcm_adv_inst/CLKOUT2 }

Check Type  Corner  Lib Pin             Reference Pin  Required(ns)  Actual(ns)  Slack(ns)  Location         Pin
Min Period  n/a     BUFG/I              n/a            2.155         3.000       0.845      BUFGCTRL_X0Y4    lcw/clkout3_buf/I
Max Period  n/a     MMCME2_ADV/CLKOUT2  n/a            213.360       3.000       210.360    MMCME2_ADV_X0Y0  lcw/mmcm_adv_inst/CLKOUT2



---------------------------------------------------------------------------------------------------
From Clock:  clk_ddr3_clk_wiz_0
  To Clock:  clk_ddr3_clk_wiz_0

Setup :           NA  Failing Endpoints,  Worst Slack           NA  ,  Total Violation           NA
Hold  :           NA  Failing Endpoints,  Worst Slack           NA  ,  Total Violation           NA
PW    :            0  Failing Endpoints,  Worst Slack        0.845ns,  Total Violation        0.000ns
---------------------------------------------------------------------------------------------------


Pulse Width Checks
--------------------------------------------------------------------------------------
Clock Name:         clk_ddr3_clk_wiz_0
Waveform(ns):       { 0.000 1.500 }
Period(ns):         3.000
Sources:            { lcw/mmcm_adv_inst/CLKOUT1 }

Check Type  Corner  Lib Pin             Reference Pin  Required(ns)  Actual(ns)  Slack(ns)  Location         Pin
Min Period  n/a     BUFG/I              n/a            2.155         3.000       0.845      BUFGCTRL_X0Y3    lcw/clkout2_buf/I
Max Period  n/a     MMCME2_ADV/CLKOUT1  n/a            213.360       3.000       210.360    MMCME2_ADV_X0Y0  lcw/mmcm_adv_inst/CLKOUT1



---------------------------------------------------------------------------------------------------
From Clock:  clk_passthrough_clk_wiz_0
  To Clock:  clk_passthrough_clk_wiz_0

Setup :           NA  Failing Endpoints,  Worst Slack           NA  ,  Total Violation           NA
Hold  :           NA  Failing Endpoints,  Worst Slack           NA  ,  Total Violation           NA
PW    :            0  Failing Endpoints,  Worst Slack        3.000ns,  Total Violation        0.000ns
---------------------------------------------------------------------------------------------------


Pulse Width Checks
--------------------------------------------------------------------------------------
Clock Name:         clk_passthrough_clk_wiz_0
Waveform(ns):       { 0.000 5.000 }
Period(ns):         10.000
Sources:            { lcw/mmcm_adv_inst/CLKOUT5 }

Check Type        Corner  Lib Pin            Reference Pin  Required(ns)  Actual(ns)  Slack(ns)  Location         Pin
Min Period        n/a     BUFG/I             n/a            2.155         10.000      7.845      BUFGCTRL_X0Y8    lcw/clkout6_buf/I
Max Period        n/a     MMCME2_ADV/CLKIN1  n/a            100.000       10.000      90.000     MMCME2_ADV_X1Y0  wizard_hdmi/mmcm_adv_inst/CLKIN1
Low Pulse Width   Slow    MMCME2_ADV/CLKIN1  n/a            2.000         5.000       3.000      MMCME2_ADV_X1Y0  wizard_hdmi/mmcm_adv_inst/CLKIN1
High Pulse Width  Slow    MMCME2_ADV/CLKIN1  n/a            2.000         5.000       3.000      MMCME2_ADV_X1Y0  wizard_hdmi/mmcm_adv_inst/CLKIN1



---------------------------------------------------------------------------------------------------
From Clock:  clk_pixel_cw_hdmi
  To Clock:  clk_pixel_cw_hdmi

Setup :            0  Failing Endpoints,  Worst Slack        0.626ns,  Total Violation        0.000ns
Hold  :            5  Failing Endpoints,  Worst Slack       -0.097ns,  Total Violation       -0.256ns
PW    :            0  Failing Endpoints,  Worst Slack        6.234ns,  Total Violation        0.000ns
---------------------------------------------------------------------------------------------------


Max Delay Paths
--------------------------------------------------------------------------------------
Slack (MET) :             0.626ns  (required time - arrival time)
  Source:                 fb_green_reg[6]/C
                            (rising edge-triggered cell FDRE clocked by clk_pixel_cw_hdmi  {rise@0.000ns fall@6.734ns period=13.468ns})
  Destination:            tmds_blue/rd_reg[5]/D
                            (rising edge-triggered cell FDRE clocked by clk_pixel_cw_hdmi  {rise@0.000ns fall@6.734ns period=13.468ns})
  Path Group:             clk_pixel_cw_hdmi
  Path Type:              Setup (Max at Slow Process Corner)
  Requirement:            13.468ns  (clk_pixel_cw_hdmi rise@13.468ns - clk_pixel_cw_hdmi rise@0.000ns)
  Data Path Delay:        12.586ns  (logic 3.791ns (30.121%)  route 8.795ns (69.879%))
  Logic Levels:           13  (CARRY4=2 LUT2=1 LUT3=1 LUT4=3 LUT5=2 LUT6=4)
  Clock Path Skew:        -0.108ns (DCD - SCD + CPR)
    Destination Clock Delay (DCD):    -1.624ns = ( 11.844 - 13.468 ) 
    Source Clock Delay      (SCD):    -1.037ns
    Clock Pessimism Removal (CPR):    0.480ns
  Clock Uncertainty:      0.210ns  ((TSJ^2 + DJ^2)^1/2) / 2 + PE
    Total System Jitter     (TSJ):    0.071ns
    Discrete Jitter          (DJ):    0.414ns
    Phase Error              (PE):    0.000ns

    Location             Delay type                Incr(ns)  Path(ns)    Netlist Resource(s)
  -------------------------------------------------------------------    -------------------
                         (clock clk_pixel_cw_hdmi rise edge)
                                                      0.000     0.000 r  
    N15                                               0.000     0.000 r  clk_100mhz (IN)
                         net (fo=0)                   0.000     0.000    lcw/clk_in1
    N15                  IBUF (Prop_ibuf_I_O)         1.440     1.440 r  lcw/clkin1_ibufg/O
                         net (fo=1, estimated)        1.233     2.673    lcw/clk_in1_clk_wiz_0
    MMCME2_ADV_X0Y0      MMCME2_ADV (Prop_mmcme2_adv_CLKIN1_CLKOUT5)
                                                     -7.025    -4.352 r  lcw/mmcm_adv_inst/CLKOUT5
                         net (fo=1, estimated)        1.666    -2.686    lcw/clk_passthrough_clk_wiz_0
    BUFGCTRL_X0Y8        BUFG (Prop_bufg_I_O)         0.096    -2.590 r  lcw/clkout6_buf/O
                         net (fo=1, estimated)        1.634    -0.956    wizard_hdmi/sysclk
    MMCME2_ADV_X1Y0      MMCME2_ADV (Prop_mmcme2_adv_CLKIN1_CLKOUT0)
                                                     -3.393    -4.349 r  wizard_hdmi/mmcm_adv_inst/CLKOUT0
                         net (fo=1, estimated)        1.661    -2.688    wizard_hdmi/clk_pixel_cw_hdmi
    BUFGCTRL_X0Y1        BUFG (Prop_bufg_I_O)         0.096    -2.592 r  wizard_hdmi/clkout1_buf/O
                         net (fo=883, estimated)      1.555    -1.037    clk_pixel
    SLICE_X51Y23         FDRE                                         r  fb_green_reg[6]/C
  -------------------------------------------------------------------    -------------------
    SLICE_X51Y23         FDRE (Prop_fdre_C_Q)         0.419    -0.618 r  fb_green_reg[6]/Q
                         net (fo=2, estimated)        0.962     0.344    mt/fb_green[3]
    SLICE_X50Y22         LUT5 (Prop_lut5_I0_O)        0.299     0.643 r  mt/mask1_carry_i_15/O
                         net (fo=4, estimated)        0.329     0.972    mt/fb_green_reg[6]
    SLICE_X48Y22         LUT6 (Prop_lut6_I5_O)        0.124     1.096 r  mt/q_out[7]_i_6/O
                         net (fo=1, estimated)        0.808     1.904    vsg/rd_next0__0_carry_i_19_1
    SLICE_X47Y20         LUT6 (Prop_lut6_I1_O)        0.124     2.028 r  vsg/q_out[7]_i_3/O
                         net (fo=6, estimated)        1.128     3.156    vsg/q_out[7]_i_3_n_0
    SLICE_X35Y20         LUT3 (Prop_lut3_I0_O)        0.150     3.306 r  vsg/q_out[9]_i_7__1/O
                         net (fo=1, estimated)        1.001     4.307    vsg/q_out[9]_i_7__1_n_0
    SLICE_X35Y20         LUT5 (Prop_lut5_I0_O)        0.326     4.633 r  vsg/q_out[9]_i_2__1/O
                         net (fo=27, estimated)       0.653     5.286    vsg/q_out[9]_i_2__1_n_0
    SLICE_X32Y19         LUT4 (Prop_lut4_I2_O)        0.118     5.404 r  vsg/rd_next0__0_carry_i_18/O
                         net (fo=6, estimated)        0.681     6.085    vsg/rd_next0__0_carry_i_18_n_0
    SLICE_X32Y17         LUT6 (Prop_lut6_I1_O)        0.326     6.411 r  vsg/rd_next0__0_carry_i_20__0/O
                         net (fo=6, estimated)        0.757     7.168    vsg/rd_next0__0_carry_i_20__0_n_0
    SLICE_X30Y16         LUT2 (Prop_lut2_I1_O)        0.150     7.318 r  vsg/rd_next0__0_carry_i_14/O
                         net (fo=4, estimated)        0.595     7.913    vsg/rd_next0__0_carry_i_14_n_0
    SLICE_X29Y15         LUT6 (Prop_lut6_I4_O)        0.348     8.261 r  vsg/rd_next0__0_carry_i_8/O
                         net (fo=1, estimated)        0.799     9.060    tmds_blue/S[0]
    SLICE_X29Y16         CARRY4 (Prop_carry4_S[0]_O[3])
                                                      0.730     9.790 r  tmds_blue/rd_next0__0_carry/O[3]
                         net (fo=1, estimated)        0.645    10.435    vsg/rd[5]_i_2__0_0[3]
    SLICE_X31Y15         LUT4 (Prop_lut4_I0_O)        0.306    10.741 r  vsg/rd[5]_i_4/O
                         net (fo=1, estimated)        0.437    11.178    vsg/rd[5]_i_4_n_0
    SLICE_X31Y17         LUT4 (Prop_lut4_I1_O)        0.124    11.302 r  vsg/rd[5]_i_2__0/O
                         net (fo=1, routed)           0.000    11.302    vsg/rd[5]_i_2__0_n_0
    SLICE_X31Y17         CARRY4 (Prop_carry4_S[0]_O[0])
                                                      0.247    11.549 r  vsg/rd_reg[5]_i_1__0/O[0]
                         net (fo=1, routed)           0.000    11.549    tmds_blue/out[4]
    SLICE_X31Y17         FDRE                                         r  tmds_blue/rd_reg[5]/D
  -------------------------------------------------------------------    -------------------

                         (clock clk_pixel_cw_hdmi rise edge)
                                                     13.468    13.468 r  
    N15                                               0.000    13.468 r  clk_100mhz (IN)
                         net (fo=0)                   0.000    13.468    lcw/clk_in1
    N15                  IBUF (Prop_ibuf_I_O)         1.370    14.838 r  lcw/clkin1_ibufg/O
                         net (fo=1, estimated)        1.171    16.010    lcw/clk_in1_clk_wiz_0
    MMCME2_ADV_X0Y0      MMCME2_ADV (Prop_mmcme2_adv_CLKIN1_CLKOUT5)
                                                     -7.279     8.731 r  lcw/mmcm_adv_inst/CLKOUT5
                         net (fo=1, estimated)        1.583    10.314    lcw/clk_passthrough_clk_wiz_0
    BUFGCTRL_X0Y8        BUFG (Prop_bufg_I_O)         0.091    10.405 r  lcw/clkout6_buf/O
                         net (fo=1, estimated)        1.517    11.922    wizard_hdmi/sysclk
    MMCME2_ADV_X1Y0      MMCME2_ADV (Prop_mmcme2_adv_CLKIN1_CLKOUT0)
                                                     -3.187     8.735 r  wizard_hdmi/mmcm_adv_inst/CLKOUT0
                         net (fo=1, estimated)        1.578    10.313    wizard_hdmi/clk_pixel_cw_hdmi
    BUFGCTRL_X0Y1        BUFG (Prop_bufg_I_O)         0.091    10.404 r  wizard_hdmi/clkout1_buf/O
                         net (fo=883, estimated)      1.440    11.844    tmds_blue/clk_pixel
    SLICE_X31Y17         FDRE                                         r  tmds_blue/rd_reg[5]/C
                         clock pessimism              0.480    12.323    
                         clock uncertainty           -0.210    12.114    
    SLICE_X31Y17         FDRE (Setup_fdre_C_D)        0.062    12.176    tmds_blue/rd_reg[5]
  -------------------------------------------------------------------
                         required time                         12.176    
                         arrival time                         -11.549    
  -------------------------------------------------------------------
                         slack                                  0.626    





Min Delay Paths
--------------------------------------------------------------------------------------
Slack (VIOLATED) :        -0.097ns  (arrival time - required time)
  Source:                 red_ser/pwup_rst_reg/C
                            (rising edge-triggered cell FDRE clocked by clk_pixel_cw_hdmi  {rise@0.000ns fall@6.734ns period=13.468ns})
  Destination:            red_ser/secondary/RST
                            (rising edge-triggered cell OSERDESE2 clocked by clk_pixel_cw_hdmi  {rise@0.000ns fall@6.734ns period=13.468ns})
  Path Group:             clk_pixel_cw_hdmi
  Path Type:              Hold (Min at Fast Process Corner)
  Requirement:            0.000ns  (clk_pixel_cw_hdmi rise@0.000ns - clk_pixel_cw_hdmi rise@0.000ns)
  Data Path Delay:        0.640ns  (logic 0.186ns (29.044%)  route 0.454ns (70.956%))
  Logic Levels:           1  (LUT2=1)
  Clock Path Skew:        0.178ns (DCD - SCD - CPR)
    Destination Clock Delay (DCD):    -0.693ns
    Source Clock Delay      (SCD):    -0.581ns
    Clock Pessimism Removal (CPR):    -0.290ns

    Location             Delay type                Incr(ns)  Path(ns)    Netlist Resource(s)
  -------------------------------------------------------------------    -------------------
                         (clock clk_pixel_cw_hdmi rise edge)
                                                      0.000     0.000 r  
    N15                                               0.000     0.000 r  clk_100mhz (IN)
                         net (fo=0)                   0.000     0.000    lcw/clk_in1
    N15                  IBUF (Prop_ibuf_I_O)         0.209     0.209 r  lcw/clkin1_ibufg/O
                         net (fo=1, estimated)        0.520     0.728    lcw/clk_in1_clk_wiz_0
    MMCME2_ADV_X0Y0      MMCME2_ADV (Prop_mmcme2_adv_CLKIN1_CLKOUT5)
                                                     -2.621    -1.893 r  lcw/mmcm_adv_inst/CLKOUT5
                         net (fo=1, estimated)        0.702    -1.191    lcw/clk_passthrough_clk_wiz_0
    BUFGCTRL_X0Y8        BUFG (Prop_bufg_I_O)         0.026    -1.165 r  lcw/clkout6_buf/O
                         net (fo=1, estimated)        0.595    -0.570    wizard_hdmi/sysclk
    MMCME2_ADV_X1Y0      MMCME2_ADV (Prop_mmcme2_adv_CLKIN1_CLKOUT0)
                                                     -1.321    -1.891 r  wizard_hdmi/mmcm_adv_inst/CLKOUT0
                         net (fo=1, estimated)        0.700    -1.191    wizard_hdmi/clk_pixel_cw_hdmi
    BUFGCTRL_X0Y1        BUFG (Prop_bufg_I_O)         0.026    -1.165 r  wizard_hdmi/clkout1_buf/O
                         net (fo=883, estimated)      0.584    -0.581    red_ser/clk_pixel
    SLICE_X0Y23          FDRE                                         r  red_ser/pwup_rst_reg/C
  -------------------------------------------------------------------    -------------------
    SLICE_X0Y23          FDRE (Prop_fdre_C_Q)         0.141    -0.440 r  red_ser/pwup_rst_reg/Q
                         net (fo=1, estimated)        0.209    -0.231    red_ser/blue_ser/pwup_rst
    SLICE_X0Y23          LUT2 (Prop_lut2_I1_O)        0.045    -0.186 r  red_ser/primary_i_1/O
                         net (fo=6, estimated)        0.245     0.060    red_ser/RST0
    OLOGIC_X0Y23         OSERDESE2                                    r  red_ser/secondary/RST
  -------------------------------------------------------------------    -------------------

                         (clock clk_pixel_cw_hdmi rise edge)
                                                      0.000     0.000 r  
    N15                                               0.000     0.000 r  clk_100mhz (IN)
                         net (fo=0)                   0.000     0.000    lcw/clk_in1
    N15                  IBUF (Prop_ibuf_I_O)         0.396     0.396 r  lcw/clkin1_ibufg/O
                         net (fo=1, estimated)        0.547     0.943    lcw/clk_in1_clk_wiz_0
    MMCME2_ADV_X0Y0      MMCME2_ADV (Prop_mmcme2_adv_CLKIN1_CLKOUT5)
                                                     -3.399    -2.456 r  lcw/mmcm_adv_inst/CLKOUT5
                         net (fo=1, estimated)        0.739    -1.717    lcw/clk_passthrough_clk_wiz_0
    BUFGCTRL_X0Y8        BUFG (Prop_bufg_I_O)         0.029    -1.688 r  lcw/clkout6_buf/O
                         net (fo=1, estimated)        0.864    -0.824    wizard_hdmi/sysclk
    MMCME2_ADV_X1Y0      MMCME2_ADV (Prop_mmcme2_adv_CLKIN1_CLKOUT0)
                                                     -1.631    -2.455 r  wizard_hdmi/mmcm_adv_inst/CLKOUT0
                         net (fo=1, estimated)        0.737    -1.718    wizard_hdmi/clk_pixel_cw_hdmi
    BUFGCTRL_X0Y1        BUFG (Prop_bufg_I_O)         0.029    -1.689 r  wizard_hdmi/clkout1_buf/O
                         net (fo=883, estimated)      0.996    -0.693    red_ser/clk_pixel
    OLOGIC_X0Y23         OSERDESE2                                    r  red_ser/secondary/CLKDIV
                         clock pessimism              0.290    -0.403    
    OLOGIC_X0Y23         OSERDESE2 (Hold_oserdese2_CLKDIV_RST)
                                                      0.559     0.156    red_ser/secondary
  -------------------------------------------------------------------
                         required time                         -0.156    
                         arrival time                           0.060    
  -------------------------------------------------------------------
                         slack                                 -0.097    





Pulse Width Checks
--------------------------------------------------------------------------------------
Clock Name:         clk_pixel_cw_hdmi
Waveform(ns):       { 0.000 6.734 }
Period(ns):         13.468
Sources:            { wizard_hdmi/mmcm_adv_inst/CLKOUT0 }

Check Type        Corner  Lib Pin             Reference Pin  Required(ns)  Actual(ns)  Slack(ns)  Location         Pin
Min Period        n/a     DSP48E1/CLK         n/a            3.884         13.468      9.584      DSP48_X1Y7       rgbtoycrcb_m/cbg_reg/CLK
Max Period        n/a     MMCME2_ADV/CLKOUT0  n/a            213.360       13.468      199.892    MMCME2_ADV_X1Y0  wizard_hdmi/mmcm_adv_inst/CLKOUT0
Low Pulse Width   Slow    FDRE/C              n/a            0.500         6.734       6.234      SLICE_X38Y16     addrb_reg[0]/C
High Pulse Width  Slow    FDRE/C              n/a            0.500         6.734       6.234      SLICE_X38Y16     addrb_reg[0]/C



---------------------------------------------------------------------------------------------------
From Clock:  clk_tmds_cw_hdmi
  To Clock:  clk_tmds_cw_hdmi

Setup :           NA  Failing Endpoints,  Worst Slack           NA  ,  Total Violation           NA
Hold  :           NA  Failing Endpoints,  Worst Slack           NA  ,  Total Violation           NA
PW    :            0  Failing Endpoints,  Worst Slack        0.538ns,  Total Violation        0.000ns
---------------------------------------------------------------------------------------------------


Pulse Width Checks
--------------------------------------------------------------------------------------
Clock Name:         clk_tmds_cw_hdmi
Waveform(ns):       { 0.000 1.347 }
Period(ns):         2.694
Sources:            { wizard_hdmi/mmcm_adv_inst/CLKOUT1 }

Check Type  Corner  Lib Pin             Reference Pin  Required(ns)  Actual(ns)  Slack(ns)  Location         Pin
Min Period  n/a     BUFG/I              n/a            2.155         2.694       0.538      BUFGCTRL_X0Y5    wizard_hdmi/clkout2_buf/I
Max Period  n/a     MMCME2_ADV/CLKOUT1  n/a            213.360       2.694       210.666    MMCME2_ADV_X1Y0  wizard_hdmi/mmcm_adv_inst/CLKOUT1



---------------------------------------------------------------------------------------------------
From Clock:  clkfbout_cw_hdmi
  To Clock:  clkfbout_cw_hdmi

Setup :           NA  Failing Endpoints,  Worst Slack           NA  ,  Total Violation           NA
Hold  :           NA  Failing Endpoints,  Worst Slack           NA  ,  Total Violation           NA
PW    :            0  Failing Endpoints,  Worst Slack       47.845ns,  Total Violation        0.000ns
---------------------------------------------------------------------------------------------------


Pulse Width Checks
--------------------------------------------------------------------------------------
Clock Name:         clkfbout_cw_hdmi
Waveform(ns):       { 0.000 25.000 }
Period(ns):         50.000
Sources:            { wizard_hdmi/mmcm_adv_inst/CLKFBOUT }

Check Type  Corner  Lib Pin             Reference Pin  Required(ns)  Actual(ns)  Slack(ns)  Location         Pin
Min Period  n/a     BUFG/I              n/a            2.155         50.000      47.845     BUFGCTRL_X0Y9    wizard_hdmi/clkf_buf/I
Max Period  n/a     MMCME2_ADV/CLKFBIN  n/a            100.000       50.000      50.000     MMCME2_ADV_X1Y0  wizard_hdmi/mmcm_adv_inst/CLKFBIN



---------------------------------------------------------------------------------------------------
From Clock:  clk_xc_clk_wiz_0
  To Clock:  clk_xc_clk_wiz_0

Setup :           NA  Failing Endpoints,  Worst Slack           NA  ,  Total Violation           NA
Hold  :           NA  Failing Endpoints,  Worst Slack           NA  ,  Total Violation           NA
PW    :            0  Failing Endpoints,  Worst Slack       37.845ns,  Total Violation        0.000ns
---------------------------------------------------------------------------------------------------


Pulse Width Checks
--------------------------------------------------------------------------------------
Clock Name:         clk_xc_clk_wiz_0
Waveform(ns):       { 0.000 20.000 }
Period(ns):         40.000
Sources:            { lcw/mmcm_adv_inst/CLKOUT4 }

Check Type  Corner  Lib Pin             Reference Pin  Required(ns)  Actual(ns)  Slack(ns)  Location         Pin
Min Period  n/a     BUFG/I              n/a            2.155         40.000      37.845     BUFGCTRL_X0Y6    lcw/clkout5_buf/I
Max Period  n/a     MMCME2_ADV/CLKOUT4  n/a            213.360       40.000      173.360    MMCME2_ADV_X0Y0  lcw/mmcm_adv_inst/CLKOUT4



---------------------------------------------------------------------------------------------------
From Clock:  clkfbout_clk_wiz_0
  To Clock:  clkfbout_clk_wiz_0

Setup :           NA  Failing Endpoints,  Worst Slack           NA  ,  Total Violation           NA
Hold  :           NA  Failing Endpoints,  Worst Slack           NA  ,  Total Violation           NA
PW    :            0  Failing Endpoints,  Worst Slack        7.845ns,  Total Violation        0.000ns
---------------------------------------------------------------------------------------------------


Pulse Width Checks
--------------------------------------------------------------------------------------
Clock Name:         clkfbout_clk_wiz_0
Waveform(ns):       { 0.000 5.000 }
Period(ns):         10.000
Sources:            { lcw/mmcm_adv_inst/CLKFBOUT }

Check Type  Corner  Lib Pin             Reference Pin  Required(ns)  Actual(ns)  Slack(ns)  Location         Pin
Min Period  n/a     BUFG/I              n/a            2.155         10.000      7.845      BUFGCTRL_X0Y7    lcw/clkf_buf/I
Max Period  n/a     MMCME2_ADV/CLKFBIN  n/a            100.000       10.000      90.000     MMCME2_ADV_X0Y0  lcw/mmcm_adv_inst/CLKFBIN



---------------------------------------------------------------------------------------------------
From Clock:  clk_controller_clk_wiz_0
  To Clock:  clk_camera_clk_wiz_0

Setup :            0  Failing Endpoints,  Worst Slack        4.786ns,  Total Violation        0.000ns
Hold  :           NA  Failing Endpoints,  Worst Slack           NA  ,  Total Violation           NA
---------------------------------------------------------------------------------------------------


Max Delay Paths
--------------------------------------------------------------------------------------
Slack (MET) :             4.786ns  (required time - arrival time)
  Source:                 highdef_fb/camera_data_fifo/xpm_fifo_axis_inst/xpm_fifo_base_inst/gen_cdc_pntr.rd_pntr_cdc_inst/src_gray_ff_reg[1]/C
                            (rising edge-triggered cell FDRE clocked by clk_controller_clk_wiz_0  {rise@0.000ns fall@6.000ns period=12.000ns})
  Destination:            highdef_fb/camera_data_fifo/xpm_fifo_axis_inst/xpm_fifo_base_inst/gen_cdc_pntr.rd_pntr_cdc_inst/dest_graysync_ff_reg[0][1]/D
                            (rising edge-triggered cell FDRE clocked by clk_camera_clk_wiz_0  {rise@0.000ns fall@2.500ns period=5.000ns})
  Path Group:             clk_camera_clk_wiz_0
  Path Type:              Setup (Max at Slow Process Corner)
  Requirement:            6.000ns  (MaxDelay Path 6.000ns)
  Data Path Delay:        0.948ns  (logic 0.478ns (50.422%)  route 0.470ns (49.578%))
  Logic Levels:           0  
  Timing Exception:       MaxDelay Path 6.000ns -datapath_only

    Location             Delay type                Incr(ns)  Path(ns)    Netlist Resource(s)
  -------------------------------------------------------------------    -------------------
    SLICE_X30Y44                                      0.000     0.000 r  highdef_fb/camera_data_fifo/xpm_fifo_axis_inst/xpm_fifo_base_inst/gen_cdc_pntr.rd_pntr_cdc_inst/src_gray_ff_reg[1]/C
    SLICE_X30Y44         FDRE (Prop_fdre_C_Q)         0.478     0.478 r  highdef_fb/camera_data_fifo/xpm_fifo_axis_inst/xpm_fifo_base_inst/gen_cdc_pntr.rd_pntr_cdc_inst/src_gray_ff_reg[1]/Q
                         net (fo=1, estimated)        0.470     0.948    highdef_fb/camera_data_fifo/xpm_fifo_axis_inst/xpm_fifo_base_inst/gen_cdc_pntr.rd_pntr_cdc_inst/async_path[1]
    SLICE_X29Y44         FDRE                                         r  highdef_fb/camera_data_fifo/xpm_fifo_axis_inst/xpm_fifo_base_inst/gen_cdc_pntr.rd_pntr_cdc_inst/dest_graysync_ff_reg[0][1]/D
  -------------------------------------------------------------------    -------------------

                         max delay                    6.000     6.000    
    SLICE_X29Y44         FDRE (Setup_fdre_C_D)       -0.266     5.734    highdef_fb/camera_data_fifo/xpm_fifo_axis_inst/xpm_fifo_base_inst/gen_cdc_pntr.rd_pntr_cdc_inst/dest_graysync_ff_reg[0][1]
  -------------------------------------------------------------------
                         required time                          5.734    
                         arrival time                          -0.948    
  -------------------------------------------------------------------
                         slack                                  4.786    





---------------------------------------------------------------------------------------------------
From Clock:  clk_camera_clk_wiz_0
  To Clock:  clk_controller_clk_wiz_0

Setup :            0  Failing Endpoints,  Worst Slack        4.850ns,  Total Violation        0.000ns
Hold  :           NA  Failing Endpoints,  Worst Slack           NA  ,  Total Violation           NA
---------------------------------------------------------------------------------------------------


Max Delay Paths
--------------------------------------------------------------------------------------
Slack (MET) :             4.850ns  (required time - arrival time)
  Source:                 highdef_fb/camera_data_fifo/xpm_fifo_axis_inst/xpm_fifo_base_inst/gen_cdc_pntr.wr_pntr_cdc_inst/src_gray_ff_reg[5]/C
                            (rising edge-triggered cell FDRE clocked by clk_camera_clk_wiz_0  {rise@0.000ns fall@2.500ns period=5.000ns})
  Destination:            highdef_fb/camera_data_fifo/xpm_fifo_axis_inst/xpm_fifo_base_inst/gen_cdc_pntr.wr_pntr_cdc_inst/dest_graysync_ff_reg[0][5]/D
                            (rising edge-triggered cell FDRE clocked by clk_controller_clk_wiz_0  {rise@0.000ns fall@6.000ns period=12.000ns})
  Path Group:             clk_controller_clk_wiz_0
  Path Type:              Setup (Max at Slow Process Corner)
  Requirement:            6.000ns  (MaxDelay Path 6.000ns)
  Data Path Delay:        0.930ns  (logic 0.478ns (51.398%)  route 0.452ns (48.602%))
  Logic Levels:           0  
  Timing Exception:       MaxDelay Path 6.000ns -datapath_only

    Location             Delay type                Incr(ns)  Path(ns)    Netlist Resource(s)
  -------------------------------------------------------------------    -------------------
    SLICE_X34Y41                                      0.000     0.000 r  highdef_fb/camera_data_fifo/xpm_fifo_axis_inst/xpm_fifo_base_inst/gen_cdc_pntr.wr_pntr_cdc_inst/src_gray_ff_reg[5]/C
    SLICE_X34Y41         FDRE (Prop_fdre_C_Q)         0.478     0.478 r  highdef_fb/camera_data_fifo/xpm_fifo_axis_inst/xpm_fifo_base_inst/gen_cdc_pntr.wr_pntr_cdc_inst/src_gray_ff_reg[5]/Q
                         net (fo=1, estimated)        0.452     0.930    highdef_fb/camera_data_fifo/xpm_fifo_axis_inst/xpm_fifo_base_inst/gen_cdc_pntr.wr_pntr_cdc_inst/async_path[5]
    SLICE_X34Y40         FDRE                                         r  highdef_fb/camera_data_fifo/xpm_fifo_axis_inst/xpm_fifo_base_inst/gen_cdc_pntr.wr_pntr_cdc_inst/dest_graysync_ff_reg[0][5]/D
  -------------------------------------------------------------------    -------------------

                         max delay                    6.000     6.000    
    SLICE_X34Y40         FDRE (Setup_fdre_C_D)       -0.220     5.780    highdef_fb/camera_data_fifo/xpm_fifo_axis_inst/xpm_fifo_base_inst/gen_cdc_pntr.wr_pntr_cdc_inst/dest_graysync_ff_reg[0][5]
  -------------------------------------------------------------------
                         required time                          5.780    
                         arrival time                          -0.930    
  -------------------------------------------------------------------
                         slack                                  4.850    





---------------------------------------------------------------------------------------------------
From Clock:  clk_pixel_cw_hdmi
  To Clock:  clk_controller_clk_wiz_0

Setup :            0  Failing Endpoints,  Worst Slack        4.446ns,  Total Violation        0.000ns
Hold  :           NA  Failing Endpoints,  Worst Slack           NA  ,  Total Violation           NA
---------------------------------------------------------------------------------------------------


Max Delay Paths
--------------------------------------------------------------------------------------
Slack (MET) :             4.446ns  (required time - arrival time)
  Source:                 highdef_fb/pdfifo/xpm_fifo_axis_inst/xpm_fifo_base_inst/xpm_fifo_rst_inst/gen_rst_ic.fifo_rd_rst_ic_reg/C
                            (rising edge-triggered cell FDRE clocked by clk_pixel_cw_hdmi  {rise@0.000ns fall@6.734ns period=13.468ns})
  Destination:            highdef_fb/pdfifo/xpm_fifo_axis_inst/xpm_fifo_base_inst/xpm_fifo_rst_inst/gen_rst_ic.rrst_wr_inst/syncstages_ff_reg[0]/D
                            (rising edge-triggered cell FDRE clocked by clk_controller_clk_wiz_0  {rise@0.000ns fall@6.000ns period=12.000ns})
  Path Group:             clk_controller_clk_wiz_0
  Path Type:              Setup (Max at Slow Process Corner)
  Requirement:            6.000ns  (MaxDelay Path 6.000ns)
  Data Path Delay:        1.280ns  (logic 0.478ns (37.344%)  route 0.802ns (62.656%))
  Logic Levels:           0  
  Timing Exception:       MaxDelay Path 6.000ns -datapath_only

    Location             Delay type                Incr(ns)  Path(ns)    Netlist Resource(s)
  -------------------------------------------------------------------    -------------------
    SLICE_X50Y28                                      0.000     0.000 r  highdef_fb/pdfifo/xpm_fifo_axis_inst/xpm_fifo_base_inst/xpm_fifo_rst_inst/gen_rst_ic.fifo_rd_rst_ic_reg/C
    SLICE_X50Y28         FDRE (Prop_fdre_C_Q)         0.478     0.478 r  highdef_fb/pdfifo/xpm_fifo_axis_inst/xpm_fifo_base_inst/xpm_fifo_rst_inst/gen_rst_ic.fifo_rd_rst_ic_reg/Q
                         net (fo=37, estimated)       0.802     1.280    highdef_fb/pdfifo/xpm_fifo_axis_inst/xpm_fifo_base_inst/xpm_fifo_rst_inst/gen_rst_ic.rrst_wr_inst/src_rst
    SLICE_X48Y30         FDRE                                         r  highdef_fb/pdfifo/xpm_fifo_axis_inst/xpm_fifo_base_inst/xpm_fifo_rst_inst/gen_rst_ic.rrst_wr_inst/syncstages_ff_reg[0]/D
  -------------------------------------------------------------------    -------------------

                         max delay                    6.000     6.000    
    SLICE_X48Y30         FDRE (Setup_fdre_C_D)       -0.274     5.726    highdef_fb/pdfifo/xpm_fifo_axis_inst/xpm_fifo_base_inst/xpm_fifo_rst_inst/gen_rst_ic.rrst_wr_inst/syncstages_ff_reg[0]
  -------------------------------------------------------------------
                         required time                          5.726    
                         arrival time                          -1.280    
  -------------------------------------------------------------------
                         slack                                  4.446    





---------------------------------------------------------------------------------------------------
From Clock:  clk_controller_clk_wiz_0
  To Clock:  clk_pixel_cw_hdmi

Setup :            0  Failing Endpoints,  Worst Slack        4.262ns,  Total Violation        0.000ns
Hold  :           NA  Failing Endpoints,  Worst Slack           NA  ,  Total Violation           NA
---------------------------------------------------------------------------------------------------


Max Delay Paths
--------------------------------------------------------------------------------------
Slack (MET) :             4.262ns  (required time - arrival time)
  Source:                 highdef_fb/pdfifo/xpm_fifo_axis_inst/xpm_fifo_base_inst/gen_cdc_pntr.wr_pntr_cdc_inst/src_gray_ff_reg[1]/C
                            (rising edge-triggered cell FDRE clocked by clk_controller_clk_wiz_0  {rise@0.000ns fall@6.000ns period=12.000ns})
  Destination:            highdef_fb/pdfifo/xpm_fifo_axis_inst/xpm_fifo_base_inst/gen_cdc_pntr.wr_pntr_cdc_inst/dest_graysync_ff_reg[0][1]/D
                            (rising edge-triggered cell FDRE clocked by clk_pixel_cw_hdmi  {rise@0.000ns fall@6.734ns period=13.468ns})
  Path Group:             clk_pixel_cw_hdmi
  Path Type:              Setup (Max at Slow Process Corner)
  Requirement:            6.000ns  (MaxDelay Path 6.000ns)
  Data Path Delay:        1.458ns  (logic 0.419ns (28.738%)  route 1.039ns (71.262%))
  Logic Levels:           0  
  Timing Exception:       MaxDelay Path 6.000ns -datapath_only

    Location             Delay type                Incr(ns)  Path(ns)    Netlist Resource(s)
  -------------------------------------------------------------------    -------------------
    SLICE_X48Y26                                      0.000     0.000 r  highdef_fb/pdfifo/xpm_fifo_axis_inst/xpm_fifo_base_inst/gen_cdc_pntr.wr_pntr_cdc_inst/src_gray_ff_reg[1]/C
    SLICE_X48Y26         FDRE (Prop_fdre_C_Q)         0.419     0.419 r  highdef_fb/pdfifo/xpm_fifo_axis_inst/xpm_fifo_base_inst/gen_cdc_pntr.wr_pntr_cdc_inst/src_gray_ff_reg[1]/Q
                         net (fo=1, estimated)        1.039     1.458    highdef_fb/pdfifo/xpm_fifo_axis_inst/xpm_fifo_base_inst/gen_cdc_pntr.wr_pntr_cdc_inst/async_path[1]
    SLICE_X45Y26         FDRE                                         r  highdef_fb/pdfifo/xpm_fifo_axis_inst/xpm_fifo_base_inst/gen_cdc_pntr.wr_pntr_cdc_inst/dest_graysync_ff_reg[0][1]/D
  -------------------------------------------------------------------    -------------------

                         max delay                    6.000     6.000    
    SLICE_X45Y26         FDRE (Setup_fdre_C_D)       -0.280     5.720    highdef_fb/pdfifo/xpm_fifo_axis_inst/xpm_fifo_base_inst/gen_cdc_pntr.wr_pntr_cdc_inst/dest_graysync_ff_reg[0][1]
  -------------------------------------------------------------------
                         required time                          5.720    
                         arrival time                          -1.458    
  -------------------------------------------------------------------
                         slack                                  4.262    





