Copyright 1986-2022 Xilinx, Inc. All Rights Reserved. Copyright 2022-2025 Advanced Micro Devices, Inc. All Rights Reserved.
---------------------------------------------------------------------------------------------------------------------------------------------
| Tool Version : Vivado v.2025.1 (lin64) Build 6140274 Wed May 21 22:58:25 MDT 2025
| Date         : Wed Oct 15 16:59:04 2025
| Host         : eecs-digital-02 running 64-bit Ubuntu 24.04.3 LTS
| Command      : report_timing -file obj/post_route_timing.rpt
| Design       : top_level
| Device       : 7s50-csga324
| Speed File   : -1  PRODUCTION 1.23 2018-06-13
| Design State : Routed
---------------------------------------------------------------------------------------------------------------------------------------------

Timing Report

Slack (MET) :             0.261ns  (required time - arrival time)
  Source:                 addra_reg[10]/C
                            (rising edge-triggered cell FDRE clocked by clk_camera_clk_wiz_0  {rise@0.000ns fall@2.500ns period=5.000ns})
  Destination:            frame_buffer/BRAM_reg_0_15/ADDRARDADDR[10]
                            (rising edge-triggered cell RAMB36E1 clocked by clk_camera_clk_wiz_0  {rise@0.000ns fall@2.500ns period=5.000ns})
  Path Group:             clk_camera_clk_wiz_0
  Path Type:              Setup (Max at Slow Process Corner)
  Requirement:            5.000ns  (clk_camera_clk_wiz_0 rise@5.000ns - clk_camera_clk_wiz_0 rise@0.000ns)
  Data Path Delay:        4.043ns  (logic 0.456ns (11.279%)  route 3.587ns (88.721%))
  Logic Levels:           0  
  Clock Path Skew:        -0.064ns (DCD - SCD + CPR)
    Destination Clock Delay (DCD):    -1.518ns = ( 3.482 - 5.000 ) 
    Source Clock Delay      (SCD):    -0.965ns
    Clock Pessimism Removal (CPR):    0.490ns
  Clock Uncertainty:      0.067ns  ((TSJ^2 + DJ^2)^1/2) / 2 + PE
    Total System Jitter     (TSJ):    0.071ns
    Discrete Jitter          (DJ):    0.113ns
    Phase Error              (PE):    0.000ns

    Location             Delay type                Incr(ns)  Path(ns)    Netlist Resource(s)
  -------------------------------------------------------------------    -------------------
                         (clock clk_camera_clk_wiz_0 rise edge)
                                                      0.000     0.000 r  
    N15                                               0.000     0.000 r  clk_100mhz (IN)
                         net (fo=0)                   0.000     0.000    lcw/clk_in1
    N15                  IBUF (Prop_ibuf_I_O)         1.440     1.440 r  lcw/clkin1_ibufg/O
                         net (fo=1, routed)           1.233     2.673    lcw/clk_in1_clk_wiz_0
    MMCME2_ADV_X0Y0      MMCME2_ADV (Prop_mmcme2_adv_CLKIN1_CLKOUT3)
                                                     -6.965    -4.291 r  lcw/mmcm_adv_inst/CLKOUT3
                         net (fo=1, routed)           1.666    -2.625    lcw/clk_camera_clk_wiz_0
    BUFGCTRL_X0Y2        BUFG (Prop_bufg_I_O)         0.096    -2.529 r  lcw/clkout4_buf/O
                         net (fo=649, routed)         1.564    -0.965    i_ref_clk
    SLICE_X36Y42         FDRE                                         r  addra_reg[10]/C
  -------------------------------------------------------------------    -------------------
    SLICE_X36Y42         FDRE (Prop_fdre_C_Q)         0.456    -0.509 r  addra_reg[10]/Q
                         net (fo=20, routed)          3.587     3.078    frame_buffer/Q[10]
    RAMB36_X0Y0          RAMB36E1                                     r  frame_buffer/BRAM_reg_0_15/ADDRARDADDR[10]
  -------------------------------------------------------------------    -------------------

                         (clock clk_camera_clk_wiz_0 rise edge)
                                                      5.000     5.000 r  
    N15                                               0.000     5.000 r  clk_100mhz (IN)
                         net (fo=0)                   0.000     5.000    lcw/clk_in1
    N15                  IBUF (Prop_ibuf_I_O)         1.370     6.370 r  lcw/clkin1_ibufg/O
                         net (fo=1, routed)           1.162     7.532    lcw/clk_in1_clk_wiz_0
    MMCME2_ADV_X0Y0      MMCME2_ADV (Prop_mmcme2_adv_CLKIN1_CLKOUT3)
                                                     -7.221     0.311 r  lcw/mmcm_adv_inst/CLKOUT3
                         net (fo=1, routed)           1.587     1.898    lcw/clk_camera_clk_wiz_0
    BUFGCTRL_X0Y2        BUFG (Prop_bufg_I_O)         0.091     1.989 r  lcw/clkout4_buf/O
                         net (fo=649, routed)         1.493     3.482    frame_buffer/clk_camera
    RAMB36_X0Y0          RAMB36E1                                     r  frame_buffer/BRAM_reg_0_15/CLKARDCLK
                         clock pessimism              0.490     3.972    
                         clock uncertainty           -0.067     3.905    
    RAMB36_X0Y0          RAMB36E1 (Setup_ramb36e1_CLKARDCLK_ADDRARDADDR[10])
                                                     -0.566     3.339    frame_buffer/BRAM_reg_0_15
  -------------------------------------------------------------------
                         required time                          3.339    
                         arrival time                          -3.078    
  -------------------------------------------------------------------
                         slack                                  0.261    




