Copyright 1986-2022 Xilinx, Inc. All Rights Reserved. Copyright 2022-2025 Advanced Micro Devices, Inc. All Rights Reserved.
---------------------------------------------------------------------------------------------------------------------------------------------
| Tool Version : Vivado v.2025.1 (lin64) Build 6140274 Wed May 21 22:58:25 MDT 2025
| Date         : Wed Oct 15 16:58:49 2025
| Host         : eecs-digital-02 running 64-bit Ubuntu 24.04.3 LTS
| Command      : report_timing -file obj/post_place_timing.rpt
| Design       : top_level
| Device       : 7s50-csga324
| Speed File   : -1  PRODUCTION 1.23 2018-06-13
| Design State : Fully Placed
---------------------------------------------------------------------------------------------------------------------------------------------

Timing Report

Slack (MET) :             0.433ns  (required time - arrival time)
  Source:                 nolabel_line160/pixel_v_count_reg[5]/C
                            (rising edge-triggered cell FDRE clocked by clk_camera_clk_wiz_0  {rise@0.000ns fall@2.500ns period=5.000ns})
  Destination:            addra_reg[15]_rep/D
                            (rising edge-triggered cell FDRE clocked by clk_camera_clk_wiz_0  {rise@0.000ns fall@2.500ns period=5.000ns})
  Path Group:             clk_camera_clk_wiz_0
  Path Type:              Setup (Max at Slow Process Corner)
  Requirement:            5.000ns  (clk_camera_clk_wiz_0 rise@5.000ns - clk_camera_clk_wiz_0 rise@0.000ns)
  Data Path Delay:        4.236ns  (logic 2.361ns (55.737%)  route 1.875ns (44.263%))
  Logic Levels:           5  (CARRY4=4 LUT2=1)
  Clock Path Skew:        -0.024ns (DCD - SCD + CPR)
    Destination Clock Delay (DCD):    -1.614ns = ( 3.386 - 5.000 ) 
    Source Clock Delay      (SCD):    -1.023ns
    Clock Pessimism Removal (CPR):    0.568ns
  Clock Uncertainty:      0.067ns  ((TSJ^2 + DJ^2)^1/2) / 2 + PE
    Total System Jitter     (TSJ):    0.071ns
    Discrete Jitter          (DJ):    0.113ns
    Phase Error              (PE):    0.000ns

    Location             Delay type                Incr(ns)  Path(ns)    Netlist Resource(s)
  -------------------------------------------------------------------    -------------------
                         (clock clk_camera_clk_wiz_0 rise edge)
                                                      0.000     0.000 r  
    N15                                               0.000     0.000 r  clk_100mhz (IN)
                         net (fo=0)                   0.000     0.000    lcw/clk_in1
    N15                  IBUF (Prop_ibuf_I_O)         1.440     1.440 r  lcw/clkin1_ibufg/O
                         net (fo=1, estimated)        1.233     2.673    lcw/clk_in1_clk_wiz_0
    MMCME2_ADV_X0Y0      MMCME2_ADV (Prop_mmcme2_adv_CLKIN1_CLKOUT3)
                                                     -7.025    -4.352 r  lcw/mmcm_adv_inst/CLKOUT3
                         net (fo=1, estimated)        1.666    -2.686    lcw/clk_camera_clk_wiz_0
    BUFGCTRL_X0Y2        BUFG (Prop_bufg_I_O)         0.096    -2.590 r  lcw/clkout4_buf/O
                         net (fo=649, estimated)      1.567    -1.023    nolabel_line160/clk_camera
    SLICE_X37Y43         FDRE                                         r  nolabel_line160/pixel_v_count_reg[5]/C
  -------------------------------------------------------------------    -------------------
    SLICE_X37Y43         FDRE (Prop_fdre_C_Q)         0.456    -0.567 r  nolabel_line160/pixel_v_count_reg[5]/Q
                         net (fo=6, estimated)        0.881     0.314    nolabel_line160/Q[5]
    SLICE_X35Y41         LUT2 (Prop_lut2_I0_O)        0.124     0.438 r  nolabel_line160/addra[13]_i_4/O
                         net (fo=1, routed)           0.000     0.438    nolabel_line160/addra[13]_i_4_n_0
    SLICE_X35Y41         CARRY4 (Prop_carry4_S[2]_CO[3])
                                                      0.398     0.836 r  nolabel_line160/addra_reg[13]_i_2/CO[3]
                         net (fo=1, estimated)        0.000     0.836    nolabel_line160/addra_reg[13]_i_2_n_0
    SLICE_X35Y42         CARRY4 (Prop_carry4_CI_O[1])
                                                      0.334     1.170 r  nolabel_line160/addra_reg[15]_i_4/O[1]
                         net (fo=1, estimated)        0.498     1.668    nolabel_line160/addra1[12]
    SLICE_X36Y42         CARRY4 (Prop_carry4_S[2]_CO[3])
                                                      0.701     2.369 r  nolabel_line160/addra_reg[13]_i_1/CO[3]
                         net (fo=1, estimated)        0.000     2.369    nolabel_line160/addra_reg[13]_i_1_n_0
    SLICE_X36Y43         CARRY4 (Prop_carry4_CI_O[1])
                                                      0.348     2.717 r  nolabel_line160/addra_reg[15]_i_2/O[1]
                         net (fo=2, estimated)        0.496     3.213    nolabel_line160_n_23
    SLICE_X36Y47         FDRE                                         r  addra_reg[15]_rep/D
  -------------------------------------------------------------------    -------------------

                         (clock clk_camera_clk_wiz_0 rise edge)
                                                      5.000     5.000 r  
    N15                                               0.000     5.000 r  clk_100mhz (IN)
                         net (fo=0)                   0.000     5.000    lcw/clk_in1
    N15                  IBUF (Prop_ibuf_I_O)         1.370     6.370 r  lcw/clkin1_ibufg/O
                         net (fo=1, estimated)        1.171     7.542    lcw/clk_in1_clk_wiz_0
    MMCME2_ADV_X0Y0      MMCME2_ADV (Prop_mmcme2_adv_CLKIN1_CLKOUT3)
                                                     -7.279     0.263 r  lcw/mmcm_adv_inst/CLKOUT3
                         net (fo=1, estimated)        1.583     1.846    lcw/clk_camera_clk_wiz_0
    BUFGCTRL_X0Y2        BUFG (Prop_bufg_I_O)         0.091     1.937 r  lcw/clkout4_buf/O
                         net (fo=649, estimated)      1.449     3.386    i_ref_clk
    SLICE_X36Y47         FDRE                                         r  addra_reg[15]_rep/C
                         clock pessimism              0.568     3.953    
                         clock uncertainty           -0.067     3.887    
    SLICE_X36Y47         FDRE (Setup_fdre_C_D)       -0.240     3.647    addra_reg[15]_rep
  -------------------------------------------------------------------
                         required time                          3.647    
                         arrival time                          -3.213    
  -------------------------------------------------------------------
                         slack                                  0.433    




