Copyright 1986-2022 Xilinx, Inc. All Rights Reserved. Copyright 2022-2025 Advanced Micro Devices, Inc. All Rights Reserved.
---------------------------------------------------------------------------------------------------------------------------------------------
| Tool Version : Vivado v.2025.1 (lin64) Build 6140274 Wed May 21 22:58:25 MDT 2025
| Date         : Wed Oct 15 16:59:04 2025
| Host         : eecs-digital-02 running 64-bit Ubuntu 24.04.3 LTS
| Command      : report_timing_summary -file obj/post_route_timing_summary.rpt
| Design       : top_level
| Device       : 7s50-csga324
| Speed File   : -1  PRODUCTION 1.23 2018-06-13
| Design State : Routed
---------------------------------------------------------------------------------------------------------------------------------------------

Timing Summary Report

------------------------------------------------------------------------------------------------
| Timer Settings
| --------------
------------------------------------------------------------------------------------------------

  Enable Multi Corner Analysis               :  Yes
  Enable Pessimism Removal                   :  Yes
  Pessimism Removal Resolution               :  Nearest Common Node
  Enable Input Delay Default Clock           :  No
  Enable Preset / Clear Arcs                 :  No
  Disable Flight Delays                      :  No
  Ignore I/O Paths                           :  No
  Timing Early Launch at Borrowing Latches   :  No
  Borrow Time for Max Delay Exceptions       :  Yes
  Merge Timing Exceptions                    :  Yes
  Inter-SLR Compensation                     :  Conservative

  Corner  Analyze    Analyze    
  Name    Max Paths  Min Paths  
  ------  ---------  ---------  
  Slow    Yes        Yes        
  Fast    Yes        Yes        


------------------------------------------------------------------------------------------------
| Report Methodology
| ------------------
------------------------------------------------------------------------------------------------

No report available as report_methodology has not been run prior. Run report_methodology on the current design for the summary of methodology violations.



check_timing report

Table of Contents
-----------------
1. checking no_clock (0)
2. checking constant_clock (0)
3. checking pulse_width_clock (0)
4. checking unconstrained_internal_endpoints (0)
5. checking no_input_delay (49)
6. checking no_output_delay (86)
7. checking multiple_clock (0)
8. checking generated_clocks (0)
9. checking loops (0)
10. checking partial_input_delay (0)
11. checking partial_output_delay (0)
12. checking latch_loops (0)

1. checking no_clock (0)
------------------------
 There are 0 register/latch pins with no clock.


2. checking constant_clock (0)
------------------------------
 There are 0 register/latch pins with constant_clock.


3. checking pulse_width_clock (0)
---------------------------------
 There are 0 register/latch pins which need pulse_width check


4. checking unconstrained_internal_endpoints (0)
------------------------------------------------
 There are 0 pins that are not constrained for maximum delay.

 There are 0 pins that are not constrained for maximum delay due to constant clock.


5. checking no_input_delay (49)
-------------------------------
 There are 49 input ports with no input delay specified. (HIGH)

 There are 0 input ports with no input delay but user has a false path constraint.


6. checking no_output_delay (86)
--------------------------------
 There are 86 ports with no output delay specified. (HIGH)

 There are 0 ports with no output delay but user has a false path constraint

 There are 0 ports with no output delay but with a timing clock defined on it or propagating through it


7. checking multiple_clock (0)
------------------------------
 There are 0 register/latch pins with multiple clocks.


8. checking generated_clocks (0)
--------------------------------
 There are 0 generated clocks that are not connected to a clock source.


9. checking loops (0)
---------------------
 There are 0 combinational loops in the design.


10. checking partial_input_delay (0)
------------------------------------
 There are 0 input ports with partial input delay specified.


11. checking partial_output_delay (0)
-------------------------------------
 There are 0 ports with partial output delay specified.


12. checking latch_loops (0)
----------------------------
 There are 0 combinational latch loops in the design through latch input



------------------------------------------------------------------------------------------------
| Design Timing Summary
| ---------------------
------------------------------------------------------------------------------------------------

    WNS(ns)      TNS(ns)  TNS Failing Endpoints  TNS Total Endpoints      WHS(ns)      THS(ns)  THS Failing Endpoints  THS Total Endpoints     WPWS(ns)     TPWS(ns)  TPWS Failing Endpoints  TPWS Total Endpoints  
    -------      -------  ---------------------  -------------------      -------      -------  ---------------------  -------------------     --------     --------  ----------------------  --------------------  
      0.261        0.000                      0                12824        0.017        0.000                      0                12792        0.264        0.000                       0                  4285  


All user specified timing constraints are met.


------------------------------------------------------------------------------------------------
| Clock Summary
| -------------
------------------------------------------------------------------------------------------------

Clock                        Waveform(ns)         Period(ns)      Frequency(MHz)
-----                        ------------         ----------      --------------
gclk                         {0.000 4.000}        10.000          100.000         
  clk_camera_clk_wiz_0       {0.000 2.500}        5.000           200.000         
  clk_controller_clk_wiz_0   {0.000 6.000}        12.000          83.333          
  clk_ddr3_90_clk_wiz_0      {0.750 2.250}        3.000           333.333         
  clk_ddr3_clk_wiz_0         {0.000 1.500}        3.000           333.333         
  clk_passthrough_clk_wiz_0  {0.000 5.000}        10.000          100.000         
    clk_pixel_cw_hdmi        {0.000 6.734}        13.468          74.250          
    clk_tmds_cw_hdmi         {0.000 1.347}        2.694           371.250         
    clkfbout_cw_hdmi         {0.000 25.000}       50.000          20.000          
  clk_xc_clk_wiz_0           {0.000 20.000}       40.000          25.000          
  clkfbout_clk_wiz_0         {0.000 5.000}        10.000          100.000         


------------------------------------------------------------------------------------------------
| Intra Clock Table
| -----------------
------------------------------------------------------------------------------------------------

Clock                            WNS(ns)      TNS(ns)  TNS Failing Endpoints  TNS Total Endpoints      WHS(ns)      THS(ns)  THS Failing Endpoints  THS Total Endpoints     WPWS(ns)     TPWS(ns)  TPWS Failing Endpoints  TPWS Total Endpoints  
-----                            -------      -------  ---------------------  -------------------      -------      -------  ---------------------  -------------------     --------     --------  ----------------------  --------------------  
gclk                                                                                                                                                                           2.000        0.000                       0                     1  
  clk_camera_clk_wiz_0             0.261        0.000                      0                 2233        0.017        0.000                      0                 2233        0.264        0.000                       0                   651  
  clk_controller_clk_wiz_0         0.555        0.000                      0                 7780        0.029        0.000                      0                 7780        4.750        0.000                       0                  2647  
  clk_ddr3_90_clk_wiz_0                                                                                                                                                        0.845        0.000                       0                    20  
  clk_ddr3_clk_wiz_0                                                                                                                                                           0.845        0.000                       0                    63  
  clk_passthrough_clk_wiz_0                                                                                                                                                    3.000        0.000                       0                     3  
    clk_pixel_cw_hdmi              0.749        0.000                      0                 2779        0.104        0.000                      0                 2779        6.234        0.000                       0                   884  
    clk_tmds_cw_hdmi                                                                                                                                                           0.538        0.000                       0                     8  
    clkfbout_cw_hdmi                                                                                                                                                          47.845        0.000                       0                     3  
  clk_xc_clk_wiz_0                                                                                                                                                            37.845        0.000                       0                     2  
  clkfbout_clk_wiz_0                                                                                                                                                           7.845        0.000                       0                     3  


------------------------------------------------------------------------------------------------
| Inter Clock Table
| -----------------
------------------------------------------------------------------------------------------------

From Clock                To Clock                      WNS(ns)      TNS(ns)  TNS Failing Endpoints  TNS Total Endpoints      WHS(ns)      THS(ns)  THS Failing Endpoints  THS Total Endpoints  
----------                --------                      -------      -------  ---------------------  -------------------      -------      -------  ---------------------  -------------------  
clk_controller_clk_wiz_0  clk_camera_clk_wiz_0            4.782        0.000                      0                    8                                                                        
clk_camera_clk_wiz_0      clk_controller_clk_wiz_0        4.806        0.000                      0                    8                                                                        
clk_pixel_cw_hdmi         clk_controller_clk_wiz_0        4.540        0.000                      0                    8                                                                        
clk_controller_clk_wiz_0  clk_pixel_cw_hdmi               4.098        0.000                      0                    8                                                                        


------------------------------------------------------------------------------------------------
| Other Path Groups Table
| -----------------------
------------------------------------------------------------------------------------------------

Path Group    From Clock    To Clock          WNS(ns)      TNS(ns)  TNS Failing Endpoints  TNS Total Endpoints      WHS(ns)      THS(ns)  THS Failing Endpoints  THS Total Endpoints  
----------    ----------    --------          -------      -------  ---------------------  -------------------      -------      -------  ---------------------  -------------------  


------------------------------------------------------------------------------------------------
| Timing Details
| --------------
------------------------------------------------------------------------------------------------


---------------------------------------------------------------------------------------------------
From Clock:  gclk
  To Clock:  gclk

Setup :           NA  Failing Endpoints,  Worst Slack           NA  ,  Total Violation           NA
Hold  :           NA  Failing Endpoints,  Worst Slack           NA  ,  Total Violation           NA
PW    :            0  Failing Endpoints,  Worst Slack        2.000ns,  Total Violation        0.000ns
---------------------------------------------------------------------------------------------------


Pulse Width Checks
--------------------------------------------------------------------------------------
Clock Name:         gclk
Waveform(ns):       { 0.000 4.000 }
Period(ns):         10.000
Sources:            { clk_100mhz }

Check Type        Corner  Lib Pin            Reference Pin  Required(ns)  Actual(ns)  Slack(ns)  Location         Pin
Min Period        n/a     MMCME2_ADV/CLKIN1  n/a            1.249         10.000      8.751      MMCME2_ADV_X0Y0  lcw/mmcm_adv_inst/CLKIN1
Max Period        n/a     MMCME2_ADV/CLKIN1  n/a            100.000       10.000      90.000     MMCME2_ADV_X0Y0  lcw/mmcm_adv_inst/CLKIN1
Low Pulse Width   Slow    MMCME2_ADV/CLKIN1  n/a            2.000         6.000       4.000      MMCME2_ADV_X0Y0  lcw/mmcm_adv_inst/CLKIN1
High Pulse Width  Slow    MMCME2_ADV/CLKIN1  n/a            2.000         4.000       2.000      MMCME2_ADV_X0Y0  lcw/mmcm_adv_inst/CLKIN1



---------------------------------------------------------------------------------------------------
From Clock:  clk_camera_clk_wiz_0
  To Clock:  clk_camera_clk_wiz_0

Setup :            0  Failing Endpoints,  Worst Slack        0.261ns,  Total Violation        0.000ns
Hold  :            0  Failing Endpoints,  Worst Slack        0.017ns,  Total Violation        0.000ns
PW    :            0  Failing Endpoints,  Worst Slack        0.264ns,  Total Violation        0.000ns
---------------------------------------------------------------------------------------------------


Max Delay Paths
--------------------------------------------------------------------------------------
Slack (MET) :             0.261ns  (required time - arrival time)
  Source:                 addra_reg[10]/C
                            (rising edge-triggered cell FDRE clocked by clk_camera_clk_wiz_0  {rise@0.000ns fall@2.500ns period=5.000ns})
  Destination:            frame_buffer/BRAM_reg_0_15/ADDRARDADDR[10]
                            (rising edge-triggered cell RAMB36E1 clocked by clk_camera_clk_wiz_0  {rise@0.000ns fall@2.500ns period=5.000ns})
  Path Group:             clk_camera_clk_wiz_0
  Path Type:              Setup (Max at Slow Process Corner)
  Requirement:            5.000ns  (clk_camera_clk_wiz_0 rise@5.000ns - clk_camera_clk_wiz_0 rise@0.000ns)
  Data Path Delay:        4.043ns  (logic 0.456ns (11.279%)  route 3.587ns (88.721%))
  Logic Levels:           0  
  Clock Path Skew:        -0.064ns (DCD - SCD + CPR)
    Destination Clock Delay (DCD):    -1.518ns = ( 3.482 - 5.000 ) 
    Source Clock Delay      (SCD):    -0.965ns
    Clock Pessimism Removal (CPR):    0.490ns
  Clock Uncertainty:      0.067ns  ((TSJ^2 + DJ^2)^1/2) / 2 + PE
    Total System Jitter     (TSJ):    0.071ns
    Discrete Jitter          (DJ):    0.113ns
    Phase Error              (PE):    0.000ns

    Location             Delay type                Incr(ns)  Path(ns)    Netlist Resource(s)
  -------------------------------------------------------------------    -------------------
                         (clock clk_camera_clk_wiz_0 rise edge)
                                                      0.000     0.000 r  
    N15                                               0.000     0.000 r  clk_100mhz (IN)
                         net (fo=0)                   0.000     0.000    lcw/clk_in1
    N15                  IBUF (Prop_ibuf_I_O)         1.440     1.440 r  lcw/clkin1_ibufg/O
                         net (fo=1, routed)           1.233     2.673    lcw/clk_in1_clk_wiz_0
    MMCME2_ADV_X0Y0      MMCME2_ADV (Prop_mmcme2_adv_CLKIN1_CLKOUT3)
                                                     -6.965    -4.291 r  lcw/mmcm_adv_inst/CLKOUT3
                         net (fo=1, routed)           1.666    -2.625    lcw/clk_camera_clk_wiz_0
    BUFGCTRL_X0Y2        BUFG (Prop_bufg_I_O)         0.096    -2.529 r  lcw/clkout4_buf/O
                         net (fo=649, routed)         1.564    -0.965    i_ref_clk
    SLICE_X36Y42         FDRE                                         r  addra_reg[10]/C
  -------------------------------------------------------------------    -------------------
    SLICE_X36Y42         FDRE (Prop_fdre_C_Q)         0.456    -0.509 r  addra_reg[10]/Q
                         net (fo=20, routed)          3.587     3.078    frame_buffer/Q[10]
    RAMB36_X0Y0          RAMB36E1                                     r  frame_buffer/BRAM_reg_0_15/ADDRARDADDR[10]
  -------------------------------------------------------------------    -------------------

                         (clock clk_camera_clk_wiz_0 rise edge)
                                                      5.000     5.000 r  
    N15                                               0.000     5.000 r  clk_100mhz (IN)
                         net (fo=0)                   0.000     5.000    lcw/clk_in1
    N15                  IBUF (Prop_ibuf_I_O)         1.370     6.370 r  lcw/clkin1_ibufg/O
                         net (fo=1, routed)           1.162     7.532    lcw/clk_in1_clk_wiz_0
    MMCME2_ADV_X0Y0      MMCME2_ADV (Prop_mmcme2_adv_CLKIN1_CLKOUT3)
                                                     -7.221     0.311 r  lcw/mmcm_adv_inst/CLKOUT3
                         net (fo=1, routed)           1.587     1.898    lcw/clk_camera_clk_wiz_0
    BUFGCTRL_X0Y2        BUFG (Prop_bufg_I_O)         0.091     1.989 r  lcw/clkout4_buf/O
                         net (fo=649, routed)         1.493     3.482    frame_buffer/clk_camera
    RAMB36_X0Y0          RAMB36E1                                     r  frame_buffer/BRAM_reg_0_15/CLKARDCLK
                         clock pessimism              0.490     3.972    
                         clock uncertainty           -0.067     3.905    
    RAMB36_X0Y0          RAMB36E1 (Setup_ramb36e1_CLKARDCLK_ADDRARDADDR[10])
                                                     -0.566     3.339    frame_buffer/BRAM_reg_0_15
  -------------------------------------------------------------------
                         required time                          3.339    
                         arrival time                          -3.078    
  -------------------------------------------------------------------
                         slack                                  0.261    





Min Delay Paths
--------------------------------------------------------------------------------------
Slack (MET) :             0.017ns  (arrival time - required time)
  Source:                 highdef_fb/stacker_inst/data_recent_reg[19]/C
                            (rising edge-triggered cell FDRE clocked by clk_camera_clk_wiz_0  {rise@0.000ns fall@2.500ns period=5.000ns})
  Destination:            highdef_fb/stacker_inst/chunk_tdata_reg[3]/D
                            (rising edge-triggered cell FDRE clocked by clk_camera_clk_wiz_0  {rise@0.000ns fall@2.500ns period=5.000ns})
  Path Group:             clk_camera_clk_wiz_0
  Path Type:              Hold (Min at Fast Process Corner)
  Requirement:            0.000ns  (clk_camera_clk_wiz_0 rise@0.000ns - clk_camera_clk_wiz_0 rise@0.000ns)
  Data Path Delay:        0.337ns  (logic 0.164ns (48.612%)  route 0.173ns (51.388%))
  Logic Levels:           0  
  Clock Path Skew:        0.268ns (DCD - SCD - CPR)
    Destination Clock Delay (DCD):    -0.875ns
    Source Clock Delay      (SCD):    -0.635ns
    Clock Pessimism Removal (CPR):    -0.508ns

    Location             Delay type                Incr(ns)  Path(ns)    Netlist Resource(s)
  -------------------------------------------------------------------    -------------------
                         (clock clk_camera_clk_wiz_0 rise edge)
                                                      0.000     0.000 r  
    N15                                               0.000     0.000 r  clk_100mhz (IN)
                         net (fo=0)                   0.000     0.000    lcw/clk_in1
    N15                  IBUF (Prop_ibuf_I_O)         0.209     0.209 r  lcw/clkin1_ibufg/O
                         net (fo=1, routed)           0.440     0.649    lcw/clk_in1_clk_wiz_0
    MMCME2_ADV_X0Y0      MMCME2_ADV (Prop_mmcme2_adv_CLKIN1_CLKOUT3)
                                                     -2.362    -1.714 r  lcw/mmcm_adv_inst/CLKOUT3
                         net (fo=1, routed)           0.489    -1.225    lcw/clk_camera_clk_wiz_0
    BUFGCTRL_X0Y2        BUFG (Prop_bufg_I_O)         0.026    -1.199 r  lcw/clkout4_buf/O
                         net (fo=649, routed)         0.564    -0.635    highdef_fb/stacker_inst/clk_camera
    SLICE_X42Y49         FDRE                                         r  highdef_fb/stacker_inst/data_recent_reg[19]/C
  -------------------------------------------------------------------    -------------------
    SLICE_X42Y49         FDRE (Prop_fdre_C_Q)         0.164    -0.471 r  highdef_fb/stacker_inst/data_recent_reg[19]/Q
                         net (fo=1, routed)           0.173    -0.298    highdef_fb/stacker_inst/data_recent[19]
    SLICE_X42Y50         FDRE                                         r  highdef_fb/stacker_inst/chunk_tdata_reg[3]/D
  -------------------------------------------------------------------    -------------------

                         (clock clk_camera_clk_wiz_0 rise edge)
                                                      0.000     0.000 r  
    N15                                               0.000     0.000 r  clk_100mhz (IN)
                         net (fo=0)                   0.000     0.000    lcw/clk_in1
    N15                  IBUF (Prop_ibuf_I_O)         0.396     0.396 r  lcw/clkin1_ibufg/O
                         net (fo=1, routed)           0.480     0.876    lcw/clk_in1_clk_wiz_0
    MMCME2_ADV_X0Y0      MMCME2_ADV (Prop_mmcme2_adv_CLKIN1_CLKOUT3)
                                                     -3.145    -2.269 r  lcw/mmcm_adv_inst/CLKOUT3
                         net (fo=1, routed)           0.534    -1.735    lcw/clk_camera_clk_wiz_0
    BUFGCTRL_X0Y2        BUFG (Prop_bufg_I_O)         0.029    -1.706 r  lcw/clkout4_buf/O
                         net (fo=649, routed)         0.832    -0.875    highdef_fb/stacker_inst/clk_camera
    SLICE_X42Y50         FDRE                                         r  highdef_fb/stacker_inst/chunk_tdata_reg[3]/C
                         clock pessimism              0.508    -0.367    
    SLICE_X42Y50         FDRE (Hold_fdre_C_D)         0.052    -0.315    highdef_fb/stacker_inst/chunk_tdata_reg[3]
  -------------------------------------------------------------------
                         required time                          0.315    
                         arrival time                          -0.298    
  -------------------------------------------------------------------
                         slack                                  0.017    





Pulse Width Checks
--------------------------------------------------------------------------------------
Clock Name:         clk_camera_clk_wiz_0
Waveform(ns):       { 0.000 2.500 }
Period(ns):         5.000
Sources:            { lcw/mmcm_adv_inst/CLKOUT3 }

Check Type        Corner  Lib Pin            Reference Pin  Required(ns)  Actual(ns)  Slack(ns)  Location         Pin
Min Period        n/a     IDELAYCTRL/REFCLK  n/a            3.225         5.000       1.775      IDELAYCTRL_X1Y0  highdef_fb/ddr3_top/ddr3_phy_inst/IDELAYCTRL_inst/REFCLK
Max Period        n/a     IDELAYCTRL/REFCLK  n/a            5.264         5.000       0.264      IDELAYCTRL_X1Y0  highdef_fb/ddr3_top/ddr3_phy_inst/IDELAYCTRL_inst/REFCLK
Low Pulse Width   Slow    FDRE/C             n/a            0.500         2.500       2.000      SLICE_X34Y39     addra_reg[0]/C
High Pulse Width  Slow    FDRE/C             n/a            0.500         2.500       2.000      SLICE_X34Y39     addra_reg[0]/C



---------------------------------------------------------------------------------------------------
From Clock:  clk_controller_clk_wiz_0
  To Clock:  clk_controller_clk_wiz_0

Setup :            0  Failing Endpoints,  Worst Slack        0.555ns,  Total Violation        0.000ns
Hold  :            0  Failing Endpoints,  Worst Slack        0.029ns,  Total Violation        0.000ns
PW    :            0  Failing Endpoints,  Worst Slack        4.750ns,  Total Violation        0.000ns
---------------------------------------------------------------------------------------------------


Max Delay Paths
--------------------------------------------------------------------------------------
Slack (MET) :             0.555ns  (required time - arrival time)
  Source:                 highdef_fb/ddr3_top/ddr3_controller_inst/bank_status_q_reg[1]/C
                            (rising edge-triggered cell FDRE clocked by clk_controller_clk_wiz_0  {rise@0.000ns fall@6.000ns period=12.000ns})
  Destination:            highdef_fb/ddr3_top/ddr3_controller_inst/o_wb_stall_q_reg/D
                            (rising edge-triggered cell FDSE clocked by clk_controller_clk_wiz_0  {rise@0.000ns fall@6.000ns period=12.000ns})
  Path Group:             clk_controller_clk_wiz_0
  Path Type:              Setup (Max at Slow Process Corner)
  Requirement:            12.000ns  (clk_controller_clk_wiz_0 rise@12.000ns - clk_controller_clk_wiz_0 rise@0.000ns)
  Data Path Delay:        11.315ns  (logic 4.014ns (35.475%)  route 7.301ns (64.525%))
  Logic Levels:           14  (CARRY4=2 LUT2=1 LUT3=1 LUT4=1 LUT5=2 LUT6=5 MUXF7=2)
  Clock Path Skew:        -0.023ns (DCD - SCD + CPR)
    Destination Clock Delay (DCD):    -1.571ns = ( 10.429 - 12.000 ) 
    Source Clock Delay      (SCD):    -0.971ns
    Clock Pessimism Removal (CPR):    0.577ns
  Clock Uncertainty:      0.076ns  ((TSJ^2 + DJ^2)^1/2) / 2 + PE
    Total System Jitter     (TSJ):    0.071ns
    Discrete Jitter          (DJ):    0.134ns
    Phase Error              (PE):    0.000ns

    Location             Delay type                Incr(ns)  Path(ns)    Netlist Resource(s)
  -------------------------------------------------------------------    -------------------
                         (clock clk_controller_clk_wiz_0 rise edge)
                                                      0.000     0.000 r  
    N15                                               0.000     0.000 r  clk_100mhz (IN)
                         net (fo=0)                   0.000     0.000    lcw/clk_in1
    N15                  IBUF (Prop_ibuf_I_O)         1.440     1.440 r  lcw/clkin1_ibufg/O
                         net (fo=1, routed)           1.233     2.673    lcw/clk_in1_clk_wiz_0
    MMCME2_ADV_X0Y0      MMCME2_ADV (Prop_mmcme2_adv_CLKIN1_CLKOUT0)
                                                     -6.965    -4.291 r  lcw/mmcm_adv_inst/CLKOUT0
                         net (fo=1, routed)           1.666    -2.625    lcw/clk_controller_clk_wiz_0
    BUFGCTRL_X0Y0        BUFG (Prop_bufg_I_O)         0.096    -2.529 r  lcw/clkout1_buf/O
                         net (fo=2645, routed)        1.558    -0.971    highdef_fb/ddr3_top/ddr3_controller_inst/i_controller_clk
    SLICE_X38Y34         FDRE                                         r  highdef_fb/ddr3_top/ddr3_controller_inst/bank_status_q_reg[1]/C
  -------------------------------------------------------------------    -------------------
    SLICE_X38Y34         FDRE (Prop_fdre_C_Q)         0.518    -0.453 r  highdef_fb/ddr3_top/ddr3_controller_inst/bank_status_q_reg[1]/Q
                         net (fo=3, routed)           0.828     0.376    highdef_fb/ddr3_top/ddr3_controller_inst/bank_status_q_reg_n_0_[1]
    SLICE_X39Y34         LUT6 (Prop_lut6_I3_O)        0.124     0.500 r  highdef_fb/ddr3_top/ddr3_controller_inst/o_phy_cmd[64]_INST_0_i_2/O
                         net (fo=1, routed)           0.000     0.500    highdef_fb/ddr3_top/ddr3_controller_inst/o_phy_cmd[64]_INST_0_i_2_n_0
    SLICE_X39Y34         MUXF7 (Prop_muxf7_I0_O)      0.212     0.712 r  highdef_fb/ddr3_top/ddr3_controller_inst/o_phy_cmd[64]_INST_0_i_1/O
                         net (fo=48, routed)          1.098     1.810    highdef_fb/ddr3_top/ddr3_controller_inst/o_phy_cmd[64]_INST_0_i_1_n_0
    SLICE_X41Y31         LUT2 (Prop_lut2_I0_O)        0.293     2.103 r  highdef_fb/ddr3_top/ddr3_controller_inst/o_phy_cmd[70]_INST_0_i_1/O
                         net (fo=21, routed)          0.512     2.615    highdef_fb/ddr3_top/ddr3_controller_inst/o_phy_cmd[70]_INST_0_i_1_n_0
    SLICE_X41Y31         LUT3 (Prop_lut3_I0_O)        0.326     2.941 f  highdef_fb/ddr3_top/ddr3_controller_inst/o_phy_cmd[70]_INST_0_i_2/O
                         net (fo=32, routed)          0.656     3.597    highdef_fb/ddr3_top/ddr3_controller_inst/o_phy_cmd[70]_INST_0_i_2_n_0
    SLICE_X39Y31         LUT4 (Prop_lut4_I3_O)        0.150     3.747 r  highdef_fb/ddr3_top/ddr3_controller_inst/delay_before_precharge_counter_q[7][2]_i_2/O
                         net (fo=19, routed)          0.745     4.492    highdef_fb/ddr3_top/ddr3_controller_inst/delay_before_precharge_counter_q[7][2]_i_2_n_0
    SLICE_X30Y29         LUT5 (Prop_lut5_I1_O)        0.332     4.824 r  highdef_fb/ddr3_top/ddr3_controller_inst/bank_active_row_q[7][2]_i_1/O
                         net (fo=3, routed)           0.704     5.528    highdef_fb/ddr3_top/ddr3_controller_inst/bank_active_row_q[7][2]_i_1_n_0
    SLICE_X30Y29         LUT6 (Prop_lut6_I0_O)        0.124     5.652 r  highdef_fb/ddr3_top/ddr3_controller_inst/o_wb_stall_q_i_194/O
                         net (fo=1, routed)           0.000     5.652    highdef_fb/ddr3_top/ddr3_controller_inst/o_wb_stall_q_i_194_n_0
    SLICE_X30Y29         MUXF7 (Prop_muxf7_I1_O)      0.214     5.866 r  highdef_fb/ddr3_top/ddr3_controller_inst/o_wb_stall_q_reg_i_133/O
                         net (fo=1, routed)           0.647     6.512    highdef_fb/ddr3_top/ddr3_controller_inst/o_wb_stall_q_reg_i_133_n_0
    SLICE_X31Y29         LUT6 (Prop_lut6_I4_O)        0.297     6.809 f  highdef_fb/ddr3_top/ddr3_controller_inst/o_wb_stall_q_i_83/O
                         net (fo=1, routed)           0.596     7.406    highdef_fb/ddr3_top/ddr3_controller_inst/o_wb_stall_q_i_83_n_0
    SLICE_X36Y31         LUT5 (Prop_lut5_I4_O)        0.124     7.530 r  highdef_fb/ddr3_top/ddr3_controller_inst/o_wb_stall_q_i_35/O
                         net (fo=1, routed)           0.000     7.530    highdef_fb/ddr3_top/ddr3_controller_inst/o_wb_stall_q_i_35_n_0
    SLICE_X36Y31         CARRY4 (Prop_carry4_S[0]_CO[3])
                                                      0.532     8.062 r  highdef_fb/ddr3_top/ddr3_controller_inst/o_wb_stall_q_reg_i_15/CO[3]
                         net (fo=1, routed)           0.000     8.062    highdef_fb/ddr3_top/ddr3_controller_inst/o_wb_stall_q_reg_i_15_n_0
    SLICE_X36Y32         CARRY4 (Prop_carry4_CI_CO[0])
                                                      0.271     8.333 f  highdef_fb/ddr3_top/ddr3_controller_inst/o_wb_stall_q_reg_i_6/CO[0]
                         net (fo=1, routed)           0.449     8.782    highdef_fb/ddr3_top/ddr3_controller_inst/stage2_stall2
    SLICE_X36Y35         LUT6 (Prop_lut6_I0_O)        0.373     9.155 r  highdef_fb/ddr3_top/ddr3_controller_inst/o_wb_stall_q_i_2/O
                         net (fo=1, routed)           0.430     9.585    highdef_fb/ddr3_top/ddr3_controller_inst/o_wb_stall_q_i_2_n_0
    SLICE_X38Y36         LUT6 (Prop_lut6_I0_O)        0.124     9.709 r  highdef_fb/ddr3_top/ddr3_controller_inst/o_wb_stall_q_i_1/O
                         net (fo=5, routed)           0.636    10.344    highdef_fb/ddr3_top/ddr3_controller_inst/o_wb_stall_d22_out
    SLICE_X38Y36         FDSE                                         r  highdef_fb/ddr3_top/ddr3_controller_inst/o_wb_stall_q_reg/D
  -------------------------------------------------------------------    -------------------

                         (clock clk_controller_clk_wiz_0 rise edge)
                                                     12.000    12.000 r  
    N15                                               0.000    12.000 r  clk_100mhz (IN)
                         net (fo=0)                   0.000    12.000    lcw/clk_in1
    N15                  IBUF (Prop_ibuf_I_O)         1.370    13.370 r  lcw/clkin1_ibufg/O
                         net (fo=1, routed)           1.162    14.532    lcw/clk_in1_clk_wiz_0
    MMCME2_ADV_X0Y0      MMCME2_ADV (Prop_mmcme2_adv_CLKIN1_CLKOUT0)
                                                     -7.221     7.311 r  lcw/mmcm_adv_inst/CLKOUT0
                         net (fo=1, routed)           1.587     8.898    lcw/clk_controller_clk_wiz_0
    BUFGCTRL_X0Y0        BUFG (Prop_bufg_I_O)         0.091     8.989 r  lcw/clkout1_buf/O
                         net (fo=2645, routed)        1.440    10.429    highdef_fb/ddr3_top/ddr3_controller_inst/i_controller_clk
    SLICE_X38Y36         FDSE                                         r  highdef_fb/ddr3_top/ddr3_controller_inst/o_wb_stall_q_reg/C
                         clock pessimism              0.577    11.006    
                         clock uncertainty           -0.076    10.931    
    SLICE_X38Y36         FDSE (Setup_fdse_C_D)       -0.031    10.900    highdef_fb/ddr3_top/ddr3_controller_inst/o_wb_stall_q_reg
  -------------------------------------------------------------------
                         required time                         10.900    
                         arrival time                         -10.344    
  -------------------------------------------------------------------
                         slack                                  0.555    





Min Delay Paths
--------------------------------------------------------------------------------------
Slack (MET) :             0.029ns  (arrival time - required time)
  Source:                 highdef_fb/ddr3_top/ddr3_controller_inst/stage2_data_reg[0][67]/C
                            (rising edge-triggered cell FDRE clocked by clk_controller_clk_wiz_0  {rise@0.000ns fall@6.000ns period=12.000ns})
  Destination:            highdef_fb/ddr3_top/ddr3_controller_inst/stage2_data_reg[1][67]/D
                            (rising edge-triggered cell FDRE clocked by clk_controller_clk_wiz_0  {rise@0.000ns fall@6.000ns period=12.000ns})
  Path Group:             clk_controller_clk_wiz_0
  Path Type:              Hold (Min at Fast Process Corner)
  Requirement:            0.000ns  (clk_controller_clk_wiz_0 rise@0.000ns - clk_controller_clk_wiz_0 rise@0.000ns)
  Data Path Delay:        0.393ns  (logic 0.246ns (62.579%)  route 0.147ns (37.421%))
  Logic Levels:           1  (LUT5=1)
  Clock Path Skew:        0.273ns (DCD - SCD - CPR)
    Destination Clock Delay (DCD):    -0.869ns
    Source Clock Delay      (SCD):    -0.634ns
    Clock Pessimism Removal (CPR):    -0.508ns

    Location             Delay type                Incr(ns)  Path(ns)    Netlist Resource(s)
  -------------------------------------------------------------------    -------------------
                         (clock clk_controller_clk_wiz_0 rise edge)
                                                      0.000     0.000 r  
    N15                                               0.000     0.000 r  clk_100mhz (IN)
                         net (fo=0)                   0.000     0.000    lcw/clk_in1
    N15                  IBUF (Prop_ibuf_I_O)         0.209     0.209 r  lcw/clkin1_ibufg/O
                         net (fo=1, routed)           0.440     0.649    lcw/clk_in1_clk_wiz_0
    MMCME2_ADV_X0Y0      MMCME2_ADV (Prop_mmcme2_adv_CLKIN1_CLKOUT0)
                                                     -2.362    -1.714 r  lcw/mmcm_adv_inst/CLKOUT0
                         net (fo=1, routed)           0.489    -1.225    lcw/clk_controller_clk_wiz_0
    BUFGCTRL_X0Y0        BUFG (Prop_bufg_I_O)         0.026    -1.199 r  lcw/clkout1_buf/O
                         net (fo=2645, routed)        0.565    -0.634    highdef_fb/ddr3_top/ddr3_controller_inst/i_controller_clk
    SLICE_X54Y50         FDRE                                         r  highdef_fb/ddr3_top/ddr3_controller_inst/stage2_data_reg[0][67]/C
  -------------------------------------------------------------------    -------------------
    SLICE_X54Y50         FDRE (Prop_fdre_C_Q)         0.148    -0.486 r  highdef_fb/ddr3_top/ddr3_controller_inst/stage2_data_reg[0][67]/Q
                         net (fo=1, routed)           0.147    -0.339    highdef_fb/ddr3_top/ddr3_controller_inst/stage2_data_reg[0][67]
    SLICE_X55Y48         LUT5 (Prop_lut5_I4_O)        0.098    -0.241 r  highdef_fb/ddr3_top/ddr3_controller_inst/stage2_data[1][67]_i_1/O
                         net (fo=1, routed)           0.000    -0.241    highdef_fb/ddr3_top/ddr3_controller_inst/stage2_data[1][67]_i_1_n_0
    SLICE_X55Y48         FDRE                                         r  highdef_fb/ddr3_top/ddr3_controller_inst/stage2_data_reg[1][67]/D
  -------------------------------------------------------------------    -------------------

                         (clock clk_controller_clk_wiz_0 rise edge)
                                                      0.000     0.000 r  
    N15                                               0.000     0.000 r  clk_100mhz (IN)
                         net (fo=0)                   0.000     0.000    lcw/clk_in1
    N15                  IBUF (Prop_ibuf_I_O)         0.396     0.396 r  lcw/clkin1_ibufg/O
                         net (fo=1, routed)           0.480     0.876    lcw/clk_in1_clk_wiz_0
    MMCME2_ADV_X0Y0      MMCME2_ADV (Prop_mmcme2_adv_CLKIN1_CLKOUT0)
                                                     -3.145    -2.269 r  lcw/mmcm_adv_inst/CLKOUT0
                         net (fo=1, routed)           0.534    -1.735    lcw/clk_controller_clk_wiz_0
    BUFGCTRL_X0Y0        BUFG (Prop_bufg_I_O)         0.029    -1.706 r  lcw/clkout1_buf/O
                         net (fo=2645, routed)        0.838    -0.869    highdef_fb/ddr3_top/ddr3_controller_inst/i_controller_clk
    SLICE_X55Y48         FDRE                                         r  highdef_fb/ddr3_top/ddr3_controller_inst/stage2_data_reg[1][67]/C
                         clock pessimism              0.508    -0.361    
    SLICE_X55Y48         FDRE (Hold_fdre_C_D)         0.091    -0.270    highdef_fb/ddr3_top/ddr3_controller_inst/stage2_data_reg[1][67]
  -------------------------------------------------------------------
                         required time                          0.270    
                         arrival time                          -0.241    
  -------------------------------------------------------------------
                         slack                                  0.029    





Pulse Width Checks
--------------------------------------------------------------------------------------
Clock Name:         clk_controller_clk_wiz_0
Waveform(ns):       { 0.000 6.000 }
Period(ns):         12.000
Sources:            { lcw/mmcm_adv_inst/CLKOUT0 }

Check Type        Corner  Lib Pin             Reference Pin  Required(ns)  Actual(ns)  Slack(ns)  Location         Pin
Min Period        n/a     RAMB36E1/CLKARDCLK  n/a            2.576         12.000      9.424      RAMB36_X1Y9      highdef_fb/camera_data_fifo/xpm_fifo_axis_inst/xpm_fifo_base_inst/gen_sdpram.xpm_memory_base_inst/gen_wr_a.gen_word_narrow.mem_reg_0/CLKARDCLK
Max Period        n/a     MMCME2_ADV/CLKOUT0  n/a            213.360       12.000      201.360    MMCME2_ADV_X0Y0  lcw/mmcm_adv_inst/CLKOUT0
Low Pulse Width   Slow    RAMD64E/CLK         n/a            1.250         6.000       4.750      SLICE_X52Y33     highdef_fb/traffic_generator_inst/mcf/fifo_reg_0_63_0_2/RAMA/CLK
High Pulse Width  Slow    RAMD64E/CLK         n/a            1.250         6.000       4.750      SLICE_X52Y33     highdef_fb/traffic_generator_inst/mcf/fifo_reg_0_63_0_2/RAMA/CLK



---------------------------------------------------------------------------------------------------
From Clock:  clk_ddr3_90_clk_wiz_0
  To Clock:  clk_ddr3_90_clk_wiz_0

Setup :           NA  Failing Endpoints,  Worst Slack           NA  ,  Total Violation           NA
Hold  :           NA  Failing Endpoints,  Worst Slack           NA  ,  Total Violation           NA
PW    :            0  Failing Endpoints,  Worst Slack        0.845ns,  Total Violation        0.000ns
---------------------------------------------------------------------------------------------------


Pulse Width Checks
--------------------------------------------------------------------------------------
Clock Name:         clk_ddr3_90_clk_wiz_0
Waveform(ns):       { 0.750 2.250 }
Period(ns):         3.000
Sources:            { lcw/mmcm_adv_inst/CLKOUT2 }

Check Type  Corner  Lib Pin             Reference Pin  Required(ns)  Actual(ns)  Slack(ns)  Location         Pin
Min Period  n/a     BUFG/I              n/a            2.155         3.000       0.845      BUFGCTRL_X0Y4    lcw/clkout3_buf/I
Max Period  n/a     MMCME2_ADV/CLKOUT2  n/a            213.360       3.000       210.360    MMCME2_ADV_X0Y0  lcw/mmcm_adv_inst/CLKOUT2



---------------------------------------------------------------------------------------------------
From Clock:  clk_ddr3_clk_wiz_0
  To Clock:  clk_ddr3_clk_wiz_0

Setup :           NA  Failing Endpoints,  Worst Slack           NA  ,  Total Violation           NA
Hold  :           NA  Failing Endpoints,  Worst Slack           NA  ,  Total Violation           NA
PW    :            0  Failing Endpoints,  Worst Slack        0.845ns,  Total Violation        0.000ns
---------------------------------------------------------------------------------------------------


Pulse Width Checks
--------------------------------------------------------------------------------------
Clock Name:         clk_ddr3_clk_wiz_0
Waveform(ns):       { 0.000 1.500 }
Period(ns):         3.000
Sources:            { lcw/mmcm_adv_inst/CLKOUT1 }

Check Type  Corner  Lib Pin             Reference Pin  Required(ns)  Actual(ns)  Slack(ns)  Location         Pin
Min Period  n/a     BUFG/I              n/a            2.155         3.000       0.845      BUFGCTRL_X0Y3    lcw/clkout2_buf/I
Max Period  n/a     MMCME2_ADV/CLKOUT1  n/a            213.360       3.000       210.360    MMCME2_ADV_X0Y0  lcw/mmcm_adv_inst/CLKOUT1



---------------------------------------------------------------------------------------------------
From Clock:  clk_passthrough_clk_wiz_0
  To Clock:  clk_passthrough_clk_wiz_0

Setup :           NA  Failing Endpoints,  Worst Slack           NA  ,  Total Violation           NA
Hold  :           NA  Failing Endpoints,  Worst Slack           NA  ,  Total Violation           NA
PW    :            0  Failing Endpoints,  Worst Slack        3.000ns,  Total Violation        0.000ns
---------------------------------------------------------------------------------------------------


Pulse Width Checks
--------------------------------------------------------------------------------------
Clock Name:         clk_passthrough_clk_wiz_0
Waveform(ns):       { 0.000 5.000 }
Period(ns):         10.000
Sources:            { lcw/mmcm_adv_inst/CLKOUT5 }

Check Type        Corner  Lib Pin            Reference Pin  Required(ns)  Actual(ns)  Slack(ns)  Location         Pin
Min Period        n/a     BUFG/I             n/a            2.155         10.000      7.845      BUFGCTRL_X0Y8    lcw/clkout6_buf/I
Max Period        n/a     MMCME2_ADV/CLKIN1  n/a            100.000       10.000      90.000     MMCME2_ADV_X1Y0  wizard_hdmi/mmcm_adv_inst/CLKIN1
Low Pulse Width   Slow    MMCME2_ADV/CLKIN1  n/a            2.000         5.000       3.000      MMCME2_ADV_X1Y0  wizard_hdmi/mmcm_adv_inst/CLKIN1
High Pulse Width  Slow    MMCME2_ADV/CLKIN1  n/a            2.000         5.000       3.000      MMCME2_ADV_X1Y0  wizard_hdmi/mmcm_adv_inst/CLKIN1



---------------------------------------------------------------------------------------------------
From Clock:  clk_pixel_cw_hdmi
  To Clock:  clk_pixel_cw_hdmi

Setup :            0  Failing Endpoints,  Worst Slack        0.749ns,  Total Violation        0.000ns
Hold  :            0  Failing Endpoints,  Worst Slack        0.104ns,  Total Violation        0.000ns
PW    :            0  Failing Endpoints,  Worst Slack        6.234ns,  Total Violation        0.000ns
---------------------------------------------------------------------------------------------------


Max Delay Paths
--------------------------------------------------------------------------------------
Slack (MET) :             0.749ns  (required time - arrival time)
  Source:                 vsg/h_count_reg[4]/C
                            (rising edge-triggered cell FDRE clocked by clk_pixel_cw_hdmi  {rise@0.000ns fall@6.734ns period=13.468ns})
  Destination:            tmds_blue/rd_reg[5]/D
                            (rising edge-triggered cell FDRE clocked by clk_pixel_cw_hdmi  {rise@0.000ns fall@6.734ns period=13.468ns})
  Path Group:             clk_pixel_cw_hdmi
  Path Type:              Setup (Max at Slow Process Corner)
  Requirement:            13.468ns  (clk_pixel_cw_hdmi rise@13.468ns - clk_pixel_cw_hdmi rise@0.000ns)
  Data Path Delay:        12.460ns  (logic 4.019ns (32.257%)  route 8.441ns (67.744%))
  Logic Levels:           13  (CARRY4=3 LUT2=1 LUT3=1 LUT4=2 LUT5=2 LUT6=4)
  Clock Path Skew:        -0.112ns (DCD - SCD + CPR)
    Destination Clock Delay (DCD):    -1.574ns = ( 11.894 - 13.468 ) 
    Source Clock Delay      (SCD):    -0.972ns
    Clock Pessimism Removal (CPR):    0.490ns
  Clock Uncertainty:      0.210ns  ((TSJ^2 + DJ^2)^1/2) / 2 + PE
    Total System Jitter     (TSJ):    0.071ns
    Discrete Jitter          (DJ):    0.414ns
    Phase Error              (PE):    0.000ns

    Location             Delay type                Incr(ns)  Path(ns)    Netlist Resource(s)
  -------------------------------------------------------------------    -------------------
                         (clock clk_pixel_cw_hdmi rise edge)
                                                      0.000     0.000 r  
    N15                                               0.000     0.000 r  clk_100mhz (IN)
                         net (fo=0)                   0.000     0.000    lcw/clk_in1
    N15                  IBUF (Prop_ibuf_I_O)         1.440     1.440 r  lcw/clkin1_ibufg/O
                         net (fo=1, routed)           1.233     2.673    lcw/clk_in1_clk_wiz_0
    MMCME2_ADV_X0Y0      MMCME2_ADV (Prop_mmcme2_adv_CLKIN1_CLKOUT5)
                                                     -6.965    -4.291 r  lcw/mmcm_adv_inst/CLKOUT5
                         net (fo=1, routed)           1.666    -2.625    lcw/clk_passthrough_clk_wiz_0
    BUFGCTRL_X0Y8        BUFG (Prop_bufg_I_O)         0.096    -2.529 r  lcw/clkout6_buf/O
                         net (fo=1, routed)           1.575    -0.954    wizard_hdmi/sysclk
    MMCME2_ADV_X1Y0      MMCME2_ADV (Prop_mmcme2_adv_CLKIN1_CLKOUT0)
                                                     -3.333    -4.286 r  wizard_hdmi/mmcm_adv_inst/CLKOUT0
                         net (fo=1, routed)           1.661    -2.625    wizard_hdmi/clk_pixel_cw_hdmi
    BUFGCTRL_X0Y1        BUFG (Prop_bufg_I_O)         0.096    -2.529 r  wizard_hdmi/clkout1_buf/O
                         net (fo=883, routed)         1.557    -0.972    vsg/clk_pixel
    SLICE_X41Y17         FDRE                                         r  vsg/h_count_reg[4]/C
  -------------------------------------------------------------------    -------------------
    SLICE_X41Y17         FDRE (Prop_fdre_C_Q)         0.419    -0.553 r  vsg/h_count_reg[4]/Q
                         net (fo=16, routed)          1.012     0.459    vsg/Q[4]
    SLICE_X41Y18         LUT6 (Prop_lut6_I0_O)        0.297     0.756 r  vsg/q_out[5]_i_23/O
                         net (fo=1, routed)           0.000     0.756    vsg/q_out[5]_i_23_n_0
    SLICE_X41Y18         CARRY4 (Prop_carry4_S[1]_CO[3])
                                                      0.550     1.306 r  vsg/q_out_reg[5]_i_9/CO[3]
                         net (fo=21, routed)          1.233     2.540    vsg/h_count_reg[9]_0[0]
    SLICE_X47Y20         LUT6 (Prop_lut6_I5_O)        0.124     2.664 r  vsg/q_out[7]_i_3/O
                         net (fo=6, routed)           0.925     3.589    vsg/q_out[7]_i_3_n_0
    SLICE_X35Y20         LUT3 (Prop_lut3_I0_O)        0.150     3.739 r  vsg/q_out[9]_i_7__1/O
                         net (fo=1, routed)           0.859     4.597    vsg/q_out[9]_i_7__1_n_0
    SLICE_X35Y20         LUT5 (Prop_lut5_I0_O)        0.326     4.923 r  vsg/q_out[9]_i_2__1/O
                         net (fo=27, routed)          0.806     5.730    vsg/q_out[9]_i_2__1_n_0
    SLICE_X32Y18         LUT5 (Prop_lut5_I4_O)        0.124     5.854 r  vsg/q_out[3]_i_2/O
                         net (fo=8, routed)           0.688     6.541    vsg/tmds_blue/p_0_in1_in
    SLICE_X32Y17         LUT6 (Prop_lut6_I3_O)        0.124     6.665 r  vsg/rd_next0__0_carry_i_20__0/O
                         net (fo=6, routed)           0.767     7.432    vsg/rd_next0__0_carry_i_20__0_n_0
    SLICE_X30Y16         LUT2 (Prop_lut2_I1_O)        0.150     7.582 r  vsg/rd_next0__0_carry_i_14/O
                         net (fo=4, routed)           0.478     8.060    vsg/rd_next0__0_carry_i_14_n_0
    SLICE_X29Y15         LUT6 (Prop_lut6_I4_O)        0.348     8.408 r  vsg/rd_next0__0_carry_i_8/O
                         net (fo=1, routed)           0.575     8.983    tmds_blue/S[0]
    SLICE_X29Y16         CARRY4 (Prop_carry4_S[0]_O[3])
                                                      0.730     9.713 r  tmds_blue/rd_next0__0_carry/O[3]
                         net (fo=1, routed)           0.644    10.358    vsg/rd[5]_i_2__0_0[3]
    SLICE_X31Y15         LUT4 (Prop_lut4_I0_O)        0.306    10.664 r  vsg/rd[5]_i_4/O
                         net (fo=1, routed)           0.453    11.117    vsg/rd[5]_i_4_n_0
    SLICE_X31Y17         LUT4 (Prop_lut4_I1_O)        0.124    11.241 r  vsg/rd[5]_i_2__0/O
                         net (fo=1, routed)           0.000    11.241    vsg/rd[5]_i_2__0_n_0
    SLICE_X31Y17         CARRY4 (Prop_carry4_S[0]_O[0])
                                                      0.247    11.488 r  vsg/rd_reg[5]_i_1__0/O[0]
                         net (fo=1, routed)           0.000    11.488    tmds_blue/out[4]
    SLICE_X31Y17         FDRE                                         r  tmds_blue/rd_reg[5]/D
  -------------------------------------------------------------------    -------------------

                         (clock clk_pixel_cw_hdmi rise edge)
                                                     13.468    13.468 r  
    N15                                               0.000    13.468 r  clk_100mhz (IN)
                         net (fo=0)                   0.000    13.468    lcw/clk_in1
    N15                  IBUF (Prop_ibuf_I_O)         1.370    14.838 r  lcw/clkin1_ibufg/O
                         net (fo=1, routed)           1.162    16.000    lcw/clk_in1_clk_wiz_0
    MMCME2_ADV_X0Y0      MMCME2_ADV (Prop_mmcme2_adv_CLKIN1_CLKOUT5)
                                                     -7.221     8.779 r  lcw/mmcm_adv_inst/CLKOUT5
                         net (fo=1, routed)           1.587    10.366    lcw/clk_passthrough_clk_wiz_0
    BUFGCTRL_X0Y8        BUFG (Prop_bufg_I_O)         0.091    10.457 r  lcw/clkout6_buf/O
                         net (fo=1, routed)           1.457    11.914    wizard_hdmi/sysclk
    MMCME2_ADV_X1Y0      MMCME2_ADV (Prop_mmcme2_adv_CLKIN1_CLKOUT0)
                                                     -3.129     8.785 r  wizard_hdmi/mmcm_adv_inst/CLKOUT0
                         net (fo=1, routed)           1.581    10.366    wizard_hdmi/clk_pixel_cw_hdmi
    BUFGCTRL_X0Y1        BUFG (Prop_bufg_I_O)         0.091    10.457 r  wizard_hdmi/clkout1_buf/O
                         net (fo=883, routed)         1.437    11.894    tmds_blue/clk_pixel
    SLICE_X31Y17         FDRE                                         r  tmds_blue/rd_reg[5]/C
                         clock pessimism              0.490    12.384    
                         clock uncertainty           -0.210    12.175    
    SLICE_X31Y17         FDRE (Setup_fdre_C_D)        0.062    12.237    tmds_blue/rd_reg[5]
  -------------------------------------------------------------------
                         required time                         12.237    
                         arrival time                         -11.488    
  -------------------------------------------------------------------
                         slack                                  0.749    





Min Delay Paths
--------------------------------------------------------------------------------------
Slack (MET) :             0.104ns  (arrival time - required time)
  Source:                 highdef_fb/pdfifo/xpm_fifo_axis_inst/xpm_fifo_base_inst/gen_pf_ic_rc.gpe_ic.diff_pntr_pe_reg[5]/C
                            (rising edge-triggered cell FDRE clocked by clk_pixel_cw_hdmi  {rise@0.000ns fall@6.734ns period=13.468ns})
  Destination:            highdef_fb/pdfifo/xpm_fifo_axis_inst/xpm_fifo_base_inst/gen_pf_ic_rc.gpe_ic.prog_empty_i_reg/D
                            (rising edge-triggered cell FDSE clocked by clk_pixel_cw_hdmi  {rise@0.000ns fall@6.734ns period=13.468ns})
  Path Group:             clk_pixel_cw_hdmi
  Path Type:              Hold (Min at Fast Process Corner)
  Requirement:            0.000ns  (clk_pixel_cw_hdmi rise@0.000ns - clk_pixel_cw_hdmi rise@0.000ns)
  Data Path Delay:        0.238ns  (logic 0.186ns (78.117%)  route 0.052ns (21.883%))
  Logic Levels:           1  (LUT6=1)
  Clock Path Skew:        0.013ns (DCD - SCD - CPR)
    Destination Clock Delay (DCD):    -0.888ns
    Source Clock Delay      (SCD):    -0.647ns
    Clock Pessimism Removal (CPR):    -0.254ns

    Location             Delay type                Incr(ns)  Path(ns)    Netlist Resource(s)
  -------------------------------------------------------------------    -------------------
                         (clock clk_pixel_cw_hdmi rise edge)
                                                      0.000     0.000 r  
    N15                                               0.000     0.000 r  clk_100mhz (IN)
                         net (fo=0)                   0.000     0.000    lcw/clk_in1
    N15                  IBUF (Prop_ibuf_I_O)         0.209     0.209 r  lcw/clkin1_ibufg/O
                         net (fo=1, routed)           0.440     0.649    lcw/clk_in1_clk_wiz_0
    MMCME2_ADV_X0Y0      MMCME2_ADV (Prop_mmcme2_adv_CLKIN1_CLKOUT5)
                                                     -2.362    -1.714 r  lcw/mmcm_adv_inst/CLKOUT5
                         net (fo=1, routed)           0.489    -1.225    lcw/clk_passthrough_clk_wiz_0
    BUFGCTRL_X0Y8        BUFG (Prop_bufg_I_O)         0.026    -1.199 r  lcw/clkout6_buf/O
                         net (fo=1, routed)           0.549    -0.650    wizard_hdmi/sysclk
    MMCME2_ADV_X1Y0      MMCME2_ADV (Prop_mmcme2_adv_CLKIN1_CLKOUT0)
                                                     -1.061    -1.711 r  wizard_hdmi/mmcm_adv_inst/CLKOUT0
                         net (fo=1, routed)           0.486    -1.225    wizard_hdmi/clk_pixel_cw_hdmi
    BUFGCTRL_X0Y1        BUFG (Prop_bufg_I_O)         0.026    -1.199 r  wizard_hdmi/clkout1_buf/O
                         net (fo=883, routed)         0.552    -0.647    highdef_fb/pdfifo/xpm_fifo_axis_inst/xpm_fifo_base_inst/rd_clk
    SLICE_X47Y26         FDRE                                         r  highdef_fb/pdfifo/xpm_fifo_axis_inst/xpm_fifo_base_inst/gen_pf_ic_rc.gpe_ic.diff_pntr_pe_reg[5]/C
  -------------------------------------------------------------------    -------------------
    SLICE_X47Y26         FDRE (Prop_fdre_C_Q)         0.141    -0.506 f  highdef_fb/pdfifo/xpm_fifo_axis_inst/xpm_fifo_base_inst/gen_pf_ic_rc.gpe_ic.diff_pntr_pe_reg[5]/Q
                         net (fo=1, routed)           0.052    -0.454    highdef_fb/pdfifo/xpm_fifo_axis_inst/xpm_fifo_base_inst/gen_pf_ic_rc.gpe_ic.diff_pntr_pe_reg_n_0_[5]
    SLICE_X46Y26         LUT6 (Prop_lut6_I3_O)        0.045    -0.409 r  highdef_fb/pdfifo/xpm_fifo_axis_inst/xpm_fifo_base_inst/gen_pf_ic_rc.gpe_ic.prog_empty_i_i_1/O
                         net (fo=1, routed)           0.000    -0.409    highdef_fb/pdfifo/xpm_fifo_axis_inst/xpm_fifo_base_inst/gen_pf_ic_rc.gpe_ic.prog_empty_i_i_1_n_0
    SLICE_X46Y26         FDSE                                         r  highdef_fb/pdfifo/xpm_fifo_axis_inst/xpm_fifo_base_inst/gen_pf_ic_rc.gpe_ic.prog_empty_i_reg/D
  -------------------------------------------------------------------    -------------------

                         (clock clk_pixel_cw_hdmi rise edge)
                                                      0.000     0.000 r  
    N15                                               0.000     0.000 r  clk_100mhz (IN)
                         net (fo=0)                   0.000     0.000    lcw/clk_in1
    N15                  IBUF (Prop_ibuf_I_O)         0.396     0.396 r  lcw/clkin1_ibufg/O
                         net (fo=1, routed)           0.480     0.876    lcw/clk_in1_clk_wiz_0
    MMCME2_ADV_X0Y0      MMCME2_ADV (Prop_mmcme2_adv_CLKIN1_CLKOUT5)
                                                     -3.145    -2.269 r  lcw/mmcm_adv_inst/CLKOUT5
                         net (fo=1, routed)           0.534    -1.735    lcw/clk_passthrough_clk_wiz_0
    BUFGCTRL_X0Y8        BUFG (Prop_bufg_I_O)         0.029    -1.706 r  lcw/clkout6_buf/O
                         net (fo=1, routed)           0.817    -0.890    wizard_hdmi/sysclk
    MMCME2_ADV_X1Y0      MMCME2_ADV (Prop_mmcme2_adv_CLKIN1_CLKOUT0)
                                                     -1.375    -2.265 r  wizard_hdmi/mmcm_adv_inst/CLKOUT0
                         net (fo=1, routed)           0.530    -1.735    wizard_hdmi/clk_pixel_cw_hdmi
    BUFGCTRL_X0Y1        BUFG (Prop_bufg_I_O)         0.029    -1.706 r  wizard_hdmi/clkout1_buf/O
                         net (fo=883, routed)         0.819    -0.888    highdef_fb/pdfifo/xpm_fifo_axis_inst/xpm_fifo_base_inst/rd_clk
    SLICE_X46Y26         FDSE                                         r  highdef_fb/pdfifo/xpm_fifo_axis_inst/xpm_fifo_base_inst/gen_pf_ic_rc.gpe_ic.prog_empty_i_reg/C
                         clock pessimism              0.254    -0.634    
    SLICE_X46Y26         FDSE (Hold_fdse_C_D)         0.121    -0.513    highdef_fb/pdfifo/xpm_fifo_axis_inst/xpm_fifo_base_inst/gen_pf_ic_rc.gpe_ic.prog_empty_i_reg
  -------------------------------------------------------------------
                         required time                          0.513    
                         arrival time                          -0.409    
  -------------------------------------------------------------------
                         slack                                  0.104    





Pulse Width Checks
--------------------------------------------------------------------------------------
Clock Name:         clk_pixel_cw_hdmi
Waveform(ns):       { 0.000 6.734 }
Period(ns):         13.468
Sources:            { wizard_hdmi/mmcm_adv_inst/CLKOUT0 }

Check Type        Corner  Lib Pin             Reference Pin  Required(ns)  Actual(ns)  Slack(ns)  Location         Pin
Min Period        n/a     DSP48E1/CLK         n/a            3.884         13.468      9.584      DSP48_X1Y7       rgbtoycrcb_m/cbg_reg/CLK
Max Period        n/a     MMCME2_ADV/CLKOUT0  n/a            213.360       13.468      199.892    MMCME2_ADV_X1Y0  wizard_hdmi/mmcm_adv_inst/CLKOUT0
Low Pulse Width   Slow    FDRE/C              n/a            0.500         6.734       6.234      SLICE_X38Y16     addrb_reg[0]/C
High Pulse Width  Slow    FDRE/C              n/a            0.500         6.734       6.234      SLICE_X38Y16     addrb_reg[0]/C



---------------------------------------------------------------------------------------------------
From Clock:  clk_tmds_cw_hdmi
  To Clock:  clk_tmds_cw_hdmi

Setup :           NA  Failing Endpoints,  Worst Slack           NA  ,  Total Violation           NA
Hold  :           NA  Failing Endpoints,  Worst Slack           NA  ,  Total Violation           NA
PW    :            0  Failing Endpoints,  Worst Slack        0.538ns,  Total Violation        0.000ns
---------------------------------------------------------------------------------------------------


Pulse Width Checks
--------------------------------------------------------------------------------------
Clock Name:         clk_tmds_cw_hdmi
Waveform(ns):       { 0.000 1.347 }
Period(ns):         2.694
Sources:            { wizard_hdmi/mmcm_adv_inst/CLKOUT1 }

Check Type  Corner  Lib Pin             Reference Pin  Required(ns)  Actual(ns)  Slack(ns)  Location         Pin
Min Period  n/a     BUFG/I              n/a            2.155         2.694       0.538      BUFGCTRL_X0Y5    wizard_hdmi/clkout2_buf/I
Max Period  n/a     MMCME2_ADV/CLKOUT1  n/a            213.360       2.694       210.666    MMCME2_ADV_X1Y0  wizard_hdmi/mmcm_adv_inst/CLKOUT1



---------------------------------------------------------------------------------------------------
From Clock:  clkfbout_cw_hdmi
  To Clock:  clkfbout_cw_hdmi

Setup :           NA  Failing Endpoints,  Worst Slack           NA  ,  Total Violation           NA
Hold  :           NA  Failing Endpoints,  Worst Slack           NA  ,  Total Violation           NA
PW    :            0  Failing Endpoints,  Worst Slack       47.845ns,  Total Violation        0.000ns
---------------------------------------------------------------------------------------------------


Pulse Width Checks
--------------------------------------------------------------------------------------
Clock Name:         clkfbout_cw_hdmi
Waveform(ns):       { 0.000 25.000 }
Period(ns):         50.000
Sources:            { wizard_hdmi/mmcm_adv_inst/CLKFBOUT }

Check Type  Corner  Lib Pin             Reference Pin  Required(ns)  Actual(ns)  Slack(ns)  Location         Pin
Min Period  n/a     BUFG/I              n/a            2.155         50.000      47.845     BUFGCTRL_X0Y9    wizard_hdmi/clkf_buf/I
Max Period  n/a     MMCME2_ADV/CLKFBIN  n/a            100.000       50.000      50.000     MMCME2_ADV_X1Y0  wizard_hdmi/mmcm_adv_inst/CLKFBIN



---------------------------------------------------------------------------------------------------
From Clock:  clk_xc_clk_wiz_0
  To Clock:  clk_xc_clk_wiz_0

Setup :           NA  Failing Endpoints,  Worst Slack           NA  ,  Total Violation           NA
Hold  :           NA  Failing Endpoints,  Worst Slack           NA  ,  Total Violation           NA
PW    :            0  Failing Endpoints,  Worst Slack       37.845ns,  Total Violation        0.000ns
---------------------------------------------------------------------------------------------------


Pulse Width Checks
--------------------------------------------------------------------------------------
Clock Name:         clk_xc_clk_wiz_0
Waveform(ns):       { 0.000 20.000 }
Period(ns):         40.000
Sources:            { lcw/mmcm_adv_inst/CLKOUT4 }

Check Type  Corner  Lib Pin             Reference Pin  Required(ns)  Actual(ns)  Slack(ns)  Location         Pin
Min Period  n/a     BUFG/I              n/a            2.155         40.000      37.845     BUFGCTRL_X0Y6    lcw/clkout5_buf/I
Max Period  n/a     MMCME2_ADV/CLKOUT4  n/a            213.360       40.000      173.360    MMCME2_ADV_X0Y0  lcw/mmcm_adv_inst/CLKOUT4



---------------------------------------------------------------------------------------------------
From Clock:  clkfbout_clk_wiz_0
  To Clock:  clkfbout_clk_wiz_0

Setup :           NA  Failing Endpoints,  Worst Slack           NA  ,  Total Violation           NA
Hold  :           NA  Failing Endpoints,  Worst Slack           NA  ,  Total Violation           NA
PW    :            0  Failing Endpoints,  Worst Slack        7.845ns,  Total Violation        0.000ns
---------------------------------------------------------------------------------------------------


Pulse Width Checks
--------------------------------------------------------------------------------------
Clock Name:         clkfbout_clk_wiz_0
Waveform(ns):       { 0.000 5.000 }
Period(ns):         10.000
Sources:            { lcw/mmcm_adv_inst/CLKFBOUT }

Check Type  Corner  Lib Pin             Reference Pin  Required(ns)  Actual(ns)  Slack(ns)  Location         Pin
Min Period  n/a     BUFG/I              n/a            2.155         10.000      7.845      BUFGCTRL_X0Y7    lcw/clkf_buf/I
Max Period  n/a     MMCME2_ADV/CLKFBIN  n/a            100.000       10.000      90.000     MMCME2_ADV_X0Y0  lcw/mmcm_adv_inst/CLKFBIN



---------------------------------------------------------------------------------------------------
From Clock:  clk_controller_clk_wiz_0
  To Clock:  clk_camera_clk_wiz_0

Setup :            0  Failing Endpoints,  Worst Slack        4.782ns,  Total Violation        0.000ns
Hold  :           NA  Failing Endpoints,  Worst Slack           NA  ,  Total Violation           NA
---------------------------------------------------------------------------------------------------


Max Delay Paths
--------------------------------------------------------------------------------------
Slack (MET) :             4.782ns  (required time - arrival time)
  Source:                 highdef_fb/camera_data_fifo/xpm_fifo_axis_inst/xpm_fifo_base_inst/gen_cdc_pntr.rd_pntr_cdc_inst/src_gray_ff_reg[1]/C
                            (rising edge-triggered cell FDRE clocked by clk_controller_clk_wiz_0  {rise@0.000ns fall@6.000ns period=12.000ns})
  Destination:            highdef_fb/camera_data_fifo/xpm_fifo_axis_inst/xpm_fifo_base_inst/gen_cdc_pntr.rd_pntr_cdc_inst/dest_graysync_ff_reg[0][1]/D
                            (rising edge-triggered cell FDRE clocked by clk_camera_clk_wiz_0  {rise@0.000ns fall@2.500ns period=5.000ns})
  Path Group:             clk_camera_clk_wiz_0
  Path Type:              Setup (Max at Slow Process Corner)
  Requirement:            6.000ns  (MaxDelay Path 6.000ns)
  Data Path Delay:        0.952ns  (logic 0.478ns (50.226%)  route 0.474ns (49.774%))
  Logic Levels:           0  
  Timing Exception:       MaxDelay Path 6.000ns -datapath_only

    Location             Delay type                Incr(ns)  Path(ns)    Netlist Resource(s)
  -------------------------------------------------------------------    -------------------
    SLICE_X30Y44                                      0.000     0.000 r  highdef_fb/camera_data_fifo/xpm_fifo_axis_inst/xpm_fifo_base_inst/gen_cdc_pntr.rd_pntr_cdc_inst/src_gray_ff_reg[1]/C
    SLICE_X30Y44         FDRE (Prop_fdre_C_Q)         0.478     0.478 r  highdef_fb/camera_data_fifo/xpm_fifo_axis_inst/xpm_fifo_base_inst/gen_cdc_pntr.rd_pntr_cdc_inst/src_gray_ff_reg[1]/Q
                         net (fo=1, routed)           0.474     0.952    highdef_fb/camera_data_fifo/xpm_fifo_axis_inst/xpm_fifo_base_inst/gen_cdc_pntr.rd_pntr_cdc_inst/async_path[1]
    SLICE_X29Y44         FDRE                                         r  highdef_fb/camera_data_fifo/xpm_fifo_axis_inst/xpm_fifo_base_inst/gen_cdc_pntr.rd_pntr_cdc_inst/dest_graysync_ff_reg[0][1]/D
  -------------------------------------------------------------------    -------------------

                         max delay                    6.000     6.000    
    SLICE_X29Y44         FDRE (Setup_fdre_C_D)       -0.266     5.734    highdef_fb/camera_data_fifo/xpm_fifo_axis_inst/xpm_fifo_base_inst/gen_cdc_pntr.rd_pntr_cdc_inst/dest_graysync_ff_reg[0][1]
  -------------------------------------------------------------------
                         required time                          5.734    
                         arrival time                          -0.952    
  -------------------------------------------------------------------
                         slack                                  4.782    





---------------------------------------------------------------------------------------------------
From Clock:  clk_camera_clk_wiz_0
  To Clock:  clk_controller_clk_wiz_0

Setup :            0  Failing Endpoints,  Worst Slack        4.806ns,  Total Violation        0.000ns
Hold  :           NA  Failing Endpoints,  Worst Slack           NA  ,  Total Violation           NA
---------------------------------------------------------------------------------------------------


Max Delay Paths
--------------------------------------------------------------------------------------
Slack (MET) :             4.806ns  (required time - arrival time)
  Source:                 highdef_fb/camera_data_fifo/xpm_fifo_axis_inst/xpm_fifo_base_inst/gen_cdc_pntr.wr_pntr_cdc_inst/src_gray_ff_reg[5]/C
                            (rising edge-triggered cell FDRE clocked by clk_camera_clk_wiz_0  {rise@0.000ns fall@2.500ns period=5.000ns})
  Destination:            highdef_fb/camera_data_fifo/xpm_fifo_axis_inst/xpm_fifo_base_inst/gen_cdc_pntr.wr_pntr_cdc_inst/dest_graysync_ff_reg[0][5]/D
                            (rising edge-triggered cell FDRE clocked by clk_controller_clk_wiz_0  {rise@0.000ns fall@6.000ns period=12.000ns})
  Path Group:             clk_controller_clk_wiz_0
  Path Type:              Setup (Max at Slow Process Corner)
  Requirement:            6.000ns  (MaxDelay Path 6.000ns)
  Data Path Delay:        0.974ns  (logic 0.478ns (49.051%)  route 0.496ns (50.949%))
  Logic Levels:           0  
  Timing Exception:       MaxDelay Path 6.000ns -datapath_only

    Location             Delay type                Incr(ns)  Path(ns)    Netlist Resource(s)
  -------------------------------------------------------------------    -------------------
    SLICE_X34Y41                                      0.000     0.000 r  highdef_fb/camera_data_fifo/xpm_fifo_axis_inst/xpm_fifo_base_inst/gen_cdc_pntr.wr_pntr_cdc_inst/src_gray_ff_reg[5]/C
    SLICE_X34Y41         FDRE (Prop_fdre_C_Q)         0.478     0.478 r  highdef_fb/camera_data_fifo/xpm_fifo_axis_inst/xpm_fifo_base_inst/gen_cdc_pntr.wr_pntr_cdc_inst/src_gray_ff_reg[5]/Q
                         net (fo=1, routed)           0.496     0.974    highdef_fb/camera_data_fifo/xpm_fifo_axis_inst/xpm_fifo_base_inst/gen_cdc_pntr.wr_pntr_cdc_inst/async_path[5]
    SLICE_X34Y40         FDRE                                         r  highdef_fb/camera_data_fifo/xpm_fifo_axis_inst/xpm_fifo_base_inst/gen_cdc_pntr.wr_pntr_cdc_inst/dest_graysync_ff_reg[0][5]/D
  -------------------------------------------------------------------    -------------------

                         max delay                    6.000     6.000    
    SLICE_X34Y40         FDRE (Setup_fdre_C_D)       -0.220     5.780    highdef_fb/camera_data_fifo/xpm_fifo_axis_inst/xpm_fifo_base_inst/gen_cdc_pntr.wr_pntr_cdc_inst/dest_graysync_ff_reg[0][5]
  -------------------------------------------------------------------
                         required time                          5.780    
                         arrival time                          -0.974    
  -------------------------------------------------------------------
                         slack                                  4.806    





---------------------------------------------------------------------------------------------------
From Clock:  clk_pixel_cw_hdmi
  To Clock:  clk_controller_clk_wiz_0

Setup :            0  Failing Endpoints,  Worst Slack        4.540ns,  Total Violation        0.000ns
Hold  :           NA  Failing Endpoints,  Worst Slack           NA  ,  Total Violation           NA
---------------------------------------------------------------------------------------------------


Max Delay Paths
--------------------------------------------------------------------------------------
Slack (MET) :             4.540ns  (required time - arrival time)
  Source:                 highdef_fb/pdfifo/xpm_fifo_axis_inst/xpm_fifo_base_inst/xpm_fifo_rst_inst/gen_rst_ic.fifo_rd_rst_ic_reg/C
                            (rising edge-triggered cell FDRE clocked by clk_pixel_cw_hdmi  {rise@0.000ns fall@6.734ns period=13.468ns})
  Destination:            highdef_fb/pdfifo/xpm_fifo_axis_inst/xpm_fifo_base_inst/xpm_fifo_rst_inst/gen_rst_ic.rrst_wr_inst/syncstages_ff_reg[0]/D
                            (rising edge-triggered cell FDRE clocked by clk_controller_clk_wiz_0  {rise@0.000ns fall@6.000ns period=12.000ns})
  Path Group:             clk_controller_clk_wiz_0
  Path Type:              Setup (Max at Slow Process Corner)
  Requirement:            6.000ns  (MaxDelay Path 6.000ns)
  Data Path Delay:        1.217ns  (logic 0.478ns (39.267%)  route 0.739ns (60.733%))
  Logic Levels:           0  
  Timing Exception:       MaxDelay Path 6.000ns -datapath_only

    Location             Delay type                Incr(ns)  Path(ns)    Netlist Resource(s)
  -------------------------------------------------------------------    -------------------
    SLICE_X50Y28                                      0.000     0.000 r  highdef_fb/pdfifo/xpm_fifo_axis_inst/xpm_fifo_base_inst/xpm_fifo_rst_inst/gen_rst_ic.fifo_rd_rst_ic_reg/C
    SLICE_X50Y28         FDRE (Prop_fdre_C_Q)         0.478     0.478 r  highdef_fb/pdfifo/xpm_fifo_axis_inst/xpm_fifo_base_inst/xpm_fifo_rst_inst/gen_rst_ic.fifo_rd_rst_ic_reg/Q
                         net (fo=37, routed)          0.739     1.217    highdef_fb/pdfifo/xpm_fifo_axis_inst/xpm_fifo_base_inst/xpm_fifo_rst_inst/gen_rst_ic.rrst_wr_inst/src_rst
    SLICE_X48Y30         FDRE                                         r  highdef_fb/pdfifo/xpm_fifo_axis_inst/xpm_fifo_base_inst/xpm_fifo_rst_inst/gen_rst_ic.rrst_wr_inst/syncstages_ff_reg[0]/D
  -------------------------------------------------------------------    -------------------

                         max delay                    6.000     6.000    
    SLICE_X48Y30         FDRE (Setup_fdre_C_D)       -0.243     5.757    highdef_fb/pdfifo/xpm_fifo_axis_inst/xpm_fifo_base_inst/xpm_fifo_rst_inst/gen_rst_ic.rrst_wr_inst/syncstages_ff_reg[0]
  -------------------------------------------------------------------
                         required time                          5.757    
                         arrival time                          -1.217    
  -------------------------------------------------------------------
                         slack                                  4.540    





---------------------------------------------------------------------------------------------------
From Clock:  clk_controller_clk_wiz_0
  To Clock:  clk_pixel_cw_hdmi

Setup :            0  Failing Endpoints,  Worst Slack        4.098ns,  Total Violation        0.000ns
Hold  :           NA  Failing Endpoints,  Worst Slack           NA  ,  Total Violation           NA
---------------------------------------------------------------------------------------------------


Max Delay Paths
--------------------------------------------------------------------------------------
Slack (MET) :             4.098ns  (required time - arrival time)
  Source:                 highdef_fb/pdfifo/xpm_fifo_axis_inst/xpm_fifo_base_inst/gen_cdc_pntr.wr_pntr_cdc_inst/src_gray_ff_reg[1]/C
                            (rising edge-triggered cell FDRE clocked by clk_controller_clk_wiz_0  {rise@0.000ns fall@6.000ns period=12.000ns})
  Destination:            highdef_fb/pdfifo/xpm_fifo_axis_inst/xpm_fifo_base_inst/gen_cdc_pntr.wr_pntr_cdc_inst/dest_graysync_ff_reg[0][1]/D
                            (rising edge-triggered cell FDRE clocked by clk_pixel_cw_hdmi  {rise@0.000ns fall@6.734ns period=13.468ns})
  Path Group:             clk_pixel_cw_hdmi
  Path Type:              Setup (Max at Slow Process Corner)
  Requirement:            6.000ns  (MaxDelay Path 6.000ns)
  Data Path Delay:        1.622ns  (logic 0.419ns (25.838%)  route 1.203ns (74.162%))
  Logic Levels:           0  
  Timing Exception:       MaxDelay Path 6.000ns -datapath_only

    Location             Delay type                Incr(ns)  Path(ns)    Netlist Resource(s)
  -------------------------------------------------------------------    -------------------
    SLICE_X48Y26                                      0.000     0.000 r  highdef_fb/pdfifo/xpm_fifo_axis_inst/xpm_fifo_base_inst/gen_cdc_pntr.wr_pntr_cdc_inst/src_gray_ff_reg[1]/C
    SLICE_X48Y26         FDRE (Prop_fdre_C_Q)         0.419     0.419 r  highdef_fb/pdfifo/xpm_fifo_axis_inst/xpm_fifo_base_inst/gen_cdc_pntr.wr_pntr_cdc_inst/src_gray_ff_reg[1]/Q
                         net (fo=1, routed)           1.203     1.622    highdef_fb/pdfifo/xpm_fifo_axis_inst/xpm_fifo_base_inst/gen_cdc_pntr.wr_pntr_cdc_inst/async_path[1]
    SLICE_X45Y26         FDRE                                         r  highdef_fb/pdfifo/xpm_fifo_axis_inst/xpm_fifo_base_inst/gen_cdc_pntr.wr_pntr_cdc_inst/dest_graysync_ff_reg[0][1]/D
  -------------------------------------------------------------------    -------------------

                         max delay                    6.000     6.000    
    SLICE_X45Y26         FDRE (Setup_fdre_C_D)       -0.280     5.720    highdef_fb/pdfifo/xpm_fifo_axis_inst/xpm_fifo_base_inst/gen_cdc_pntr.wr_pntr_cdc_inst/dest_graysync_ff_reg[0][1]
  -------------------------------------------------------------------
                         required time                          5.720    
                         arrival time                          -1.622    
  -------------------------------------------------------------------
                         slack                                  4.098    





