Copyright 1986-2022 Xilinx, Inc. All Rights Reserved. Copyright 2022-2025 Advanced Micro Devices, Inc. All Rights Reserved.
---------------------------------------------------------------------------------------------------------------------------------------------
| Tool Version : Vivado v.2025.1 (lin64) Build 6140274 Wed May 21 22:58:25 MDT 2025
| Date         : Thu Mar  5 21:17:10 2026
| Host         : eecs-digital-04 running 64-bit Ubuntu 24.04.3 LTS
| Command      : report_timing_summary -file obj/post_route_timing_summary.rpt
| Design       : top_level
| Device       : 7s50-csga324
| Speed File   : -1  PRODUCTION 1.23 2018-06-13
| Design State : Routed
---------------------------------------------------------------------------------------------------------------------------------------------

Timing Summary Report

------------------------------------------------------------------------------------------------
| Timer Settings
| --------------
------------------------------------------------------------------------------------------------

  Enable Multi Corner Analysis               :  Yes
  Enable Pessimism Removal                   :  Yes
  Pessimism Removal Resolution               :  Nearest Common Node
  Enable Input Delay Default Clock           :  No
  Enable Preset / Clear Arcs                 :  No
  Disable Flight Delays                      :  No
  Ignore I/O Paths                           :  No
  Timing Early Launch at Borrowing Latches   :  No
  Borrow Time for Max Delay Exceptions       :  Yes
  Merge Timing Exceptions                    :  Yes
  Inter-SLR Compensation                     :  Conservative

  Corner  Analyze    Analyze    
  Name    Max Paths  Min Paths  
  ------  ---------  ---------  
  Slow    Yes        Yes        
  Fast    Yes        Yes        


------------------------------------------------------------------------------------------------
| Report Methodology
| ------------------
------------------------------------------------------------------------------------------------

No report available as report_methodology has not been run prior. Run report_methodology on the current design for the summary of methodology violations.



check_timing report

Table of Contents
-----------------
1. checking no_clock (0)
2. checking constant_clock (0)
3. checking pulse_width_clock (0)
4. checking unconstrained_internal_endpoints (0)
5. checking no_input_delay (22)
6. checking no_output_delay (52)
7. checking multiple_clock (0)
8. checking generated_clocks (0)
9. checking loops (0)
10. checking partial_input_delay (0)
11. checking partial_output_delay (0)
12. checking latch_loops (0)

1. checking no_clock (0)
------------------------
 There are 0 register/latch pins with no clock.


2. checking constant_clock (0)
------------------------------
 There are 0 register/latch pins with constant_clock.


3. checking pulse_width_clock (0)
---------------------------------
 There are 0 register/latch pins which need pulse_width check


4. checking unconstrained_internal_endpoints (0)
------------------------------------------------
 There are 0 pins that are not constrained for maximum delay.

 There are 0 pins that are not constrained for maximum delay due to constant clock.


5. checking no_input_delay (22)
-------------------------------
 There are 22 input ports with no input delay specified. (HIGH)

 There are 0 input ports with no input delay but user has a false path constraint.


6. checking no_output_delay (52)
--------------------------------
 There are 52 ports with no output delay specified. (HIGH)

 There are 0 ports with no output delay but user has a false path constraint

 There are 0 ports with no output delay but with a timing clock defined on it or propagating through it


7. checking multiple_clock (0)
------------------------------
 There are 0 register/latch pins with multiple clocks.


8. checking generated_clocks (0)
--------------------------------
 There are 0 generated clocks that are not connected to a clock source.


9. checking loops (0)
---------------------
 There are 0 combinational loops in the design.


10. checking partial_input_delay (0)
------------------------------------
 There are 0 input ports with partial input delay specified.


11. checking partial_output_delay (0)
-------------------------------------
 There are 0 ports with partial output delay specified.


12. checking latch_loops (0)
----------------------------
 There are 0 combinational latch loops in the design through latch input



------------------------------------------------------------------------------------------------
| Design Timing Summary
| ---------------------
------------------------------------------------------------------------------------------------

    WNS(ns)      TNS(ns)  TNS Failing Endpoints  TNS Total Endpoints      WHS(ns)      THS(ns)  THS Failing Endpoints  THS Total Endpoints     WPWS(ns)     TPWS(ns)  TPWS Failing Endpoints  TPWS Total Endpoints  
    -------      -------  ---------------------  -------------------      -------      -------  ---------------------  -------------------     --------     --------  ----------------------  --------------------  
      0.063        0.000                      0                41708        0.008        0.000                      0                41582        0.264        0.000                       0                 17154  


All user specified timing constraints are met.


------------------------------------------------------------------------------------------------
| Clock Summary
| -------------
------------------------------------------------------------------------------------------------

Clock                        Waveform(ns)         Period(ns)      Frequency(MHz)
-----                        ------------         ----------      --------------
gclk                         {0.000 4.000}        10.000          100.000         
  clk_camera_clk_wiz_0       {0.000 2.500}        5.000           200.000         
  clk_controller_clk_wiz_0   {0.000 6.000}        12.000          83.333          
  clk_ddr3_90_clk_wiz_0      {0.750 2.250}        3.000           333.333         
  clk_ddr3_clk_wiz_0         {0.000 1.500}        3.000           333.333         
  clk_passthrough_clk_wiz_0  {0.000 5.000}        10.000          100.000         
  clkfbout_clk_wiz_0         {0.000 5.000}        10.000          100.000         


------------------------------------------------------------------------------------------------
| Intra Clock Table
| -----------------
------------------------------------------------------------------------------------------------

Clock                            WNS(ns)      TNS(ns)  TNS Failing Endpoints  TNS Total Endpoints      WHS(ns)      THS(ns)  THS Failing Endpoints  THS Total Endpoints     WPWS(ns)     TPWS(ns)  TPWS Failing Endpoints  TPWS Total Endpoints  
-----                            -------      -------  ---------------------  -------------------      -------      -------  ---------------------  -------------------     --------     --------  ----------------------  --------------------  
gclk                                                                                                                                                                           2.000        0.000                       0                     1  
  clk_camera_clk_wiz_0                                                                                                                                                         0.264        0.000                       0                     3  
  clk_controller_clk_wiz_0         0.173        0.000                      0                 7811        0.010        0.000                      0                 7811        5.500        0.000                       0                  2968  
  clk_ddr3_90_clk_wiz_0                                                                                                                                                        0.845        0.000                       0                    20  
  clk_ddr3_clk_wiz_0                                                                                                                                                           0.845        0.000                       0                    63  
  clk_passthrough_clk_wiz_0        0.063        0.000                      0                33771        0.008        0.000                      0                33771        3.750        0.000                       0                 14096  
  clkfbout_clk_wiz_0                                                                                                                                                           7.845        0.000                       0                     3  


------------------------------------------------------------------------------------------------
| Inter Clock Table
| -----------------
------------------------------------------------------------------------------------------------

From Clock                 To Clock                       WNS(ns)      TNS(ns)  TNS Failing Endpoints  TNS Total Endpoints      WHS(ns)      THS(ns)  THS Failing Endpoints  THS Total Endpoints  
----------                 --------                       -------      -------  ---------------------  -------------------      -------      -------  ---------------------  -------------------  
clk_passthrough_clk_wiz_0  clk_controller_clk_wiz_0         3.779        0.000                      0                   74                                                                        
clk_controller_clk_wiz_0   clk_passthrough_clk_wiz_0        4.401        0.000                      0                   52                                                                        


------------------------------------------------------------------------------------------------
| Other Path Groups Table
| -----------------------
------------------------------------------------------------------------------------------------

Path Group    From Clock    To Clock          WNS(ns)      TNS(ns)  TNS Failing Endpoints  TNS Total Endpoints      WHS(ns)      THS(ns)  THS Failing Endpoints  THS Total Endpoints  
----------    ----------    --------          -------      -------  ---------------------  -------------------      -------      -------  ---------------------  -------------------  


------------------------------------------------------------------------------------------------
| Timing Details
| --------------
------------------------------------------------------------------------------------------------


---------------------------------------------------------------------------------------------------
From Clock:  gclk
  To Clock:  gclk

Setup :           NA  Failing Endpoints,  Worst Slack           NA  ,  Total Violation           NA
Hold  :           NA  Failing Endpoints,  Worst Slack           NA  ,  Total Violation           NA
PW    :            0  Failing Endpoints,  Worst Slack        2.000ns,  Total Violation        0.000ns
---------------------------------------------------------------------------------------------------


Pulse Width Checks
--------------------------------------------------------------------------------------
Clock Name:         gclk
Waveform(ns):       { 0.000 4.000 }
Period(ns):         10.000
Sources:            { clk_100mhz }

Check Type        Corner  Lib Pin            Reference Pin  Required(ns)  Actual(ns)  Slack(ns)  Location         Pin
Min Period        n/a     MMCME2_ADV/CLKIN1  n/a            1.249         10.000      8.751      MMCME2_ADV_X0Y0  u_ddr_clk_wiz/mmcm_adv_inst/CLKIN1
Max Period        n/a     MMCME2_ADV/CLKIN1  n/a            100.000       10.000      90.000     MMCME2_ADV_X0Y0  u_ddr_clk_wiz/mmcm_adv_inst/CLKIN1
Low Pulse Width   Slow    MMCME2_ADV/CLKIN1  n/a            2.000         6.000       4.000      MMCME2_ADV_X0Y0  u_ddr_clk_wiz/mmcm_adv_inst/CLKIN1
High Pulse Width  Slow    MMCME2_ADV/CLKIN1  n/a            2.000         4.000       2.000      MMCME2_ADV_X0Y0  u_ddr_clk_wiz/mmcm_adv_inst/CLKIN1



---------------------------------------------------------------------------------------------------
From Clock:  clk_camera_clk_wiz_0
  To Clock:  clk_camera_clk_wiz_0

Setup :           NA  Failing Endpoints,  Worst Slack           NA  ,  Total Violation           NA
Hold  :           NA  Failing Endpoints,  Worst Slack           NA  ,  Total Violation           NA
PW    :            0  Failing Endpoints,  Worst Slack        0.264ns,  Total Violation        0.000ns
---------------------------------------------------------------------------------------------------


Pulse Width Checks
--------------------------------------------------------------------------------------
Clock Name:         clk_camera_clk_wiz_0
Waveform(ns):       { 0.000 2.500 }
Period(ns):         5.000
Sources:            { u_ddr_clk_wiz/mmcm_adv_inst/CLKOUT3 }

Check Type  Corner  Lib Pin            Reference Pin  Required(ns)  Actual(ns)  Slack(ns)  Location         Pin
Min Period  n/a     IDELAYCTRL/REFCLK  n/a            3.225         5.000       1.775      IDELAYCTRL_X1Y0  u_ddr3_top/ddr3_phy_inst/IDELAYCTRL_inst/REFCLK
Max Period  n/a     IDELAYCTRL/REFCLK  n/a            5.264         5.000       0.264      IDELAYCTRL_X1Y0  u_ddr3_top/ddr3_phy_inst/IDELAYCTRL_inst/REFCLK



---------------------------------------------------------------------------------------------------
From Clock:  clk_controller_clk_wiz_0
  To Clock:  clk_controller_clk_wiz_0

Setup :            0  Failing Endpoints,  Worst Slack        0.173ns,  Total Violation        0.000ns
Hold  :            0  Failing Endpoints,  Worst Slack        0.010ns,  Total Violation        0.000ns
PW    :            0  Failing Endpoints,  Worst Slack        5.500ns,  Total Violation        0.000ns
---------------------------------------------------------------------------------------------------


Max Delay Paths
--------------------------------------------------------------------------------------
Slack (MET) :             0.173ns  (required time - arrival time)
  Source:                 u_ddr3_top/ddr3_controller_inst/current_rank_rst_reg/C
                            (rising edge-triggered cell FDRE clocked by clk_controller_clk_wiz_0  {rise@0.000ns fall@6.000ns period=12.000ns})
  Destination:            u_ddr3_top/ddr3_controller_inst/stage2_data_reg[0][22]/R
                            (rising edge-triggered cell FDRE clocked by clk_controller_clk_wiz_0  {rise@0.000ns fall@6.000ns period=12.000ns})
  Path Group:             clk_controller_clk_wiz_0
  Path Type:              Setup (Max at Slow Process Corner)
  Requirement:            12.000ns  (clk_controller_clk_wiz_0 rise@12.000ns - clk_controller_clk_wiz_0 rise@0.000ns)
  Data Path Delay:        10.937ns  (logic 0.419ns (3.831%)  route 10.518ns (96.169%))
  Logic Levels:           0  
  Clock Path Skew:        -0.115ns (DCD - SCD + CPR)
    Destination Clock Delay (DCD):    -1.502ns = ( 10.498 - 12.000 ) 
    Source Clock Delay      (SCD):    -0.905ns
    Clock Pessimism Removal (CPR):    0.482ns
  Clock Uncertainty:      0.076ns  ((TSJ^2 + DJ^2)^1/2) / 2 + PE
    Total System Jitter     (TSJ):    0.071ns
    Discrete Jitter          (DJ):    0.134ns
    Phase Error              (PE):    0.000ns

    Location             Delay type                Incr(ns)  Path(ns)    Netlist Resource(s)
  -------------------------------------------------------------------    -------------------
                         (clock clk_controller_clk_wiz_0 rise edge)
                                                      0.000     0.000 r  
    N15                                               0.000     0.000 r  clk_100mhz (IN)
                         net (fo=0)                   0.000     0.000    u_ddr_clk_wiz/clk_100mhz
    N15                  IBUF (Prop_ibuf_I_O)         1.440     1.440 r  u_ddr_clk_wiz/clkin1_ibufg/O
                         net (fo=1, routed)           1.233     2.673    u_ddr_clk_wiz/clk_in1_clk_wiz_0
    MMCME2_ADV_X0Y0      MMCME2_ADV (Prop_mmcme2_adv_CLKIN1_CLKOUT0)
                                                     -6.965    -4.291 r  u_ddr_clk_wiz/mmcm_adv_inst/CLKOUT0
                         net (fo=1, routed)           1.666    -2.625    u_ddr_clk_wiz/clk_controller_clk_wiz_0
    BUFGCTRL_X0Y0        BUFG (Prop_bufg_I_O)         0.096    -2.529 r  u_ddr_clk_wiz/clkout1_buf/O
                         net (fo=2966, routed)        1.624    -0.905    u_ddr3_top/ddr3_controller_inst/i_controller_clk
    SLICE_X61Y20         FDRE                                         r  u_ddr3_top/ddr3_controller_inst/current_rank_rst_reg/C
  -------------------------------------------------------------------    -------------------
    SLICE_X61Y20         FDRE (Prop_fdre_C_Q)         0.419    -0.486 r  u_ddr3_top/ddr3_controller_inst/current_rank_rst_reg/Q
                         net (fo=2226, routed)       10.518    10.033    u_ddr3_top/ddr3_controller_inst/o_phy_reset
    SLICE_X64Y51         FDRE                                         r  u_ddr3_top/ddr3_controller_inst/stage2_data_reg[0][22]/R
  -------------------------------------------------------------------    -------------------

                         (clock clk_controller_clk_wiz_0 rise edge)
                                                     12.000    12.000 r  
    N15                                               0.000    12.000 r  clk_100mhz (IN)
                         net (fo=0)                   0.000    12.000    u_ddr_clk_wiz/clk_100mhz
    N15                  IBUF (Prop_ibuf_I_O)         1.370    13.370 r  u_ddr_clk_wiz/clkin1_ibufg/O
                         net (fo=1, routed)           1.162    14.532    u_ddr_clk_wiz/clk_in1_clk_wiz_0
    MMCME2_ADV_X0Y0      MMCME2_ADV (Prop_mmcme2_adv_CLKIN1_CLKOUT0)
                                                     -7.221     7.311 r  u_ddr_clk_wiz/mmcm_adv_inst/CLKOUT0
                         net (fo=1, routed)           1.587     8.898    u_ddr_clk_wiz/clk_controller_clk_wiz_0
    BUFGCTRL_X0Y0        BUFG (Prop_bufg_I_O)         0.091     8.989 r  u_ddr_clk_wiz/clkout1_buf/O
                         net (fo=2966, routed)        1.510    10.498    u_ddr3_top/ddr3_controller_inst/i_controller_clk
    SLICE_X64Y51         FDRE                                         r  u_ddr3_top/ddr3_controller_inst/stage2_data_reg[0][22]/C
                         clock pessimism              0.482    10.981    
                         clock uncertainty           -0.076    10.905    
    SLICE_X64Y51         FDRE (Setup_fdre_C_R)       -0.699    10.206    u_ddr3_top/ddr3_controller_inst/stage2_data_reg[0][22]
  -------------------------------------------------------------------
                         required time                         10.206    
                         arrival time                         -10.033    
  -------------------------------------------------------------------
                         slack                                  0.173    





Min Delay Paths
--------------------------------------------------------------------------------------
Slack (MET) :             0.010ns  (arrival time - required time)
  Source:                 u_ddr3_top/ddr3_controller_inst/stage1_data_reg[81]/C
                            (rising edge-triggered cell FDRE clocked by clk_controller_clk_wiz_0  {rise@0.000ns fall@6.000ns period=12.000ns})
  Destination:            u_ddr3_top/ddr3_controller_inst/stage2_data_unaligned_temp_reg[81]/D
                            (rising edge-triggered cell FDRE clocked by clk_controller_clk_wiz_0  {rise@0.000ns fall@6.000ns period=12.000ns})
  Path Group:             clk_controller_clk_wiz_0
  Path Type:              Hold (Min at Fast Process Corner)
  Requirement:            0.000ns  (clk_controller_clk_wiz_0 rise@0.000ns - clk_controller_clk_wiz_0 rise@0.000ns)
  Data Path Delay:        0.342ns  (logic 0.141ns (41.203%)  route 0.201ns (58.797%))
  Logic Levels:           0  
  Clock Path Skew:        0.272ns (DCD - SCD - CPR)
    Destination Clock Delay (DCD):    -0.842ns
    Source Clock Delay      (SCD):    -0.606ns
    Clock Pessimism Removal (CPR):    -0.508ns

    Location             Delay type                Incr(ns)  Path(ns)    Netlist Resource(s)
  -------------------------------------------------------------------    -------------------
                         (clock clk_controller_clk_wiz_0 rise edge)
                                                      0.000     0.000 r  
    N15                                               0.000     0.000 r  clk_100mhz (IN)
                         net (fo=0)                   0.000     0.000    u_ddr_clk_wiz/clk_100mhz
    N15                  IBUF (Prop_ibuf_I_O)         0.209     0.209 r  u_ddr_clk_wiz/clkin1_ibufg/O
                         net (fo=1, routed)           0.440     0.649    u_ddr_clk_wiz/clk_in1_clk_wiz_0
    MMCME2_ADV_X0Y0      MMCME2_ADV (Prop_mmcme2_adv_CLKIN1_CLKOUT0)
                                                     -2.362    -1.714 r  u_ddr_clk_wiz/mmcm_adv_inst/CLKOUT0
                         net (fo=1, routed)           0.489    -1.225    u_ddr_clk_wiz/clk_controller_clk_wiz_0
    BUFGCTRL_X0Y0        BUFG (Prop_bufg_I_O)         0.026    -1.199 r  u_ddr_clk_wiz/clkout1_buf/O
                         net (fo=2966, routed)        0.593    -0.606    u_ddr3_top/ddr3_controller_inst/i_controller_clk
    SLICE_X61Y50         FDRE                                         r  u_ddr3_top/ddr3_controller_inst/stage1_data_reg[81]/C
  -------------------------------------------------------------------    -------------------
    SLICE_X61Y50         FDRE (Prop_fdre_C_Q)         0.141    -0.465 r  u_ddr3_top/ddr3_controller_inst/stage1_data_reg[81]/Q
                         net (fo=1, routed)           0.201    -0.264    u_ddr3_top/ddr3_controller_inst/stage1_data__0[81]
    SLICE_X60Y49         FDRE                                         r  u_ddr3_top/ddr3_controller_inst/stage2_data_unaligned_temp_reg[81]/D
  -------------------------------------------------------------------    -------------------

                         (clock clk_controller_clk_wiz_0 rise edge)
                                                      0.000     0.000 r  
    N15                                               0.000     0.000 r  clk_100mhz (IN)
                         net (fo=0)                   0.000     0.000    u_ddr_clk_wiz/clk_100mhz
    N15                  IBUF (Prop_ibuf_I_O)         0.396     0.396 r  u_ddr_clk_wiz/clkin1_ibufg/O
                         net (fo=1, routed)           0.480     0.876    u_ddr_clk_wiz/clk_in1_clk_wiz_0
    MMCME2_ADV_X0Y0      MMCME2_ADV (Prop_mmcme2_adv_CLKIN1_CLKOUT0)
                                                     -3.145    -2.269 r  u_ddr_clk_wiz/mmcm_adv_inst/CLKOUT0
                         net (fo=1, routed)           0.534    -1.735    u_ddr_clk_wiz/clk_controller_clk_wiz_0
    BUFGCTRL_X0Y0        BUFG (Prop_bufg_I_O)         0.029    -1.706 r  u_ddr_clk_wiz/clkout1_buf/O
                         net (fo=2966, routed)        0.865    -0.842    u_ddr3_top/ddr3_controller_inst/i_controller_clk
    SLICE_X60Y49         FDRE                                         r  u_ddr3_top/ddr3_controller_inst/stage2_data_unaligned_temp_reg[81]/C
                         clock pessimism              0.508    -0.334    
    SLICE_X60Y49         FDRE (Hold_fdre_C_D)         0.060    -0.274    u_ddr3_top/ddr3_controller_inst/stage2_data_unaligned_temp_reg[81]
  -------------------------------------------------------------------
                         required time                          0.274    
                         arrival time                          -0.264    
  -------------------------------------------------------------------
                         slack                                  0.010    





Pulse Width Checks
--------------------------------------------------------------------------------------
Clock Name:         clk_controller_clk_wiz_0
Waveform(ns):       { 0.000 6.000 }
Period(ns):         12.000
Sources:            { u_ddr_clk_wiz/mmcm_adv_inst/CLKOUT0 }

Check Type        Corner  Lib Pin             Reference Pin  Required(ns)  Actual(ns)  Slack(ns)  Location         Pin
Min Period        n/a     IDELAYE2/C          n/a            2.360         12.000      9.640      IDELAY_X1Y45     u_ddr3_top/ddr3_phy_inst/genblk5[0].IDELAYE2_data/C
Max Period        n/a     MMCME2_ADV/CLKOUT0  n/a            213.360       12.000      201.360    MMCME2_ADV_X0Y0  u_ddr_clk_wiz/mmcm_adv_inst/CLKOUT0
Low Pulse Width   Slow    FDRE/C              n/a            0.500         6.000       5.500      SLICE_X39Y39     FSM_sequential_ddr_bridge_state_reg[0]/C
High Pulse Width  Slow    FDRE/C              n/a            0.500         6.000       5.500      SLICE_X39Y39     FSM_sequential_ddr_bridge_state_reg[0]/C



---------------------------------------------------------------------------------------------------
From Clock:  clk_ddr3_90_clk_wiz_0
  To Clock:  clk_ddr3_90_clk_wiz_0

Setup :           NA  Failing Endpoints,  Worst Slack           NA  ,  Total Violation           NA
Hold  :           NA  Failing Endpoints,  Worst Slack           NA  ,  Total Violation           NA
PW    :            0  Failing Endpoints,  Worst Slack        0.845ns,  Total Violation        0.000ns
---------------------------------------------------------------------------------------------------


Pulse Width Checks
--------------------------------------------------------------------------------------
Clock Name:         clk_ddr3_90_clk_wiz_0
Waveform(ns):       { 0.750 2.250 }
Period(ns):         3.000
Sources:            { u_ddr_clk_wiz/mmcm_adv_inst/CLKOUT2 }

Check Type  Corner  Lib Pin             Reference Pin  Required(ns)  Actual(ns)  Slack(ns)  Location         Pin
Min Period  n/a     BUFG/I              n/a            2.155         3.000       0.845      BUFGCTRL_X0Y2    u_ddr_clk_wiz/clkout3_buf/I
Max Period  n/a     MMCME2_ADV/CLKOUT2  n/a            213.360       3.000       210.360    MMCME2_ADV_X0Y0  u_ddr_clk_wiz/mmcm_adv_inst/CLKOUT2



---------------------------------------------------------------------------------------------------
From Clock:  clk_ddr3_clk_wiz_0
  To Clock:  clk_ddr3_clk_wiz_0

Setup :           NA  Failing Endpoints,  Worst Slack           NA  ,  Total Violation           NA
Hold  :           NA  Failing Endpoints,  Worst Slack           NA  ,  Total Violation           NA
PW    :            0  Failing Endpoints,  Worst Slack        0.845ns,  Total Violation        0.000ns
---------------------------------------------------------------------------------------------------


Pulse Width Checks
--------------------------------------------------------------------------------------
Clock Name:         clk_ddr3_clk_wiz_0
Waveform(ns):       { 0.000 1.500 }
Period(ns):         3.000
Sources:            { u_ddr_clk_wiz/mmcm_adv_inst/CLKOUT1 }

Check Type  Corner  Lib Pin             Reference Pin  Required(ns)  Actual(ns)  Slack(ns)  Location         Pin
Min Period  n/a     BUFG/I              n/a            2.155         3.000       0.845      BUFGCTRL_X0Y1    u_ddr_clk_wiz/clkout2_buf/I
Max Period  n/a     MMCME2_ADV/CLKOUT1  n/a            213.360       3.000       210.360    MMCME2_ADV_X0Y0  u_ddr_clk_wiz/mmcm_adv_inst/CLKOUT1



---------------------------------------------------------------------------------------------------
From Clock:  clk_passthrough_clk_wiz_0
  To Clock:  clk_passthrough_clk_wiz_0

Setup :            0  Failing Endpoints,  Worst Slack        0.063ns,  Total Violation        0.000ns
Hold  :            0  Failing Endpoints,  Worst Slack        0.008ns,  Total Violation        0.000ns
PW    :            0  Failing Endpoints,  Worst Slack        3.750ns,  Total Violation        0.000ns
---------------------------------------------------------------------------------------------------


Max Delay Paths
--------------------------------------------------------------------------------------
Slack (MET) :             0.063ns  (required time - arrival time)
  Source:                 u_stdp_divider/quotient_out_reg[0]/C
                            (rising edge-triggered cell FDRE clocked by clk_passthrough_clk_wiz_0  {rise@0.000ns fall@5.000ns period=10.000ns})
  Destination:            train_stdp_w_new_reg[10]/D
                            (rising edge-triggered cell FDRE clocked by clk_passthrough_clk_wiz_0  {rise@0.000ns fall@5.000ns period=10.000ns})
  Path Group:             clk_passthrough_clk_wiz_0
  Path Type:              Setup (Max at Slow Process Corner)
  Requirement:            10.000ns  (clk_passthrough_clk_wiz_0 rise@10.000ns - clk_passthrough_clk_wiz_0 rise@0.000ns)
  Data Path Delay:        9.849ns  (logic 5.450ns (55.336%)  route 4.399ns (44.664%))
  Logic Levels:           21  (CARRY4=15 LUT1=1 LUT2=1 LUT4=1 LUT5=2 LUT6=1)
  Clock Path Skew:        -0.043ns (DCD - SCD + CPR)
    Destination Clock Delay (DCD):    -1.580ns = ( 8.420 - 10.000 ) 
    Source Clock Delay      (SCD):    -0.975ns
    Clock Pessimism Removal (CPR):    0.562ns
  Clock Uncertainty:      0.074ns  ((TSJ^2 + DJ^2)^1/2) / 2 + PE
    Total System Jitter     (TSJ):    0.071ns
    Discrete Jitter          (DJ):    0.129ns
    Phase Error              (PE):    0.000ns

    Location             Delay type                Incr(ns)  Path(ns)    Netlist Resource(s)
  -------------------------------------------------------------------    -------------------
                         (clock clk_passthrough_clk_wiz_0 rise edge)
                                                      0.000     0.000 r  
    N15                                               0.000     0.000 r  clk_100mhz (IN)
                         net (fo=0)                   0.000     0.000    u_ddr_clk_wiz/clk_100mhz
    N15                  IBUF (Prop_ibuf_I_O)         1.440     1.440 r  u_ddr_clk_wiz/clkin1_ibufg/O
                         net (fo=1, routed)           1.233     2.673    u_ddr_clk_wiz/clk_in1_clk_wiz_0
    MMCME2_ADV_X0Y0      MMCME2_ADV (Prop_mmcme2_adv_CLKIN1_CLKOUT5)
                                                     -6.965    -4.291 r  u_ddr_clk_wiz/mmcm_adv_inst/CLKOUT5
                         net (fo=1, routed)           1.666    -2.625    u_ddr_clk_wiz/clk_passthrough_clk_wiz_0
    BUFGCTRL_X0Y4        BUFG (Prop_bufg_I_O)         0.096    -2.529 r  u_ddr_clk_wiz/clkout6_buf/O
                         net (fo=14115, routed)       1.554    -0.975    u_stdp_divider/core_clk
    SLICE_X29Y19         FDRE                                         r  u_stdp_divider/quotient_out_reg[0]/C
  -------------------------------------------------------------------    -------------------
    SLICE_X29Y19         FDRE (Prop_fdre_C_Q)         0.456    -0.519 f  u_stdp_divider/quotient_out_reg[0]/Q
                         net (fo=6, routed)           0.338    -0.180    u_stdp_divider/quotient_out[0]
    SLICE_X29Y19         LUT1 (Prop_lut1_I0_O)        0.124    -0.056 r  u_stdp_divider/train_stdp_w_new[7]_i_8/O
                         net (fo=1, routed)           0.331     0.275    u_stdp_divider/train_stdp_w_new[7]_i_8_n_0
    SLICE_X29Y21         CARRY4 (Prop_carry4_CYINIT_CO[3])
                                                      0.580     0.855 r  u_stdp_divider/train_stdp_w_new_reg[7]_i_7/CO[3]
                         net (fo=1, routed)           0.000     0.855    u_stdp_divider/train_stdp_w_new_reg[7]_i_7_n_0
    SLICE_X29Y22         CARRY4 (Prop_carry4_CI_CO[3])
                                                      0.114     0.969 r  u_stdp_divider/train_stdp_w_new_reg[11]_i_8/CO[3]
                         net (fo=1, routed)           0.000     0.969    u_stdp_divider/train_stdp_w_new_reg[11]_i_8_n_0
    SLICE_X29Y23         CARRY4 (Prop_carry4_CI_CO[3])
                                                      0.114     1.083 r  u_stdp_divider/train_stdp_w_new_reg[15]_i_50/CO[3]
                         net (fo=1, routed)           0.000     1.083    u_stdp_divider/train_stdp_w_new_reg[15]_i_50_n_0
    SLICE_X29Y24         CARRY4 (Prop_carry4_CI_CO[3])
                                                      0.114     1.197 r  u_stdp_divider/train_stdp_w_new_reg[15]_i_48/CO[3]
                         net (fo=1, routed)           0.009     1.206    u_stdp_divider/train_stdp_w_new_reg[15]_i_48_n_0
    SLICE_X29Y25         CARRY4 (Prop_carry4_CI_O[1])
                                                      0.334     1.540 r  u_stdp_divider/train_stdp_w_new_reg[15]_i_132/O[1]
                         net (fo=5, routed)           0.987     2.527    u_stdp_divider/dW_step_q16_tmp0[18]
    SLICE_X30Y22         LUT5 (Prop_lut5_I0_O)        0.303     2.830 r  u_stdp_divider/train_stdp_w_new[15]_i_130/O
                         net (fo=1, routed)           0.000     2.830    u_stdp_divider/train_stdp_w_new[15]_i_130_n_0
    SLICE_X30Y22         CARRY4 (Prop_carry4_S[1]_CO[3])
                                                      0.533     3.363 r  u_stdp_divider/train_stdp_w_new_reg[15]_i_80/CO[3]
                         net (fo=1, routed)           0.000     3.363    u_stdp_divider/train_stdp_w_new_reg[15]_i_80_n_0
    SLICE_X30Y23         CARRY4 (Prop_carry4_CI_CO[3])
                                                      0.117     3.480 r  u_stdp_divider/train_stdp_w_new_reg[15]_i_49/CO[3]
                         net (fo=32, routed)          1.025     4.504    u_stdp_divider/dW_step_q16_tmp1
    SLICE_X28Y19         LUT6 (Prop_lut6_I2_O)        0.124     4.628 r  u_stdp_divider/train_stdp_w_new[3]_i_5/O
                         net (fo=1, routed)           0.000     4.628    u_stdp_divider/train_stdp_w_new[3]_i_5_n_0
    SLICE_X28Y19         CARRY4 (Prop_carry4_S[1]_CO[3])
                                                      0.550     5.178 r  u_stdp_divider/train_stdp_w_new_reg[3]_i_2/CO[3]
                         net (fo=1, routed)           0.000     5.178    u_stdp_divider/train_stdp_w_new_reg[3]_i_2_n_0
    SLICE_X28Y20         CARRY4 (Prop_carry4_CI_CO[3])
                                                      0.114     5.292 r  u_stdp_divider/train_stdp_w_new_reg[7]_i_2/CO[3]
                         net (fo=1, routed)           0.000     5.292    u_stdp_divider/train_stdp_w_new_reg[7]_i_2_n_0
    SLICE_X28Y21         CARRY4 (Prop_carry4_CI_CO[3])
                                                      0.114     5.406 r  u_stdp_divider/train_stdp_w_new_reg[11]_i_3/CO[3]
                         net (fo=1, routed)           0.000     5.406    u_stdp_divider/train_stdp_w_new_reg[11]_i_3_n_0
    SLICE_X28Y22         CARRY4 (Prop_carry4_CI_CO[3])
                                                      0.114     5.520 r  u_stdp_divider/train_stdp_w_new_reg[15]_i_9/CO[3]
                         net (fo=1, routed)           0.000     5.520    u_stdp_divider/train_stdp_w_new_reg[15]_i_9_n_0
    SLICE_X28Y23         CARRY4 (Prop_carry4_CI_CO[3])
                                                      0.114     5.634 r  u_stdp_divider/train_stdp_w_new_reg[15]_i_66/CO[3]
                         net (fo=1, routed)           0.000     5.634    u_stdp_divider/train_stdp_w_new_reg[15]_i_66_n_0
    SLICE_X28Y24         CARRY4 (Prop_carry4_CI_CO[3])
                                                      0.114     5.748 r  u_stdp_divider/train_stdp_w_new_reg[15]_i_51/CO[3]
                         net (fo=1, routed)           0.009     5.757    u_stdp_divider/train_stdp_w_new_reg[15]_i_51_n_0
    SLICE_X28Y25         CARRY4 (Prop_carry4_CI_O[3])
                                                      0.313     6.070 f  u_stdp_divider/train_stdp_w_new_reg[15]_i_33/O[3]
                         net (fo=2, routed)           0.676     6.747    u_stdp_divider/w_next_q16_tmp2[27]
    SLICE_X31Y25         LUT2 (Prop_lut2_I0_O)        0.306     7.053 r  u_stdp_divider/train_stdp_w_new[15]_i_24/O
                         net (fo=1, routed)           0.000     7.053    u_stdp_divider/train_stdp_w_new[15]_i_24_n_0
    SLICE_X31Y25         CARRY4 (Prop_carry4_S[1]_CO[3])
                                                      0.550     7.603 r  u_stdp_divider/train_stdp_w_new_reg[15]_i_7/CO[3]
                         net (fo=10, routed)          0.676     8.279    u_stdp_divider/w_next_q16_tmp10_in
    SLICE_X31Y26         LUT4 (Prop_lut4_I3_O)        0.124     8.403 r  u_stdp_divider/train_stdp_w_new[11]_i_2/O
                         net (fo=7, routed)           0.347     8.750    u_stdp_divider/train_stdp_w_new[11]_i_2_n_0
    SLICE_X31Y27         LUT5 (Prop_lut5_I0_O)        0.124     8.874 r  u_stdp_divider/train_stdp_w_new[10]_i_1/O
                         net (fo=1, routed)           0.000     8.874    u_stdp_divider_n_21
    SLICE_X31Y27         FDRE                                         r  train_stdp_w_new_reg[10]/D
  -------------------------------------------------------------------    -------------------

                         (clock clk_passthrough_clk_wiz_0 rise edge)
                                                     10.000    10.000 r  
    N15                                               0.000    10.000 r  clk_100mhz (IN)
                         net (fo=0)                   0.000    10.000    u_ddr_clk_wiz/clk_100mhz
    N15                  IBUF (Prop_ibuf_I_O)         1.370    11.370 r  u_ddr_clk_wiz/clkin1_ibufg/O
                         net (fo=1, routed)           1.162    12.532    u_ddr_clk_wiz/clk_in1_clk_wiz_0
    MMCME2_ADV_X0Y0      MMCME2_ADV (Prop_mmcme2_adv_CLKIN1_CLKOUT5)
                                                     -7.221     5.311 r  u_ddr_clk_wiz/mmcm_adv_inst/CLKOUT5
                         net (fo=1, routed)           1.587     6.898    u_ddr_clk_wiz/clk_passthrough_clk_wiz_0
    BUFGCTRL_X0Y4        BUFG (Prop_bufg_I_O)         0.091     6.989 r  u_ddr_clk_wiz/clkout6_buf/O
                         net (fo=14115, routed)       1.431     8.420    core_clk
    SLICE_X31Y27         FDRE                                         r  train_stdp_w_new_reg[10]/C
                         clock pessimism              0.562     8.982    
                         clock uncertainty           -0.074     8.909    
    SLICE_X31Y27         FDRE (Setup_fdre_C_D)        0.029     8.938    train_stdp_w_new_reg[10]
  -------------------------------------------------------------------
                         required time                          8.938    
                         arrival time                          -8.874    
  -------------------------------------------------------------------
                         slack                                  0.063    





Min Delay Paths
--------------------------------------------------------------------------------------
Slack (MET) :             0.008ns  (arrival time - required time)
  Source:                 infer_delay_pipe_d1_reg[13]/C
                            (rising edge-triggered cell FDRE clocked by clk_passthrough_clk_wiz_0  {rise@0.000ns fall@5.000ns period=10.000ns})
  Destination:            infer_g_in_delay2_reg_0_63_12_14/RAMB/I
                            (rising edge-triggered cell RAMD64E clocked by clk_passthrough_clk_wiz_0  {rise@0.000ns fall@5.000ns period=10.000ns})
  Path Group:             clk_passthrough_clk_wiz_0
  Path Type:              Hold (Min at Fast Process Corner)
  Requirement:            0.000ns  (clk_passthrough_clk_wiz_0 rise@0.000ns - clk_passthrough_clk_wiz_0 rise@0.000ns)
  Data Path Delay:        0.423ns  (logic 0.186ns (43.951%)  route 0.237ns (56.049%))
  Logic Levels:           1  (LUT5=1)
  Clock Path Skew:        0.269ns (DCD - SCD - CPR)
    Destination Clock Delay (DCD):    -0.844ns
    Source Clock Delay      (SCD):    -0.605ns
    Clock Pessimism Removal (CPR):    -0.508ns

    Location             Delay type                Incr(ns)  Path(ns)    Netlist Resource(s)
  -------------------------------------------------------------------    -------------------
                         (clock clk_passthrough_clk_wiz_0 rise edge)
                                                      0.000     0.000 r  
    N15                                               0.000     0.000 r  clk_100mhz (IN)
                         net (fo=0)                   0.000     0.000    u_ddr_clk_wiz/clk_100mhz
    N15                  IBUF (Prop_ibuf_I_O)         0.209     0.209 r  u_ddr_clk_wiz/clkin1_ibufg/O
                         net (fo=1, routed)           0.440     0.649    u_ddr_clk_wiz/clk_in1_clk_wiz_0
    MMCME2_ADV_X0Y0      MMCME2_ADV (Prop_mmcme2_adv_CLKIN1_CLKOUT5)
                                                     -2.362    -1.714 r  u_ddr_clk_wiz/mmcm_adv_inst/CLKOUT5
                         net (fo=1, routed)           0.489    -1.225    u_ddr_clk_wiz/clk_passthrough_clk_wiz_0
    BUFGCTRL_X0Y4        BUFG (Prop_bufg_I_O)         0.026    -1.199 r  u_ddr_clk_wiz/clkout6_buf/O
                         net (fo=14115, routed)       0.594    -0.605    core_clk
    SLICE_X4Y49          FDRE                                         r  infer_delay_pipe_d1_reg[13]/C
  -------------------------------------------------------------------    -------------------
    SLICE_X4Y49          FDRE (Prop_fdre_C_Q)         0.141    -0.464 r  infer_delay_pipe_d1_reg[13]/Q
                         net (fo=1, routed)           0.137    -0.327    infer_delay_pipe_d1[13]
    SLICE_X5Y49          LUT5 (Prop_lut5_I2_O)        0.045    -0.282 r  infer_g_in_delay2_reg_0_63_12_14_i_2/O
                         net (fo=1, routed)           0.100    -0.182    infer_g_in_delay2_reg_0_63_12_14/DIB
    SLICE_X6Y50          RAMD64E                                      r  infer_g_in_delay2_reg_0_63_12_14/RAMB/I
  -------------------------------------------------------------------    -------------------

                         (clock clk_passthrough_clk_wiz_0 rise edge)
                                                      0.000     0.000 r  
    N15                                               0.000     0.000 r  clk_100mhz (IN)
                         net (fo=0)                   0.000     0.000    u_ddr_clk_wiz/clk_100mhz
    N15                  IBUF (Prop_ibuf_I_O)         0.396     0.396 r  u_ddr_clk_wiz/clkin1_ibufg/O
                         net (fo=1, routed)           0.480     0.876    u_ddr_clk_wiz/clk_in1_clk_wiz_0
    MMCME2_ADV_X0Y0      MMCME2_ADV (Prop_mmcme2_adv_CLKIN1_CLKOUT5)
                                                     -3.145    -2.269 r  u_ddr_clk_wiz/mmcm_adv_inst/CLKOUT5
                         net (fo=1, routed)           0.534    -1.735    u_ddr_clk_wiz/clk_passthrough_clk_wiz_0
    BUFGCTRL_X0Y4        BUFG (Prop_bufg_I_O)         0.029    -1.706 r  u_ddr_clk_wiz/clkout6_buf/O
                         net (fo=14115, routed)       0.863    -0.844    infer_g_in_delay2_reg_0_63_12_14/WCLK
    SLICE_X6Y50          RAMD64E                                      r  infer_g_in_delay2_reg_0_63_12_14/RAMB/CLK
                         clock pessimism              0.508    -0.336    
    SLICE_X6Y50          RAMD64E (Hold_ramd64e_CLK_I)
                                                      0.146    -0.190    infer_g_in_delay2_reg_0_63_12_14/RAMB
  -------------------------------------------------------------------
                         required time                          0.190    
                         arrival time                          -0.182    
  -------------------------------------------------------------------
                         slack                                  0.008    





Pulse Width Checks
--------------------------------------------------------------------------------------
Clock Name:         clk_passthrough_clk_wiz_0
Waveform(ns):       { 0.000 5.000 }
Period(ns):         10.000
Sources:            { u_ddr_clk_wiz/mmcm_adv_inst/CLKOUT5 }

Check Type        Corner  Lib Pin             Reference Pin  Required(ns)  Actual(ns)  Slack(ns)  Location         Pin
Min Period        n/a     DSP48E1/CLK         n/a            3.884         10.000      6.116      DSP48_X0Y3       infer_apply_exc_drive_prod_q32_reg/CLK
Max Period        n/a     MMCME2_ADV/CLKOUT5  n/a            213.360       10.000      203.360    MMCME2_ADV_X0Y0  u_ddr_clk_wiz/mmcm_adv_inst/CLKOUT5
Low Pulse Width   Slow    RAMS32/CLK          n/a            1.250         5.000       3.750      SLICE_X6Y35      infer_c_inh_state_reg_0_15_0_0/SP/CLK
High Pulse Width  Slow    RAMS32/CLK          n/a            1.250         5.000       3.750      SLICE_X6Y35      infer_c_inh_state_reg_0_15_0_0/SP/CLK



---------------------------------------------------------------------------------------------------
From Clock:  clkfbout_clk_wiz_0
  To Clock:  clkfbout_clk_wiz_0

Setup :           NA  Failing Endpoints,  Worst Slack           NA  ,  Total Violation           NA
Hold  :           NA  Failing Endpoints,  Worst Slack           NA  ,  Total Violation           NA
PW    :            0  Failing Endpoints,  Worst Slack        7.845ns,  Total Violation        0.000ns
---------------------------------------------------------------------------------------------------


Pulse Width Checks
--------------------------------------------------------------------------------------
Clock Name:         clkfbout_clk_wiz_0
Waveform(ns):       { 0.000 5.000 }
Period(ns):         10.000
Sources:            { u_ddr_clk_wiz/mmcm_adv_inst/CLKFBOUT }

Check Type  Corner  Lib Pin             Reference Pin  Required(ns)  Actual(ns)  Slack(ns)  Location         Pin
Min Period  n/a     BUFG/I              n/a            2.155         10.000      7.845      BUFGCTRL_X0Y5    u_ddr_clk_wiz/clkf_buf/I
Max Period  n/a     MMCME2_ADV/CLKFBIN  n/a            100.000       10.000      90.000     MMCME2_ADV_X0Y0  u_ddr_clk_wiz/mmcm_adv_inst/CLKFBIN



---------------------------------------------------------------------------------------------------
From Clock:  clk_passthrough_clk_wiz_0
  To Clock:  clk_controller_clk_wiz_0

Setup :            0  Failing Endpoints,  Worst Slack        3.779ns,  Total Violation        0.000ns
Hold  :           NA  Failing Endpoints,  Worst Slack           NA  ,  Total Violation           NA
---------------------------------------------------------------------------------------------------


Max Delay Paths
--------------------------------------------------------------------------------------
Slack (MET) :             3.779ns  (required time - arrival time)
  Source:                 ddr_req_toggle_core_reg/C
                            (rising edge-triggered cell FDRE clocked by clk_passthrough_clk_wiz_0  {rise@0.000ns fall@5.000ns period=10.000ns})
  Destination:            ddr_req_toggle_ddr_sync1_reg/D
                            (rising edge-triggered cell FDRE clocked by clk_controller_clk_wiz_0  {rise@0.000ns fall@6.000ns period=12.000ns})
  Path Group:             clk_controller_clk_wiz_0
  Path Type:              Setup (Max at Slow Process Corner)
  Requirement:            6.000ns  (MaxDelay Path 6.000ns)
  Data Path Delay:        2.126ns  (logic 0.518ns (24.367%)  route 1.608ns (75.633%))
  Logic Levels:           0  
  Timing Exception:       MaxDelay Path 6.000ns -datapath_only

    Location             Delay type                Incr(ns)  Path(ns)    Netlist Resource(s)
  -------------------------------------------------------------------    -------------------
    SLICE_X38Y68                                      0.000     0.000 r  ddr_req_toggle_core_reg/C
    SLICE_X38Y68         FDRE (Prop_fdre_C_Q)         0.518     0.518 r  ddr_req_toggle_core_reg/Q
                         net (fo=2, routed)           1.608     2.126    ddr_req_toggle_core__0
    SLICE_X36Y39         FDRE                                         r  ddr_req_toggle_ddr_sync1_reg/D
  -------------------------------------------------------------------    -------------------

                         max delay                    6.000     6.000    
    SLICE_X36Y39         FDRE (Setup_fdre_C_D)       -0.095     5.905    ddr_req_toggle_ddr_sync1_reg
  -------------------------------------------------------------------
                         required time                          5.905    
                         arrival time                          -2.126    
  -------------------------------------------------------------------
                         slack                                  3.779    





---------------------------------------------------------------------------------------------------
From Clock:  clk_controller_clk_wiz_0
  To Clock:  clk_passthrough_clk_wiz_0

Setup :            0  Failing Endpoints,  Worst Slack        4.401ns,  Total Violation        0.000ns
Hold  :           NA  Failing Endpoints,  Worst Slack           NA  ,  Total Violation           NA
---------------------------------------------------------------------------------------------------


Max Delay Paths
--------------------------------------------------------------------------------------
Slack (MET) :             4.401ns  (required time - arrival time)
  Source:                 ddr_rsp_toggle_ddr_reg/C
                            (rising edge-triggered cell FDRE clocked by clk_controller_clk_wiz_0  {rise@0.000ns fall@6.000ns period=12.000ns})
  Destination:            ddr_rsp_toggle_core_sync1_reg/D
                            (rising edge-triggered cell FDRE clocked by clk_passthrough_clk_wiz_0  {rise@0.000ns fall@5.000ns period=10.000ns})
  Path Group:             clk_passthrough_clk_wiz_0
  Path Type:              Setup (Max at Slow Process Corner)
  Requirement:            6.000ns  (MaxDelay Path 6.000ns)
  Data Path Delay:        1.504ns  (logic 0.456ns (30.314%)  route 1.048ns (69.686%))
  Logic Levels:           0  
  Timing Exception:       MaxDelay Path 6.000ns -datapath_only

    Location             Delay type                Incr(ns)  Path(ns)    Netlist Resource(s)
  -------------------------------------------------------------------    -------------------
    SLICE_X39Y39                                      0.000     0.000 r  ddr_rsp_toggle_ddr_reg/C
    SLICE_X39Y39         FDRE (Prop_fdre_C_Q)         0.456     0.456 r  ddr_rsp_toggle_ddr_reg/Q
                         net (fo=2, routed)           1.048     1.504    ddr_rsp_toggle_ddr_reg_n_0
    SLICE_X43Y58         FDRE                                         r  ddr_rsp_toggle_core_sync1_reg/D
  -------------------------------------------------------------------    -------------------

                         max delay                    6.000     6.000    
    SLICE_X43Y58         FDRE (Setup_fdre_C_D)       -0.095     5.905    ddr_rsp_toggle_core_sync1_reg
  -------------------------------------------------------------------
                         required time                          5.905    
                         arrival time                          -1.504    
  -------------------------------------------------------------------
                         slack                                  4.401    





