Copyright 1986-2022 Xilinx, Inc. All Rights Reserved. Copyright 2022-2025 Advanced Micro Devices, Inc. All Rights Reserved.
---------------------------------------------------------------------------------------------------------------------------------------------
| Tool Version : Vivado v.2025.1 (lin64) Build 6140274 Wed May 21 22:58:25 MDT 2025
| Date         : Fri Mar  6 20:37:38 2026
| Host         : eecs-digital-05 running 64-bit Ubuntu 24.04.3 LTS
| Command      : report_timing_summary -file obj/post_place_timing_summary.rpt
| Design       : top_level
| Device       : 7s50-csga324
| Speed File   : -1  PRODUCTION 1.23 2018-06-13
| Design State : Fully Placed
---------------------------------------------------------------------------------------------------------------------------------------------

Timing Summary Report

------------------------------------------------------------------------------------------------
| Timer Settings
| --------------
------------------------------------------------------------------------------------------------

  Enable Multi Corner Analysis               :  Yes
  Enable Pessimism Removal                   :  Yes
  Pessimism Removal Resolution               :  Nearest Common Node
  Enable Input Delay Default Clock           :  No
  Enable Preset / Clear Arcs                 :  No
  Disable Flight Delays                      :  No
  Ignore I/O Paths                           :  No
  Timing Early Launch at Borrowing Latches   :  No
  Borrow Time for Max Delay Exceptions       :  Yes
  Merge Timing Exceptions                    :  Yes
  Inter-SLR Compensation                     :  Conservative

  Corner  Analyze    Analyze    
  Name    Max Paths  Min Paths  
  ------  ---------  ---------  
  Slow    Yes        Yes        
  Fast    Yes        Yes        


------------------------------------------------------------------------------------------------
| Report Methodology
| ------------------
------------------------------------------------------------------------------------------------

No report available as report_methodology has not been run prior. Run report_methodology on the current design for the summary of methodology violations.



check_timing report

Table of Contents
-----------------
1. checking no_clock (0)
2. checking constant_clock (0)
3. checking pulse_width_clock (0)
4. checking unconstrained_internal_endpoints (0)
5. checking no_input_delay (22)
6. checking no_output_delay (52)
7. checking multiple_clock (0)
8. checking generated_clocks (0)
9. checking loops (0)
10. checking partial_input_delay (0)
11. checking partial_output_delay (0)
12. checking latch_loops (0)

1. checking no_clock (0)
------------------------
 There are 0 register/latch pins with no clock.


2. checking constant_clock (0)
------------------------------
 There are 0 register/latch pins with constant_clock.


3. checking pulse_width_clock (0)
---------------------------------
 There are 0 register/latch pins which need pulse_width check


4. checking unconstrained_internal_endpoints (0)
------------------------------------------------
 There are 0 pins that are not constrained for maximum delay.

 There are 0 pins that are not constrained for maximum delay due to constant clock.


5. checking no_input_delay (22)
-------------------------------
 There are 22 input ports with no input delay specified. (HIGH)

 There are 0 input ports with no input delay but user has a false path constraint.


6. checking no_output_delay (52)
--------------------------------
 There are 52 ports with no output delay specified. (HIGH)

 There are 0 ports with no output delay but user has a false path constraint

 There are 0 ports with no output delay but with a timing clock defined on it or propagating through it


7. checking multiple_clock (0)
------------------------------
 There are 0 register/latch pins with multiple clocks.


8. checking generated_clocks (0)
--------------------------------
 There are 0 generated clocks that are not connected to a clock source.


9. checking loops (0)
---------------------
 There are 0 combinational loops in the design.


10. checking partial_input_delay (0)
------------------------------------
 There are 0 input ports with partial input delay specified.


11. checking partial_output_delay (0)
-------------------------------------
 There are 0 ports with partial output delay specified.


12. checking latch_loops (0)
----------------------------
 There are 0 combinational latch loops in the design through latch input



------------------------------------------------------------------------------------------------
| Design Timing Summary
| ---------------------
------------------------------------------------------------------------------------------------

    WNS(ns)      TNS(ns)  TNS Failing Endpoints  TNS Total Endpoints      WHS(ns)      THS(ns)  THS Failing Endpoints  THS Total Endpoints     WPWS(ns)     TPWS(ns)  TPWS Failing Endpoints  TPWS Total Endpoints  
    -------      -------  ---------------------  -------------------      -------      -------  ---------------------  -------------------     --------     --------  ----------------------  --------------------  
      0.384        0.000                      0                41912       -0.203       -7.541                    133                41786        0.264        0.000                       0                 16940  


Timing constraints are not met.


------------------------------------------------------------------------------------------------
| Clock Summary
| -------------
------------------------------------------------------------------------------------------------

Clock                        Waveform(ns)         Period(ns)      Frequency(MHz)
-----                        ------------         ----------      --------------
gclk                         {0.000 4.000}        10.000          100.000         
  clk_camera_clk_wiz_0       {0.000 2.500}        5.000           200.000         
  clk_controller_clk_wiz_0   {0.000 6.000}        12.000          83.333          
  clk_ddr3_90_clk_wiz_0      {0.750 2.250}        3.000           333.333         
  clk_ddr3_clk_wiz_0         {0.000 1.500}        3.000           333.333         
  clk_passthrough_clk_wiz_0  {0.000 5.000}        10.000          100.000         
  clkfbout_clk_wiz_0         {0.000 5.000}        10.000          100.000         


------------------------------------------------------------------------------------------------
| Intra Clock Table
| -----------------
------------------------------------------------------------------------------------------------

Clock                            WNS(ns)      TNS(ns)  TNS Failing Endpoints  TNS Total Endpoints      WHS(ns)      THS(ns)  THS Failing Endpoints  THS Total Endpoints     WPWS(ns)     TPWS(ns)  TPWS Failing Endpoints  TPWS Total Endpoints  
-----                            -------      -------  ---------------------  -------------------      -------      -------  ---------------------  -------------------     --------     --------  ----------------------  --------------------  
gclk                                                                                                                                                                           2.000        0.000                       0                     1  
  clk_camera_clk_wiz_0                                                                                                                                                         0.264        0.000                       0                     3  
  clk_controller_clk_wiz_0         0.579        0.000                      0                 7810       -0.203       -3.496                     42                 7810        5.500        0.000                       0                  2968  
  clk_ddr3_90_clk_wiz_0                                                                                                                                                        0.845        0.000                       0                    20  
  clk_ddr3_clk_wiz_0                                                                                                                                                           0.845        0.000                       0                    63  
  clk_passthrough_clk_wiz_0        0.384        0.000                      0                33976       -0.138       -4.044                     91                33976        3.750        0.000                       0                 13882  
  clkfbout_clk_wiz_0                                                                                                                                                           7.845        0.000                       0                     3  


------------------------------------------------------------------------------------------------
| Inter Clock Table
| -----------------
------------------------------------------------------------------------------------------------

From Clock                 To Clock                       WNS(ns)      TNS(ns)  TNS Failing Endpoints  TNS Total Endpoints      WHS(ns)      THS(ns)  THS Failing Endpoints  THS Total Endpoints  
----------                 --------                       -------      -------  ---------------------  -------------------      -------      -------  ---------------------  -------------------  
clk_passthrough_clk_wiz_0  clk_controller_clk_wiz_0         3.697        0.000                      0                   74                                                                        
clk_controller_clk_wiz_0   clk_passthrough_clk_wiz_0        4.124        0.000                      0                   52                                                                        


------------------------------------------------------------------------------------------------
| Other Path Groups Table
| -----------------------
------------------------------------------------------------------------------------------------

Path Group    From Clock    To Clock          WNS(ns)      TNS(ns)  TNS Failing Endpoints  TNS Total Endpoints      WHS(ns)      THS(ns)  THS Failing Endpoints  THS Total Endpoints  
----------    ----------    --------          -------      -------  ---------------------  -------------------      -------      -------  ---------------------  -------------------  


------------------------------------------------------------------------------------------------
| Timing Details
| --------------
------------------------------------------------------------------------------------------------


---------------------------------------------------------------------------------------------------
From Clock:  gclk
  To Clock:  gclk

Setup :           NA  Failing Endpoints,  Worst Slack           NA  ,  Total Violation           NA
Hold  :           NA  Failing Endpoints,  Worst Slack           NA  ,  Total Violation           NA
PW    :            0  Failing Endpoints,  Worst Slack        2.000ns,  Total Violation        0.000ns
---------------------------------------------------------------------------------------------------


Pulse Width Checks
--------------------------------------------------------------------------------------
Clock Name:         gclk
Waveform(ns):       { 0.000 4.000 }
Period(ns):         10.000
Sources:            { clk_100mhz }

Check Type        Corner  Lib Pin            Reference Pin  Required(ns)  Actual(ns)  Slack(ns)  Location         Pin
Min Period        n/a     MMCME2_ADV/CLKIN1  n/a            1.249         10.000      8.751      MMCME2_ADV_X0Y0  u_ddr_clk_wiz/mmcm_adv_inst/CLKIN1
Max Period        n/a     MMCME2_ADV/CLKIN1  n/a            100.000       10.000      90.000     MMCME2_ADV_X0Y0  u_ddr_clk_wiz/mmcm_adv_inst/CLKIN1
Low Pulse Width   Slow    MMCME2_ADV/CLKIN1  n/a            2.000         6.000       4.000      MMCME2_ADV_X0Y0  u_ddr_clk_wiz/mmcm_adv_inst/CLKIN1
High Pulse Width  Slow    MMCME2_ADV/CLKIN1  n/a            2.000         4.000       2.000      MMCME2_ADV_X0Y0  u_ddr_clk_wiz/mmcm_adv_inst/CLKIN1



---------------------------------------------------------------------------------------------------
From Clock:  clk_camera_clk_wiz_0
  To Clock:  clk_camera_clk_wiz_0

Setup :           NA  Failing Endpoints,  Worst Slack           NA  ,  Total Violation           NA
Hold  :           NA  Failing Endpoints,  Worst Slack           NA  ,  Total Violation           NA
PW    :            0  Failing Endpoints,  Worst Slack        0.264ns,  Total Violation        0.000ns
---------------------------------------------------------------------------------------------------


Pulse Width Checks
--------------------------------------------------------------------------------------
Clock Name:         clk_camera_clk_wiz_0
Waveform(ns):       { 0.000 2.500 }
Period(ns):         5.000
Sources:            { u_ddr_clk_wiz/mmcm_adv_inst/CLKOUT3 }

Check Type  Corner  Lib Pin            Reference Pin  Required(ns)  Actual(ns)  Slack(ns)  Location         Pin
Min Period  n/a     IDELAYCTRL/REFCLK  n/a            3.225         5.000       1.775      IDELAYCTRL_X1Y0  u_ddr3_top/ddr3_phy_inst/IDELAYCTRL_inst/REFCLK
Max Period  n/a     IDELAYCTRL/REFCLK  n/a            5.264         5.000       0.264      IDELAYCTRL_X1Y0  u_ddr3_top/ddr3_phy_inst/IDELAYCTRL_inst/REFCLK



---------------------------------------------------------------------------------------------------
From Clock:  clk_controller_clk_wiz_0
  To Clock:  clk_controller_clk_wiz_0

Setup :            0  Failing Endpoints,  Worst Slack        0.579ns,  Total Violation        0.000ns
Hold  :           42  Failing Endpoints,  Worst Slack       -0.203ns,  Total Violation       -3.496ns
PW    :            0  Failing Endpoints,  Worst Slack        5.500ns,  Total Violation        0.000ns
---------------------------------------------------------------------------------------------------


Max Delay Paths
--------------------------------------------------------------------------------------
Slack (MET) :             0.579ns  (required time - arrival time)
  Source:                 u_ddr3_top/ddr3_controller_inst/bank_active_row_q_reg[7][0]/C
                            (rising edge-triggered cell FDRE clocked by clk_controller_clk_wiz_0  {rise@0.000ns fall@6.000ns period=12.000ns})
  Destination:            u_ddr3_top/ddr3_controller_inst/o_wb_stall_reg/D
                            (rising edge-triggered cell FDRE clocked by clk_controller_clk_wiz_0  {rise@0.000ns fall@6.000ns period=12.000ns})
  Path Group:             clk_controller_clk_wiz_0
  Path Type:              Setup (Max at Slow Process Corner)
  Requirement:            12.000ns  (clk_controller_clk_wiz_0 rise@12.000ns - clk_controller_clk_wiz_0 rise@0.000ns)
  Data Path Delay:        11.333ns  (logic 4.712ns (41.578%)  route 6.621ns (58.422%))
  Logic Levels:           16  (CARRY4=4 LUT2=1 LUT5=1 LUT6=8 MUXF7=2)
  Clock Path Skew:        -0.041ns (DCD - SCD + CPR)
    Destination Clock Delay (DCD):    -1.613ns = ( 10.387 - 12.000 ) 
    Source Clock Delay      (SCD):    -1.020ns
    Clock Pessimism Removal (CPR):    0.553ns
  Clock Uncertainty:      0.076ns  ((TSJ^2 + DJ^2)^1/2) / 2 + PE
    Total System Jitter     (TSJ):    0.071ns
    Discrete Jitter          (DJ):    0.134ns
    Phase Error              (PE):    0.000ns

    Location             Delay type                Incr(ns)  Path(ns)    Netlist Resource(s)
  -------------------------------------------------------------------    -------------------
                         (clock clk_controller_clk_wiz_0 rise edge)
                                                      0.000     0.000 r  
    N15                                               0.000     0.000 r  clk_100mhz (IN)
                         net (fo=0)                   0.000     0.000    u_ddr_clk_wiz/clk_100mhz
    N15                  IBUF (Prop_ibuf_I_O)         1.440     1.440 r  u_ddr_clk_wiz/clkin1_ibufg/O
                         net (fo=1, estimated)        1.233     2.673    u_ddr_clk_wiz/clk_in1_clk_wiz_0
    MMCME2_ADV_X0Y0      MMCME2_ADV (Prop_mmcme2_adv_CLKIN1_CLKOUT0)
                                                     -7.025    -4.352 r  u_ddr_clk_wiz/mmcm_adv_inst/CLKOUT0
                         net (fo=1, estimated)        1.666    -2.686    u_ddr_clk_wiz/clk_controller_clk_wiz_0
    BUFGCTRL_X0Y0        BUFG (Prop_bufg_I_O)         0.096    -2.590 r  u_ddr_clk_wiz/clkout1_buf/O
                         net (fo=2966, estimated)     1.570    -1.020    u_ddr3_top/ddr3_controller_inst/i_controller_clk
    SLICE_X56Y11         FDRE                                         r  u_ddr3_top/ddr3_controller_inst/bank_active_row_q_reg[7][0]/C
  -------------------------------------------------------------------    -------------------
    SLICE_X56Y11         FDRE (Prop_fdre_C_Q)         0.478    -0.542 r  u_ddr3_top/ddr3_controller_inst/bank_active_row_q_reg[7][0]/Q
                         net (fo=3, estimated)        1.005     0.463    u_ddr3_top/ddr3_controller_inst/bank_active_row_q_reg[7][0]
    SLICE_X56Y11         LUT6 (Prop_lut6_I0_O)        0.296     0.759 r  u_ddr3_top/ddr3_controller_inst/o_phy_cmd[23]_INST_0_i_116/O
                         net (fo=1, routed)           0.000     0.759    u_ddr3_top/ddr3_controller_inst/o_phy_cmd[23]_INST_0_i_116_n_0
    SLICE_X56Y11         MUXF7 (Prop_muxf7_I1_O)      0.214     0.973 r  u_ddr3_top/ddr3_controller_inst/o_phy_cmd[23]_INST_0_i_68/O
                         net (fo=2, estimated)        0.888     1.861    u_ddr3_top/ddr3_controller_inst/o_phy_cmd[23]_INST_0_i_68_n_0
    SLICE_X56Y8          LUT6 (Prop_lut6_I1_O)        0.297     2.158 r  u_ddr3_top/ddr3_controller_inst/o_phy_cmd[23]_INST_0_i_44/O
                         net (fo=1, routed)           0.000     2.158    u_ddr3_top/ddr3_controller_inst/o_phy_cmd[23]_INST_0_i_44_n_0
    SLICE_X56Y8          CARRY4 (Prop_carry4_S[0]_CO[3])
                                                      0.513     2.671 r  u_ddr3_top/ddr3_controller_inst/o_phy_cmd[23]_INST_0_i_21/CO[3]
                         net (fo=1, estimated)        0.000     2.671    u_ddr3_top/ddr3_controller_inst/o_phy_cmd[23]_INST_0_i_21_n_0
    SLICE_X56Y9          CARRY4 (Prop_carry4_CI_CO[0])
                                                      0.254     2.925 f  u_ddr3_top/ddr3_controller_inst/o_phy_cmd[23]_INST_0_i_10/CO[0]
                         net (fo=3, estimated)        0.345     3.270    u_ddr3_top/ddr3_controller_inst/precharge_slot_busy2
    SLICE_X54Y10         LUT2 (Prop_lut2_I1_O)        0.367     3.637 f  u_ddr3_top/ddr3_controller_inst/o_phy_cmd[92]_INST_0_i_2/O
                         net (fo=59, estimated)       0.401     4.038    u_ddr3_top/ddr3_controller_inst/o_phy_cmd[92]_INST_0_i_2_n_0
    SLICE_X57Y11         LUT6 (Prop_lut6_I1_O)        0.124     4.162 r  u_ddr3_top/ddr3_controller_inst/delay_before_precharge_counter_q[2][1]_i_2/O
                         net (fo=17, estimated)       0.853     5.015    u_ddr3_top/ddr3_controller_inst/delay_before_precharge_counter_q[2][1]_i_2_n_0
    SLICE_X60Y8          LUT5 (Prop_lut5_I3_O)        0.124     5.139 f  u_ddr3_top/ddr3_controller_inst/bank_active_row_q[2][2]_i_1/O
                         net (fo=3, estimated)        0.784     5.923    u_ddr3_top/ddr3_controller_inst/bank_active_row_q[2][2]_i_1_n_0
    SLICE_X60Y9          LUT6 (Prop_lut6_I0_O)        0.124     6.047 r  u_ddr3_top/ddr3_controller_inst/o_wb_stall_q_i_111/O
                         net (fo=1, routed)           0.000     6.047    u_ddr3_top/ddr3_controller_inst/o_wb_stall_q_i_111_n_0
    SLICE_X60Y9          MUXF7 (Prop_muxf7_I0_O)      0.241     6.288 r  u_ddr3_top/ddr3_controller_inst/o_wb_stall_q_reg_i_73/O
                         net (fo=1, estimated)        0.981     7.269    u_ddr3_top/ddr3_controller_inst/o_wb_stall_q_reg_i_73_n_0
    SLICE_X54Y8          LUT6 (Prop_lut6_I0_O)        0.298     7.567 r  u_ddr3_top/ddr3_controller_inst/o_wb_stall_q_i_53/O
                         net (fo=1, routed)           0.000     7.567    u_ddr3_top/ddr3_controller_inst/o_wb_stall_q_i_53_n_0
    SLICE_X54Y8          CARRY4 (Prop_carry4_S[0]_CO[3])
                                                      0.513     8.080 r  u_ddr3_top/ddr3_controller_inst/o_wb_stall_q_reg_i_29/CO[3]
                         net (fo=1, estimated)        0.000     8.080    u_ddr3_top/ddr3_controller_inst/o_wb_stall_q_reg_i_29_n_0
    SLICE_X54Y9          CARRY4 (Prop_carry4_CI_CO[0])
                                                      0.254     8.334 f  u_ddr3_top/ddr3_controller_inst/o_wb_stall_q_reg_i_12/CO[0]
                         net (fo=1, estimated)        0.478     8.812    u_ddr3_top/ddr3_controller_inst/stage2_stall2
    SLICE_X52Y11         LUT6 (Prop_lut6_I5_O)        0.367     9.179 r  u_ddr3_top/ddr3_controller_inst/o_wb_stall_q_i_2/O
                         net (fo=1, estimated)        0.569     9.748    u_ddr3_top/ddr3_controller_inst/o_wb_stall_q_i_2_n_0
    SLICE_X52Y13         LUT6 (Prop_lut6_I0_O)        0.124     9.872 r  u_ddr3_top/ddr3_controller_inst/o_wb_stall_q_i_1/O
                         net (fo=5, estimated)        0.317    10.189    u_ddr3_top/ddr3_controller_inst/o_wb_stall_d22_out
    SLICE_X51Y13         LUT6 (Prop_lut6_I2_O)        0.124    10.313 r  u_ddr3_top/ddr3_controller_inst/o_wb_stall_i_1/O
                         net (fo=1, routed)           0.000    10.313    u_ddr3_top/ddr3_controller_inst/o_wb_stall_i_1_n_0
    SLICE_X51Y13         FDRE                                         r  u_ddr3_top/ddr3_controller_inst/o_wb_stall_reg/D
  -------------------------------------------------------------------    -------------------

                         (clock clk_controller_clk_wiz_0 rise edge)
                                                     12.000    12.000 r  
    N15                                               0.000    12.000 r  clk_100mhz (IN)
                         net (fo=0)                   0.000    12.000    u_ddr_clk_wiz/clk_100mhz
    N15                  IBUF (Prop_ibuf_I_O)         1.370    13.370 r  u_ddr_clk_wiz/clkin1_ibufg/O
                         net (fo=1, estimated)        1.171    14.542    u_ddr_clk_wiz/clk_in1_clk_wiz_0
    MMCME2_ADV_X0Y0      MMCME2_ADV (Prop_mmcme2_adv_CLKIN1_CLKOUT0)
                                                     -7.279     7.263 r  u_ddr_clk_wiz/mmcm_adv_inst/CLKOUT0
                         net (fo=1, estimated)        1.583     8.846    u_ddr_clk_wiz/clk_controller_clk_wiz_0
    BUFGCTRL_X0Y0        BUFG (Prop_bufg_I_O)         0.091     8.937 r  u_ddr_clk_wiz/clkout1_buf/O
                         net (fo=2966, estimated)     1.450    10.387    u_ddr3_top/ddr3_controller_inst/i_controller_clk
    SLICE_X51Y13         FDRE                                         r  u_ddr3_top/ddr3_controller_inst/o_wb_stall_reg/C
                         clock pessimism              0.553    10.939    
                         clock uncertainty           -0.076    10.864    
    SLICE_X51Y13         FDRE (Setup_fdre_C_D)        0.029    10.893    u_ddr3_top/ddr3_controller_inst/o_wb_stall_reg
  -------------------------------------------------------------------
                         required time                         10.893    
                         arrival time                         -10.313    
  -------------------------------------------------------------------
                         slack                                  0.579    





Min Delay Paths
--------------------------------------------------------------------------------------
Slack (VIOLATED) :        -0.203ns  (arrival time - required time)
  Source:                 u_ddr3_top/ddr3_phy_inst/sync_rst_reg/C
                            (rising edge-triggered cell FDSE clocked by clk_controller_clk_wiz_0  {rise@0.000ns fall@6.000ns period=12.000ns})
  Destination:            u_ddr3_top/ddr3_phy_inst/genblk1[10].OSERDESE2_cmd/RST
                            (rising edge-triggered cell OSERDESE2 clocked by clk_controller_clk_wiz_0  {rise@0.000ns fall@6.000ns period=12.000ns})
  Path Group:             clk_controller_clk_wiz_0
  Path Type:              Hold (Min at Fast Process Corner)
  Requirement:            0.000ns  (clk_controller_clk_wiz_0 rise@0.000ns - clk_controller_clk_wiz_0 rise@0.000ns)
  Data Path Delay:        0.485ns  (logic 0.128ns (26.390%)  route 0.357ns (73.610%))
  Logic Levels:           0  
  Clock Path Skew:        0.182ns (DCD - SCD - CPR)
    Destination Clock Delay (DCD):    -0.687ns
    Source Clock Delay      (SCD):    -0.580ns
    Clock Pessimism Removal (CPR):    -0.289ns

    Location             Delay type                Incr(ns)  Path(ns)    Netlist Resource(s)
  -------------------------------------------------------------------    -------------------
                         (clock clk_controller_clk_wiz_0 rise edge)
                                                      0.000     0.000 r  
    N15                                               0.000     0.000 r  clk_100mhz (IN)
                         net (fo=0)                   0.000     0.000    u_ddr_clk_wiz/clk_100mhz
    N15                  IBUF (Prop_ibuf_I_O)         0.209     0.209 r  u_ddr_clk_wiz/clkin1_ibufg/O
                         net (fo=1, estimated)        0.520     0.728    u_ddr_clk_wiz/clk_in1_clk_wiz_0
    MMCME2_ADV_X0Y0      MMCME2_ADV (Prop_mmcme2_adv_CLKIN1_CLKOUT0)
                                                     -2.621    -1.893 r  u_ddr_clk_wiz/mmcm_adv_inst/CLKOUT0
                         net (fo=1, estimated)        0.702    -1.191    u_ddr_clk_wiz/clk_controller_clk_wiz_0
    BUFGCTRL_X0Y0        BUFG (Prop_bufg_I_O)         0.026    -1.165 r  u_ddr_clk_wiz/clkout1_buf/O
                         net (fo=2966, estimated)     0.585    -0.580    u_ddr3_top/ddr3_phy_inst/CLK
    SLICE_X59Y21         FDSE                                         r  u_ddr3_top/ddr3_phy_inst/sync_rst_reg/C
  -------------------------------------------------------------------    -------------------
    SLICE_X59Y21         FDSE (Prop_fdse_C_Q)         0.128    -0.452 r  u_ddr3_top/ddr3_phy_inst/sync_rst_reg/Q
                         net (fo=62, estimated)       0.357    -0.095    u_ddr3_top/ddr3_phy_inst/sync_rst
    OLOGIC_X1Y20         OSERDESE2                                    r  u_ddr3_top/ddr3_phy_inst/genblk1[10].OSERDESE2_cmd/RST
  -------------------------------------------------------------------    -------------------

                         (clock clk_controller_clk_wiz_0 rise edge)
                                                      0.000     0.000 r  
    N15                                               0.000     0.000 r  clk_100mhz (IN)
                         net (fo=0)                   0.000     0.000    u_ddr_clk_wiz/clk_100mhz
    N15                  IBUF (Prop_ibuf_I_O)         0.396     0.396 r  u_ddr_clk_wiz/clkin1_ibufg/O
                         net (fo=1, estimated)        0.547     0.943    u_ddr_clk_wiz/clk_in1_clk_wiz_0
    MMCME2_ADV_X0Y0      MMCME2_ADV (Prop_mmcme2_adv_CLKIN1_CLKOUT0)
                                                     -3.399    -2.456 r  u_ddr_clk_wiz/mmcm_adv_inst/CLKOUT0
                         net (fo=1, estimated)        0.739    -1.717    u_ddr_clk_wiz/clk_controller_clk_wiz_0
    BUFGCTRL_X0Y0        BUFG (Prop_bufg_I_O)         0.029    -1.688 r  u_ddr_clk_wiz/clkout1_buf/O
                         net (fo=2966, estimated)     1.001    -0.687    u_ddr3_top/ddr3_phy_inst/CLK
    OLOGIC_X1Y20         OSERDESE2                                    r  u_ddr3_top/ddr3_phy_inst/genblk1[10].OSERDESE2_cmd/CLKDIV
                         clock pessimism              0.289    -0.398    
    OLOGIC_X1Y20         OSERDESE2 (Hold_oserdese2_CLKDIV_RST)
                                                      0.506     0.108    u_ddr3_top/ddr3_phy_inst/genblk1[10].OSERDESE2_cmd
  -------------------------------------------------------------------
                         required time                         -0.108    
                         arrival time                          -0.095    
  -------------------------------------------------------------------
                         slack                                 -0.203    





Pulse Width Checks
--------------------------------------------------------------------------------------
Clock Name:         clk_controller_clk_wiz_0
Waveform(ns):       { 0.000 6.000 }
Period(ns):         12.000
Sources:            { u_ddr_clk_wiz/mmcm_adv_inst/CLKOUT0 }

Check Type        Corner  Lib Pin             Reference Pin  Required(ns)  Actual(ns)  Slack(ns)  Location         Pin
Min Period        n/a     IDELAYE2/C          n/a            2.360         12.000      9.640      IDELAY_X1Y45     u_ddr3_top/ddr3_phy_inst/genblk5[0].IDELAYE2_data/C
Max Period        n/a     MMCME2_ADV/CLKOUT0  n/a            213.360       12.000      201.360    MMCME2_ADV_X0Y0  u_ddr_clk_wiz/mmcm_adv_inst/CLKOUT0
Low Pulse Width   Slow    FDRE/C              n/a            0.500         6.000       5.500      SLICE_X36Y34     FSM_sequential_ddr_bridge_state_reg[0]/C
High Pulse Width  Slow    FDRE/C              n/a            0.500         6.000       5.500      SLICE_X36Y34     FSM_sequential_ddr_bridge_state_reg[0]/C



---------------------------------------------------------------------------------------------------
From Clock:  clk_ddr3_90_clk_wiz_0
  To Clock:  clk_ddr3_90_clk_wiz_0

Setup :           NA  Failing Endpoints,  Worst Slack           NA  ,  Total Violation           NA
Hold  :           NA  Failing Endpoints,  Worst Slack           NA  ,  Total Violation           NA
PW    :            0  Failing Endpoints,  Worst Slack        0.845ns,  Total Violation        0.000ns
---------------------------------------------------------------------------------------------------


Pulse Width Checks
--------------------------------------------------------------------------------------
Clock Name:         clk_ddr3_90_clk_wiz_0
Waveform(ns):       { 0.750 2.250 }
Period(ns):         3.000
Sources:            { u_ddr_clk_wiz/mmcm_adv_inst/CLKOUT2 }

Check Type  Corner  Lib Pin             Reference Pin  Required(ns)  Actual(ns)  Slack(ns)  Location         Pin
Min Period  n/a     BUFG/I              n/a            2.155         3.000       0.845      BUFGCTRL_X0Y2    u_ddr_clk_wiz/clkout3_buf/I
Max Period  n/a     MMCME2_ADV/CLKOUT2  n/a            213.360       3.000       210.360    MMCME2_ADV_X0Y0  u_ddr_clk_wiz/mmcm_adv_inst/CLKOUT2



---------------------------------------------------------------------------------------------------
From Clock:  clk_ddr3_clk_wiz_0
  To Clock:  clk_ddr3_clk_wiz_0

Setup :           NA  Failing Endpoints,  Worst Slack           NA  ,  Total Violation           NA
Hold  :           NA  Failing Endpoints,  Worst Slack           NA  ,  Total Violation           NA
PW    :            0  Failing Endpoints,  Worst Slack        0.845ns,  Total Violation        0.000ns
---------------------------------------------------------------------------------------------------


Pulse Width Checks
--------------------------------------------------------------------------------------
Clock Name:         clk_ddr3_clk_wiz_0
Waveform(ns):       { 0.000 1.500 }
Period(ns):         3.000
Sources:            { u_ddr_clk_wiz/mmcm_adv_inst/CLKOUT1 }

Check Type  Corner  Lib Pin             Reference Pin  Required(ns)  Actual(ns)  Slack(ns)  Location         Pin
Min Period  n/a     BUFG/I              n/a            2.155         3.000       0.845      BUFGCTRL_X0Y1    u_ddr_clk_wiz/clkout2_buf/I
Max Period  n/a     MMCME2_ADV/CLKOUT1  n/a            213.360       3.000       210.360    MMCME2_ADV_X0Y0  u_ddr_clk_wiz/mmcm_adv_inst/CLKOUT1



---------------------------------------------------------------------------------------------------
From Clock:  clk_passthrough_clk_wiz_0
  To Clock:  clk_passthrough_clk_wiz_0

Setup :            0  Failing Endpoints,  Worst Slack        0.384ns,  Total Violation        0.000ns
Hold  :           91  Failing Endpoints,  Worst Slack       -0.138ns,  Total Violation       -4.044ns
PW    :            0  Failing Endpoints,  Worst Slack        3.750ns,  Total Violation        0.000ns
---------------------------------------------------------------------------------------------------


Max Delay Paths
--------------------------------------------------------------------------------------
Slack (MET) :             0.384ns  (required time - arrival time)
  Source:                 infer_pass2_diff_c_inh_reg[1]/C
                            (rising edge-triggered cell FDRE clocked by clk_passthrough_clk_wiz_0  {rise@0.000ns fall@5.000ns period=10.000ns})
  Destination:            infer_g_inh_state_reg/DIADI[11]
                            (rising edge-triggered cell RAMB18E1 clocked by clk_passthrough_clk_wiz_0  {rise@0.000ns fall@5.000ns period=10.000ns})
  Path Group:             clk_passthrough_clk_wiz_0
  Path Type:              Setup (Max at Slow Process Corner)
  Requirement:            10.000ns  (clk_passthrough_clk_wiz_0 rise@10.000ns - clk_passthrough_clk_wiz_0 rise@0.000ns)
  Data Path Delay:        9.309ns  (logic 4.555ns (48.931%)  route 4.754ns (51.069%))
  Logic Levels:           13  (CARRY4=9 LUT1=1 LUT3=1 LUT4=2)
  Clock Path Skew:        0.007ns (DCD - SCD + CPR)
    Destination Clock Delay (DCD):    -1.571ns = ( 8.429 - 10.000 ) 
    Source Clock Delay      (SCD):    -1.026ns
    Clock Pessimism Removal (CPR):    0.553ns
  Clock Uncertainty:      0.074ns  ((TSJ^2 + DJ^2)^1/2) / 2 + PE
    Total System Jitter     (TSJ):    0.071ns
    Discrete Jitter          (DJ):    0.129ns
    Phase Error              (PE):    0.000ns

    Location             Delay type                Incr(ns)  Path(ns)    Netlist Resource(s)
  -------------------------------------------------------------------    -------------------
                         (clock clk_passthrough_clk_wiz_0 rise edge)
                                                      0.000     0.000 r  
    N15                                               0.000     0.000 r  clk_100mhz (IN)
                         net (fo=0)                   0.000     0.000    u_ddr_clk_wiz/clk_100mhz
    N15                  IBUF (Prop_ibuf_I_O)         1.440     1.440 r  u_ddr_clk_wiz/clkin1_ibufg/O
                         net (fo=1, estimated)        1.233     2.673    u_ddr_clk_wiz/clk_in1_clk_wiz_0
    MMCME2_ADV_X0Y0      MMCME2_ADV (Prop_mmcme2_adv_CLKIN1_CLKOUT5)
                                                     -7.025    -4.352 r  u_ddr_clk_wiz/mmcm_adv_inst/CLKOUT5
                         net (fo=1, estimated)        1.666    -2.686    u_ddr_clk_wiz/clk_passthrough_clk_wiz_0
    BUFGCTRL_X0Y4        BUFG (Prop_bufg_I_O)         0.096    -2.590 r  u_ddr_clk_wiz/clkout6_buf/O
                         net (fo=13899, estimated)    1.564    -1.026    core_clk
    SLICE_X14Y15         FDRE                                         r  infer_pass2_diff_c_inh_reg[1]/C
  -------------------------------------------------------------------    -------------------
    SLICE_X14Y15         FDRE (Prop_fdre_C_Q)         0.518    -0.508 f  infer_pass2_diff_c_inh_reg[1]/Q
                         net (fo=8, estimated)        0.954     0.446    infer_pass2_diff_c_inh_reg_n_0_[1]
    SLICE_X7Y8           LUT1 (Prop_lut1_I0_O)        0.124     0.570 r  infer_g_inh_state_reg_i_243/O
                         net (fo=1, routed)           0.000     0.570    infer_g_inh_state_reg_i_243_n_0
    SLICE_X7Y8           CARRY4 (Prop_carry4_S[1]_CO[3])
                                                      0.550     1.120 r  infer_g_inh_state_reg_i_222/CO[3]
                         net (fo=1, estimated)        0.000     1.120    infer_g_inh_state_reg_i_222_n_0
    SLICE_X7Y9           CARRY4 (Prop_carry4_CI_CO[3])
                                                      0.114     1.234 r  infer_g_inh_state_reg_i_232/CO[3]
                         net (fo=1, estimated)        0.000     1.234    infer_g_inh_state_reg_i_232_n_0
    SLICE_X7Y10          CARRY4 (Prop_carry4_CI_CO[3])
                                                      0.114     1.348 r  infer_g_inh_state_reg_i_220/CO[3]
                         net (fo=1, estimated)        0.000     1.348    infer_g_inh_state_reg_i_220_n_0
    SLICE_X7Y11          CARRY4 (Prop_carry4_CI_O[1])
                                                      0.334     1.682 r  infer_g_inh_state_reg_i_170/O[1]
                         net (fo=2, estimated)        0.786     2.468    infer_g_inh_state_reg_i_170_n_6
    SLICE_X14Y11         LUT3 (Prop_lut3_I1_O)        0.303     2.771 r  infer_g_inh_state_reg_i_138/O
                         net (fo=2, estimated)        0.448     3.219    infer_g_inh_state_reg_i_138_n_0
    SLICE_X12Y10         LUT4 (Prop_lut4_I3_O)        0.124     3.343 r  infer_g_inh_state_reg_i_142/O
                         net (fo=1, routed)           0.000     3.343    infer_g_inh_state_reg_i_142_n_0
    SLICE_X12Y10         CARRY4 (Prop_carry4_S[1]_CO[3])
                                                      0.533     3.876 r  infer_g_inh_state_reg_i_72/CO[3]
                         net (fo=1, estimated)        0.000     3.876    infer_g_inh_state_reg_i_72_n_0
    SLICE_X12Y11         CARRY4 (Prop_carry4_CI_O[2])
                                                      0.239     4.115 r  infer_g_inh_state_reg_i_67/O[2]
                         net (fo=3, estimated)        0.662     4.777    p_0_in__1[19]
    SLICE_X13Y10         CARRY4 (Prop_carry4_S[1]_CO[3])
                                                      0.851     5.628 r  infer_g_inh_state_reg_i_39/CO[3]
                         net (fo=1, estimated)        0.000     5.628    infer_g_inh_state_reg_i_39_n_0
    SLICE_X13Y11         CARRY4 (Prop_carry4_CI_CO[3])
                                                      0.114     5.742 r  infer_g_inh_state_reg_i_37/CO[3]
                         net (fo=1, estimated)        0.000     5.742    infer_g_inh_state_reg_i_37_n_0
    SLICE_X13Y12         CARRY4 (Prop_carry4_CI_O[1])
                                                      0.334     6.076 r  infer_g_inh_state_reg_i_35/O[1]
                         net (fo=1, estimated)        1.101     7.177    infer_g_inh_state_reg_i_35_n_6
    SLICE_X10Y3          LUT4 (Prop_lut4_I0_O)        0.303     7.480 r  infer_g_inh_state_reg_i_7/O
                         net (fo=1, estimated)        0.803     8.283    infer_g_inh_state_reg_i_7_n_0
    RAMB18_X0Y5          RAMB18E1                                     r  infer_g_inh_state_reg/DIADI[11]
  -------------------------------------------------------------------    -------------------

                         (clock clk_passthrough_clk_wiz_0 rise edge)
                                                     10.000    10.000 r  
    N15                                               0.000    10.000 r  clk_100mhz (IN)
                         net (fo=0)                   0.000    10.000    u_ddr_clk_wiz/clk_100mhz
    N15                  IBUF (Prop_ibuf_I_O)         1.370    11.370 r  u_ddr_clk_wiz/clkin1_ibufg/O
                         net (fo=1, estimated)        1.171    12.542    u_ddr_clk_wiz/clk_in1_clk_wiz_0
    MMCME2_ADV_X0Y0      MMCME2_ADV (Prop_mmcme2_adv_CLKIN1_CLKOUT5)
                                                     -7.279     5.263 r  u_ddr_clk_wiz/mmcm_adv_inst/CLKOUT5
                         net (fo=1, estimated)        1.583     6.846    u_ddr_clk_wiz/clk_passthrough_clk_wiz_0
    BUFGCTRL_X0Y4        BUFG (Prop_bufg_I_O)         0.091     6.937 r  u_ddr_clk_wiz/clkout6_buf/O
                         net (fo=13899, estimated)    1.492     8.429    core_clk
    RAMB18_X0Y5          RAMB18E1                                     r  infer_g_inh_state_reg/CLKBWRCLK
                         clock pessimism              0.553     8.982    
                         clock uncertainty           -0.074     8.908    
    RAMB18_X0Y5          RAMB18E1 (Setup_ramb18e1_CLKBWRCLK_DIADI[11])
                                                     -0.241     8.667    infer_g_inh_state_reg
  -------------------------------------------------------------------
                         required time                          8.667    
                         arrival time                          -8.283    
  -------------------------------------------------------------------
                         slack                                  0.384    





Min Delay Paths
--------------------------------------------------------------------------------------
Slack (VIOLATED) :        -0.138ns  (arrival time - required time)
  Source:                 infer_pre_spike_wr_addr_reg[5]/C
                            (rising edge-triggered cell FDRE clocked by clk_passthrough_clk_wiz_0  {rise@0.000ns fall@5.000ns period=10.000ns})
  Destination:            u_infer_pre_spike_map/xpm_memory_base_inst/gen_wr_a.gen_word_narrow.mem_reg_384_511_0_0/DP.HIGH/WADR5
                            (rising edge-triggered cell RAMD64E clocked by clk_passthrough_clk_wiz_0  {rise@0.000ns fall@5.000ns period=10.000ns})
  Path Group:             clk_passthrough_clk_wiz_0
  Path Type:              Hold (Min at Fast Process Corner)
  Requirement:            0.000ns  (clk_passthrough_clk_wiz_0 rise@0.000ns - clk_passthrough_clk_wiz_0 rise@0.000ns)
  Data Path Delay:        0.308ns  (logic 0.141ns (45.791%)  route 0.167ns (54.209%))
  Logic Levels:           0  
  Clock Path Skew:        0.276ns (DCD - SCD - CPR)
    Destination Clock Delay (DCD):    -0.853ns
    Source Clock Delay      (SCD):    -0.606ns
    Clock Pessimism Removal (CPR):    -0.523ns

    Location             Delay type                Incr(ns)  Path(ns)    Netlist Resource(s)
  -------------------------------------------------------------------    -------------------
                         (clock clk_passthrough_clk_wiz_0 rise edge)
                                                      0.000     0.000 r  
    N15                                               0.000     0.000 r  clk_100mhz (IN)
                         net (fo=0)                   0.000     0.000    u_ddr_clk_wiz/clk_100mhz
    N15                  IBUF (Prop_ibuf_I_O)         0.209     0.209 r  u_ddr_clk_wiz/clkin1_ibufg/O
                         net (fo=1, estimated)        0.520     0.728    u_ddr_clk_wiz/clk_in1_clk_wiz_0
    MMCME2_ADV_X0Y0      MMCME2_ADV (Prop_mmcme2_adv_CLKIN1_CLKOUT5)
                                                     -2.621    -1.893 r  u_ddr_clk_wiz/mmcm_adv_inst/CLKOUT5
                         net (fo=1, estimated)        0.702    -1.191    u_ddr_clk_wiz/clk_passthrough_clk_wiz_0
    BUFGCTRL_X0Y4        BUFG (Prop_bufg_I_O)         0.026    -1.165 r  u_ddr_clk_wiz/clkout6_buf/O
                         net (fo=13899, estimated)    0.559    -0.606    core_clk
    SLICE_X41Y50         FDRE                                         r  infer_pre_spike_wr_addr_reg[5]/C
  -------------------------------------------------------------------    -------------------
    SLICE_X41Y50         FDRE (Prop_fdre_C_Q)         0.141    -0.465 r  infer_pre_spike_wr_addr_reg[5]/Q
                         net (fo=37, estimated)       0.167    -0.298    u_infer_pre_spike_map/xpm_memory_base_inst/gen_wr_a.gen_word_narrow.mem_reg_384_511_0_0/A5
    SLICE_X42Y49         RAMD64E                                      r  u_infer_pre_spike_map/xpm_memory_base_inst/gen_wr_a.gen_word_narrow.mem_reg_384_511_0_0/DP.HIGH/WADR5
  -------------------------------------------------------------------    -------------------

                         (clock clk_passthrough_clk_wiz_0 rise edge)
                                                      0.000     0.000 r  
    N15                                               0.000     0.000 r  clk_100mhz (IN)
                         net (fo=0)                   0.000     0.000    u_ddr_clk_wiz/clk_100mhz
    N15                  IBUF (Prop_ibuf_I_O)         0.396     0.396 r  u_ddr_clk_wiz/clkin1_ibufg/O
                         net (fo=1, estimated)        0.547     0.943    u_ddr_clk_wiz/clk_in1_clk_wiz_0
    MMCME2_ADV_X0Y0      MMCME2_ADV (Prop_mmcme2_adv_CLKIN1_CLKOUT5)
                                                     -3.399    -2.456 r  u_ddr_clk_wiz/mmcm_adv_inst/CLKOUT5
                         net (fo=1, estimated)        0.739    -1.717    u_ddr_clk_wiz/clk_passthrough_clk_wiz_0
    BUFGCTRL_X0Y4        BUFG (Prop_bufg_I_O)         0.029    -1.688 r  u_ddr_clk_wiz/clkout6_buf/O
                         net (fo=13899, estimated)    0.835    -0.853    u_infer_pre_spike_map/xpm_memory_base_inst/gen_wr_a.gen_word_narrow.mem_reg_384_511_0_0/WCLK
    SLICE_X42Y49         RAMD64E                                      r  u_infer_pre_spike_map/xpm_memory_base_inst/gen_wr_a.gen_word_narrow.mem_reg_384_511_0_0/DP.HIGH/CLK
                         clock pessimism              0.523    -0.330    
    SLICE_X42Y49         RAMD64E (Hold_ramd64e_CLK_WADR5)
                                                      0.170    -0.160    u_infer_pre_spike_map/xpm_memory_base_inst/gen_wr_a.gen_word_narrow.mem_reg_384_511_0_0/DP.HIGH
  -------------------------------------------------------------------
                         required time                          0.160    
                         arrival time                          -0.298    
  -------------------------------------------------------------------
                         slack                                 -0.138    





Pulse Width Checks
--------------------------------------------------------------------------------------
Clock Name:         clk_passthrough_clk_wiz_0
Waveform(ns):       { 0.000 5.000 }
Period(ns):         10.000
Sources:            { u_ddr_clk_wiz/mmcm_adv_inst/CLKOUT5 }

Check Type        Corner  Lib Pin             Reference Pin  Required(ns)  Actual(ns)  Slack(ns)  Location         Pin
Min Period        n/a     DSP48E1/CLK         n/a            3.884         10.000      6.116      DSP48_X1Y1       infer_apply_exc_drive_prod_q32_reg/CLK
Max Period        n/a     MMCME2_ADV/CLKOUT5  n/a            213.360       10.000      203.360    MMCME2_ADV_X0Y0  u_ddr_clk_wiz/mmcm_adv_inst/CLKOUT5
Low Pulse Width   Slow    RAMS32/CLK          n/a            1.250         5.000       3.750      SLICE_X34Y15     infer_c_inh_state_reg_0_15_0_0/SP/CLK
High Pulse Width  Slow    RAMS32/CLK          n/a            1.250         5.000       3.750      SLICE_X34Y15     infer_c_inh_state_reg_0_15_0_0/SP/CLK



---------------------------------------------------------------------------------------------------
From Clock:  clkfbout_clk_wiz_0
  To Clock:  clkfbout_clk_wiz_0

Setup :           NA  Failing Endpoints,  Worst Slack           NA  ,  Total Violation           NA
Hold  :           NA  Failing Endpoints,  Worst Slack           NA  ,  Total Violation           NA
PW    :            0  Failing Endpoints,  Worst Slack        7.845ns,  Total Violation        0.000ns
---------------------------------------------------------------------------------------------------


Pulse Width Checks
--------------------------------------------------------------------------------------
Clock Name:         clkfbout_clk_wiz_0
Waveform(ns):       { 0.000 5.000 }
Period(ns):         10.000
Sources:            { u_ddr_clk_wiz/mmcm_adv_inst/CLKFBOUT }

Check Type  Corner  Lib Pin             Reference Pin  Required(ns)  Actual(ns)  Slack(ns)  Location         Pin
Min Period  n/a     BUFG/I              n/a            2.155         10.000      7.845      BUFGCTRL_X0Y5    u_ddr_clk_wiz/clkf_buf/I
Max Period  n/a     MMCME2_ADV/CLKFBIN  n/a            100.000       10.000      90.000     MMCME2_ADV_X0Y0  u_ddr_clk_wiz/mmcm_adv_inst/CLKFBIN



---------------------------------------------------------------------------------------------------
From Clock:  clk_passthrough_clk_wiz_0
  To Clock:  clk_controller_clk_wiz_0

Setup :            0  Failing Endpoints,  Worst Slack        3.697ns,  Total Violation        0.000ns
Hold  :           NA  Failing Endpoints,  Worst Slack           NA  ,  Total Violation           NA
---------------------------------------------------------------------------------------------------


Max Delay Paths
--------------------------------------------------------------------------------------
Slack (MET) :             3.697ns  (required time - arrival time)
  Source:                 u_cdc_req_payload/src_ff_reg[54]/C
                            (rising edge-triggered cell FDRE clocked by clk_passthrough_clk_wiz_0  {rise@0.000ns fall@5.000ns period=10.000ns})
  Destination:            u_cdc_req_payload/syncstages_ff_reg[0][54]/D
                            (rising edge-triggered cell FDRE clocked by clk_controller_clk_wiz_0  {rise@0.000ns fall@6.000ns period=12.000ns})
  Path Group:             clk_controller_clk_wiz_0
  Path Type:              Setup (Max at Slow Process Corner)
  Requirement:            6.000ns  (MaxDelay Path 6.000ns)
  Data Path Delay:        2.210ns  (logic 0.456ns (20.633%)  route 1.754ns (79.367%))
  Logic Levels:           0  
  Timing Exception:       MaxDelay Path 6.000ns -datapath_only

    Location             Delay type                Incr(ns)  Path(ns)    Netlist Resource(s)
  -------------------------------------------------------------------    -------------------
    SLICE_X37Y63                                      0.000     0.000 r  u_cdc_req_payload/src_ff_reg[54]/C
    SLICE_X37Y63         FDRE (Prop_fdre_C_Q)         0.456     0.456 r  u_cdc_req_payload/src_ff_reg[54]/Q
                         net (fo=1, estimated)        1.754     2.210    u_cdc_req_payload/async_path_bit[54]
    SLICE_X37Y33         FDRE                                         r  u_cdc_req_payload/syncstages_ff_reg[0][54]/D
  -------------------------------------------------------------------    -------------------

                         max delay                    6.000     6.000    
    SLICE_X37Y33         FDRE (Setup_fdre_C_D)       -0.093     5.907    u_cdc_req_payload/syncstages_ff_reg[0][54]
  -------------------------------------------------------------------
                         required time                          5.907    
                         arrival time                          -2.210    
  -------------------------------------------------------------------
                         slack                                  3.697    





---------------------------------------------------------------------------------------------------
From Clock:  clk_controller_clk_wiz_0
  To Clock:  clk_passthrough_clk_wiz_0

Setup :            0  Failing Endpoints,  Worst Slack        4.124ns,  Total Violation        0.000ns
Hold  :           NA  Failing Endpoints,  Worst Slack           NA  ,  Total Violation           NA
---------------------------------------------------------------------------------------------------


Max Delay Paths
--------------------------------------------------------------------------------------
Slack (MET) :             4.124ns  (required time - arrival time)
  Source:                 u_cdc_rsp_payload/src_ff_reg[24]/C
                            (rising edge-triggered cell FDRE clocked by clk_controller_clk_wiz_0  {rise@0.000ns fall@6.000ns period=12.000ns})
  Destination:            u_cdc_rsp_payload/syncstages_ff_reg[0][24]/D
                            (rising edge-triggered cell FDRE clocked by clk_passthrough_clk_wiz_0  {rise@0.000ns fall@5.000ns period=10.000ns})
  Path Group:             clk_passthrough_clk_wiz_0
  Path Type:              Setup (Max at Slow Process Corner)
  Requirement:            6.000ns  (MaxDelay Path 6.000ns)
  Data Path Delay:        1.656ns  (logic 0.419ns (25.302%)  route 1.237ns (74.698%))
  Logic Levels:           0  
  Timing Exception:       MaxDelay Path 6.000ns -datapath_only

    Location             Delay type                Incr(ns)  Path(ns)    Netlist Resource(s)
  -------------------------------------------------------------------    -------------------
    SLICE_X49Y33                                      0.000     0.000 r  u_cdc_rsp_payload/src_ff_reg[24]/C
    SLICE_X49Y33         FDRE (Prop_fdre_C_Q)         0.419     0.419 r  u_cdc_rsp_payload/src_ff_reg[24]/Q
                         net (fo=1, estimated)        1.237     1.656    u_cdc_rsp_payload/async_path_bit[24]
    SLICE_X50Y49         FDRE                                         r  u_cdc_rsp_payload/syncstages_ff_reg[0][24]/D
  -------------------------------------------------------------------    -------------------

                         max delay                    6.000     6.000    
    SLICE_X50Y49         FDRE (Setup_fdre_C_D)       -0.220     5.780    u_cdc_rsp_payload/syncstages_ff_reg[0][24]
  -------------------------------------------------------------------
                         required time                          5.780    
                         arrival time                          -1.656    
  -------------------------------------------------------------------
                         slack                                  4.124    





