Copyright 1986-2022 Xilinx, Inc. All Rights Reserved. Copyright 2022-2025 Advanced Micro Devices, Inc. All Rights Reserved.
---------------------------------------------------------------------------------------------------------------------------------------------
| Tool Version : Vivado v.2025.1 (lin64) Build 6140274 Wed May 21 22:58:25 MDT 2025
| Date         : Sat Mar  7 01:10:30 2026
| Host         : eecs-digital-09 running 64-bit Ubuntu 24.04.3 LTS
| Command      : report_timing -file obj/post_synth_timing.rpt
| Design       : top_level
| Device       : 7s50-csga324
| Speed File   : -1  PRODUCTION 1.23 2018-06-13
| Design State : Synthesized
---------------------------------------------------------------------------------------------------------------------------------------------

Timing Report

Slack (VIOLATED) :        -0.717ns  (required time - arrival time)
  Source:                 batch_current_sample_idx_reg[4]/C
                            (rising edge-triggered cell FDRE clocked by clk_passthrough_clk_wiz_0  {rise@0.000ns fall@5.000ns period=10.000ns})
  Destination:            sd_copy_lba_reg[31]/D
                            (rising edge-triggered cell FDRE clocked by clk_passthrough_clk_wiz_0  {rise@0.000ns fall@5.000ns period=10.000ns})
  Path Group:             clk_passthrough_clk_wiz_0
  Path Type:              Setup (Max at Slow Process Corner)
  Requirement:            10.000ns  (clk_passthrough_clk_wiz_0 rise@10.000ns - clk_passthrough_clk_wiz_0 rise@0.000ns)
  Data Path Delay:        10.527ns  (logic 5.561ns (52.826%)  route 4.966ns (47.174%))
  Logic Levels:           16  (CARRY4=11 LUT2=1 LUT3=1 LUT4=1 LUT6=2)
  Clock Path Skew:        -0.145ns (DCD - SCD + CPR)
    Destination Clock Delay (DCD):    -2.279ns = ( 7.721 - 10.000 ) 
    Source Clock Delay      (SCD):    -1.604ns
    Clock Pessimism Removal (CPR):    0.530ns
  Clock Uncertainty:      0.074ns  ((TSJ^2 + DJ^2)^1/2) / 2 + PE
    Total System Jitter     (TSJ):    0.071ns
    Discrete Jitter          (DJ):    0.129ns
    Phase Error              (PE):    0.000ns

    Location             Delay type                Incr(ns)  Path(ns)    Netlist Resource(s)
  -------------------------------------------------------------------    -------------------
                         (clock clk_passthrough_clk_wiz_0 rise edge)
                                                      0.000     0.000 r  
    N15                                               0.000     0.000 r  clk_100mhz (IN)
                         net (fo=0)                   0.000     0.000    u_ddr_clk_wiz/clk_100mhz
    N15                  IBUF (Prop_ibuf_I_O)         1.440     1.440 r  u_ddr_clk_wiz/clkin1_ibufg/O
                         net (fo=1, unplaced)         0.584     2.024    u_ddr_clk_wiz/clk_in1_clk_wiz_0
                         MMCME2_ADV (Prop_mmcme2_adv_CLKIN1_CLKOUT5)
                                                     -5.108    -3.083 r  u_ddr_clk_wiz/mmcm_adv_inst/CLKOUT5
                         net (fo=1, unplaced)         0.800    -2.284    u_ddr_clk_wiz/clk_passthrough_clk_wiz_0
                         BUFG (Prop_bufg_I_O)         0.096    -2.188 r  u_ddr_clk_wiz/clkout6_buf/O
                         net (fo=14049, unplaced)     0.584    -1.604    core_clk
                         FDRE                                         r  batch_current_sample_idx_reg[4]/C
  -------------------------------------------------------------------    -------------------
                         FDRE (Prop_fdre_C_Q)         0.456    -1.148 r  batch_current_sample_idx_reg[4]/Q
                         net (fo=2, unplaced)         0.994    -0.154    u_uart_rx/batch_current_sample_idx_reg[31]_0[4]
                         CARRY4 (Prop_carry4_S[3]_CO[3])
                                                      0.671     0.517 r  u_uart_rx/batch_img_byte_in_sector_reg[5]_i_2/CO[3]
                         net (fo=1, unplaced)         0.009     0.526    u_uart_rx/batch_img_byte_in_sector_reg[5]_i_2_n_0
                         CARRY4 (Prop_carry4_CI_CO[3])
                                                      0.117     0.643 r  u_uart_rx/batch_current_sample_idx_reg[8]_i_2/CO[3]
                         net (fo=1, unplaced)         0.000     0.643    u_uart_rx/batch_current_sample_idx_reg[8]_i_2_n_0
                         CARRY4 (Prop_carry4_CI_CO[3])
                                                      0.117     0.760 r  u_uart_rx/batch_current_sample_idx_reg[12]_i_2/CO[3]
                         net (fo=1, unplaced)         0.000     0.760    u_uart_rx/batch_current_sample_idx_reg[12]_i_2_n_0
                         CARRY4 (Prop_carry4_CI_O[0])
                                                      0.232     0.992 r  u_uart_rx/batch_current_sample_idx_reg[16]_i_2/O[0]
                         net (fo=7, unplaced)         0.776     1.768    u_uart_rx/batch_current_sample_idx_reg[16]_i_2_n_7
                         LUT3 (Prop_lut3_I0_O)        0.324     2.092 r  u_uart_rx/sd_copy_lba[19]_i_17/O
                         net (fo=2, unplaced)         0.517     2.609    u_uart_rx/sd_copy_lba[19]_i_17_n_0
                         LUT4 (Prop_lut4_I3_O)        0.331     2.940 r  u_uart_rx/sd_copy_lba[19]_i_21/O
                         net (fo=1, unplaced)         0.000     2.940    u_uart_rx/sd_copy_lba[19]_i_21_n_0
                         CARRY4 (Prop_carry4_S[3]_CO[3])
                                                      0.376     3.316 r  u_uart_rx/sd_copy_lba_reg[19]_i_12/CO[3]
                         net (fo=1, unplaced)         0.000     3.316    u_uart_rx/sd_copy_lba_reg[19]_i_12_n_0
                         CARRY4 (Prop_carry4_CI_O[0])
                                                      0.232     3.548 r  u_uart_rx/sd_copy_lba_reg[23]_i_12/O[0]
                         net (fo=1, unplaced)         0.974     4.522    u_uart_rx/sd_copy_lba3[24]
                         CARRY4 (Prop_carry4_S[2]_CO[3])
                                                      0.675     5.197 r  u_uart_rx/sd_copy_lba_reg[19]_i_10/CO[3]
                         net (fo=1, unplaced)         0.000     5.197    u_uart_rx/sd_copy_lba_reg[19]_i_10_n_0
                         CARRY4 (Prop_carry4_CI_O[3])
                                                      0.331     5.528 r  u_uart_rx/sd_copy_lba_reg[23]_i_9/O[3]
                         net (fo=1, unplaced)         0.618     6.146    u_uart_rx/sd_copy_lba_reg[23]_i_9_n_4
                         LUT2 (Prop_lut2_I1_O)        0.307     6.453 r  u_uart_rx/sd_copy_lba[23]_i_6/O
                         net (fo=1, unplaced)         0.000     6.453    u_uart_rx/sd_copy_lba[23]_i_6_n_0
                         CARRY4 (Prop_carry4_S[0]_CO[3])
                                                      0.513     6.966 r  u_uart_rx/sd_copy_lba_reg[23]_i_2/CO[3]
                         net (fo=1, unplaced)         0.000     6.966    u_uart_rx/sd_copy_lba_reg[23]_i_2_n_0
                         CARRY4 (Prop_carry4_CI_CO[3])
                                                      0.117     7.083 r  u_uart_rx/sd_copy_lba_reg[27]_i_5/CO[3]
                         net (fo=1, unplaced)         0.000     7.083    u_uart_rx/sd_copy_lba_reg[27]_i_5_n_0
                         CARRY4 (Prop_carry4_CI_O[3])
                                                      0.331     7.414 r  u_uart_rx/sd_copy_lba_reg[31]_i_8/O[3]
                         net (fo=2, unplaced)         0.629     8.043    u_uart_rx/sd_copy_lba03_out[31]
                         LUT6 (Prop_lut6_I2_O)        0.307     8.350 r  u_uart_rx/sd_copy_lba[31]_i_7/O
                         net (fo=1, unplaced)         0.449     8.799    u_uart_rx/sd_copy_lba[31]_i_7_n_0
                         LUT6 (Prop_lut6_I3_O)        0.124     8.923 r  u_uart_rx/sd_copy_lba[31]_i_2/O
                         net (fo=1, unplaced)         0.000     8.923    u_uart_rx_n_622
                         FDRE                                         r  sd_copy_lba_reg[31]/D
  -------------------------------------------------------------------    -------------------

                         (clock clk_passthrough_clk_wiz_0 rise edge)
                                                     10.000    10.000 r  
    N15                                               0.000    10.000 r  clk_100mhz (IN)
                         net (fo=0)                   0.000    10.000    u_ddr_clk_wiz/clk_100mhz
    N15                  IBUF (Prop_ibuf_I_O)         1.370    11.370 r  u_ddr_clk_wiz/clkin1_ibufg/O
                         net (fo=1, unplaced)         0.439    11.809    u_ddr_clk_wiz/clk_in1_clk_wiz_0
                         MMCME2_ADV (Prop_mmcme2_adv_CLKIN1_CLKOUT5)
                                                     -5.378     6.431 r  u_ddr_clk_wiz/mmcm_adv_inst/CLKOUT5
                         net (fo=1, unplaced)         0.760     7.191    u_ddr_clk_wiz/clk_passthrough_clk_wiz_0
                         BUFG (Prop_bufg_I_O)         0.091     7.282 r  u_ddr_clk_wiz/clkout6_buf/O
                         net (fo=14049, unplaced)     0.439     7.721    core_clk
                         FDRE                                         r  sd_copy_lba_reg[31]/C
                         clock pessimism              0.530     8.251    
                         clock uncertainty           -0.074     8.178    
                         FDRE (Setup_fdre_C_D)        0.029     8.207    sd_copy_lba_reg[31]
  -------------------------------------------------------------------
                         required time                          8.207    
                         arrival time                          -8.923    
  -------------------------------------------------------------------
                         slack                                 -0.717    




