Copyright 1986-2022 Xilinx, Inc. All Rights Reserved. Copyright 2022-2025 Advanced Micro Devices, Inc. All Rights Reserved.
---------------------------------------------------------------------------------------------------------------------------------------------
| Tool Version : Vivado v.2025.1 (lin64) Build 6140274 Wed May 21 22:58:25 MDT 2025
| Date         : Tue Mar  3 06:54:21 2026
| Host         : eecs-digital-13 running 64-bit Ubuntu 24.04.3 LTS
| Command      : report_utilization -file obj/post_synth_util.rpt -hierarchical -hierarchical_depth 4
| Design       : top_level
| Device       : xc7s50csga324-1
| Speed File   : -1
| Design State : Synthesized
---------------------------------------------------------------------------------------------------------------------------------------------

Utilization Design Information

Table of Contents
-----------------
1. Utilization by Hierarchy

1. Utilization by Hierarchy
---------------------------

+--------------------------+--------------------------------------+------------+------------+---------+------+-------+--------+--------+------------+
|         Instance         |                Module                | Total LUTs | Logic LUTs | LUTRAMs | SRLs |  FFs  | RAMB36 | RAMB18 | DSP Blocks |
+--------------------------+--------------------------------------+------------+------------+---------+------+-------+--------+--------+------------+
| top_level                |                                (top) |      16637 |      16140 |     497 |    0 | 15459 |     33 |     13 |         60 |
|   (top_level)            |                                (top) |       8105 |       7608 |     497 |    0 | 12324 |      1 |     10 |         60 |
|   u_cdc_req_payload      |                 xpm_cdc_array_single |          0 |          0 |       0 |    0 |   171 |      0 |      0 |          0 |
|   u_cdc_rsp_payload      | xpm_cdc_array_single__parameterized0 |          0 |          0 |       0 |    0 |    99 |      0 |      0 |          0 |
|   u_ddr3_top             |                             ddr3_top |       2898 |       2898 |       0 |    0 |  2354 |      0 |      0 |          0 |
|     (u_ddr3_top)         |                             ddr3_top |         64 |         64 |       0 |    0 |     0 |      0 |      0 |          0 |
|     ddr3_controller_inst |                      ddr3_controller |       2820 |       2820 |       0 |    0 |  2331 |      0 |      0 |          0 |
|   u_poisson_divider      |                            divider2b |        215 |        215 |       0 |    0 |   137 |      0 |      0 |          0 |
|   u_sd_controller        |                        sd_controller |       3234 |       3234 |       0 |    0 |   166 |      0 |      0 |          0 |
|   u_spike_count_bram     |    xpm_memory_sdpram__parameterized1 |        117 |        117 |       0 |    0 |     0 |      0 |      1 |          0 |
|     (u_spike_count_bram) |    xpm_memory_sdpram__parameterized1 |        117 |        117 |       0 |    0 |     0 |      0 |      0 |          0 |
|   u_stdp_divider         |                          divider2b_1 |        540 |        540 |       0 |    0 |   137 |      0 |      0 |          0 |
|   u_uart_rx              |                              uart_rx |       1417 |       1417 |       0 |    0 |    41 |      0 |      0 |          0 |
+--------------------------+--------------------------------------+------------+------------+---------+------+-------+--------+--------+------------+


