Copyright 1986-2022 Xilinx, Inc. All Rights Reserved. Copyright 2022-2025 Advanced Micro Devices, Inc. All Rights Reserved.
---------------------------------------------------------------------------------------------------------------------------------------------
| Tool Version : Vivado v.2025.1 (lin64) Build 6140274 Wed May 21 22:58:25 MDT 2025
| Date         : Tue Feb 10 03:04:27 2026
| Host         : eecs-digital-11 running 64-bit Ubuntu 24.04.3 LTS
| Command      : report_timing -file obj/post_place_timing.rpt
| Design       : top_level
| Device       : 7s50-csga324
| Speed File   : -1  PRODUCTION 1.23 2018-06-13
| Design State : Fully Placed
---------------------------------------------------------------------------------------------------------------------------------------------

Timing Report

Slack (MET) :             6.780ns  (required time - arrival time)
  Source:                 por_cnt_100_reg[14]/C
                            (rising edge-triggered cell FDRE clocked by gclk  {rise@0.000ns fall@4.000ns period=10.000ns})
  Destination:            por_cnt_100_reg[4]/CE
                            (rising edge-triggered cell FDRE clocked by gclk  {rise@0.000ns fall@4.000ns period=10.000ns})
  Path Group:             gclk
  Path Type:              Setup (Max at Slow Process Corner)
  Requirement:            10.000ns  (gclk rise@10.000ns - gclk rise@0.000ns)
  Data Path Delay:        2.954ns  (logic 0.704ns (23.832%)  route 2.250ns (76.168%))
  Logic Levels:           2  (LUT6=2)
  Clock Path Skew:        -0.026ns (DCD - SCD + CPR)
    Destination Clock Delay (DCD):    4.773ns = ( 14.773 - 10.000 ) 
    Source Clock Delay      (SCD):    5.065ns
    Clock Pessimism Removal (CPR):    0.267ns
  Clock Uncertainty:      0.035ns  ((TSJ^2 + TIJ^2)^1/2 + DJ) / 2 + PE
    Total System Jitter     (TSJ):    0.071ns
    Total Input Jitter      (TIJ):    0.000ns
    Discrete Jitter          (DJ):    0.000ns
    Phase Error              (PE):    0.000ns

    Location             Delay type                Incr(ns)  Path(ns)    Netlist Resource(s)
  -------------------------------------------------------------------    -------------------
                         (clock gclk rise edge)       0.000     0.000 r  
    N15                                               0.000     0.000 r  clk_100mhz (IN)
                         net (fo=0)                   0.000     0.000    clk_100mhz
    N15                  IBUF (Prop_ibuf_I_O)         1.440     1.440 r  clk_100mhz_IBUF_inst/O
                         net (fo=1, estimated)        1.972     3.412    clk_100mhz_IBUF
    BUFGCTRL_X0Y1        BUFG (Prop_bufg_I_O)         0.096     3.508 r  clk_100mhz_IBUF_BUFG_inst/O
                         net (fo=19, estimated)       1.557     5.065    clk_100mhz_IBUF_BUFG
    SLICE_X48Y52         FDRE                                         r  por_cnt_100_reg[14]/C
  -------------------------------------------------------------------    -------------------
    SLICE_X48Y52         FDRE (Prop_fdre_C_Q)         0.456     5.521 r  por_cnt_100_reg[14]/Q
                         net (fo=2, estimated)        0.876     6.397    por_cnt_100_reg[14]
    SLICE_X49Y52         LUT6 (Prop_lut6_I0_O)        0.124     6.521 r  por_reset_100_i_2/O
                         net (fo=1, estimated)        0.686     7.207    por_reset_100_i_2_n_0
    SLICE_X49Y49         LUT6 (Prop_lut6_I4_O)        0.124     7.331 r  por_reset_100_i_1/O
                         net (fo=17, estimated)       0.688     8.019    sel
    SLICE_X48Y50         FDRE                                         r  por_cnt_100_reg[4]/CE
  -------------------------------------------------------------------    -------------------

                         (clock gclk rise edge)      10.000    10.000 r  
    N15                                               0.000    10.000 r  clk_100mhz (IN)
                         net (fo=0)                   0.000    10.000    clk_100mhz
    N15                  IBUF (Prop_ibuf_I_O)         1.370    11.370 r  clk_100mhz_IBUF_inst/O
                         net (fo=1, estimated)        1.873    13.244    clk_100mhz_IBUF
    BUFGCTRL_X0Y1        BUFG (Prop_bufg_I_O)         0.091    13.335 r  clk_100mhz_IBUF_BUFG_inst/O
                         net (fo=19, estimated)       1.438    14.773    clk_100mhz_IBUF_BUFG
    SLICE_X48Y50         FDRE                                         r  por_cnt_100_reg[4]/C
                         clock pessimism              0.267    15.039    
                         clock uncertainty           -0.035    15.004    
    SLICE_X48Y50         FDRE (Setup_fdre_C_CE)      -0.205    14.799    por_cnt_100_reg[4]
  -------------------------------------------------------------------
                         required time                         14.799    
                         arrival time                          -8.019    
  -------------------------------------------------------------------
                         slack                                  6.780    




