Copyright 1986-2022 Xilinx, Inc. All Rights Reserved. Copyright 2022-2025 Advanced Micro Devices, Inc. All Rights Reserved.
---------------------------------------------------------------------------------------------------------------------------------------------
| Tool Version : Vivado v.2025.1 (lin64) Build 6140274 Wed May 21 22:58:25 MDT 2025
| Date         : Tue Feb 10 02:14:05 2026
| Host         : eecs-digital-05 running 64-bit Ubuntu 24.04.3 LTS
| Command      : report_timing -file obj/post_route_timing.rpt
| Design       : top_level
| Device       : 7s50-csga324
| Speed File   : -1  PRODUCTION 1.23 2018-06-13
| Design State : Routed
---------------------------------------------------------------------------------------------------------------------------------------------

Timing Report

Slack (MET) :             6.614ns  (required time - arrival time)
  Source:                 por_cnt_100_reg[14]/C
                            (rising edge-triggered cell FDRE clocked by gclk  {rise@0.000ns fall@4.000ns period=10.000ns})
  Destination:            por_cnt_100_reg[10]/CE
                            (rising edge-triggered cell FDRE clocked by gclk  {rise@0.000ns fall@4.000ns period=10.000ns})
  Path Group:             gclk
  Path Type:              Setup (Max at Slow Process Corner)
  Requirement:            10.000ns  (gclk rise@10.000ns - gclk rise@0.000ns)
  Data Path Delay:        3.121ns  (logic 0.704ns (22.558%)  route 2.417ns (77.442%))
  Logic Levels:           2  (LUT6=2)
  Clock Path Skew:        -0.025ns (DCD - SCD + CPR)
    Destination Clock Delay (DCD):    4.765ns = ( 14.765 - 10.000 ) 
    Source Clock Delay      (SCD):    5.062ns
    Clock Pessimism Removal (CPR):    0.272ns
  Clock Uncertainty:      0.035ns  ((TSJ^2 + TIJ^2)^1/2 + DJ) / 2 + PE
    Total System Jitter     (TSJ):    0.071ns
    Total Input Jitter      (TIJ):    0.000ns
    Discrete Jitter          (DJ):    0.000ns
    Phase Error              (PE):    0.000ns

    Location             Delay type                Incr(ns)  Path(ns)    Netlist Resource(s)
  -------------------------------------------------------------------    -------------------
                         (clock gclk rise edge)       0.000     0.000 r  
    N15                                               0.000     0.000 r  clk_100mhz (IN)
                         net (fo=0)                   0.000     0.000    clk_100mhz
    N15                  IBUF (Prop_ibuf_I_O)         1.440     1.440 r  clk_100mhz_IBUF_inst/O
                         net (fo=1, routed)           1.972     3.412    clk_100mhz_IBUF
    BUFGCTRL_X0Y1        BUFG (Prop_bufg_I_O)         0.096     3.508 r  clk_100mhz_IBUF_BUFG_inst/O
                         net (fo=19, routed)          1.554     5.062    clk_100mhz_IBUF_BUFG
    SLICE_X36Y52         FDRE                                         r  por_cnt_100_reg[14]/C
  -------------------------------------------------------------------    -------------------
    SLICE_X36Y52         FDRE (Prop_fdre_C_Q)         0.456     5.518 r  por_cnt_100_reg[14]/Q
                         net (fo=2, routed)           0.886     6.404    por_cnt_100_reg[14]
    SLICE_X37Y52         LUT6 (Prop_lut6_I0_O)        0.124     6.528 r  por_reset_100_i_2/O
                         net (fo=1, routed)           0.719     7.246    por_reset_100_i_2_n_0
    SLICE_X37Y49         LUT6 (Prop_lut6_I4_O)        0.124     7.370 r  por_reset_100_i_1/O
                         net (fo=17, routed)          0.812     8.183    sel
    SLICE_X36Y51         FDRE                                         r  por_cnt_100_reg[10]/CE
  -------------------------------------------------------------------    -------------------

                         (clock gclk rise edge)      10.000    10.000 r  
    N15                                               0.000    10.000 r  clk_100mhz (IN)
                         net (fo=0)                   0.000    10.000    clk_100mhz
    N15                  IBUF (Prop_ibuf_I_O)         1.370    11.370 r  clk_100mhz_IBUF_inst/O
                         net (fo=1, routed)           1.868    13.238    clk_100mhz_IBUF
    BUFGCTRL_X0Y1        BUFG (Prop_bufg_I_O)         0.091    13.329 r  clk_100mhz_IBUF_BUFG_inst/O
                         net (fo=19, routed)          1.436    14.765    clk_100mhz_IBUF_BUFG
    SLICE_X36Y51         FDRE                                         r  por_cnt_100_reg[10]/C
                         clock pessimism              0.272    15.037    
                         clock uncertainty           -0.035    15.001    
    SLICE_X36Y51         FDRE (Setup_fdre_C_CE)      -0.205    14.796    por_cnt_100_reg[10]
  -------------------------------------------------------------------
                         required time                         14.796    
                         arrival time                          -8.183    
  -------------------------------------------------------------------
                         slack                                  6.614    




