Copyright 1986-2022 Xilinx, Inc. All Rights Reserved. Copyright 2022-2025 Advanced Micro Devices, Inc. All Rights Reserved.
---------------------------------------------------------------------------------------------------------------------------------------------
| Tool Version : Vivado v.2025.1 (lin64) Build 6140274 Wed May 21 22:58:25 MDT 2025
| Date         : Tue Feb  3 08:48:26 2026
| Host         : eecs-digital-17 running 64-bit Ubuntu 24.04.3 LTS
| Command      : report_timing_summary -file obj/post_route_timing_summary.rpt
| Design       : top_level
| Device       : 7s50-csga324
| Speed File   : -1  PRODUCTION 1.23 2018-06-13
| Design State : Routed
---------------------------------------------------------------------------------------------------------------------------------------------

Timing Summary Report

------------------------------------------------------------------------------------------------
| Timer Settings
| --------------
------------------------------------------------------------------------------------------------

  Enable Multi Corner Analysis               :  Yes
  Enable Pessimism Removal                   :  Yes
  Pessimism Removal Resolution               :  Nearest Common Node
  Enable Input Delay Default Clock           :  No
  Enable Preset / Clear Arcs                 :  No
  Disable Flight Delays                      :  No
  Ignore I/O Paths                           :  No
  Timing Early Launch at Borrowing Latches   :  No
  Borrow Time for Max Delay Exceptions       :  Yes
  Merge Timing Exceptions                    :  Yes
  Inter-SLR Compensation                     :  Conservative

  Corner  Analyze    Analyze    
  Name    Max Paths  Min Paths  
  ------  ---------  ---------  
  Slow    Yes        Yes        
  Fast    Yes        Yes        


------------------------------------------------------------------------------------------------
| Report Methodology
| ------------------
------------------------------------------------------------------------------------------------

No report available as report_methodology has not been run prior. Run report_methodology on the current design for the summary of methodology violations.



check_timing report

Table of Contents
-----------------
1. checking no_clock (0)
2. checking constant_clock (0)
3. checking pulse_width_clock (0)
4. checking unconstrained_internal_endpoints (0)
5. checking no_input_delay (1)
6. checking no_output_delay (22)
7. checking multiple_clock (0)
8. checking generated_clocks (0)
9. checking loops (0)
10. checking partial_input_delay (0)
11. checking partial_output_delay (0)
12. checking latch_loops (0)

1. checking no_clock (0)
------------------------
 There are 0 register/latch pins with no clock.


2. checking constant_clock (0)
------------------------------
 There are 0 register/latch pins with constant_clock.


3. checking pulse_width_clock (0)
---------------------------------
 There are 0 register/latch pins which need pulse_width check


4. checking unconstrained_internal_endpoints (0)
------------------------------------------------
 There are 0 pins that are not constrained for maximum delay.

 There are 0 pins that are not constrained for maximum delay due to constant clock.


5. checking no_input_delay (1)
------------------------------
 There is 1 input port with no input delay specified. (HIGH)

 There are 0 input ports with no input delay but user has a false path constraint.


6. checking no_output_delay (22)
--------------------------------
 There are 22 ports with no output delay specified. (HIGH)

 There are 0 ports with no output delay but user has a false path constraint

 There are 0 ports with no output delay but with a timing clock defined on it or propagating through it


7. checking multiple_clock (0)
------------------------------
 There are 0 register/latch pins with multiple clocks.


8. checking generated_clocks (0)
--------------------------------
 There are 0 generated clocks that are not connected to a clock source.


9. checking loops (0)
---------------------
 There are 0 combinational loops in the design.


10. checking partial_input_delay (0)
------------------------------------
 There are 0 input ports with partial input delay specified.


11. checking partial_output_delay (0)
-------------------------------------
 There are 0 ports with partial output delay specified.


12. checking latch_loops (0)
----------------------------
 There are 0 combinational latch loops in the design through latch input



------------------------------------------------------------------------------------------------
| Design Timing Summary
| ---------------------
------------------------------------------------------------------------------------------------

    WNS(ns)      TNS(ns)  TNS Failing Endpoints  TNS Total Endpoints      WHS(ns)      THS(ns)  THS Failing Endpoints  THS Total Endpoints     WPWS(ns)     TPWS(ns)  TPWS Failing Endpoints  TPWS Total Endpoints  
    -------      -------  ---------------------  -------------------      -------      -------  ---------------------  -------------------     --------     --------  ----------------------  --------------------  
     -5.877     -380.733                     92                  814        0.061        0.000                      0                  814        3.500        0.000                       0                   291  


Timing constraints are not met.


------------------------------------------------------------------------------------------------
| Clock Summary
| -------------
------------------------------------------------------------------------------------------------

Clock  Waveform(ns)       Period(ns)      Frequency(MHz)
-----  ------------       ----------      --------------
gclk   {0.000 4.000}      10.000          100.000         


------------------------------------------------------------------------------------------------
| Intra Clock Table
| -----------------
------------------------------------------------------------------------------------------------

Clock             WNS(ns)      TNS(ns)  TNS Failing Endpoints  TNS Total Endpoints      WHS(ns)      THS(ns)  THS Failing Endpoints  THS Total Endpoints     WPWS(ns)     TPWS(ns)  TPWS Failing Endpoints  TPWS Total Endpoints  
-----             -------      -------  ---------------------  -------------------      -------      -------  ---------------------  -------------------     --------     --------  ----------------------  --------------------  
gclk               -5.877     -380.733                     92                  814        0.061        0.000                      0                  814        3.500        0.000                       0                   291  


------------------------------------------------------------------------------------------------
| Inter Clock Table
| -----------------
------------------------------------------------------------------------------------------------

From Clock    To Clock          WNS(ns)      TNS(ns)  TNS Failing Endpoints  TNS Total Endpoints      WHS(ns)      THS(ns)  THS Failing Endpoints  THS Total Endpoints  
----------    --------          -------      -------  ---------------------  -------------------      -------      -------  ---------------------  -------------------  


------------------------------------------------------------------------------------------------
| Other Path Groups Table
| -----------------------
------------------------------------------------------------------------------------------------

Path Group    From Clock    To Clock          WNS(ns)      TNS(ns)  TNS Failing Endpoints  TNS Total Endpoints      WHS(ns)      THS(ns)  THS Failing Endpoints  THS Total Endpoints  
----------    ----------    --------          -------      -------  ---------------------  -------------------      -------      -------  ---------------------  -------------------  


------------------------------------------------------------------------------------------------
| Timing Details
| --------------
------------------------------------------------------------------------------------------------


---------------------------------------------------------------------------------------------------
From Clock:  gclk
  To Clock:  gclk

Setup :           92  Failing Endpoints,  Worst Slack       -5.877ns,  Total Violation     -380.733ns
Hold  :            0  Failing Endpoints,  Worst Slack        0.061ns,  Total Violation        0.000ns
PW    :            0  Failing Endpoints,  Worst Slack        3.500ns,  Total Violation        0.000ns
---------------------------------------------------------------------------------------------------


Max Delay Paths
--------------------------------------------------------------------------------------
Slack (VIOLATED) :        -5.877ns  (required time - arrival time)
  Source:                 u_lif/v_mem_reg[0]/C
                            (rising edge-triggered cell FDRE clocked by gclk  {rise@0.000ns fall@4.000ns period=10.000ns})
  Destination:            u_lif/refr_cnt_reg[4]/CE
                            (rising edge-triggered cell FDRE clocked by gclk  {rise@0.000ns fall@4.000ns period=10.000ns})
  Path Group:             gclk
  Path Type:              Setup (Max at Slow Process Corner)
  Requirement:            10.000ns  (gclk rise@10.000ns - gclk rise@0.000ns)
  Data Path Delay:        15.605ns  (logic 9.079ns (58.180%)  route 6.526ns (41.820%))
  Logic Levels:           29  (CARRY4=23 LUT2=2 LUT3=1 LUT4=2 LUT5=1)
  Clock Path Skew:        -0.032ns (DCD - SCD + CPR)
    Destination Clock Delay (DCD):    4.767ns = ( 14.767 - 10.000 ) 
    Source Clock Delay      (SCD):    5.057ns
    Clock Pessimism Removal (CPR):    0.259ns
  Clock Uncertainty:      0.035ns  ((TSJ^2 + TIJ^2)^1/2 + DJ) / 2 + PE
    Total System Jitter     (TSJ):    0.071ns
    Total Input Jitter      (TIJ):    0.000ns
    Discrete Jitter          (DJ):    0.000ns
    Phase Error              (PE):    0.000ns

    Location             Delay type                Incr(ns)  Path(ns)    Netlist Resource(s)
  -------------------------------------------------------------------    -------------------
                         (clock gclk rise edge)       0.000     0.000 r  
    N15                                               0.000     0.000 r  clk_100mhz (IN)
                         net (fo=0)                   0.000     0.000    clk_100mhz
    N15                  IBUF (Prop_ibuf_I_O)         1.440     1.440 r  clk_100mhz_IBUF_inst/O
                         net (fo=1, routed)           1.972     3.412    clk_100mhz_IBUF
    BUFGCTRL_X0Y0        BUFG (Prop_bufg_I_O)         0.096     3.508 r  clk_100mhz_IBUF_BUFG_inst/O
                         net (fo=290, routed)         1.549     5.057    u_lif/CLK
    SLICE_X45Y23         FDRE                                         r  u_lif/v_mem_reg[0]/C
  -------------------------------------------------------------------    -------------------
    SLICE_X45Y23         FDRE (Prop_fdre_C_Q)         0.456     5.513 r  u_lif/v_mem_reg[0]/Q
                         net (fo=4, routed)           0.324     5.837    u_lif/v_mem_reg_n_0_[0]
    SLICE_X42Y23         CARRY4 (Prop_carry4_S[0]_CO[3])
                                                      0.637     6.474 r  u_lif/div_dividend_reg[3]_i_45/CO[3]
                         net (fo=1, routed)           0.000     6.474    u_lif/div_dividend_reg[3]_i_45_n_0
    SLICE_X42Y24         CARRY4 (Prop_carry4_CI_CO[3])
                                                      0.117     6.591 r  u_lif/div_dividend_reg[7]_i_23/CO[3]
                         net (fo=1, routed)           0.009     6.600    u_lif/div_dividend_reg[7]_i_23_n_0
    SLICE_X42Y25         CARRY4 (Prop_carry4_CI_O[1])
                                                      0.323     6.923 r  u_lif/div_dividend_reg[11]_i_23/O[1]
                         net (fo=15, routed)          0.601     7.525    u_lif/running8[9]
    SLICE_X44Y24         LUT2 (Prop_lut2_I1_O)        0.306     7.831 r  u_lif/div_dividend[3]_i_71/O
                         net (fo=1, routed)           0.000     7.831    u_lif/div_dividend[3]_i_71_n_0
    SLICE_X44Y24         CARRY4 (Prop_carry4_S[1]_CO[3])
                                                      0.550     8.381 r  u_lif/div_dividend_reg[3]_i_39/CO[3]
                         net (fo=1, routed)           0.009     8.390    u_lif/div_dividend_reg[3]_i_39_n_0
    SLICE_X44Y25         CARRY4 (Prop_carry4_CI_CO[3])
                                                      0.114     8.504 r  u_lif/div_dividend_reg[3]_i_26/CO[3]
                         net (fo=1, routed)           0.000     8.504    u_lif/div_dividend_reg[3]_i_26_n_0
    SLICE_X44Y26         CARRY4 (Prop_carry4_CI_CO[3])
                                                      0.114     8.618 r  u_lif/div_dividend_reg[7]_i_16/CO[3]
                         net (fo=1, routed)           0.000     8.618    u_lif/div_dividend_reg[7]_i_16_n_0
    SLICE_X44Y27         CARRY4 (Prop_carry4_CI_CO[3])
                                                      0.114     8.732 r  u_lif/div_dividend_reg[11]_i_16/CO[3]
                         net (fo=1, routed)           0.000     8.732    u_lif/div_dividend_reg[11]_i_16_n_0
    SLICE_X44Y28         CARRY4 (Prop_carry4_CI_CO[3])
                                                      0.114     8.846 r  u_lif/div_dividend_reg[15]_i_17/CO[3]
                         net (fo=1, routed)           0.000     8.846    u_lif/div_dividend_reg[15]_i_17_n_0
    SLICE_X44Y29         CARRY4 (Prop_carry4_CI_O[1])
                                                      0.334     9.180 r  u_lif/div_dividend_reg[15]_i_16/O[1]
                         net (fo=1, routed)           0.462     9.642    u_lif/div_dividend_reg[15]_i_16_n_6
    SLICE_X45Y31         CARRY4 (Prop_carry4_S[0]_O[1])
                                                      0.727    10.369 r  u_lif/div_dividend_reg[19]_i_22/O[1]
                         net (fo=3, routed)           0.539    10.908    u_lif/div_dividend_reg[19]_i_22_n_6
    SLICE_X42Y31         LUT3 (Prop_lut3_I2_O)        0.303    11.211 r  u_lif/div_dividend[19]_i_14/O
                         net (fo=1, routed)           0.823    12.034    u_lif/div_dividend[19]_i_14_n_0
    SLICE_X41Y29         CARRY4 (Prop_carry4_DI[0]_CO[3])
                                                      0.526    12.560 r  u_lif/div_dividend_reg[19]_i_5/CO[3]
                         net (fo=1, routed)           0.000    12.560    u_lif/div_dividend_reg[19]_i_5_n_0
    SLICE_X41Y30         CARRY4 (Prop_carry4_CI_O[1])
                                                      0.334    12.894 r  u_lif/div_dividend_reg[27]_i_11/O[1]
                         net (fo=3, routed)           0.630    13.524    u_lif/running6[21]
    SLICE_X40Y29         LUT4 (Prop_lut4_I2_O)        0.303    13.827 r  u_lif/div_dividend[23]_i_9/O
                         net (fo=1, routed)           0.000    13.827    u_lif/div_dividend[23]_i_9_n_0
    SLICE_X40Y29         CARRY4 (Prop_carry4_S[1]_CO[3])
                                                      0.550    14.377 r  u_lif/div_dividend_reg[23]_i_2/CO[3]
                         net (fo=1, routed)           0.000    14.377    u_lif/div_dividend_reg[23]_i_2_n_0
    SLICE_X40Y30         CARRY4 (Prop_carry4_CI_CO[3])
                                                      0.114    14.491 r  u_lif/div_dividend_reg[27]_i_2/CO[3]
                         net (fo=1, routed)           0.000    14.491    u_lif/div_dividend_reg[27]_i_2_n_0
    SLICE_X40Y31         CARRY4 (Prop_carry4_CI_O[3])
                                                      0.313    14.804 r  u_lif/div_dividend_reg[31]_i_3/O[3]
                         net (fo=65, routed)          0.672    15.476    u_lif/u_divider/O[0]
    SLICE_X40Y23         LUT2 (Prop_lut2_I0_O)        0.306    15.782 r  u_lif/u_divider/v_mem[3]_i_3/O
                         net (fo=1, routed)           0.341    16.124    u_lif/u_divider/v_mem[3]_i_3_n_0
    SLICE_X39Y24         CARRY4 (Prop_carry4_CYINIT_CO[3])
                                                      0.580    16.704 r  u_lif/u_divider/v_mem_reg[3]_i_2/CO[3]
                         net (fo=1, routed)           0.009    16.713    u_lif/u_divider/v_mem_reg[3]_i_2_n_0
    SLICE_X39Y25         CARRY4 (Prop_carry4_CI_CO[3])
                                                      0.114    16.827 r  u_lif/u_divider/v_mem_reg[7]_i_2/CO[3]
                         net (fo=1, routed)           0.000    16.827    u_lif/u_divider/v_mem_reg[7]_i_2_n_0
    SLICE_X39Y26         CARRY4 (Prop_carry4_CI_CO[3])
                                                      0.114    16.941 r  u_lif/u_divider/v_mem_reg[11]_i_2/CO[3]
                         net (fo=1, routed)           0.000    16.941    u_lif/u_divider/v_mem_reg[11]_i_2_n_0
    SLICE_X39Y27         CARRY4 (Prop_carry4_CI_CO[3])
                                                      0.114    17.055 r  u_lif/u_divider/v_mem_reg[15]_i_2/CO[3]
                         net (fo=1, routed)           0.000    17.055    u_lif/u_divider/v_mem_reg[15]_i_2_n_0
    SLICE_X39Y28         CARRY4 (Prop_carry4_CI_CO[3])
                                                      0.114    17.169 r  u_lif/u_divider/v_mem_reg[19]_i_2/CO[3]
                         net (fo=1, routed)           0.000    17.169    u_lif/u_divider/v_mem_reg[19]_i_2_n_0
    SLICE_X39Y29         CARRY4 (Prop_carry4_CI_CO[3])
                                                      0.114    17.283 r  u_lif/u_divider/v_mem_reg[23]_i_2/CO[3]
                         net (fo=1, routed)           0.000    17.283    u_lif/u_divider/v_mem_reg[23]_i_2_n_0
    SLICE_X39Y30         CARRY4 (Prop_carry4_CI_O[1])
                                                      0.334    17.617 r  u_lif/u_divider/v_mem_reg[27]_i_2/O[1]
                         net (fo=3, routed)           0.683    18.299    u_lif/u_divider/v_mem_reg[27]_i_2_n_6
    SLICE_X38Y30         LUT4 (Prop_lut4_I0_O)        0.303    18.602 r  u_lif/u_divider/v_mem[31]_i_18/O
                         net (fo=1, routed)           0.000    18.602    u_lif/u_divider/v_mem[31]_i_18_n_0
    SLICE_X38Y30         CARRY4 (Prop_carry4_S[0]_CO[3])
                                                      0.513    19.115 r  u_lif/u_divider/v_mem_reg[31]_i_5/CO[3]
                         net (fo=37, routed)          1.052    20.168    u_lif/u_divider/running1
    SLICE_X37Y30         LUT5 (Prop_lut5_I1_O)        0.124    20.292 r  u_lif/u_divider/refr_cnt[15]_i_1/O
                         net (fo=16, routed)          0.371    20.662    u_lif/u_divider_n_52
    SLICE_X36Y32         FDRE                                         r  u_lif/refr_cnt_reg[4]/CE
  -------------------------------------------------------------------    -------------------

                         (clock gclk rise edge)      10.000    10.000 r  
    N15                                               0.000    10.000 r  clk_100mhz (IN)
                         net (fo=0)                   0.000    10.000    clk_100mhz
    N15                  IBUF (Prop_ibuf_I_O)         1.370    11.370 r  clk_100mhz_IBUF_inst/O
                         net (fo=1, routed)           1.868    13.238    clk_100mhz_IBUF
    BUFGCTRL_X0Y0        BUFG (Prop_bufg_I_O)         0.091    13.329 r  clk_100mhz_IBUF_BUFG_inst/O
                         net (fo=290, routed)         1.437    14.767    u_lif/CLK
    SLICE_X36Y32         FDRE                                         r  u_lif/refr_cnt_reg[4]/C
                         clock pessimism              0.259    15.025    
                         clock uncertainty           -0.035    14.990    
    SLICE_X36Y32         FDRE (Setup_fdre_C_CE)      -0.205    14.785    u_lif/refr_cnt_reg[4]
  -------------------------------------------------------------------
                         required time                         14.785    
                         arrival time                         -20.662    
  -------------------------------------------------------------------
                         slack                                 -5.877    





Min Delay Paths
--------------------------------------------------------------------------------------
Slack (MET) :             0.061ns  (arrival time - required time)
  Source:                 u_lif/u_divider/data_valid_out_reg/C
                            (rising edge-triggered cell FDRE clocked by gclk  {rise@0.000ns fall@4.000ns period=10.000ns})
  Destination:            u_lif/FSM_sequential_lif_state_reg[0]/D
                            (rising edge-triggered cell FDRE clocked by gclk  {rise@0.000ns fall@4.000ns period=10.000ns})
  Path Group:             gclk
  Path Type:              Hold (Min at Fast Process Corner)
  Requirement:            0.000ns  (gclk rise@0.000ns - gclk rise@0.000ns)
  Data Path Delay:        0.415ns  (logic 0.186ns (44.845%)  route 0.229ns (55.155%))
  Logic Levels:           1  (LUT5=1)
  Clock Path Skew:        0.263ns (DCD - SCD - CPR)
    Destination Clock Delay (DCD):    1.932ns
    Source Clock Delay      (SCD):    1.419ns
    Clock Pessimism Removal (CPR):    0.250ns

    Location             Delay type                Incr(ns)  Path(ns)    Netlist Resource(s)
  -------------------------------------------------------------------    -------------------
                         (clock gclk rise edge)       0.000     0.000 r  
    N15                                               0.000     0.000 r  clk_100mhz (IN)
                         net (fo=0)                   0.000     0.000    clk_100mhz
    N15                  IBUF (Prop_ibuf_I_O)         0.209     0.209 r  clk_100mhz_IBUF_inst/O
                         net (fo=1, routed)           0.634     0.843    clk_100mhz_IBUF
    BUFGCTRL_X0Y0        BUFG (Prop_bufg_I_O)         0.026     0.869 r  clk_100mhz_IBUF_BUFG_inst/O
                         net (fo=290, routed)         0.551     1.419    u_lif/u_divider/CLK
    SLICE_X31Y23         FDRE                                         r  u_lif/u_divider/data_valid_out_reg/C
  -------------------------------------------------------------------    -------------------
    SLICE_X31Y23         FDRE (Prop_fdre_C_Q)         0.141     1.560 r  u_lif/u_divider/data_valid_out_reg/Q
                         net (fo=9, routed)           0.229     1.789    u_lif/u_divider/div_valid_out
    SLICE_X37Y22         LUT5 (Prop_lut5_I1_O)        0.045     1.834 r  u_lif/u_divider/FSM_sequential_lif_state[0]_i_1/O
                         net (fo=1, routed)           0.000     1.834    u_lif/u_divider_n_3
    SLICE_X37Y22         FDRE                                         r  u_lif/FSM_sequential_lif_state_reg[0]/D
  -------------------------------------------------------------------    -------------------

                         (clock gclk rise edge)       0.000     0.000 r  
    N15                                               0.000     0.000 r  clk_100mhz (IN)
                         net (fo=0)                   0.000     0.000    clk_100mhz
    N15                  IBUF (Prop_ibuf_I_O)         0.396     0.396 r  clk_100mhz_IBUF_inst/O
                         net (fo=1, routed)           0.689     1.085    clk_100mhz_IBUF
    BUFGCTRL_X0Y0        BUFG (Prop_bufg_I_O)         0.029     1.114 r  clk_100mhz_IBUF_BUFG_inst/O
                         net (fo=290, routed)         0.819     1.932    u_lif/CLK
    SLICE_X37Y22         FDRE                                         r  u_lif/FSM_sequential_lif_state_reg[0]/C
                         clock pessimism             -0.250     1.682    
    SLICE_X37Y22         FDRE (Hold_fdre_C_D)         0.091     1.773    u_lif/FSM_sequential_lif_state_reg[0]
  -------------------------------------------------------------------
                         required time                         -1.773    
                         arrival time                           1.834    
  -------------------------------------------------------------------
                         slack                                  0.061    





Pulse Width Checks
--------------------------------------------------------------------------------------
Clock Name:         gclk
Waveform(ns):       { 0.000 4.000 }
Period(ns):         10.000
Sources:            { clk_100mhz }

Check Type        Corner  Lib Pin  Reference Pin  Required(ns)  Actual(ns)  Slack(ns)  Location       Pin
Min Period        n/a     BUFG/I   n/a            2.155         10.000      7.845      BUFGCTRL_X0Y0  clk_100mhz_IBUF_BUFG_inst/I
Low Pulse Width   Slow    FDRE/C   n/a            0.500         6.000       5.500      SLICE_X44Y37   btn0_ff1_reg/C
High Pulse Width  Slow    FDRE/C   n/a            0.500         4.000       3.500      SLICE_X44Y37   btn0_ff1_reg/C



