Copyright 1986-2022 Xilinx, Inc. All Rights Reserved. Copyright 2022-2025 Advanced Micro Devices, Inc. All Rights Reserved.
---------------------------------------------------------------------------------------------------------------------------------------------
| Tool Version : Vivado v.2025.1 (lin64) Build 6140274 Wed May 21 22:58:25 MDT 2025
| Date         : Tue Feb  3 08:47:57 2026
| Host         : eecs-digital-17 running 64-bit Ubuntu 24.04.3 LTS
| Command      : report_timing_summary -file obj/post_synth_timing_summary.rpt
| Design       : top_level
| Device       : 7s50-csga324
| Speed File   : -1  PRODUCTION 1.23 2018-06-13
| Design State : Synthesized
---------------------------------------------------------------------------------------------------------------------------------------------

Timing Summary Report

------------------------------------------------------------------------------------------------
| Timer Settings
| --------------
------------------------------------------------------------------------------------------------

  Enable Multi Corner Analysis               :  Yes
  Enable Pessimism Removal                   :  Yes
  Pessimism Removal Resolution               :  Nearest Common Node
  Enable Input Delay Default Clock           :  No
  Enable Preset / Clear Arcs                 :  No
  Disable Flight Delays                      :  No
  Ignore I/O Paths                           :  No
  Timing Early Launch at Borrowing Latches   :  No
  Borrow Time for Max Delay Exceptions       :  Yes
  Merge Timing Exceptions                    :  Yes
  Inter-SLR Compensation                     :  Conservative

  Corner  Analyze    Analyze    
  Name    Max Paths  Min Paths  
  ------  ---------  ---------  
  Slow    Yes        Yes        
  Fast    Yes        Yes        


------------------------------------------------------------------------------------------------
| Report Methodology
| ------------------
------------------------------------------------------------------------------------------------

No report available as report_methodology has not been run prior. Run report_methodology on the current design for the summary of methodology violations.



check_timing report

Table of Contents
-----------------
1. checking no_clock (0)
2. checking constant_clock (0)
3. checking pulse_width_clock (0)
4. checking unconstrained_internal_endpoints (0)
5. checking no_input_delay (1)
6. checking no_output_delay (22)
7. checking multiple_clock (0)
8. checking generated_clocks (0)
9. checking loops (0)
10. checking partial_input_delay (0)
11. checking partial_output_delay (0)
12. checking latch_loops (0)

1. checking no_clock (0)
------------------------
 There are 0 register/latch pins with no clock.


2. checking constant_clock (0)
------------------------------
 There are 0 register/latch pins with constant_clock.


3. checking pulse_width_clock (0)
---------------------------------
 There are 0 register/latch pins which need pulse_width check


4. checking unconstrained_internal_endpoints (0)
------------------------------------------------
 There are 0 pins that are not constrained for maximum delay.

 There are 0 pins that are not constrained for maximum delay due to constant clock.


5. checking no_input_delay (1)
------------------------------
 There is 1 input port with no input delay specified. (HIGH)

 There are 0 input ports with no input delay but user has a false path constraint.


6. checking no_output_delay (22)
--------------------------------
 There are 22 ports with no output delay specified. (HIGH)

 There are 0 ports with no output delay but user has a false path constraint

 There are 0 ports with no output delay but with a timing clock defined on it or propagating through it


7. checking multiple_clock (0)
------------------------------
 There are 0 register/latch pins with multiple clocks.


8. checking generated_clocks (0)
--------------------------------
 There are 0 generated clocks that are not connected to a clock source.


9. checking loops (0)
---------------------
 There are 0 combinational loops in the design.


10. checking partial_input_delay (0)
------------------------------------
 There are 0 input ports with partial input delay specified.


11. checking partial_output_delay (0)
-------------------------------------
 There are 0 ports with partial output delay specified.


12. checking latch_loops (0)
----------------------------
 There are 0 combinational latch loops in the design through latch input



------------------------------------------------------------------------------------------------
| Design Timing Summary
| ---------------------
------------------------------------------------------------------------------------------------

    WNS(ns)      TNS(ns)  TNS Failing Endpoints  TNS Total Endpoints      WHS(ns)      THS(ns)  THS Failing Endpoints  THS Total Endpoints     WPWS(ns)     TPWS(ns)  TPWS Failing Endpoints  TPWS Total Endpoints  
    -------      -------  ---------------------  -------------------      -------      -------  ---------------------  -------------------     --------     --------  ----------------------  --------------------  
     -7.032     -463.983                     92                  814        0.134        0.000                      0                  814        3.500        0.000                       0                   291  


Timing constraints are not met.


------------------------------------------------------------------------------------------------
| Clock Summary
| -------------
------------------------------------------------------------------------------------------------

Clock  Waveform(ns)       Period(ns)      Frequency(MHz)
-----  ------------       ----------      --------------
gclk   {0.000 4.000}      10.000          100.000         


------------------------------------------------------------------------------------------------
| Intra Clock Table
| -----------------
------------------------------------------------------------------------------------------------

Clock             WNS(ns)      TNS(ns)  TNS Failing Endpoints  TNS Total Endpoints      WHS(ns)      THS(ns)  THS Failing Endpoints  THS Total Endpoints     WPWS(ns)     TPWS(ns)  TPWS Failing Endpoints  TPWS Total Endpoints  
-----             -------      -------  ---------------------  -------------------      -------      -------  ---------------------  -------------------     --------     --------  ----------------------  --------------------  
gclk               -7.032     -463.983                     92                  814        0.134        0.000                      0                  814        3.500        0.000                       0                   291  


------------------------------------------------------------------------------------------------
| Inter Clock Table
| -----------------
------------------------------------------------------------------------------------------------

From Clock    To Clock          WNS(ns)      TNS(ns)  TNS Failing Endpoints  TNS Total Endpoints      WHS(ns)      THS(ns)  THS Failing Endpoints  THS Total Endpoints  
----------    --------          -------      -------  ---------------------  -------------------      -------      -------  ---------------------  -------------------  


------------------------------------------------------------------------------------------------
| Other Path Groups Table
| -----------------------
------------------------------------------------------------------------------------------------

Path Group    From Clock    To Clock          WNS(ns)      TNS(ns)  TNS Failing Endpoints  TNS Total Endpoints      WHS(ns)      THS(ns)  THS Failing Endpoints  THS Total Endpoints  
----------    ----------    --------          -------      -------  ---------------------  -------------------      -------      -------  ---------------------  -------------------  


------------------------------------------------------------------------------------------------
| Timing Details
| --------------
------------------------------------------------------------------------------------------------


---------------------------------------------------------------------------------------------------
From Clock:  gclk
  To Clock:  gclk

Setup :           92  Failing Endpoints,  Worst Slack       -7.032ns,  Total Violation     -463.983ns
Hold  :            0  Failing Endpoints,  Worst Slack        0.134ns,  Total Violation        0.000ns
PW    :            0  Failing Endpoints,  Worst Slack        3.500ns,  Total Violation        0.000ns
---------------------------------------------------------------------------------------------------


Max Delay Paths
--------------------------------------------------------------------------------------
Slack (VIOLATED) :        -7.032ns  (required time - arrival time)
  Source:                 u_lif/v_mem_reg[0]/C
                            (rising edge-triggered cell FDRE clocked by gclk  {rise@0.000ns fall@4.000ns period=10.000ns})
  Destination:            u_lif/refr_cnt_reg[0]/CE
                            (rising edge-triggered cell FDRE clocked by gclk  {rise@0.000ns fall@4.000ns period=10.000ns})
  Path Group:             gclk
  Path Type:              Setup (Max at Slow Process Corner)
  Requirement:            10.000ns  (gclk rise@10.000ns - gclk rise@0.000ns)
  Data Path Delay:        16.650ns  (logic 9.089ns (54.589%)  route 7.561ns (45.411%))
  Logic Levels:           30  (CARRY4=24 LUT2=1 LUT3=2 LUT4=2 LUT5=1)
  Clock Path Skew:        -0.145ns (DCD - SCD + CPR)
    Destination Clock Delay (DCD):    2.660ns = ( 12.660 - 10.000 ) 
    Source Clock Delay      (SCD):    2.920ns
    Clock Pessimism Removal (CPR):    0.115ns
  Clock Uncertainty:      0.035ns  ((TSJ^2 + TIJ^2)^1/2 + DJ) / 2 + PE
    Total System Jitter     (TSJ):    0.071ns
    Total Input Jitter      (TIJ):    0.000ns
    Discrete Jitter          (DJ):    0.000ns
    Phase Error              (PE):    0.000ns

    Location             Delay type                Incr(ns)  Path(ns)    Netlist Resource(s)
  -------------------------------------------------------------------    -------------------
                         (clock gclk rise edge)       0.000     0.000 r  
    N15                                               0.000     0.000 r  clk_100mhz (IN)
                         net (fo=0)                   0.000     0.000    clk_100mhz
    N15                  IBUF (Prop_ibuf_I_O)         1.440     1.440 r  clk_100mhz_IBUF_inst/O
                         net (fo=1, unplaced)         0.800     2.240    clk_100mhz_IBUF
                         BUFG (Prop_bufg_I_O)         0.096     2.336 r  clk_100mhz_IBUF_BUFG_inst/O
                         net (fo=290, unplaced)       0.584     2.920    u_lif/CLK
                         FDRE                                         r  u_lif/v_mem_reg[0]/C
  -------------------------------------------------------------------    -------------------
                         FDRE (Prop_fdre_C_Q)         0.456     3.376 r  u_lif/v_mem_reg[0]/Q
                         net (fo=4, unplaced)         0.690     4.066    u_lif/v_mem_reg_n_0_[0]
                         CARRY4 (Prop_carry4_S[0]_CO[3])
                                                      0.808     4.874 r  u_lif/div_dividend_reg[3]_i_45/CO[3]
                         net (fo=1, unplaced)         0.009     4.883    u_lif/div_dividend_reg[3]_i_45_n_0
                         CARRY4 (Prop_carry4_CI_CO[3])
                                                      0.117     5.000 r  u_lif/div_dividend_reg[7]_i_23/CO[3]
                         net (fo=1, unplaced)         0.000     5.000    u_lif/div_dividend_reg[7]_i_23_n_0
                         CARRY4 (Prop_carry4_CI_CO[3])
                                                      0.117     5.117 r  u_lif/div_dividend_reg[11]_i_23/CO[3]
                         net (fo=1, unplaced)         0.000     5.117    u_lif/div_dividend_reg[11]_i_23_n_0
                         CARRY4 (Prop_carry4_CI_CO[3])
                                                      0.117     5.234 r  u_lif/div_dividend_reg[15]_i_30/CO[3]
                         net (fo=1, unplaced)         0.000     5.234    u_lif/div_dividend_reg[15]_i_30_n_0
                         CARRY4 (Prop_carry4_CI_CO[3])
                                                      0.117     5.351 r  u_lif/div_dividend_reg[19]_i_43/CO[3]
                         net (fo=1, unplaced)         0.000     5.351    u_lif/div_dividend_reg[19]_i_43_n_0
                         CARRY4 (Prop_carry4_CI_CO[3])
                                                      0.117     5.468 r  u_lif/div_dividend_reg[19]_i_34/CO[3]
                         net (fo=1, unplaced)         0.000     5.468    u_lif/div_dividend_reg[19]_i_34_n_0
                         CARRY4 (Prop_carry4_CI_CO[3])
                                                      0.117     5.585 r  u_lif/div_dividend_reg[19]_i_33/CO[3]
                         net (fo=1, unplaced)         0.000     5.585    u_lif/div_dividend_reg[19]_i_33_n_0
                         CARRY4 (Prop_carry4_CI_O[2])
                                                      0.256     5.841 r  u_lif/div_dividend_reg[15]_i_21/O[2]
                         net (fo=19, unplaced)        0.964     6.805    u_lif/running8[30]
                         LUT3 (Prop_lut3_I0_O)        0.301     7.106 r  u_lif/div_dividend[15]_i_22/O
                         net (fo=1, unplaced)         0.000     7.106    u_lif/div_dividend[15]_i_22_n_0
                         CARRY4 (Prop_carry4_S[3]_CO[3])
                                                      0.376     7.482 r  u_lif/div_dividend_reg[15]_i_16/CO[3]
                         net (fo=1, unplaced)         0.000     7.482    u_lif/div_dividend_reg[15]_i_16_n_0
                         CARRY4 (Prop_carry4_CI_O[0])
                                                      0.232     7.714 r  u_lif/div_dividend_reg[19]_i_41/O[0]
                         net (fo=1, unplaced)         0.983     8.697    u_lif/div_dividend_reg[19]_i_41_n_7
                         CARRY4 (Prop_carry4_S[3]_CO[3])
                                                      0.671     9.368 r  u_lif/div_dividend_reg[19]_i_22/CO[3]
                         net (fo=1, unplaced)         0.009     9.377    u_lif/div_dividend_reg[19]_i_22_n_0
                         CARRY4 (Prop_carry4_CI_O[2])
                                                      0.256     9.633 r  u_lif/div_dividend_reg[19]_i_21/O[2]
                         net (fo=3, unplaced)         0.440    10.073    u_lif/div_dividend_reg[19]_i_21_n_5
                         LUT3 (Prop_lut3_I1_O)        0.301    10.374 r  u_lif/div_dividend[27]_i_14/O
                         net (fo=1, unplaced)         0.639    11.013    u_lif/div_dividend[27]_i_14_n_0
                         CARRY4 (Prop_carry4_DI[1]_CO[3])
                                                      0.520    11.533 r  u_lif/div_dividend_reg[27]_i_11/CO[3]
                         net (fo=1, unplaced)         0.000    11.533    u_lif/div_dividend_reg[27]_i_11_n_0
                         CARRY4 (Prop_carry4_CI_O[1])
                                                      0.337    11.870 r  u_lif/div_dividend_reg[31]_i_16/O[1]
                         net (fo=3, unplaced)         0.629    12.499    u_lif/running6[25]
                         LUT4 (Prop_lut4_I1_O)        0.306    12.805 r  u_lif/div_dividend[27]_i_8/O
                         net (fo=1, unplaced)         0.000    12.805    u_lif/div_dividend[27]_i_8_n_0
                         CARRY4 (Prop_carry4_S[2]_CO[3])
                                                      0.380    13.185 r  u_lif/div_dividend_reg[27]_i_2/CO[3]
                         net (fo=1, unplaced)         0.000    13.185    u_lif/div_dividend_reg[27]_i_2_n_0
                         CARRY4 (Prop_carry4_CI_O[3])
                                                      0.331    13.516 r  u_lif/div_dividend_reg[31]_i_3/O[3]
                         net (fo=65, unplaced)        0.707    14.223    u_lif/u_divider/O[0]
                         LUT2 (Prop_lut2_I0_O)        0.307    14.530 r  u_lif/u_divider/v_mem[3]_i_3/O
                         net (fo=1, unplaced)         0.333    14.863    u_lif/u_divider/v_mem[3]_i_3_n_0
                         CARRY4 (Prop_carry4_CYINIT_CO[3])
                                                      0.595    15.458 r  u_lif/u_divider/v_mem_reg[3]_i_2/CO[3]
                         net (fo=1, unplaced)         0.009    15.467    u_lif/u_divider/v_mem_reg[3]_i_2_n_0
                         CARRY4 (Prop_carry4_CI_CO[3])
                                                      0.117    15.584 r  u_lif/u_divider/v_mem_reg[7]_i_2/CO[3]
                         net (fo=1, unplaced)         0.000    15.584    u_lif/u_divider/v_mem_reg[7]_i_2_n_0
                         CARRY4 (Prop_carry4_CI_CO[3])
                                                      0.117    15.701 r  u_lif/u_divider/v_mem_reg[11]_i_2/CO[3]
                         net (fo=1, unplaced)         0.000    15.701    u_lif/u_divider/v_mem_reg[11]_i_2_n_0
                         CARRY4 (Prop_carry4_CI_CO[3])
                                                      0.117    15.818 r  u_lif/u_divider/v_mem_reg[15]_i_2/CO[3]
                         net (fo=1, unplaced)         0.000    15.818    u_lif/u_divider/v_mem_reg[15]_i_2_n_0
                         CARRY4 (Prop_carry4_CI_CO[3])
                                                      0.117    15.935 r  u_lif/u_divider/v_mem_reg[19]_i_2/CO[3]
                         net (fo=1, unplaced)         0.000    15.935    u_lif/u_divider/v_mem_reg[19]_i_2_n_0
                         CARRY4 (Prop_carry4_CI_CO[3])
                                                      0.117    16.052 r  u_lif/u_divider/v_mem_reg[23]_i_2/CO[3]
                         net (fo=1, unplaced)         0.000    16.052    u_lif/u_divider/v_mem_reg[23]_i_2_n_0
                         CARRY4 (Prop_carry4_CI_O[1])
                                                      0.337    16.389 r  u_lif/u_divider/v_mem_reg[27]_i_2/O[1]
                         net (fo=3, unplaced)         0.629    17.018    u_lif/u_divider/v_mem_reg[27]_i_2_n_6
                         LUT4 (Prop_lut4_I0_O)        0.332    17.350 r  u_lif/u_divider/v_mem[31]_i_14/O
                         net (fo=1, unplaced)         0.000    17.350    u_lif/u_divider/v_mem[31]_i_14_n_0
                         CARRY4 (Prop_carry4_DI[0]_CO[3])
                                                      0.576    17.926 r  u_lif/u_divider/v_mem_reg[31]_i_5/CO[3]
                         net (fo=37, unplaced)        0.993    18.919    u_lif/u_divider/running1
                         LUT5 (Prop_lut5_I1_O)        0.124    19.043 r  u_lif/u_divider/refr_cnt[15]_i_1/O
                         net (fo=16, unplaced)        0.527    19.570    u_lif/u_divider_n_52
                         FDRE                                         r  u_lif/refr_cnt_reg[0]/CE
  -------------------------------------------------------------------    -------------------

                         (clock gclk rise edge)      10.000    10.000 r  
    N15                                               0.000    10.000 r  clk_100mhz (IN)
                         net (fo=0)                   0.000    10.000    clk_100mhz
    N15                  IBUF (Prop_ibuf_I_O)         1.370    11.370 r  clk_100mhz_IBUF_inst/O
                         net (fo=1, unplaced)         0.760    12.130    clk_100mhz_IBUF
                         BUFG (Prop_bufg_I_O)         0.091    12.221 r  clk_100mhz_IBUF_BUFG_inst/O
                         net (fo=290, unplaced)       0.439    12.660    u_lif/CLK
                         FDRE                                         r  u_lif/refr_cnt_reg[0]/C
                         clock pessimism              0.115    12.775    
                         clock uncertainty           -0.035    12.740    
                         FDRE (Setup_fdre_C_CE)      -0.202    12.538    u_lif/refr_cnt_reg[0]
  -------------------------------------------------------------------
                         required time                         12.538    
                         arrival time                         -19.570    
  -------------------------------------------------------------------
                         slack                                 -7.032    





Min Delay Paths
--------------------------------------------------------------------------------------
Slack (MET) :             0.134ns  (arrival time - required time)
  Source:                 u_lif/div_dividend_reg[10]/C
                            (rising edge-triggered cell FDRE clocked by gclk  {rise@0.000ns fall@4.000ns period=10.000ns})
  Destination:            u_lif/u_divider/dividend_reg[10]/D
                            (rising edge-triggered cell FDRE clocked by gclk  {rise@0.000ns fall@4.000ns period=10.000ns})
  Path Group:             gclk
  Path Type:              Hold (Min at Fast Process Corner)
  Requirement:            0.000ns  (gclk rise@0.000ns - gclk rise@0.000ns)
  Data Path Delay:        0.370ns  (logic 0.239ns (64.578%)  route 0.131ns (35.422%))
  Logic Levels:           1  (LUT3=1)
  Clock Path Skew:        0.145ns (DCD - SCD - CPR)
    Destination Clock Delay (DCD):    1.039ns
    Source Clock Delay      (SCD):    0.686ns
    Clock Pessimism Removal (CPR):    0.208ns

    Location             Delay type                Incr(ns)  Path(ns)    Netlist Resource(s)
  -------------------------------------------------------------------    -------------------
                         (clock gclk rise edge)       0.000     0.000 r  
    N15                                               0.000     0.000 r  clk_100mhz (IN)
                         net (fo=0)                   0.000     0.000    clk_100mhz
    N15                  IBUF (Prop_ibuf_I_O)         0.209     0.209 r  clk_100mhz_IBUF_inst/O
                         net (fo=1, unplaced)         0.337     0.546    clk_100mhz_IBUF
                         BUFG (Prop_bufg_I_O)         0.026     0.572 r  clk_100mhz_IBUF_BUFG_inst/O
                         net (fo=290, unplaced)       0.114     0.686    u_lif/CLK
                         FDRE                                         r  u_lif/div_dividend_reg[10]/C
  -------------------------------------------------------------------    -------------------
                         FDRE (Prop_fdre_C_Q)         0.141     0.827 r  u_lif/div_dividend_reg[10]/Q
                         net (fo=1, unplaced)         0.131     0.958    u_lif/u_divider/dividend_reg[31]_0[10]
                         LUT3 (Prop_lut3_I2_O)        0.098     1.056 r  u_lif/u_divider/dividend[10]_i_1/O
                         net (fo=1, unplaced)         0.000     1.056    u_lif/u_divider/dividend[10]_i_1_n_0
                         FDRE                                         r  u_lif/u_divider/dividend_reg[10]/D
  -------------------------------------------------------------------    -------------------

                         (clock gclk rise edge)       0.000     0.000 r  
    N15                                               0.000     0.000 r  clk_100mhz (IN)
                         net (fo=0)                   0.000     0.000    clk_100mhz
    N15                  IBUF (Prop_ibuf_I_O)         0.396     0.396 r  clk_100mhz_IBUF_inst/O
                         net (fo=1, unplaced)         0.355     0.751    clk_100mhz_IBUF
                         BUFG (Prop_bufg_I_O)         0.029     0.780 r  clk_100mhz_IBUF_BUFG_inst/O
                         net (fo=290, unplaced)       0.259     1.039    u_lif/u_divider/CLK
                         FDRE                                         r  u_lif/u_divider/dividend_reg[10]/C
                         clock pessimism             -0.208     0.831    
                         FDRE (Hold_fdre_C_D)         0.091     0.922    u_lif/u_divider/dividend_reg[10]
  -------------------------------------------------------------------
                         required time                         -0.922    
                         arrival time                           1.056    
  -------------------------------------------------------------------
                         slack                                  0.134    





Pulse Width Checks
--------------------------------------------------------------------------------------
Clock Name:         gclk
Waveform(ns):       { 0.000 4.000 }
Period(ns):         10.000
Sources:            { clk_100mhz }

Check Type        Corner  Lib Pin  Reference Pin  Required(ns)  Actual(ns)  Slack(ns)  Location  Pin
Min Period        n/a     BUFG/I   n/a            2.155         10.000      7.845                clk_100mhz_IBUF_BUFG_inst/I
Low Pulse Width   Slow    FDRE/C   n/a            0.500         6.000       5.500                btn0_ff1_reg/C
High Pulse Width  Slow    FDRE/C   n/a            0.500         4.000       3.500                btn0_ff1_reg/C



