Copyright 1986-2022 Xilinx, Inc. All Rights Reserved. Copyright 2022-2025 Advanced Micro Devices, Inc. All Rights Reserved.
---------------------------------------------------------------------------------------------------------------------------------------------
| Tool Version : Vivado v.2025.1 (lin64) Build 6140274 Wed May 21 22:58:25 MDT 2025
| Date         : Tue Feb 10 04:08:18 2026
| Host         : eecs-digital-09 running 64-bit Ubuntu 24.04.3 LTS
| Command      : report_utilization -file obj/post_synth_util.rpt -hierarchical -hierarchical_depth 4
| Design       : top_level
| Device       : xc7s50csga324-1
| Speed File   : -1
| Design State : Synthesized
---------------------------------------------------------------------------------------------------------------------------------------------

Utilization Design Information

Table of Contents
-----------------
1. Utilization by Hierarchy

1. Utilization by Hierarchy
---------------------------

+------------------------------+-----------------------------------+------------+------------+---------+------+-------+--------+--------+------------+
|           Instance           |               Module              | Total LUTs | Logic LUTs | LUTRAMs | SRLs |  FFs  | RAMB36 | RAMB18 | DSP Blocks |
+------------------------------+-----------------------------------+------------+------------+---------+------+-------+--------+--------+------------+
| top_level                    |                             (top) |      18184 |      17716 |     468 |    0 | 20268 |     62 |      3 |         27 |
|   (top_level)                |                             (top) |       3359 |       2911 |     448 |    0 |  4997 |      0 |      0 |          6 |
|   u_assign_labels_stream     |              assign_labels_stream |       1095 |       1095 |       0 |    0 |  1027 |      1 |      0 |          0 |
|     (u_assign_labels_stream) |              assign_labels_stream |        751 |        751 |       0 |    0 |   892 |      0 |      0 |          0 |
|     u_divider                |                       divider2b_2 |        151 |        151 |       0 |    0 |   135 |      0 |      0 |          0 |
|     u_sum_spikes             | xpm_memory_sdpram__parameterized4 |        193 |        193 |       0 |    0 |     0 |      1 |      0 |          0 |
|       (u_sum_spikes)         | xpm_memory_sdpram__parameterized4 |        192 |        192 |       0 |    0 |     0 |      0 |      0 |          0 |
|   u_disp_divider_hi          |                         divider2b |       3191 |       3191 |       0 |    0 |   108 |      0 |      0 |          0 |
|   u_disp_divider_lo          |                       divider2b_0 |        182 |        182 |       0 |    0 |   108 |      0 |      0 |          0 |
|   u_pipeline_small           |                    pipeline_small |       8436 |       8416 |      20 |    0 | 13291 |     59 |      3 |         21 |
|     (u_pipeline_small)       |                    pipeline_small |       6519 |       6499 |      20 |    0 | 13289 |      0 |      0 |         19 |
|     u_state_mem              |                 xpm_memory_sdpram |       1375 |       1375 |       0 |    0 |     0 |      4 |      1 |          0 |
|       (u_state_mem)          |                 xpm_memory_sdpram |       1374 |       1374 |       0 |    0 |     0 |      0 |      0 |          0 |
|     u_wmem                   |                    w_in_mem_4bank |        344 |        344 |       0 |    0 |     2 |     54 |      0 |          2 |
|       (u_wmem)               |                    w_in_mem_4bank |        245 |        245 |       0 |    0 |     0 |      0 |      0 |          2 |
|       u_wmem_xpm             | xpm_memory_sdpram__parameterized0 |         99 |         99 |       0 |    0 |     2 |     54 |      0 |          0 |
|         xpm_memory_base_inst |   xpm_memory_base__parameterized0 |         51 |         51 |       0 |    0 |     2 |     54 |      0 |          0 |
|     u_x_in                   | xpm_memory_sdpram__parameterized1 |        170 |        170 |       0 |    0 |     0 |      1 |      0 |          0 |
|       (u_x_in)               | xpm_memory_sdpram__parameterized1 |        169 |        169 |       0 |    0 |     0 |      0 |      0 |          0 |
|   u_prediction_stream        |                 prediction_stream |       1548 |       1548 |       0 |    0 |   589 |      0 |      0 |          0 |
|     (u_prediction_stream)    |                 prediction_stream |       1401 |       1401 |       0 |    0 |   470 |      0 |      0 |          0 |
|     u_divider                |                       divider2b_1 |        147 |        147 |       0 |    0 |   119 |      0 |      0 |          0 |
|   u_sd                       |                     sd_controller |        373 |        373 |       0 |    0 |   148 |      0 |      0 |          0 |
+------------------------------+-----------------------------------+------------+------------+---------+------+-------+--------+--------+------------+


