Copyright 1986-2022 Xilinx, Inc. All Rights Reserved. Copyright 2022-2025 Advanced Micro Devices, Inc. All Rights Reserved.
---------------------------------------------------------------------------------------------------------------------------------------------
| Tool Version : Vivado v.2025.1 (lin64) Build 6140274 Wed May 21 22:58:25 MDT 2025
| Date         : Tue Oct 14 20:37:27 2025
| Host         : eecs-digital-01 running 64-bit Ubuntu 24.04.3 LTS
| Command      : report_timing -file obj/post_place_timing.rpt
| Design       : top_level
| Device       : 7s50-csga324
| Speed File   : -1  PRODUCTION 1.23 2018-06-13
| Design State : Fully Placed
---------------------------------------------------------------------------------------------------------------------------------------------

Timing Report

Slack (MET) :             0.508ns  (required time - arrival time)
  Source:                 registers/BRAM_reg/CLKBWRCLK
                            (rising edge-triggered cell RAMB18E1 clocked by clk_camera_cw_fast  {rise@0.000ns fall@2.500ns period=5.000ns})
  Destination:            crw/FSM_onehot_state_reg[5]/D
                            (rising edge-triggered cell FDRE clocked by clk_camera_cw_fast  {rise@0.000ns fall@2.500ns period=5.000ns})
  Path Group:             clk_camera_cw_fast
  Path Type:              Setup (Max at Slow Process Corner)
  Requirement:            5.000ns  (clk_camera_cw_fast rise@5.000ns - clk_camera_cw_fast rise@0.000ns)
  Data Path Delay:        4.457ns  (logic 1.528ns (34.283%)  route 2.929ns (65.717%))
  Logic Levels:           5  (LUT4=2 LUT5=1 LUT6=2)
  Clock Path Skew:        -0.086ns (DCD - SCD + CPR)
    Destination Clock Delay (DCD):    -2.113ns = ( 2.887 - 5.000 ) 
    Source Clock Delay      (SCD):    -2.462ns
    Clock Pessimism Removal (CPR):    -0.435ns
  Clock Uncertainty:      0.067ns  ((TSJ^2 + DJ^2)^1/2) / 2 + PE
    Total System Jitter     (TSJ):    0.071ns
    Discrete Jitter          (DJ):    0.113ns
    Phase Error              (PE):    0.000ns

    Location             Delay type                Incr(ns)  Path(ns)    Netlist Resource(s)
  -------------------------------------------------------------------    -------------------
                         (clock clk_camera_cw_fast rise edge)
                                                      0.000     0.000 r  
    N15                                               0.000     0.000 r  clk_100mhz (IN)
                         net (fo=0)                   0.000     0.000    wizard_migcam/clk_100mhz
    N15                  IBUF (Prop_ibuf_I_O)         1.440     1.440 r  wizard_migcam/clkin1_ibufg/O
                         net (fo=1, estimated)        1.253     2.693    wizard_migcam/clk_in1_cw_fast
    PLLE2_ADV_X0Y0       PLLE2_ADV (Prop_plle2_adv_CLKIN1_CLKOUT2)
                                                     -8.525    -5.832 r  wizard_migcam/plle2_adv_inst/CLKOUT2
                         net (fo=1, estimated)        1.660    -4.172    wizard_migcam/clk_camera_cw_fast
    BUFGCTRL_X0Y3        BUFG (Prop_bufg_I_O)         0.096    -4.076 r  wizard_migcam/clkout3_buf/O
                         net (fo=311, estimated)      1.613    -2.462    registers/clk_camera
    RAMB18_X1Y16         RAMB18E1                                     r  registers/BRAM_reg/CLKBWRCLK
  -------------------------------------------------------------------    -------------------
    RAMB18_X1Y16         RAMB18E1 (Prop_ramb18e1_CLKBWRCLK_DOBDO[3])
                                                      0.882    -1.580 r  registers/BRAM_reg/DOBDO[3]
                         net (fo=2, estimated)        1.008    -0.572    registers/bram_dout[21]
    SLICE_X48Y40         LUT4 (Prop_lut4_I0_O)        0.124    -0.448 r  registers/FSM_onehot_state[5]_i_7/O
                         net (fo=1, estimated)        0.349    -0.099    registers/FSM_onehot_state[5]_i_7_n_0
    SLICE_X48Y40         LUT5 (Prop_lut5_I4_O)        0.124     0.025 r  registers/FSM_onehot_state[5]_i_6/O
                         net (fo=1, estimated)        0.161     0.186    registers/FSM_onehot_state[5]_i_6_n_0
    SLICE_X48Y40         LUT6 (Prop_lut6_I5_O)        0.124     0.310 r  registers/FSM_onehot_state[5]_i_3/O
                         net (fo=1, estimated)        0.491     0.801    registers/FSM_onehot_state[5]_i_3_n_0
    SLICE_X48Y40         LUT6 (Prop_lut6_I0_O)        0.124     0.925 r  registers/FSM_onehot_state[5]_i_2/O
                         net (fo=2, estimated)        0.920     1.845    crw/sccb_c/FSM_onehot_state_reg[1]
    SLICE_X42Y40         LUT4 (Prop_lut4_I1_O)        0.150     1.995 r  crw/sccb_c/FSM_onehot_state[5]_i_1/O
                         net (fo=1, routed)           0.000     1.995    crw/state__0[5]
    SLICE_X42Y40         FDRE                                         r  crw/FSM_onehot_state_reg[5]/D
  -------------------------------------------------------------------    -------------------

                         (clock clk_camera_cw_fast rise edge)
                                                      5.000     5.000 r  
    N15                                               0.000     5.000 r  clk_100mhz (IN)
                         net (fo=0)                   0.000     5.000    wizard_migcam/clk_100mhz
    N15                  IBUF (Prop_ibuf_I_O)         1.370     6.370 r  wizard_migcam/clkin1_ibufg/O
                         net (fo=1, estimated)        1.190     7.561    wizard_migcam/clk_in1_cw_fast
    PLLE2_ADV_X0Y0       PLLE2_ADV (Prop_plle2_adv_CLKIN1_CLKOUT2)
                                                     -7.790    -0.229 r  wizard_migcam/plle2_adv_inst/CLKOUT2
                         net (fo=1, estimated)        1.577     1.348    wizard_migcam/clk_camera_cw_fast
    BUFGCTRL_X0Y3        BUFG (Prop_bufg_I_O)         0.091     1.439 r  wizard_migcam/clkout3_buf/O
                         net (fo=311, estimated)      1.448     2.887    crw/clk_camera
    SLICE_X42Y40         FDRE                                         r  crw/FSM_onehot_state_reg[5]/C
                         clock pessimism             -0.435     2.451    
                         clock uncertainty           -0.067     2.385    
    SLICE_X42Y40         FDRE (Setup_fdre_C_D)        0.118     2.503    crw/FSM_onehot_state_reg[5]
  -------------------------------------------------------------------
                         required time                          2.503    
                         arrival time                          -1.995    
  -------------------------------------------------------------------
                         slack                                  0.508    




