Copyright 1986-2022 Xilinx, Inc. All Rights Reserved. Copyright 2022-2025 Advanced Micro Devices, Inc. All Rights Reserved.
---------------------------------------------------------------------------------------------------------------------------------------------
| Tool Version : Vivado v.2025.1 (lin64) Build 6140274 Wed May 21 22:58:25 MDT 2025
| Date         : Tue Oct 14 20:37:37 2025
| Host         : eecs-digital-01 running 64-bit Ubuntu 24.04.3 LTS
| Command      : report_drc -file obj/post_imp_drc.rpt
| Design       : top_level
| Device       : xc7s50csga324-1
| Speed File   : -1
| Design State : Fully Routed
---------------------------------------------------------------------------------------------------------------------------------------------

Report DRC

Table of Contents
-----------------
1. REPORT SUMMARY
2. REPORT DETAILS

1. REPORT SUMMARY
-----------------
            Netlist: top_level
          Floorplan: design_1
      Design limits: <entire design considered>
           Ruledeck: default
             Max checks: <unlimited>
             Checks found: 2
+--------+----------+------------------+--------+
| Rule   | Severity | Description      | Checks |
+--------+----------+------------------+--------+
| DPIP-1 | Warning  | Input pipelining | 2      |
+--------+----------+------------------+--------+

2. REPORT DETAILS
-----------------
DPIP-1#1 Warning
Input pipelining  
DSP addrb_reg input addrb_reg/A[29:0] is not pipelined. Pipelining DSP48 input will improve performance.
Related violations: <none>

DPIP-1#2 Warning
Input pipelining  
DSP addrb_reg input addrb_reg/C[47:0] is not pipelined. Pipelining DSP48 input will improve performance.
Related violations: <none>


