Copyright 1986-2022 Xilinx, Inc. All Rights Reserved. Copyright 2022-2025 Advanced Micro Devices, Inc. All Rights Reserved.
---------------------------------------------------------------------------------------------------------------------------------------------
| Tool Version : Vivado v.2025.1 (lin64) Build 6140274 Wed May 21 22:58:25 MDT 2025
| Date         : Thu Feb 26 02:43:20 2026
| Host         : eecs-digital-18 running 64-bit Ubuntu 24.04.3 LTS
| Command      : report_timing -file obj/post_place_timing.rpt
| Design       : top_level
| Device       : 7s50-csga324
| Speed File   : -1  PRODUCTION 1.23 2018-06-13
| Design State : Fully Placed
---------------------------------------------------------------------------------------------------------------------------------------------

Timing Report

Slack (MET) :             0.540ns  (required time - arrival time)
  Source:                 u_ddr3_top/ddr3_controller_inst/bank_status_q_reg[3]/C
                            (rising edge-triggered cell FDRE clocked by clk_controller_clk_wiz_0  {rise@0.000ns fall@6.000ns period=12.000ns})
  Destination:            u_ddr3_top/ddr3_controller_inst/o_wb_stall_calib_reg/D
                            (rising edge-triggered cell FDRE clocked by clk_controller_clk_wiz_0  {rise@0.000ns fall@6.000ns period=12.000ns})
  Path Group:             clk_controller_clk_wiz_0
  Path Type:              Setup (Max at Slow Process Corner)
  Requirement:            12.000ns  (clk_controller_clk_wiz_0 rise@12.000ns - clk_controller_clk_wiz_0 rise@0.000ns)
  Data Path Delay:        11.428ns  (logic 4.048ns (35.422%)  route 7.380ns (64.578%))
  Logic Levels:           14  (CARRY4=2 LUT2=1 LUT3=1 LUT4=2 LUT5=2 LUT6=4 MUXF7=2)
  Clock Path Skew:        -0.037ns (DCD - SCD + CPR)
    Destination Clock Delay (DCD):    -1.612ns = ( 10.388 - 12.000 ) 
    Source Clock Delay      (SCD):    -1.023ns
    Clock Pessimism Removal (CPR):    0.553ns
  Clock Uncertainty:      0.076ns  ((TSJ^2 + DJ^2)^1/2) / 2 + PE
    Total System Jitter     (TSJ):    0.071ns
    Discrete Jitter          (DJ):    0.134ns
    Phase Error              (PE):    0.000ns

    Location             Delay type                Incr(ns)  Path(ns)    Netlist Resource(s)
  -------------------------------------------------------------------    -------------------
                         (clock clk_controller_clk_wiz_0 rise edge)
                                                      0.000     0.000 r  
    N15                                               0.000     0.000 r  clk_100mhz (IN)
                         net (fo=0)                   0.000     0.000    u_ddr_clk_wiz/clk_100mhz
    N15                  IBUF (Prop_ibuf_I_O)         1.440     1.440 r  u_ddr_clk_wiz/clkin1_ibufg/O
                         net (fo=1, estimated)        1.233     2.673    u_ddr_clk_wiz/clk_in1_clk_wiz_0
    MMCME2_ADV_X0Y0      MMCME2_ADV (Prop_mmcme2_adv_CLKIN1_CLKOUT0)
                                                     -7.025    -4.352 r  u_ddr_clk_wiz/mmcm_adv_inst/CLKOUT0
                         net (fo=1, estimated)        1.666    -2.686    u_ddr_clk_wiz/clk_controller_clk_wiz_0
    BUFGCTRL_X0Y0        BUFG (Prop_bufg_I_O)         0.096    -2.590 r  u_ddr_clk_wiz/clkout1_buf/O
                         net (fo=2683, estimated)     1.567    -1.023    u_ddr3_top/ddr3_controller_inst/i_controller_clk
    SLICE_X38Y6          FDRE                                         r  u_ddr3_top/ddr3_controller_inst/bank_status_q_reg[3]/C
  -------------------------------------------------------------------    -------------------
    SLICE_X38Y6          FDRE (Prop_fdre_C_Q)         0.518    -0.505 r  u_ddr3_top/ddr3_controller_inst/bank_status_q_reg[3]/Q
                         net (fo=3, estimated)        0.828     0.323    u_ddr3_top/ddr3_controller_inst/bank_status_q_reg_n_0_[3]
    SLICE_X39Y5          LUT6 (Prop_lut6_I0_O)        0.124     0.447 r  u_ddr3_top/ddr3_controller_inst/o_phy_cmd[70]_INST_0_i_5/O
                         net (fo=1, routed)           0.000     0.447    u_ddr3_top/ddr3_controller_inst/o_phy_cmd[70]_INST_0_i_5_n_0
    SLICE_X39Y5          MUXF7 (Prop_muxf7_I0_O)      0.212     0.659 r  u_ddr3_top/ddr3_controller_inst/o_phy_cmd[70]_INST_0_i_3/O
                         net (fo=23, estimated)       0.998     1.657    u_ddr3_top/ddr3_controller_inst/o_phy_cmd[70]_INST_0_i_3_n_0
    SLICE_X37Y3          LUT2 (Prop_lut2_I0_O)        0.327     1.984 r  u_ddr3_top/ddr3_controller_inst/o_phy_cmd[70]_INST_0_i_1/O
                         net (fo=30, estimated)       0.772     2.756    u_ddr3_top/ddr3_controller_inst/o_phy_cmd[70]_INST_0_i_1_n_0
    SLICE_X35Y6          LUT3 (Prop_lut3_I0_O)        0.332     3.088 f  u_ddr3_top/ddr3_controller_inst/o_phy_cmd[70]_INST_0_i_2/O
                         net (fo=35, estimated)       0.632     3.720    u_ddr3_top/ddr3_controller_inst/o_phy_cmd[70]_INST_0_i_2_n_0
    SLICE_X34Y8          LUT4 (Prop_lut4_I3_O)        0.116     3.836 r  u_ddr3_top/ddr3_controller_inst/delay_before_precharge_counter_q[7][2]_i_2/O
                         net (fo=19, estimated)       0.657     4.493    u_ddr3_top/ddr3_controller_inst/delay_before_precharge_counter_q[7][2]_i_2_n_0
    SLICE_X29Y6          LUT5 (Prop_lut5_I1_O)        0.328     4.821 r  u_ddr3_top/ddr3_controller_inst/bank_active_row_q[7][0]_i_1/O
                         net (fo=3, estimated)        1.118     5.939    u_ddr3_top/ddr3_controller_inst/bank_active_row_q[7][0]_i_1_n_0
    SLICE_X40Y6          LUT6 (Prop_lut6_I0_O)        0.124     6.063 r  u_ddr3_top/ddr3_controller_inst/o_wb_stall_q_i_136/O
                         net (fo=1, routed)           0.000     6.063    u_ddr3_top/ddr3_controller_inst/o_wb_stall_q_i_136_n_0
    SLICE_X40Y6          MUXF7 (Prop_muxf7_I1_O)      0.245     6.308 r  u_ddr3_top/ddr3_controller_inst/o_wb_stall_q_reg_i_87/O
                         net (fo=1, estimated)        0.768     7.076    u_ddr3_top/ddr3_controller_inst/o_wb_stall_q_reg_i_87_n_0
    SLICE_X41Y5          LUT6 (Prop_lut6_I1_O)        0.298     7.374 r  u_ddr3_top/ddr3_controller_inst/o_wb_stall_q_i_60/O
                         net (fo=1, routed)           0.000     7.374    u_ddr3_top/ddr3_controller_inst/o_wb_stall_q_i_60_n_0
    SLICE_X41Y5          CARRY4 (Prop_carry4_S[0]_CO[3])
                                                      0.532     7.906 r  u_ddr3_top/ddr3_controller_inst/o_wb_stall_q_reg_i_41/CO[3]
                         net (fo=1, estimated)        0.000     7.906    u_ddr3_top/ddr3_controller_inst/o_wb_stall_q_reg_i_41_n_0
    SLICE_X41Y6          CARRY4 (Prop_carry4_CI_CO[0])
                                                      0.271     8.177 r  u_ddr3_top/ddr3_controller_inst/o_wb_stall_q_reg_i_18/CO[0]
                         net (fo=1, estimated)        0.498     8.675    u_ddr3_top/ddr3_controller_inst/stage1_stall3
    SLICE_X42Y6          LUT4 (Prop_lut4_I0_O)        0.373     9.048 f  u_ddr3_top/ddr3_controller_inst/o_wb_stall_q_i_6/O
                         net (fo=1, estimated)        0.588     9.636    u_ddr3_top/ddr3_controller_inst/o_wb_stall_q_i_6_n_0
    SLICE_X42Y3          LUT6 (Prop_lut6_I4_O)        0.124     9.760 r  u_ddr3_top/ddr3_controller_inst/o_wb_stall_q_i_1/O
                         net (fo=5, estimated)        0.521    10.281    u_ddr3_top/ddr3_controller_inst/o_wb_stall_d22_out
    SLICE_X42Y2          LUT5 (Prop_lut5_I1_O)        0.124    10.405 r  u_ddr3_top/ddr3_controller_inst/o_wb_stall_calib_i_1/O
                         net (fo=1, routed)           0.000    10.405    u_ddr3_top/ddr3_controller_inst/o_wb_stall_calib_i_1_n_0
    SLICE_X42Y2          FDRE                                         r  u_ddr3_top/ddr3_controller_inst/o_wb_stall_calib_reg/D
  -------------------------------------------------------------------    -------------------

                         (clock clk_controller_clk_wiz_0 rise edge)
                                                     12.000    12.000 r  
    N15                                               0.000    12.000 r  clk_100mhz (IN)
                         net (fo=0)                   0.000    12.000    u_ddr_clk_wiz/clk_100mhz
    N15                  IBUF (Prop_ibuf_I_O)         1.370    13.370 r  u_ddr_clk_wiz/clkin1_ibufg/O
                         net (fo=1, estimated)        1.171    14.542    u_ddr_clk_wiz/clk_in1_clk_wiz_0
    MMCME2_ADV_X0Y0      MMCME2_ADV (Prop_mmcme2_adv_CLKIN1_CLKOUT0)
                                                     -7.279     7.263 r  u_ddr_clk_wiz/mmcm_adv_inst/CLKOUT0
                         net (fo=1, estimated)        1.583     8.846    u_ddr_clk_wiz/clk_controller_clk_wiz_0
    BUFGCTRL_X0Y0        BUFG (Prop_bufg_I_O)         0.091     8.937 r  u_ddr_clk_wiz/clkout1_buf/O
                         net (fo=2683, estimated)     1.451    10.388    u_ddr3_top/ddr3_controller_inst/i_controller_clk
    SLICE_X42Y2          FDRE                                         r  u_ddr3_top/ddr3_controller_inst/o_wb_stall_calib_reg/C
                         clock pessimism              0.553    10.940    
                         clock uncertainty           -0.076    10.865    
    SLICE_X42Y2          FDRE (Setup_fdre_C_D)        0.081    10.946    u_ddr3_top/ddr3_controller_inst/o_wb_stall_calib_reg
  -------------------------------------------------------------------
                         required time                         10.946    
                         arrival time                         -10.405    
  -------------------------------------------------------------------
                         slack                                  0.540    




