Copyright 1986-2022 Xilinx, Inc. All Rights Reserved. Copyright 2022-2025 Advanced Micro Devices, Inc. All Rights Reserved.
---------------------------------------------------------------------------------------------------------------------------------------------
| Tool Version : Vivado v.2025.1 (lin64) Build 6140274 Wed May 21 22:58:25 MDT 2025
| Date         : Sun Mar 22 01:01:18 2026
| Host         : eecs-digital-13 running 64-bit Ubuntu 24.04.3 LTS
| Command      : report_timing -file obj/post_synth_timing.rpt
| Design       : top_level
| Device       : 7s50-csga324
| Speed File   : -1  PRODUCTION 1.23 2018-06-13
| Design State : Synthesized
---------------------------------------------------------------------------------------------------------------------------------------------

Timing Report

Slack (VIOLATED) :        -1.185ns  (required time - arrival time)
  Source:                 batch_active_reg/C
                            (rising edge-triggered cell FDRE clocked by clk_passthrough_clk_wiz_0  {rise@0.000ns fall@5.000ns period=10.000ns})
  Destination:            resp_status_reg[0]/D
                            (rising edge-triggered cell FDSE clocked by clk_passthrough_clk_wiz_0  {rise@0.000ns fall@5.000ns period=10.000ns})
  Path Group:             clk_passthrough_clk_wiz_0
  Path Type:              Setup (Max at Slow Process Corner)
  Requirement:            10.000ns  (clk_passthrough_clk_wiz_0 rise@10.000ns - clk_passthrough_clk_wiz_0 rise@0.000ns)
  Data Path Delay:        10.995ns  (logic 2.373ns (21.583%)  route 8.622ns (78.417%))
  Logic Levels:           14  (LUT2=2 LUT3=1 LUT5=1 LUT6=10)
  Clock Path Skew:        -0.145ns (DCD - SCD + CPR)
    Destination Clock Delay (DCD):    -2.279ns = ( 7.721 - 10.000 ) 
    Source Clock Delay      (SCD):    -1.604ns
    Clock Pessimism Removal (CPR):    0.530ns
  Clock Uncertainty:      0.074ns  ((TSJ^2 + DJ^2)^1/2) / 2 + PE
    Total System Jitter     (TSJ):    0.071ns
    Discrete Jitter          (DJ):    0.129ns
    Phase Error              (PE):    0.000ns

    Location             Delay type                Incr(ns)  Path(ns)    Netlist Resource(s)
  -------------------------------------------------------------------    -------------------
                         (clock clk_passthrough_clk_wiz_0 rise edge)
                                                      0.000     0.000 r  
    N15                                               0.000     0.000 r  clk_100mhz (IN)
                         net (fo=0)                   0.000     0.000    u_ddr_clk_wiz/clk_100mhz
    N15                  IBUF (Prop_ibuf_I_O)         1.440     1.440 r  u_ddr_clk_wiz/clkin1_ibufg/O
                         net (fo=1, unplaced)         0.584     2.024    u_ddr_clk_wiz/clk_in1_clk_wiz_0
                         MMCME2_ADV (Prop_mmcme2_adv_CLKIN1_CLKOUT5)
                                                     -5.108    -3.083 r  u_ddr_clk_wiz/mmcm_adv_inst/CLKOUT5
                         net (fo=1, unplaced)         0.800    -2.284    u_ddr_clk_wiz/clk_passthrough_clk_wiz_0
                         BUFG (Prop_bufg_I_O)         0.096    -2.188 r  u_ddr_clk_wiz/clkout6_buf/O
                         net (fo=15802, unplaced)     0.584    -1.604    core_clk
                         FDRE                                         r  batch_active_reg/C
  -------------------------------------------------------------------    -------------------
                         FDRE (Prop_fdre_C_Q)         0.456    -1.148 r  batch_active_reg/Q
                         net (fo=54, unplaced)        1.049    -0.099    u_uart_rx/batch_active_reg_9
                         LUT6 (Prop_lut6_I0_O)        0.295     0.196 f  u_uart_rx/infer_sum_c_inh[31]_i_20/O
                         net (fo=1, unplaced)         1.111     1.307    u_uart_rx/infer_sum_c_inh[31]_i_20_n_0
                         LUT5 (Prop_lut5_I0_O)        0.124     1.431 f  u_uart_rx/infer_sum_c_inh[31]_i_14/O
                         net (fo=1, unplaced)         0.964     2.395    u_uart_rx/infer_sum_c_inh[31]_i_14_n_0
                         LUT6 (Prop_lut6_I0_O)        0.124     2.519 f  u_uart_rx/infer_sum_c_inh[31]_i_9/O
                         net (fo=17, unplaced)        0.505     3.024    u_uart_rx/response_ready1434_out
                         LUT6 (Prop_lut6_I1_O)        0.124     3.148 r  u_uart_rx/resp_result[31]_i_26/O
                         net (fo=3, unplaced)         0.467     3.615    u_uart_rx/resp_result[31]_i_26_n_0
                         LUT2 (Prop_lut2_I0_O)        0.116     3.731 r  u_uart_rx/resp_status[7]_i_30/O
                         net (fo=1, unplaced)         0.902     4.633    u_uart_rx/resp_status[7]_i_30_n_0
                         LUT6 (Prop_lut6_I0_O)        0.124     4.757 r  u_uart_rx/resp_status[7]_i_22/O
                         net (fo=1, unplaced)         0.449     5.206    u_uart_rx/resp_status[7]_i_22_n_0
                         LUT6 (Prop_lut6_I0_O)        0.124     5.330 r  u_uart_rx/resp_status[7]_i_17/O
                         net (fo=1, unplaced)         0.449     5.779    u_uart_rx/resp_status[7]_i_17_n_0
                         LUT6 (Prop_lut6_I1_O)        0.124     5.903 r  u_uart_rx/resp_status[7]_i_7/O
                         net (fo=22, unplaced)        0.481     6.384    u_uart_rx/resp_status[7]_i_7_n_0
                         LUT2 (Prop_lut2_I1_O)        0.150     6.534 f  u_uart_rx/resp_status[0]_i_23/O
                         net (fo=1, unplaced)         0.449     6.983    u_uart_rx/resp_status[0]_i_23_n_0
                         LUT6 (Prop_lut6_I5_O)        0.124     7.107 r  u_uart_rx/resp_status[0]_i_17/O
                         net (fo=1, unplaced)         0.449     7.556    u_uart_rx/resp_status[0]_i_17_n_0
                         LUT6 (Prop_lut6_I4_O)        0.124     7.680 f  u_uart_rx/resp_status[0]_i_7/O
                         net (fo=1, unplaced)         0.449     8.129    u_uart_rx/resp_status[0]_i_7_n_0
                         LUT6 (Prop_lut6_I5_O)        0.124     8.253 r  u_uart_rx/resp_status[0]_i_3/O
                         net (fo=1, unplaced)         0.449     8.702    u_uart_rx/resp_status[0]_i_3_n_0
                         LUT3 (Prop_lut3_I1_O)        0.116     8.818 r  u_uart_rx/resp_status[0]_i_2/O
                         net (fo=1, unplaced)         0.449     9.267    u_uart_rx/resp_status[0]_i_2_n_0
                         LUT6 (Prop_lut6_I5_O)        0.124     9.391 r  u_uart_rx/resp_status[0]_i_1/O
                         net (fo=1, unplaced)         0.000     9.391    u_uart_rx_n_1810
                         FDSE                                         r  resp_status_reg[0]/D
  -------------------------------------------------------------------    -------------------

                         (clock clk_passthrough_clk_wiz_0 rise edge)
                                                     10.000    10.000 r  
    N15                                               0.000    10.000 r  clk_100mhz (IN)
                         net (fo=0)                   0.000    10.000    u_ddr_clk_wiz/clk_100mhz
    N15                  IBUF (Prop_ibuf_I_O)         1.370    11.370 r  u_ddr_clk_wiz/clkin1_ibufg/O
                         net (fo=1, unplaced)         0.439    11.809    u_ddr_clk_wiz/clk_in1_clk_wiz_0
                         MMCME2_ADV (Prop_mmcme2_adv_CLKIN1_CLKOUT5)
                                                     -5.378     6.431 r  u_ddr_clk_wiz/mmcm_adv_inst/CLKOUT5
                         net (fo=1, unplaced)         0.760     7.191    u_ddr_clk_wiz/clk_passthrough_clk_wiz_0
                         BUFG (Prop_bufg_I_O)         0.091     7.282 r  u_ddr_clk_wiz/clkout6_buf/O
                         net (fo=15802, unplaced)     0.439     7.721    core_clk
                         FDSE                                         r  resp_status_reg[0]/C
                         clock pessimism              0.530     8.251    
                         clock uncertainty           -0.074     8.178    
                         FDSE (Setup_fdse_C_D)        0.029     8.207    resp_status_reg[0]
  -------------------------------------------------------------------
                         required time                          8.207    
                         arrival time                          -9.391    
  -------------------------------------------------------------------
                         slack                                 -1.185    




