Copyright 1986-2022 Xilinx, Inc. All Rights Reserved. Copyright 2022-2025 Advanced Micro Devices, Inc. All Rights Reserved.
---------------------------------------------------------------------------------------------------------------------------------------------
| Tool Version : Vivado v.2025.1 (lin64) Build 6140274 Wed May 21 22:58:25 MDT 2025
| Date         : Wed Feb 25 07:38:28 2026
| Host         : eecs-digital-09 running 64-bit Ubuntu 24.04.3 LTS
| Command      : report_utilization -file obj/post_synth_util.rpt -hierarchical -hierarchical_depth 4
| Design       : top_level
| Device       : xc7s50csga324-1
| Speed File   : -1
| Design State : Synthesized
---------------------------------------------------------------------------------------------------------------------------------------------

Utilization Design Information

Table of Contents
-----------------
1. Utilization by Hierarchy

1. Utilization by Hierarchy
---------------------------

+--------------------------+-----------------+------------+------------+---------+------+-------+--------+--------+------------+
|         Instance         |      Module     | Total LUTs | Logic LUTs | LUTRAMs | SRLs |  FFs  | RAMB36 | RAMB18 | DSP Blocks |
+--------------------------+-----------------+------------+------------+---------+------+-------+--------+--------+------------+
| top_level                |           (top) |      28115 |      25984 |    2131 |    0 | 13274 |     48 |      0 |         44 |
|   (top_level)            |           (top) |       6268 |       4137 |    2131 |    0 | 10697 |     48 |      0 |         44 |
|   u_ddr3_top             |        ddr3_top |      10048 |      10048 |       0 |    0 |  2210 |      0 |      0 |          0 |
|     (u_ddr3_top)         |        ddr3_top |       7214 |       7214 |       0 |    0 |     0 |      0 |      0 |          0 |
|     ddr3_controller_inst | ddr3_controller |       2820 |       2820 |       0 |    0 |  2187 |      0 |      0 |          0 |
|   u_poisson_divider      |       divider2b |        275 |        275 |       0 |    0 |   137 |      0 |      0 |          0 |
|   u_sd_controller        |   sd_controller |       2732 |       2732 |       0 |    0 |   164 |      0 |      0 |          0 |
|   u_uart_rx              |         uart_rx |       8763 |       8763 |       0 |    0 |    41 |      0 |      0 |          0 |
+--------------------------+-----------------+------------+------------+---------+------+-------+--------+--------+------------+


