Copyright 1986-2022 Xilinx, Inc. All Rights Reserved. Copyright 2022-2025 Advanced Micro Devices, Inc. All Rights Reserved.
---------------------------------------------------------------------------------------------------------------------------------------------
| Tool Version : Vivado v.2025.1 (lin64) Build 6140274 Wed May 21 22:58:25 MDT 2025
| Date         : Sun Mar 22 04:38:40 2026
| Host         : eecs-digital-10 running 64-bit Ubuntu 24.04.3 LTS
| Command      : report_timing_summary -file obj/post_route_timing_summary.rpt
| Design       : top_level
| Device       : 7s50-csga324
| Speed File   : -1  PRODUCTION 1.23 2018-06-13
| Design State : Routed
---------------------------------------------------------------------------------------------------------------------------------------------

Timing Summary Report

------------------------------------------------------------------------------------------------
| Timer Settings
| --------------
------------------------------------------------------------------------------------------------

  Enable Multi Corner Analysis               :  Yes
  Enable Pessimism Removal                   :  Yes
  Pessimism Removal Resolution               :  Nearest Common Node
  Enable Input Delay Default Clock           :  No
  Enable Preset / Clear Arcs                 :  No
  Disable Flight Delays                      :  No
  Ignore I/O Paths                           :  No
  Timing Early Launch at Borrowing Latches   :  No
  Borrow Time for Max Delay Exceptions       :  Yes
  Merge Timing Exceptions                    :  Yes
  Inter-SLR Compensation                     :  Conservative

  Corner  Analyze    Analyze    
  Name    Max Paths  Min Paths  
  ------  ---------  ---------  
  Slow    Yes        Yes        
  Fast    Yes        Yes        


------------------------------------------------------------------------------------------------
| Report Methodology
| ------------------
------------------------------------------------------------------------------------------------

No report available as report_methodology has not been run prior. Run report_methodology on the current design for the summary of methodology violations.



check_timing report

Table of Contents
-----------------
1. checking no_clock (0)
2. checking constant_clock (0)
3. checking pulse_width_clock (0)
4. checking unconstrained_internal_endpoints (0)
5. checking no_input_delay (22)
6. checking no_output_delay (74)
7. checking multiple_clock (0)
8. checking generated_clocks (0)
9. checking loops (0)
10. checking partial_input_delay (0)
11. checking partial_output_delay (0)
12. checking latch_loops (0)

1. checking no_clock (0)
------------------------
 There are 0 register/latch pins with no clock.


2. checking constant_clock (0)
------------------------------
 There are 0 register/latch pins with constant_clock.


3. checking pulse_width_clock (0)
---------------------------------
 There are 0 register/latch pins which need pulse_width check


4. checking unconstrained_internal_endpoints (0)
------------------------------------------------
 There are 0 pins that are not constrained for maximum delay.

 There are 0 pins that are not constrained for maximum delay due to constant clock.


5. checking no_input_delay (22)
-------------------------------
 There are 22 input ports with no input delay specified. (HIGH)

 There are 0 input ports with no input delay but user has a false path constraint.


6. checking no_output_delay (74)
--------------------------------
 There are 74 ports with no output delay specified. (HIGH)

 There are 0 ports with no output delay but user has a false path constraint

 There are 0 ports with no output delay but with a timing clock defined on it or propagating through it


7. checking multiple_clock (0)
------------------------------
 There are 0 register/latch pins with multiple clocks.


8. checking generated_clocks (0)
--------------------------------
 There are 0 generated clocks that are not connected to a clock source.


9. checking loops (0)
---------------------
 There are 0 combinational loops in the design.


10. checking partial_input_delay (0)
------------------------------------
 There are 0 input ports with partial input delay specified.


11. checking partial_output_delay (0)
-------------------------------------
 There are 0 ports with partial output delay specified.


12. checking latch_loops (0)
----------------------------
 There are 0 combinational latch loops in the design through latch input



------------------------------------------------------------------------------------------------
| Design Timing Summary
| ---------------------
------------------------------------------------------------------------------------------------

    WNS(ns)      TNS(ns)  TNS Failing Endpoints  TNS Total Endpoints      WHS(ns)      THS(ns)  THS Failing Endpoints  THS Total Endpoints     WPWS(ns)     TPWS(ns)  TPWS Failing Endpoints  TPWS Total Endpoints  
    -------      -------  ---------------------  -------------------      -------      -------  ---------------------  -------------------     --------     --------  ----------------------  --------------------  
      0.216        0.000                      0                64846        0.046        0.000                      0                64720        0.264        0.000                       0                 21283  


All user specified timing constraints are met.


------------------------------------------------------------------------------------------------
| Clock Summary
| -------------
------------------------------------------------------------------------------------------------

Clock                        Waveform(ns)         Period(ns)      Frequency(MHz)
-----                        ------------         ----------      --------------
gclk                         {0.000 4.000}        10.000          100.000         
  clk_camera_clk_wiz_0       {0.000 2.500}        5.000           200.000         
  clk_controller_clk_wiz_0   {0.000 6.000}        12.000          83.333          
  clk_ddr3_90_clk_wiz_0      {0.750 2.250}        3.000           333.333         
  clk_ddr3_clk_wiz_0         {0.000 1.500}        3.000           333.333         
  clk_passthrough_clk_wiz_0  {0.000 5.000}        10.000          100.000         
  clkfbout_clk_wiz_0         {0.000 5.000}        10.000          100.000         


------------------------------------------------------------------------------------------------
| Intra Clock Table
| -----------------
------------------------------------------------------------------------------------------------

Clock                            WNS(ns)      TNS(ns)  TNS Failing Endpoints  TNS Total Endpoints      WHS(ns)      THS(ns)  THS Failing Endpoints  THS Total Endpoints     WPWS(ns)     TPWS(ns)  TPWS Failing Endpoints  TPWS Total Endpoints  
-----                            -------      -------  ---------------------  -------------------      -------      -------  ---------------------  -------------------     --------     --------  ----------------------  --------------------  
gclk                                                                                                                                                                           2.000        0.000                       0                     1  
  clk_camera_clk_wiz_0                                                                                                                                                         0.264        0.000                       0                     3  
  clk_controller_clk_wiz_0         0.216        0.000                      0                 7810        0.046        0.000                      0                 7810        5.500        0.000                       0                  2968  
  clk_ddr3_90_clk_wiz_0                                                                                                                                                        0.845        0.000                       0                    20  
  clk_ddr3_clk_wiz_0                                                                                                                                                           0.845        0.000                       0                    63  
  clk_passthrough_clk_wiz_0        0.309        0.000                      0                56910        0.051        0.000                      0                56910        3.750        0.000                       0                 18225  
  clkfbout_clk_wiz_0                                                                                                                                                           7.845        0.000                       0                     3  


------------------------------------------------------------------------------------------------
| Inter Clock Table
| -----------------
------------------------------------------------------------------------------------------------

From Clock                 To Clock                       WNS(ns)      TNS(ns)  TNS Failing Endpoints  TNS Total Endpoints      WHS(ns)      THS(ns)  THS Failing Endpoints  THS Total Endpoints  
----------                 --------                       -------      -------  ---------------------  -------------------      -------      -------  ---------------------  -------------------  
clk_passthrough_clk_wiz_0  clk_controller_clk_wiz_0         3.589        0.000                      0                   74                                                                        
clk_controller_clk_wiz_0   clk_passthrough_clk_wiz_0        4.063        0.000                      0                   52                                                                        


------------------------------------------------------------------------------------------------
| Other Path Groups Table
| -----------------------
------------------------------------------------------------------------------------------------

Path Group    From Clock    To Clock          WNS(ns)      TNS(ns)  TNS Failing Endpoints  TNS Total Endpoints      WHS(ns)      THS(ns)  THS Failing Endpoints  THS Total Endpoints  
----------    ----------    --------          -------      -------  ---------------------  -------------------      -------      -------  ---------------------  -------------------  


------------------------------------------------------------------------------------------------
| Timing Details
| --------------
------------------------------------------------------------------------------------------------


---------------------------------------------------------------------------------------------------
From Clock:  gclk
  To Clock:  gclk

Setup :           NA  Failing Endpoints,  Worst Slack           NA  ,  Total Violation           NA
Hold  :           NA  Failing Endpoints,  Worst Slack           NA  ,  Total Violation           NA
PW    :            0  Failing Endpoints,  Worst Slack        2.000ns,  Total Violation        0.000ns
---------------------------------------------------------------------------------------------------


Pulse Width Checks
--------------------------------------------------------------------------------------
Clock Name:         gclk
Waveform(ns):       { 0.000 4.000 }
Period(ns):         10.000
Sources:            { clk_100mhz }

Check Type        Corner  Lib Pin            Reference Pin  Required(ns)  Actual(ns)  Slack(ns)  Location         Pin
Min Period        n/a     MMCME2_ADV/CLKIN1  n/a            1.249         10.000      8.751      MMCME2_ADV_X0Y0  u_ddr_clk_wiz/mmcm_adv_inst/CLKIN1
Max Period        n/a     MMCME2_ADV/CLKIN1  n/a            100.000       10.000      90.000     MMCME2_ADV_X0Y0  u_ddr_clk_wiz/mmcm_adv_inst/CLKIN1
Low Pulse Width   Slow    MMCME2_ADV/CLKIN1  n/a            2.000         6.000       4.000      MMCME2_ADV_X0Y0  u_ddr_clk_wiz/mmcm_adv_inst/CLKIN1
High Pulse Width  Slow    MMCME2_ADV/CLKIN1  n/a            2.000         4.000       2.000      MMCME2_ADV_X0Y0  u_ddr_clk_wiz/mmcm_adv_inst/CLKIN1



---------------------------------------------------------------------------------------------------
From Clock:  clk_camera_clk_wiz_0
  To Clock:  clk_camera_clk_wiz_0

Setup :           NA  Failing Endpoints,  Worst Slack           NA  ,  Total Violation           NA
Hold  :           NA  Failing Endpoints,  Worst Slack           NA  ,  Total Violation           NA
PW    :            0  Failing Endpoints,  Worst Slack        0.264ns,  Total Violation        0.000ns
---------------------------------------------------------------------------------------------------


Pulse Width Checks
--------------------------------------------------------------------------------------
Clock Name:         clk_camera_clk_wiz_0
Waveform(ns):       { 0.000 2.500 }
Period(ns):         5.000
Sources:            { u_ddr_clk_wiz/mmcm_adv_inst/CLKOUT3 }

Check Type  Corner  Lib Pin            Reference Pin  Required(ns)  Actual(ns)  Slack(ns)  Location         Pin
Min Period  n/a     IDELAYCTRL/REFCLK  n/a            3.225         5.000       1.775      IDELAYCTRL_X1Y0  u_ddr3_top/ddr3_phy_inst/IDELAYCTRL_inst/REFCLK
Max Period  n/a     IDELAYCTRL/REFCLK  n/a            5.264         5.000       0.264      IDELAYCTRL_X1Y0  u_ddr3_top/ddr3_phy_inst/IDELAYCTRL_inst/REFCLK



---------------------------------------------------------------------------------------------------
From Clock:  clk_controller_clk_wiz_0
  To Clock:  clk_controller_clk_wiz_0

Setup :            0  Failing Endpoints,  Worst Slack        0.216ns,  Total Violation        0.000ns
Hold  :            0  Failing Endpoints,  Worst Slack        0.046ns,  Total Violation        0.000ns
PW    :            0  Failing Endpoints,  Worst Slack        5.500ns,  Total Violation        0.000ns
---------------------------------------------------------------------------------------------------


Max Delay Paths
--------------------------------------------------------------------------------------
Slack (MET) :             0.216ns  (required time - arrival time)
  Source:                 u_ddr3_top/ddr3_controller_inst/stage2_bank_reg[1]/C
                            (rising edge-triggered cell FDRE clocked by clk_controller_clk_wiz_0  {rise@0.000ns fall@6.000ns period=12.000ns})
  Destination:            u_ddr3_top/ddr3_controller_inst/o_wb_stall_reg_rep__0/D
                            (rising edge-triggered cell FDRE clocked by clk_controller_clk_wiz_0  {rise@0.000ns fall@6.000ns period=12.000ns})
  Path Group:             clk_controller_clk_wiz_0
  Path Type:              Setup (Max at Slow Process Corner)
  Requirement:            12.000ns  (clk_controller_clk_wiz_0 rise@12.000ns - clk_controller_clk_wiz_0 rise@0.000ns)
  Data Path Delay:        11.715ns  (logic 4.817ns (41.119%)  route 6.898ns (58.881%))
  Logic Levels:           16  (CARRY4=4 LUT2=1 LUT4=1 LUT5=1 LUT6=7 MUXF7=2)
  Clock Path Skew:        -0.025ns (DCD - SCD + CPR)
    Destination Clock Delay (DCD):    -1.493ns = ( 10.507 - 12.000 ) 
    Source Clock Delay      (SCD):    -0.892ns
    Clock Pessimism Removal (CPR):    0.576ns
  Clock Uncertainty:      0.076ns  ((TSJ^2 + DJ^2)^1/2) / 2 + PE
    Total System Jitter     (TSJ):    0.071ns
    Discrete Jitter          (DJ):    0.134ns
    Phase Error              (PE):    0.000ns

    Location             Delay type                Incr(ns)  Path(ns)    Netlist Resource(s)
  -------------------------------------------------------------------    -------------------
                         (clock clk_controller_clk_wiz_0 rise edge)
                                                      0.000     0.000 r  
    N15                                               0.000     0.000 r  clk_100mhz (IN)
                         net (fo=0)                   0.000     0.000    u_ddr_clk_wiz/clk_100mhz
    N15                  IBUF (Prop_ibuf_I_O)         1.440     1.440 r  u_ddr_clk_wiz/clkin1_ibufg/O
                         net (fo=1, routed)           1.233     2.673    u_ddr_clk_wiz/clk_in1_clk_wiz_0
    MMCME2_ADV_X0Y0      MMCME2_ADV (Prop_mmcme2_adv_CLKIN1_CLKOUT0)
                                                     -6.965    -4.291 r  u_ddr_clk_wiz/mmcm_adv_inst/CLKOUT0
                         net (fo=1, routed)           1.666    -2.625    u_ddr_clk_wiz/clk_controller_clk_wiz_0
    BUFGCTRL_X0Y0        BUFG (Prop_bufg_I_O)         0.096    -2.529 r  u_ddr_clk_wiz/clkout1_buf/O
                         net (fo=2966, routed)        1.637    -0.892    u_ddr3_top/ddr3_controller_inst/i_controller_clk
    SLICE_X59Y4          FDRE                                         r  u_ddr3_top/ddr3_controller_inst/stage2_bank_reg[1]/C
  -------------------------------------------------------------------    -------------------
    SLICE_X59Y4          FDRE (Prop_fdre_C_Q)         0.456    -0.436 r  u_ddr3_top/ddr3_controller_inst/stage2_bank_reg[1]/Q
                         net (fo=116, routed)         1.043     0.607    u_ddr3_top/ddr3_controller_inst/stage2_bank[1]
    SLICE_X56Y4          LUT6 (Prop_lut6_I2_O)        0.124     0.731 r  u_ddr3_top/ddr3_controller_inst/o_phy_cmd[23]_INST_0_i_116/O
                         net (fo=1, routed)           0.000     0.731    u_ddr3_top/ddr3_controller_inst/o_phy_cmd[23]_INST_0_i_116_n_0
    SLICE_X56Y4          MUXF7 (Prop_muxf7_I1_O)      0.214     0.945 r  u_ddr3_top/ddr3_controller_inst/o_phy_cmd[23]_INST_0_i_68/O
                         net (fo=2, routed)           0.662     1.607    u_ddr3_top/ddr3_controller_inst/o_phy_cmd[23]_INST_0_i_68_n_0
    SLICE_X57Y4          LUT6 (Prop_lut6_I1_O)        0.297     1.904 r  u_ddr3_top/ddr3_controller_inst/o_phy_cmd[23]_INST_0_i_44/O
                         net (fo=1, routed)           0.000     1.904    u_ddr3_top/ddr3_controller_inst/o_phy_cmd[23]_INST_0_i_44_n_0
    SLICE_X57Y4          CARRY4 (Prop_carry4_S[0]_CO[3])
                                                      0.532     2.436 r  u_ddr3_top/ddr3_controller_inst/o_phy_cmd[23]_INST_0_i_21/CO[3]
                         net (fo=1, routed)           0.000     2.436    u_ddr3_top/ddr3_controller_inst/o_phy_cmd[23]_INST_0_i_21_n_0
    SLICE_X57Y5          CARRY4 (Prop_carry4_CI_CO[0])
                                                      0.271     2.707 f  u_ddr3_top/ddr3_controller_inst/o_phy_cmd[23]_INST_0_i_10/CO[0]
                         net (fo=3, routed)           0.591     3.299    u_ddr3_top/ddr3_controller_inst/precharge_slot_busy2
    SLICE_X54Y5          LUT2 (Prop_lut2_I1_O)        0.366     3.665 f  u_ddr3_top/ddr3_controller_inst/o_phy_cmd[92]_INST_0_i_2/O
                         net (fo=59, routed)          0.585     4.249    u_ddr3_top/ddr3_controller_inst/o_phy_cmd[92]_INST_0_i_2_n_0
    SLICE_X57Y6          LUT6 (Prop_lut6_I1_O)        0.331     4.580 r  u_ddr3_top/ddr3_controller_inst/delay_before_precharge_counter_q[2][1]_i_2/O
                         net (fo=17, routed)          0.837     5.417    u_ddr3_top/ddr3_controller_inst/delay_before_precharge_counter_q[2][1]_i_2_n_0
    SLICE_X60Y2          LUT5 (Prop_lut5_I3_O)        0.124     5.541 r  u_ddr3_top/ddr3_controller_inst/bank_active_row_q[2][4]_i_1/O
                         net (fo=3, routed)           0.806     6.348    u_ddr3_top/ddr3_controller_inst/bank_active_row_q[2][4]_i_1_n_0
    SLICE_X61Y2          LUT6 (Prop_lut6_I1_O)        0.124     6.472 r  u_ddr3_top/ddr3_controller_inst/o_wb_stall_q_i_129/O
                         net (fo=1, routed)           0.000     6.472    u_ddr3_top/ddr3_controller_inst/o_wb_stall_q_i_129_n_0
    SLICE_X61Y2          MUXF7 (Prop_muxf7_I0_O)      0.238     6.710 r  u_ddr3_top/ddr3_controller_inst/o_wb_stall_q_reg_i_84/O
                         net (fo=1, routed)           0.791     7.500    u_ddr3_top/ddr3_controller_inst/o_wb_stall_q_reg_i_84_n_0
    SLICE_X59Y5          LUT6 (Prop_lut6_I1_O)        0.298     7.798 r  u_ddr3_top/ddr3_controller_inst/o_wb_stall_q_i_59/O
                         net (fo=1, routed)           0.000     7.798    u_ddr3_top/ddr3_controller_inst/o_wb_stall_q_i_59_n_0
    SLICE_X59Y5          CARRY4 (Prop_carry4_S[1]_CO[3])
                                                      0.550     8.348 r  u_ddr3_top/ddr3_controller_inst/o_wb_stall_q_reg_i_41/CO[3]
                         net (fo=1, routed)           0.000     8.348    u_ddr3_top/ddr3_controller_inst/o_wb_stall_q_reg_i_41_n_0
    SLICE_X59Y6          CARRY4 (Prop_carry4_CI_CO[0])
                                                      0.271     8.619 r  u_ddr3_top/ddr3_controller_inst/o_wb_stall_q_reg_i_18/CO[0]
                         net (fo=1, routed)           0.422     9.041    u_ddr3_top/ddr3_controller_inst/stage1_stall3
    SLICE_X60Y6          LUT4 (Prop_lut4_I0_O)        0.373     9.414 f  u_ddr3_top/ddr3_controller_inst/o_wb_stall_q_i_6/O
                         net (fo=1, routed)           0.658    10.072    u_ddr3_top/ddr3_controller_inst/o_wb_stall_q_i_6_n_0
    SLICE_X60Y5          LUT6 (Prop_lut6_I4_O)        0.124    10.196 r  u_ddr3_top/ddr3_controller_inst/o_wb_stall_q_i_1/O
                         net (fo=5, routed)           0.503    10.699    u_ddr3_top/ddr3_controller_inst/o_wb_stall_d22_out
    SLICE_X61Y5          LUT6 (Prop_lut6_I2_O)        0.124    10.823 r  u_ddr3_top/ddr3_controller_inst/o_wb_stall_rep_i_1__0/O
                         net (fo=1, routed)           0.000    10.823    u_ddr3_top/ddr3_controller_inst/o_wb_stall_rep_i_1__0_n_0
    SLICE_X61Y5          FDRE                                         r  u_ddr3_top/ddr3_controller_inst/o_wb_stall_reg_rep__0/D
  -------------------------------------------------------------------    -------------------

                         (clock clk_controller_clk_wiz_0 rise edge)
                                                     12.000    12.000 r  
    N15                                               0.000    12.000 r  clk_100mhz (IN)
                         net (fo=0)                   0.000    12.000    u_ddr_clk_wiz/clk_100mhz
    N15                  IBUF (Prop_ibuf_I_O)         1.370    13.370 r  u_ddr_clk_wiz/clkin1_ibufg/O
                         net (fo=1, routed)           1.162    14.532    u_ddr_clk_wiz/clk_in1_clk_wiz_0
    MMCME2_ADV_X0Y0      MMCME2_ADV (Prop_mmcme2_adv_CLKIN1_CLKOUT0)
                                                     -7.221     7.311 r  u_ddr_clk_wiz/mmcm_adv_inst/CLKOUT0
                         net (fo=1, routed)           1.587     8.898    u_ddr_clk_wiz/clk_controller_clk_wiz_0
    BUFGCTRL_X0Y0        BUFG (Prop_bufg_I_O)         0.091     8.989 r  u_ddr_clk_wiz/clkout1_buf/O
                         net (fo=2966, routed)        1.518    10.507    u_ddr3_top/ddr3_controller_inst/i_controller_clk
    SLICE_X61Y5          FDRE                                         r  u_ddr3_top/ddr3_controller_inst/o_wb_stall_reg_rep__0/C
                         clock pessimism              0.576    11.083    
                         clock uncertainty           -0.076    11.008    
    SLICE_X61Y5          FDRE (Setup_fdre_C_D)        0.031    11.039    u_ddr3_top/ddr3_controller_inst/o_wb_stall_reg_rep__0
  -------------------------------------------------------------------
                         required time                         11.039    
                         arrival time                         -10.823    
  -------------------------------------------------------------------
                         slack                                  0.216    





Min Delay Paths
--------------------------------------------------------------------------------------
Slack (MET) :             0.046ns  (arrival time - required time)
  Source:                 ddr_rsp_payload_ddr_reg_reg[17]/C
                            (rising edge-triggered cell FDRE clocked by clk_controller_clk_wiz_0  {rise@0.000ns fall@6.000ns period=12.000ns})
  Destination:            u_cdc_rsp_payload/src_ff_reg[17]/D
                            (rising edge-triggered cell FDRE clocked by clk_controller_clk_wiz_0  {rise@0.000ns fall@6.000ns period=12.000ns})
  Path Group:             clk_controller_clk_wiz_0
  Path Type:              Hold (Min at Fast Process Corner)
  Requirement:            0.000ns  (clk_controller_clk_wiz_0 rise@0.000ns - clk_controller_clk_wiz_0 rise@0.000ns)
  Data Path Delay:        0.384ns  (logic 0.141ns (36.718%)  route 0.243ns (63.282%))
  Logic Levels:           0  
  Clock Path Skew:        0.268ns (DCD - SCD - CPR)
    Destination Clock Delay (DCD):    -0.876ns
    Source Clock Delay      (SCD):    -0.636ns
    Clock Pessimism Removal (CPR):    -0.508ns

    Location             Delay type                Incr(ns)  Path(ns)    Netlist Resource(s)
  -------------------------------------------------------------------    -------------------
                         (clock clk_controller_clk_wiz_0 rise edge)
                                                      0.000     0.000 r  
    N15                                               0.000     0.000 r  clk_100mhz (IN)
                         net (fo=0)                   0.000     0.000    u_ddr_clk_wiz/clk_100mhz
    N15                  IBUF (Prop_ibuf_I_O)         0.209     0.209 r  u_ddr_clk_wiz/clkin1_ibufg/O
                         net (fo=1, routed)           0.440     0.649    u_ddr_clk_wiz/clk_in1_clk_wiz_0
    MMCME2_ADV_X0Y0      MMCME2_ADV (Prop_mmcme2_adv_CLKIN1_CLKOUT0)
                                                     -2.362    -1.714 r  u_ddr_clk_wiz/mmcm_adv_inst/CLKOUT0
                         net (fo=1, routed)           0.489    -1.225    u_ddr_clk_wiz/clk_controller_clk_wiz_0
    BUFGCTRL_X0Y0        BUFG (Prop_bufg_I_O)         0.026    -1.199 r  u_ddr_clk_wiz/clkout1_buf/O
                         net (fo=2966, routed)        0.563    -0.636    clk_controller
    SLICE_X36Y46         FDRE                                         r  ddr_rsp_payload_ddr_reg_reg[17]/C
  -------------------------------------------------------------------    -------------------
    SLICE_X36Y46         FDRE (Prop_fdre_C_Q)         0.141    -0.495 r  ddr_rsp_payload_ddr_reg_reg[17]/Q
                         net (fo=1, routed)           0.243    -0.252    u_cdc_rsp_payload/src_in[17]
    SLICE_X39Y50         FDRE                                         r  u_cdc_rsp_payload/src_ff_reg[17]/D
  -------------------------------------------------------------------    -------------------

                         (clock clk_controller_clk_wiz_0 rise edge)
                                                      0.000     0.000 r  
    N15                                               0.000     0.000 r  clk_100mhz (IN)
                         net (fo=0)                   0.000     0.000    u_ddr_clk_wiz/clk_100mhz
    N15                  IBUF (Prop_ibuf_I_O)         0.396     0.396 r  u_ddr_clk_wiz/clkin1_ibufg/O
                         net (fo=1, routed)           0.480     0.876    u_ddr_clk_wiz/clk_in1_clk_wiz_0
    MMCME2_ADV_X0Y0      MMCME2_ADV (Prop_mmcme2_adv_CLKIN1_CLKOUT0)
                                                     -3.145    -2.269 r  u_ddr_clk_wiz/mmcm_adv_inst/CLKOUT0
                         net (fo=1, routed)           0.534    -1.735    u_ddr_clk_wiz/clk_controller_clk_wiz_0
    BUFGCTRL_X0Y0        BUFG (Prop_bufg_I_O)         0.029    -1.706 r  u_ddr_clk_wiz/clkout1_buf/O
                         net (fo=2966, routed)        0.830    -0.876    u_cdc_rsp_payload/src_clk
    SLICE_X39Y50         FDRE                                         r  u_cdc_rsp_payload/src_ff_reg[17]/C
                         clock pessimism              0.508    -0.368    
    SLICE_X39Y50         FDRE (Hold_fdre_C_D)         0.070    -0.298    u_cdc_rsp_payload/src_ff_reg[17]
  -------------------------------------------------------------------
                         required time                          0.298    
                         arrival time                          -0.252    
  -------------------------------------------------------------------
                         slack                                  0.046    





Pulse Width Checks
--------------------------------------------------------------------------------------
Clock Name:         clk_controller_clk_wiz_0
Waveform(ns):       { 0.000 6.000 }
Period(ns):         12.000
Sources:            { u_ddr_clk_wiz/mmcm_adv_inst/CLKOUT0 }

Check Type        Corner  Lib Pin             Reference Pin  Required(ns)  Actual(ns)  Slack(ns)  Location         Pin
Min Period        n/a     IDELAYE2/C          n/a            2.360         12.000      9.640      IDELAY_X1Y45     u_ddr3_top/ddr3_phy_inst/genblk5[0].IDELAYE2_data/C
Max Period        n/a     MMCME2_ADV/CLKOUT0  n/a            213.360       12.000      201.360    MMCME2_ADV_X0Y0  u_ddr_clk_wiz/mmcm_adv_inst/CLKOUT0
Low Pulse Width   Slow    FDRE/C              n/a            0.500         6.000       5.500      SLICE_X45Y52     FSM_sequential_ddr_bridge_state_reg[0]/C
High Pulse Width  Slow    FDRE/C              n/a            0.500         6.000       5.500      SLICE_X45Y52     FSM_sequential_ddr_bridge_state_reg[0]/C



---------------------------------------------------------------------------------------------------
From Clock:  clk_ddr3_90_clk_wiz_0
  To Clock:  clk_ddr3_90_clk_wiz_0

Setup :           NA  Failing Endpoints,  Worst Slack           NA  ,  Total Violation           NA
Hold  :           NA  Failing Endpoints,  Worst Slack           NA  ,  Total Violation           NA
PW    :            0  Failing Endpoints,  Worst Slack        0.845ns,  Total Violation        0.000ns
---------------------------------------------------------------------------------------------------


Pulse Width Checks
--------------------------------------------------------------------------------------
Clock Name:         clk_ddr3_90_clk_wiz_0
Waveform(ns):       { 0.750 2.250 }
Period(ns):         3.000
Sources:            { u_ddr_clk_wiz/mmcm_adv_inst/CLKOUT2 }

Check Type  Corner  Lib Pin             Reference Pin  Required(ns)  Actual(ns)  Slack(ns)  Location         Pin
Min Period  n/a     BUFG/I              n/a            2.155         3.000       0.845      BUFGCTRL_X0Y2    u_ddr_clk_wiz/clkout3_buf/I
Max Period  n/a     MMCME2_ADV/CLKOUT2  n/a            213.360       3.000       210.360    MMCME2_ADV_X0Y0  u_ddr_clk_wiz/mmcm_adv_inst/CLKOUT2



---------------------------------------------------------------------------------------------------
From Clock:  clk_ddr3_clk_wiz_0
  To Clock:  clk_ddr3_clk_wiz_0

Setup :           NA  Failing Endpoints,  Worst Slack           NA  ,  Total Violation           NA
Hold  :           NA  Failing Endpoints,  Worst Slack           NA  ,  Total Violation           NA
PW    :            0  Failing Endpoints,  Worst Slack        0.845ns,  Total Violation        0.000ns
---------------------------------------------------------------------------------------------------


Pulse Width Checks
--------------------------------------------------------------------------------------
Clock Name:         clk_ddr3_clk_wiz_0
Waveform(ns):       { 0.000 1.500 }
Period(ns):         3.000
Sources:            { u_ddr_clk_wiz/mmcm_adv_inst/CLKOUT1 }

Check Type  Corner  Lib Pin             Reference Pin  Required(ns)  Actual(ns)  Slack(ns)  Location         Pin
Min Period  n/a     BUFG/I              n/a            2.155         3.000       0.845      BUFGCTRL_X0Y1    u_ddr_clk_wiz/clkout2_buf/I
Max Period  n/a     MMCME2_ADV/CLKOUT1  n/a            213.360       3.000       210.360    MMCME2_ADV_X0Y0  u_ddr_clk_wiz/mmcm_adv_inst/CLKOUT1



---------------------------------------------------------------------------------------------------
From Clock:  clk_passthrough_clk_wiz_0
  To Clock:  clk_passthrough_clk_wiz_0

Setup :            0  Failing Endpoints,  Worst Slack        0.309ns,  Total Violation        0.000ns
Hold  :            0  Failing Endpoints,  Worst Slack        0.051ns,  Total Violation        0.000ns
PW    :            0  Failing Endpoints,  Worst Slack        3.750ns,  Total Violation        0.000ns
---------------------------------------------------------------------------------------------------


Max Delay Paths
--------------------------------------------------------------------------------------
Slack (MET) :             0.309ns  (required time - arrival time)
  Source:                 sd_fill_bank_reg_rep__0/C
                            (rising edge-triggered cell FDRE clocked by clk_passthrough_clk_wiz_0  {rise@0.000ns fall@5.000ns period=10.000ns})
  Destination:            sd_sector_word_buf_reg[1][38][24]/D
                            (rising edge-triggered cell FDRE clocked by clk_passthrough_clk_wiz_0  {rise@0.000ns fall@5.000ns period=10.000ns})
  Path Group:             clk_passthrough_clk_wiz_0
  Path Type:              Setup (Max at Slow Process Corner)
  Requirement:            10.000ns  (clk_passthrough_clk_wiz_0 rise@10.000ns - clk_passthrough_clk_wiz_0 rise@0.000ns)
  Data Path Delay:        9.649ns  (logic 0.580ns (6.011%)  route 9.069ns (93.989%))
  Logic Levels:           1  (LUT6=1)
  Clock Path Skew:        0.001ns (DCD - SCD + CPR)
    Destination Clock Delay (DCD):    -1.403ns = ( 8.597 - 10.000 ) 
    Source Clock Delay      (SCD):    -0.915ns
    Clock Pessimism Removal (CPR):    0.489ns
  Clock Uncertainty:      0.074ns  ((TSJ^2 + DJ^2)^1/2) / 2 + PE
    Total System Jitter     (TSJ):    0.071ns
    Discrete Jitter          (DJ):    0.129ns
    Phase Error              (PE):    0.000ns

    Location             Delay type                Incr(ns)  Path(ns)    Netlist Resource(s)
  -------------------------------------------------------------------    -------------------
                         (clock clk_passthrough_clk_wiz_0 rise edge)
                                                      0.000     0.000 r  
    N15                                               0.000     0.000 r  clk_100mhz (IN)
                         net (fo=0)                   0.000     0.000    u_ddr_clk_wiz/clk_100mhz
    N15                  IBUF (Prop_ibuf_I_O)         1.440     1.440 r  u_ddr_clk_wiz/clkin1_ibufg/O
                         net (fo=1, routed)           1.233     2.673    u_ddr_clk_wiz/clk_in1_clk_wiz_0
    MMCME2_ADV_X0Y0      MMCME2_ADV (Prop_mmcme2_adv_CLKIN1_CLKOUT5)
                                                     -6.965    -4.291 r  u_ddr_clk_wiz/mmcm_adv_inst/CLKOUT5
                         net (fo=1, routed)           1.666    -2.625    u_ddr_clk_wiz/clk_passthrough_clk_wiz_0
    BUFGCTRL_X0Y4        BUFG (Prop_bufg_I_O)         0.096    -2.529 r  u_ddr_clk_wiz/clkout6_buf/O
                         net (fo=18242, routed)       1.614    -0.915    core_clk
    SLICE_X1Y80          FDRE                                         r  sd_fill_bank_reg_rep__0/C
  -------------------------------------------------------------------    -------------------
    SLICE_X1Y80          FDRE (Prop_fdre_C_Q)         0.456    -0.459 r  sd_fill_bank_reg_rep__0/Q
                         net (fo=156, routed)         9.069     8.610    u_sd_controller/sd_sector_word_buf_reg[0][47][24]
    SLICE_X31Y108        LUT6 (Prop_lut6_I1_O)        0.124     8.734 r  u_sd_controller/sd_sector_word_buf[1][38][24]_i_1/O
                         net (fo=1, routed)           0.000     8.734    u_sd_controller_n_1246
    SLICE_X31Y108        FDRE                                         r  sd_sector_word_buf_reg[1][38][24]/D
  -------------------------------------------------------------------    -------------------

                         (clock clk_passthrough_clk_wiz_0 rise edge)
                                                     10.000    10.000 r  
    N15                                               0.000    10.000 r  clk_100mhz (IN)
                         net (fo=0)                   0.000    10.000    u_ddr_clk_wiz/clk_100mhz
    N15                  IBUF (Prop_ibuf_I_O)         1.370    11.370 r  u_ddr_clk_wiz/clkin1_ibufg/O
                         net (fo=1, routed)           1.162    12.532    u_ddr_clk_wiz/clk_in1_clk_wiz_0
    MMCME2_ADV_X0Y0      MMCME2_ADV (Prop_mmcme2_adv_CLKIN1_CLKOUT5)
                                                     -7.221     5.311 r  u_ddr_clk_wiz/mmcm_adv_inst/CLKOUT5
                         net (fo=1, routed)           1.587     6.898    u_ddr_clk_wiz/clk_passthrough_clk_wiz_0
    BUFGCTRL_X0Y4        BUFG (Prop_bufg_I_O)         0.091     6.989 r  u_ddr_clk_wiz/clkout6_buf/O
                         net (fo=18242, routed)       1.608     8.597    core_clk
    SLICE_X31Y108        FDRE                                         r  sd_sector_word_buf_reg[1][38][24]/C
                         clock pessimism              0.489     9.086    
                         clock uncertainty           -0.074     9.013    
    SLICE_X31Y108        FDRE (Setup_fdre_C_D)        0.031     9.044    sd_sector_word_buf_reg[1][38][24]
  -------------------------------------------------------------------
                         required time                          9.044    
                         arrival time                          -8.734    
  -------------------------------------------------------------------
                         slack                                  0.309    





Min Delay Paths
--------------------------------------------------------------------------------------
Slack (MET) :             0.051ns  (arrival time - required time)
  Source:                 infer_poisson_thresh_wr_addr_reg[5]/C
                            (rising edge-triggered cell FDRE clocked by clk_passthrough_clk_wiz_0  {rise@0.000ns fall@5.000ns period=10.000ns})
  Destination:            infer_poisson_thresh_mem_reg/ADDRARDADDR[9]
                            (rising edge-triggered cell RAMB18E1 clocked by clk_passthrough_clk_wiz_0  {rise@0.000ns fall@5.000ns period=10.000ns})
  Path Group:             clk_passthrough_clk_wiz_0
  Path Type:              Hold (Min at Fast Process Corner)
  Requirement:            0.000ns  (clk_passthrough_clk_wiz_0 rise@0.000ns - clk_passthrough_clk_wiz_0 rise@0.000ns)
  Data Path Delay:        0.291ns  (logic 0.141ns (48.374%)  route 0.150ns (51.626%))
  Logic Levels:           0  
  Clock Path Skew:        0.057ns (DCD - SCD - CPR)
    Destination Clock Delay (DCD):    -0.830ns
    Source Clock Delay      (SCD):    -0.634ns
    Clock Pessimism Removal (CPR):    -0.254ns

    Location             Delay type                Incr(ns)  Path(ns)    Netlist Resource(s)
  -------------------------------------------------------------------    -------------------
                         (clock clk_passthrough_clk_wiz_0 rise edge)
                                                      0.000     0.000 r  
    N15                                               0.000     0.000 r  clk_100mhz (IN)
                         net (fo=0)                   0.000     0.000    u_ddr_clk_wiz/clk_100mhz
    N15                  IBUF (Prop_ibuf_I_O)         0.209     0.209 r  u_ddr_clk_wiz/clkin1_ibufg/O
                         net (fo=1, routed)           0.440     0.649    u_ddr_clk_wiz/clk_in1_clk_wiz_0
    MMCME2_ADV_X0Y0      MMCME2_ADV (Prop_mmcme2_adv_CLKIN1_CLKOUT5)
                                                     -2.362    -1.714 r  u_ddr_clk_wiz/mmcm_adv_inst/CLKOUT5
                         net (fo=1, routed)           0.489    -1.225    u_ddr_clk_wiz/clk_passthrough_clk_wiz_0
    BUFGCTRL_X0Y4        BUFG (Prop_bufg_I_O)         0.026    -1.199 r  u_ddr_clk_wiz/clkout6_buf/O
                         net (fo=18242, routed)       0.565    -0.634    core_clk
    SLICE_X9Y51          FDRE                                         r  infer_poisson_thresh_wr_addr_reg[5]/C
  -------------------------------------------------------------------    -------------------
    SLICE_X9Y51          FDRE (Prop_fdre_C_Q)         0.141    -0.493 r  infer_poisson_thresh_wr_addr_reg[5]/Q
                         net (fo=1, routed)           0.150    -0.343    infer_poisson_thresh_wr_addr__0[5]
    RAMB18_X0Y21         RAMB18E1                                     r  infer_poisson_thresh_mem_reg/ADDRARDADDR[9]
  -------------------------------------------------------------------    -------------------

                         (clock clk_passthrough_clk_wiz_0 rise edge)
                                                      0.000     0.000 r  
    N15                                               0.000     0.000 r  clk_100mhz (IN)
                         net (fo=0)                   0.000     0.000    u_ddr_clk_wiz/clk_100mhz
    N15                  IBUF (Prop_ibuf_I_O)         0.396     0.396 r  u_ddr_clk_wiz/clkin1_ibufg/O
                         net (fo=1, routed)           0.480     0.876    u_ddr_clk_wiz/clk_in1_clk_wiz_0
    MMCME2_ADV_X0Y0      MMCME2_ADV (Prop_mmcme2_adv_CLKIN1_CLKOUT5)
                                                     -3.145    -2.269 r  u_ddr_clk_wiz/mmcm_adv_inst/CLKOUT5
                         net (fo=1, routed)           0.534    -1.735    u_ddr_clk_wiz/clk_passthrough_clk_wiz_0
    BUFGCTRL_X0Y4        BUFG (Prop_bufg_I_O)         0.029    -1.706 r  u_ddr_clk_wiz/clkout6_buf/O
                         net (fo=18242, routed)       0.876    -0.830    core_clk
    RAMB18_X0Y21         RAMB18E1                                     r  infer_poisson_thresh_mem_reg/CLKARDCLK
                         clock pessimism              0.254    -0.577    
    RAMB18_X0Y21         RAMB18E1 (Hold_ramb18e1_CLKARDCLK_ADDRARDADDR[9])
                                                      0.183    -0.394    infer_poisson_thresh_mem_reg
  -------------------------------------------------------------------
                         required time                          0.394    
                         arrival time                          -0.343    
  -------------------------------------------------------------------
                         slack                                  0.051    





Pulse Width Checks
--------------------------------------------------------------------------------------
Clock Name:         clk_passthrough_clk_wiz_0
Waveform(ns):       { 0.000 5.000 }
Period(ns):         10.000
Sources:            { u_ddr_clk_wiz/mmcm_adv_inst/CLKOUT5 }

Check Type        Corner  Lib Pin             Reference Pin  Required(ns)  Actual(ns)  Slack(ns)  Location         Pin
Min Period        n/a     DSP48E1/CLK         n/a            3.884         10.000      6.116      DSP48_X0Y7       infer_apply_exc_drive_prod_q32_reg/CLK
Max Period        n/a     MMCME2_ADV/CLKOUT5  n/a            213.360       10.000      203.360    MMCME2_ADV_X0Y0  u_ddr_clk_wiz/mmcm_adv_inst/CLKOUT5
Low Pulse Width   Slow    RAMS32/CLK          n/a            1.250         5.000       3.750      SLICE_X2Y6       infer_c_exc_state_reg_0_15_0_0/SP/CLK
High Pulse Width  Slow    RAMS32/CLK          n/a            1.250         5.000       3.750      SLICE_X2Y6       infer_c_exc_state_reg_0_15_0_0/SP/CLK



---------------------------------------------------------------------------------------------------
From Clock:  clkfbout_clk_wiz_0
  To Clock:  clkfbout_clk_wiz_0

Setup :           NA  Failing Endpoints,  Worst Slack           NA  ,  Total Violation           NA
Hold  :           NA  Failing Endpoints,  Worst Slack           NA  ,  Total Violation           NA
PW    :            0  Failing Endpoints,  Worst Slack        7.845ns,  Total Violation        0.000ns
---------------------------------------------------------------------------------------------------


Pulse Width Checks
--------------------------------------------------------------------------------------
Clock Name:         clkfbout_clk_wiz_0
Waveform(ns):       { 0.000 5.000 }
Period(ns):         10.000
Sources:            { u_ddr_clk_wiz/mmcm_adv_inst/CLKFBOUT }

Check Type  Corner  Lib Pin             Reference Pin  Required(ns)  Actual(ns)  Slack(ns)  Location         Pin
Min Period  n/a     BUFG/I              n/a            2.155         10.000      7.845      BUFGCTRL_X0Y5    u_ddr_clk_wiz/clkf_buf/I
Max Period  n/a     MMCME2_ADV/CLKFBIN  n/a            100.000       10.000      90.000     MMCME2_ADV_X0Y0  u_ddr_clk_wiz/mmcm_adv_inst/CLKFBIN



---------------------------------------------------------------------------------------------------
From Clock:  clk_passthrough_clk_wiz_0
  To Clock:  clk_controller_clk_wiz_0

Setup :            0  Failing Endpoints,  Worst Slack        3.589ns,  Total Violation        0.000ns
Hold  :           NA  Failing Endpoints,  Worst Slack           NA  ,  Total Violation           NA
---------------------------------------------------------------------------------------------------


Max Delay Paths
--------------------------------------------------------------------------------------
Slack (MET) :             3.589ns  (required time - arrival time)
  Source:                 u_cdc_req_payload/src_ff_reg[52]/C
                            (rising edge-triggered cell FDRE clocked by clk_passthrough_clk_wiz_0  {rise@0.000ns fall@5.000ns period=10.000ns})
  Destination:            u_cdc_req_payload/syncstages_ff_reg[0][52]/D
                            (rising edge-triggered cell FDRE clocked by clk_controller_clk_wiz_0  {rise@0.000ns fall@6.000ns period=12.000ns})
  Path Group:             clk_controller_clk_wiz_0
  Path Type:              Setup (Max at Slow Process Corner)
  Requirement:            6.000ns  (MaxDelay Path 6.000ns)
  Data Path Delay:        2.316ns  (logic 0.456ns (19.691%)  route 1.860ns (80.309%))
  Logic Levels:           0  
  Timing Exception:       MaxDelay Path 6.000ns -datapath_only

    Location             Delay type                Incr(ns)  Path(ns)    Netlist Resource(s)
  -------------------------------------------------------------------    -------------------
    SLICE_X36Y95                                      0.000     0.000 r  u_cdc_req_payload/src_ff_reg[52]/C
    SLICE_X36Y95         FDRE (Prop_fdre_C_Q)         0.456     0.456 r  u_cdc_req_payload/src_ff_reg[52]/Q
                         net (fo=1, routed)           1.860     2.316    u_cdc_req_payload/async_path_bit[52]
    SLICE_X36Y60         FDRE                                         r  u_cdc_req_payload/syncstages_ff_reg[0][52]/D
  -------------------------------------------------------------------    -------------------

                         max delay                    6.000     6.000    
    SLICE_X36Y60         FDRE (Setup_fdre_C_D)       -0.095     5.905    u_cdc_req_payload/syncstages_ff_reg[0][52]
  -------------------------------------------------------------------
                         required time                          5.905    
                         arrival time                          -2.316    
  -------------------------------------------------------------------
                         slack                                  3.589    





---------------------------------------------------------------------------------------------------
From Clock:  clk_controller_clk_wiz_0
  To Clock:  clk_passthrough_clk_wiz_0

Setup :            0  Failing Endpoints,  Worst Slack        4.063ns,  Total Violation        0.000ns
Hold  :           NA  Failing Endpoints,  Worst Slack           NA  ,  Total Violation           NA
---------------------------------------------------------------------------------------------------


Max Delay Paths
--------------------------------------------------------------------------------------
Slack (MET) :             4.063ns  (required time - arrival time)
  Source:                 u_cdc_rsp_payload/src_ff_reg[27]/C
                            (rising edge-triggered cell FDRE clocked by clk_controller_clk_wiz_0  {rise@0.000ns fall@6.000ns period=12.000ns})
  Destination:            u_cdc_rsp_payload/syncstages_ff_reg[0][27]/D
                            (rising edge-triggered cell FDRE clocked by clk_passthrough_clk_wiz_0  {rise@0.000ns fall@5.000ns period=10.000ns})
  Path Group:             clk_passthrough_clk_wiz_0
  Path Type:              Setup (Max at Slow Process Corner)
  Requirement:            6.000ns  (MaxDelay Path 6.000ns)
  Data Path Delay:        1.842ns  (logic 0.456ns (24.751%)  route 1.386ns (75.249%))
  Logic Levels:           0  
  Timing Exception:       MaxDelay Path 6.000ns -datapath_only

    Location             Delay type                Incr(ns)  Path(ns)    Netlist Resource(s)
  -------------------------------------------------------------------    -------------------
    SLICE_X36Y47                                      0.000     0.000 r  u_cdc_rsp_payload/src_ff_reg[27]/C
    SLICE_X36Y47         FDRE (Prop_fdre_C_Q)         0.456     0.456 r  u_cdc_rsp_payload/src_ff_reg[27]/Q
                         net (fo=1, routed)           1.386     1.842    u_cdc_rsp_payload/async_path_bit[27]
    SLICE_X37Y58         FDRE                                         r  u_cdc_rsp_payload/syncstages_ff_reg[0][27]/D
  -------------------------------------------------------------------    -------------------

                         max delay                    6.000     6.000    
    SLICE_X37Y58         FDRE (Setup_fdre_C_D)       -0.095     5.905    u_cdc_rsp_payload/syncstages_ff_reg[0][27]
  -------------------------------------------------------------------
                         required time                          5.905    
                         arrival time                          -1.842    
  -------------------------------------------------------------------
                         slack                                  4.063    





