Copyright 1986-2022 Xilinx, Inc. All Rights Reserved. Copyright 2022-2025 Advanced Micro Devices, Inc. All Rights Reserved.
---------------------------------------------------------------------------------------------------------------------------------------------
| Tool Version : Vivado v.2025.1 (lin64) Build 6140274 Wed May 21 22:58:25 MDT 2025
| Date         : Sun Mar 22 23:34:02 2026
| Host         : eecs-digital-11 running 64-bit Ubuntu 24.04.3 LTS
| Command      : report_timing_summary -file obj/post_place_timing_summary.rpt
| Design       : top_level
| Device       : 7s50-csga324
| Speed File   : -1  PRODUCTION 1.23 2018-06-13
| Design State : Fully Placed
---------------------------------------------------------------------------------------------------------------------------------------------

Timing Summary Report

------------------------------------------------------------------------------------------------
| Timer Settings
| --------------
------------------------------------------------------------------------------------------------

  Enable Multi Corner Analysis               :  Yes
  Enable Pessimism Removal                   :  Yes
  Pessimism Removal Resolution               :  Nearest Common Node
  Enable Input Delay Default Clock           :  No
  Enable Preset / Clear Arcs                 :  No
  Disable Flight Delays                      :  No
  Ignore I/O Paths                           :  No
  Timing Early Launch at Borrowing Latches   :  No
  Borrow Time for Max Delay Exceptions       :  Yes
  Merge Timing Exceptions                    :  Yes
  Inter-SLR Compensation                     :  Conservative

  Corner  Analyze    Analyze    
  Name    Max Paths  Min Paths  
  ------  ---------  ---------  
  Slow    Yes        Yes        
  Fast    Yes        Yes        


------------------------------------------------------------------------------------------------
| Report Methodology
| ------------------
------------------------------------------------------------------------------------------------

No report available as report_methodology has not been run prior. Run report_methodology on the current design for the summary of methodology violations.



check_timing report

Table of Contents
-----------------
1. checking no_clock (0)
2. checking constant_clock (0)
3. checking pulse_width_clock (0)
4. checking unconstrained_internal_endpoints (0)
5. checking no_input_delay (22)
6. checking no_output_delay (74)
7. checking multiple_clock (0)
8. checking generated_clocks (0)
9. checking loops (0)
10. checking partial_input_delay (0)
11. checking partial_output_delay (0)
12. checking latch_loops (0)

1. checking no_clock (0)
------------------------
 There are 0 register/latch pins with no clock.


2. checking constant_clock (0)
------------------------------
 There are 0 register/latch pins with constant_clock.


3. checking pulse_width_clock (0)
---------------------------------
 There are 0 register/latch pins which need pulse_width check


4. checking unconstrained_internal_endpoints (0)
------------------------------------------------
 There are 0 pins that are not constrained for maximum delay.

 There are 0 pins that are not constrained for maximum delay due to constant clock.


5. checking no_input_delay (22)
-------------------------------
 There are 22 input ports with no input delay specified. (HIGH)

 There are 0 input ports with no input delay but user has a false path constraint.


6. checking no_output_delay (74)
--------------------------------
 There are 74 ports with no output delay specified. (HIGH)

 There are 0 ports with no output delay but user has a false path constraint

 There are 0 ports with no output delay but with a timing clock defined on it or propagating through it


7. checking multiple_clock (0)
------------------------------
 There are 0 register/latch pins with multiple clocks.


8. checking generated_clocks (0)
--------------------------------
 There are 0 generated clocks that are not connected to a clock source.


9. checking loops (0)
---------------------
 There are 0 combinational loops in the design.


10. checking partial_input_delay (0)
------------------------------------
 There are 0 input ports with partial input delay specified.


11. checking partial_output_delay (0)
-------------------------------------
 There are 0 ports with partial output delay specified.


12. checking latch_loops (0)
----------------------------
 There are 0 combinational latch loops in the design through latch input



------------------------------------------------------------------------------------------------
| Design Timing Summary
| ---------------------
------------------------------------------------------------------------------------------------

    WNS(ns)      TNS(ns)  TNS Failing Endpoints  TNS Total Endpoints      WHS(ns)      THS(ns)  THS Failing Endpoints  THS Total Endpoints     WPWS(ns)     TPWS(ns)  TPWS Failing Endpoints  TPWS Total Endpoints  
    -------      -------  ---------------------  -------------------      -------      -------  ---------------------  -------------------     --------     --------  ----------------------  --------------------  
      0.036        0.000                      0                63574       -0.266       -5.575                     46                63448        0.264        0.000                       0                 20840  


Timing constraints are not met.


------------------------------------------------------------------------------------------------
| Clock Summary
| -------------
------------------------------------------------------------------------------------------------

Clock                        Waveform(ns)         Period(ns)      Frequency(MHz)
-----                        ------------         ----------      --------------
gclk                         {0.000 4.000}        10.000          100.000         
  clk_camera_clk_wiz_0       {0.000 2.500}        5.000           200.000         
  clk_controller_clk_wiz_0   {0.000 6.000}        12.000          83.333          
  clk_ddr3_90_clk_wiz_0      {0.750 2.250}        3.000           333.333         
  clk_ddr3_clk_wiz_0         {0.000 1.500}        3.000           333.333         
  clk_passthrough_clk_wiz_0  {0.000 5.000}        10.000          100.000         
  clkfbout_clk_wiz_0         {0.000 5.000}        10.000          100.000         


------------------------------------------------------------------------------------------------
| Intra Clock Table
| -----------------
------------------------------------------------------------------------------------------------

Clock                            WNS(ns)      TNS(ns)  TNS Failing Endpoints  TNS Total Endpoints      WHS(ns)      THS(ns)  THS Failing Endpoints  THS Total Endpoints     WPWS(ns)     TPWS(ns)  TPWS Failing Endpoints  TPWS Total Endpoints  
-----                            -------      -------  ---------------------  -------------------      -------      -------  ---------------------  -------------------     --------     --------  ----------------------  --------------------  
gclk                                                                                                                                                                           2.000        0.000                       0                     1  
  clk_camera_clk_wiz_0                                                                                                                                                         0.264        0.000                       0                     3  
  clk_controller_clk_wiz_0         0.359        0.000                      0                 7810       -0.266       -5.526                     42                 7810        5.500        0.000                       0                  2968  
  clk_ddr3_90_clk_wiz_0                                                                                                                                                        0.845        0.000                       0                    20  
  clk_ddr3_clk_wiz_0                                                                                                                                                           0.845        0.000                       0                    63  
  clk_passthrough_clk_wiz_0        0.036        0.000                      0                55638       -0.022       -0.049                      4                55638        3.750        0.000                       0                 17782  
  clkfbout_clk_wiz_0                                                                                                                                                           7.845        0.000                       0                     3  


------------------------------------------------------------------------------------------------
| Inter Clock Table
| -----------------
------------------------------------------------------------------------------------------------

From Clock                 To Clock                       WNS(ns)      TNS(ns)  TNS Failing Endpoints  TNS Total Endpoints      WHS(ns)      THS(ns)  THS Failing Endpoints  THS Total Endpoints  
----------                 --------                       -------      -------  ---------------------  -------------------      -------      -------  ---------------------  -------------------  
clk_passthrough_clk_wiz_0  clk_controller_clk_wiz_0         3.587        0.000                      0                   74                                                                        
clk_controller_clk_wiz_0   clk_passthrough_clk_wiz_0        4.171        0.000                      0                   52                                                                        


------------------------------------------------------------------------------------------------
| Other Path Groups Table
| -----------------------
------------------------------------------------------------------------------------------------

Path Group    From Clock    To Clock          WNS(ns)      TNS(ns)  TNS Failing Endpoints  TNS Total Endpoints      WHS(ns)      THS(ns)  THS Failing Endpoints  THS Total Endpoints  
----------    ----------    --------          -------      -------  ---------------------  -------------------      -------      -------  ---------------------  -------------------  


------------------------------------------------------------------------------------------------
| Timing Details
| --------------
------------------------------------------------------------------------------------------------


---------------------------------------------------------------------------------------------------
From Clock:  gclk
  To Clock:  gclk

Setup :           NA  Failing Endpoints,  Worst Slack           NA  ,  Total Violation           NA
Hold  :           NA  Failing Endpoints,  Worst Slack           NA  ,  Total Violation           NA
PW    :            0  Failing Endpoints,  Worst Slack        2.000ns,  Total Violation        0.000ns
---------------------------------------------------------------------------------------------------


Pulse Width Checks
--------------------------------------------------------------------------------------
Clock Name:         gclk
Waveform(ns):       { 0.000 4.000 }
Period(ns):         10.000
Sources:            { clk_100mhz }

Check Type        Corner  Lib Pin            Reference Pin  Required(ns)  Actual(ns)  Slack(ns)  Location         Pin
Min Period        n/a     MMCME2_ADV/CLKIN1  n/a            1.249         10.000      8.751      MMCME2_ADV_X0Y0  u_ddr_clk_wiz/mmcm_adv_inst/CLKIN1
Max Period        n/a     MMCME2_ADV/CLKIN1  n/a            100.000       10.000      90.000     MMCME2_ADV_X0Y0  u_ddr_clk_wiz/mmcm_adv_inst/CLKIN1
Low Pulse Width   Slow    MMCME2_ADV/CLKIN1  n/a            2.000         6.000       4.000      MMCME2_ADV_X0Y0  u_ddr_clk_wiz/mmcm_adv_inst/CLKIN1
High Pulse Width  Slow    MMCME2_ADV/CLKIN1  n/a            2.000         4.000       2.000      MMCME2_ADV_X0Y0  u_ddr_clk_wiz/mmcm_adv_inst/CLKIN1



---------------------------------------------------------------------------------------------------
From Clock:  clk_camera_clk_wiz_0
  To Clock:  clk_camera_clk_wiz_0

Setup :           NA  Failing Endpoints,  Worst Slack           NA  ,  Total Violation           NA
Hold  :           NA  Failing Endpoints,  Worst Slack           NA  ,  Total Violation           NA
PW    :            0  Failing Endpoints,  Worst Slack        0.264ns,  Total Violation        0.000ns
---------------------------------------------------------------------------------------------------


Pulse Width Checks
--------------------------------------------------------------------------------------
Clock Name:         clk_camera_clk_wiz_0
Waveform(ns):       { 0.000 2.500 }
Period(ns):         5.000
Sources:            { u_ddr_clk_wiz/mmcm_adv_inst/CLKOUT3 }

Check Type  Corner  Lib Pin            Reference Pin  Required(ns)  Actual(ns)  Slack(ns)  Location         Pin
Min Period  n/a     IDELAYCTRL/REFCLK  n/a            3.225         5.000       1.775      IDELAYCTRL_X1Y0  u_ddr3_top/ddr3_phy_inst/IDELAYCTRL_inst/REFCLK
Max Period  n/a     IDELAYCTRL/REFCLK  n/a            5.264         5.000       0.264      IDELAYCTRL_X1Y0  u_ddr3_top/ddr3_phy_inst/IDELAYCTRL_inst/REFCLK



---------------------------------------------------------------------------------------------------
From Clock:  clk_controller_clk_wiz_0
  To Clock:  clk_controller_clk_wiz_0

Setup :            0  Failing Endpoints,  Worst Slack        0.359ns,  Total Violation        0.000ns
Hold  :           42  Failing Endpoints,  Worst Slack       -0.266ns,  Total Violation       -5.526ns
PW    :            0  Failing Endpoints,  Worst Slack        5.500ns,  Total Violation        0.000ns
---------------------------------------------------------------------------------------------------


Max Delay Paths
--------------------------------------------------------------------------------------
Slack (MET) :             0.359ns  (required time - arrival time)
  Source:                 u_ddr3_top/ddr3_controller_inst/bank_status_q_reg[2]/C
                            (rising edge-triggered cell FDRE clocked by clk_controller_clk_wiz_0  {rise@0.000ns fall@6.000ns period=12.000ns})
  Destination:            u_ddr3_top/ddr3_controller_inst/o_wb_stall_reg_rep__0/D
                            (rising edge-triggered cell FDRE clocked by clk_controller_clk_wiz_0  {rise@0.000ns fall@6.000ns period=12.000ns})
  Path Group:             clk_controller_clk_wiz_0
  Path Type:              Setup (Max at Slow Process Corner)
  Requirement:            12.000ns  (clk_controller_clk_wiz_0 rise@12.000ns - clk_controller_clk_wiz_0 rise@0.000ns)
  Data Path Delay:        11.557ns  (logic 4.052ns (35.061%)  route 7.505ns (64.939%))
  Logic Levels:           14  (CARRY4=2 LUT2=1 LUT3=1 LUT4=1 LUT5=1 LUT6=6 MUXF7=2)
  Clock Path Skew:        -0.040ns (DCD - SCD + CPR)
    Destination Clock Delay (DCD):    -1.609ns = ( 10.391 - 12.000 ) 
    Source Clock Delay      (SCD):    -1.017ns
    Clock Pessimism Removal (CPR):    0.553ns
  Clock Uncertainty:      0.076ns  ((TSJ^2 + DJ^2)^1/2) / 2 + PE
    Total System Jitter     (TSJ):    0.071ns
    Discrete Jitter          (DJ):    0.134ns
    Phase Error              (PE):    0.000ns

    Location             Delay type                Incr(ns)  Path(ns)    Netlist Resource(s)
  -------------------------------------------------------------------    -------------------
                         (clock clk_controller_clk_wiz_0 rise edge)
                                                      0.000     0.000 r  
    N15                                               0.000     0.000 r  clk_100mhz (IN)
                         net (fo=0)                   0.000     0.000    u_ddr_clk_wiz/clk_100mhz
    N15                  IBUF (Prop_ibuf_I_O)         1.440     1.440 r  u_ddr_clk_wiz/clkin1_ibufg/O
                         net (fo=1, estimated)        1.233     2.673    u_ddr_clk_wiz/clk_in1_clk_wiz_0
    MMCME2_ADV_X0Y0      MMCME2_ADV (Prop_mmcme2_adv_CLKIN1_CLKOUT0)
                                                     -7.025    -4.352 r  u_ddr_clk_wiz/mmcm_adv_inst/CLKOUT0
                         net (fo=1, estimated)        1.666    -2.686    u_ddr_clk_wiz/clk_controller_clk_wiz_0
    BUFGCTRL_X0Y0        BUFG (Prop_bufg_I_O)         0.096    -2.590 r  u_ddr_clk_wiz/clkout1_buf/O
                         net (fo=2966, estimated)     1.573    -1.017    u_ddr3_top/ddr3_controller_inst/i_controller_clk
    SLICE_X54Y6          FDRE                                         r  u_ddr3_top/ddr3_controller_inst/bank_status_q_reg[2]/C
  -------------------------------------------------------------------    -------------------
    SLICE_X54Y6          FDRE (Prop_fdre_C_Q)         0.518    -0.499 r  u_ddr3_top/ddr3_controller_inst/bank_status_q_reg[2]/Q
                         net (fo=3, estimated)        1.004     0.505    u_ddr3_top/ddr3_controller_inst/bank_status_q_reg_n_0_[2]
    SLICE_X55Y6          LUT6 (Prop_lut6_I1_O)        0.124     0.629 r  u_ddr3_top/ddr3_controller_inst/o_phy_cmd[70]_INST_0_i_5/O
                         net (fo=1, routed)           0.000     0.629    u_ddr3_top/ddr3_controller_inst/o_phy_cmd[70]_INST_0_i_5_n_0
    SLICE_X55Y6          MUXF7 (Prop_muxf7_I0_O)      0.212     0.841 r  u_ddr3_top/ddr3_controller_inst/o_phy_cmd[70]_INST_0_i_3/O
                         net (fo=23, estimated)       1.064     1.905    u_ddr3_top/ddr3_controller_inst/o_phy_cmd[70]_INST_0_i_3_n_0
    SLICE_X55Y6          LUT2 (Prop_lut2_I0_O)        0.329     2.234 r  u_ddr3_top/ddr3_controller_inst/o_phy_cmd[70]_INST_0_i_1/O
                         net (fo=30, estimated)       0.559     2.793    u_ddr3_top/ddr3_controller_inst/o_phy_cmd[70]_INST_0_i_1_n_0
    SLICE_X55Y6          LUT3 (Prop_lut3_I0_O)        0.327     3.120 f  u_ddr3_top/ddr3_controller_inst/o_phy_cmd[70]_INST_0_i_2/O
                         net (fo=35, estimated)       0.856     3.976    u_ddr3_top/ddr3_controller_inst/o_phy_cmd[70]_INST_0_i_2_n_0
    SLICE_X54Y6          LUT4 (Prop_lut4_I3_O)        0.150     4.126 r  u_ddr3_top/ddr3_controller_inst/delay_before_precharge_counter_q[5][1]_i_3/O
                         net (fo=18, estimated)       1.010     5.136    u_ddr3_top/ddr3_controller_inst/delay_before_precharge_counter_q[5][1]_i_3_n_0
    SLICE_X63Y3          LUT5 (Prop_lut5_I1_O)        0.328     5.464 f  u_ddr3_top/ddr3_controller_inst/bank_active_row_q[5][2]_i_1/O
                         net (fo=3, estimated)        0.520     5.984    u_ddr3_top/ddr3_controller_inst/bank_active_row_q[5][2]_i_1_n_0
    SLICE_X62Y3          LUT6 (Prop_lut6_I5_O)        0.124     6.108 r  u_ddr3_top/ddr3_controller_inst/o_wb_stall_q_i_112/O
                         net (fo=1, routed)           0.000     6.108    u_ddr3_top/ddr3_controller_inst/o_wb_stall_q_i_112_n_0
    SLICE_X62Y3          MUXF7 (Prop_muxf7_I1_O)      0.217     6.325 r  u_ddr3_top/ddr3_controller_inst/o_wb_stall_q_reg_i_73/O
                         net (fo=1, estimated)        1.141     7.466    u_ddr3_top/ddr3_controller_inst/o_wb_stall_q_reg_i_73_n_0
    SLICE_X53Y2          LUT6 (Prop_lut6_I0_O)        0.299     7.765 r  u_ddr3_top/ddr3_controller_inst/o_wb_stall_q_i_53/O
                         net (fo=1, routed)           0.000     7.765    u_ddr3_top/ddr3_controller_inst/o_wb_stall_q_i_53_n_0
    SLICE_X53Y2          CARRY4 (Prop_carry4_S[0]_CO[3])
                                                      0.532     8.297 r  u_ddr3_top/ddr3_controller_inst/o_wb_stall_q_reg_i_29/CO[3]
                         net (fo=1, estimated)        0.000     8.297    u_ddr3_top/ddr3_controller_inst/o_wb_stall_q_reg_i_29_n_0
    SLICE_X53Y3          CARRY4 (Prop_carry4_CI_CO[0])
                                                      0.271     8.568 f  u_ddr3_top/ddr3_controller_inst/o_wb_stall_q_reg_i_12/CO[0]
                         net (fo=1, estimated)        0.442     9.010    u_ddr3_top/ddr3_controller_inst/stage2_stall2
    SLICE_X53Y6          LUT6 (Prop_lut6_I5_O)        0.373     9.383 r  u_ddr3_top/ddr3_controller_inst/o_wb_stall_q_i_2/O
                         net (fo=1, estimated)        0.404     9.787    u_ddr3_top/ddr3_controller_inst/o_wb_stall_q_i_2_n_0
    SLICE_X53Y6          LUT6 (Prop_lut6_I0_O)        0.124     9.911 r  u_ddr3_top/ddr3_controller_inst/o_wb_stall_q_i_1/O
                         net (fo=5, estimated)        0.505    10.416    u_ddr3_top/ddr3_controller_inst/o_wb_stall_d22_out
    SLICE_X53Y7          LUT6 (Prop_lut6_I2_O)        0.124    10.540 r  u_ddr3_top/ddr3_controller_inst/o_wb_stall_rep_i_1__0/O
                         net (fo=1, routed)           0.000    10.540    u_ddr3_top/ddr3_controller_inst/o_wb_stall_rep_i_1__0_n_0
    SLICE_X53Y7          FDRE                                         r  u_ddr3_top/ddr3_controller_inst/o_wb_stall_reg_rep__0/D
  -------------------------------------------------------------------    -------------------

                         (clock clk_controller_clk_wiz_0 rise edge)
                                                     12.000    12.000 r  
    N15                                               0.000    12.000 r  clk_100mhz (IN)
                         net (fo=0)                   0.000    12.000    u_ddr_clk_wiz/clk_100mhz
    N15                  IBUF (Prop_ibuf_I_O)         1.370    13.370 r  u_ddr_clk_wiz/clkin1_ibufg/O
                         net (fo=1, estimated)        1.171    14.542    u_ddr_clk_wiz/clk_in1_clk_wiz_0
    MMCME2_ADV_X0Y0      MMCME2_ADV (Prop_mmcme2_adv_CLKIN1_CLKOUT0)
                                                     -7.279     7.263 r  u_ddr_clk_wiz/mmcm_adv_inst/CLKOUT0
                         net (fo=1, estimated)        1.583     8.846    u_ddr_clk_wiz/clk_controller_clk_wiz_0
    BUFGCTRL_X0Y0        BUFG (Prop_bufg_I_O)         0.091     8.937 r  u_ddr_clk_wiz/clkout1_buf/O
                         net (fo=2966, estimated)     1.454    10.391    u_ddr3_top/ddr3_controller_inst/i_controller_clk
    SLICE_X53Y7          FDRE                                         r  u_ddr3_top/ddr3_controller_inst/o_wb_stall_reg_rep__0/C
                         clock pessimism              0.553    10.943    
                         clock uncertainty           -0.076    10.868    
    SLICE_X53Y7          FDRE (Setup_fdre_C_D)        0.032    10.900    u_ddr3_top/ddr3_controller_inst/o_wb_stall_reg_rep__0
  -------------------------------------------------------------------
                         required time                         10.900    
                         arrival time                         -10.540    
  -------------------------------------------------------------------
                         slack                                  0.359    





Min Delay Paths
--------------------------------------------------------------------------------------
Slack (VIOLATED) :        -0.266ns  (arrival time - required time)
  Source:                 u_ddr3_top/ddr3_phy_inst/sync_rst_reg/C
                            (rising edge-triggered cell FDSE clocked by clk_controller_clk_wiz_0  {rise@0.000ns fall@6.000ns period=12.000ns})
  Destination:            u_ddr3_top/ddr3_phy_inst/genblk1[21].OSERDESE2_cmd/RST
                            (rising edge-triggered cell OSERDESE2 clocked by clk_controller_clk_wiz_0  {rise@0.000ns fall@6.000ns period=12.000ns})
  Path Group:             clk_controller_clk_wiz_0
  Path Type:              Hold (Min at Fast Process Corner)
  Requirement:            0.000ns  (clk_controller_clk_wiz_0 rise@0.000ns - clk_controller_clk_wiz_0 rise@0.000ns)
  Data Path Delay:        0.420ns  (logic 0.128ns (30.468%)  route 0.292ns (69.532%))
  Logic Levels:           0  
  Clock Path Skew:        0.180ns (DCD - SCD - CPR)
    Destination Clock Delay (DCD):    -0.688ns
    Source Clock Delay      (SCD):    -0.579ns
    Clock Pessimism Removal (CPR):    -0.289ns

    Location             Delay type                Incr(ns)  Path(ns)    Netlist Resource(s)
  -------------------------------------------------------------------    -------------------
                         (clock clk_controller_clk_wiz_0 rise edge)
                                                      0.000     0.000 r  
    N15                                               0.000     0.000 r  clk_100mhz (IN)
                         net (fo=0)                   0.000     0.000    u_ddr_clk_wiz/clk_100mhz
    N15                  IBUF (Prop_ibuf_I_O)         0.209     0.209 r  u_ddr_clk_wiz/clkin1_ibufg/O
                         net (fo=1, estimated)        0.520     0.728    u_ddr_clk_wiz/clk_in1_clk_wiz_0
    MMCME2_ADV_X0Y0      MMCME2_ADV (Prop_mmcme2_adv_CLKIN1_CLKOUT0)
                                                     -2.621    -1.893 r  u_ddr_clk_wiz/mmcm_adv_inst/CLKOUT0
                         net (fo=1, estimated)        0.702    -1.191    u_ddr_clk_wiz/clk_controller_clk_wiz_0
    BUFGCTRL_X0Y0        BUFG (Prop_bufg_I_O)         0.026    -1.165 r  u_ddr_clk_wiz/clkout1_buf/O
                         net (fo=2966, estimated)     0.586    -0.579    u_ddr3_top/ddr3_phy_inst/clk_controller
    SLICE_X65Y21         FDSE                                         r  u_ddr3_top/ddr3_phy_inst/sync_rst_reg/C
  -------------------------------------------------------------------    -------------------
    SLICE_X65Y21         FDSE (Prop_fdse_C_Q)         0.128    -0.451 r  u_ddr3_top/ddr3_phy_inst/sync_rst_reg/Q
                         net (fo=62, estimated)       0.292    -0.159    u_ddr3_top/ddr3_phy_inst/sync_rst
    OLOGIC_X1Y21         OSERDESE2                                    r  u_ddr3_top/ddr3_phy_inst/genblk1[21].OSERDESE2_cmd/RST
  -------------------------------------------------------------------    -------------------

                         (clock clk_controller_clk_wiz_0 rise edge)
                                                      0.000     0.000 r  
    N15                                               0.000     0.000 r  clk_100mhz (IN)
                         net (fo=0)                   0.000     0.000    u_ddr_clk_wiz/clk_100mhz
    N15                  IBUF (Prop_ibuf_I_O)         0.396     0.396 r  u_ddr_clk_wiz/clkin1_ibufg/O
                         net (fo=1, estimated)        0.547     0.943    u_ddr_clk_wiz/clk_in1_clk_wiz_0
    MMCME2_ADV_X0Y0      MMCME2_ADV (Prop_mmcme2_adv_CLKIN1_CLKOUT0)
                                                     -3.399    -2.456 r  u_ddr_clk_wiz/mmcm_adv_inst/CLKOUT0
                         net (fo=1, estimated)        0.739    -1.717    u_ddr_clk_wiz/clk_controller_clk_wiz_0
    BUFGCTRL_X0Y0        BUFG (Prop_bufg_I_O)         0.029    -1.688 r  u_ddr_clk_wiz/clkout1_buf/O
                         net (fo=2966, estimated)     1.000    -0.688    u_ddr3_top/ddr3_phy_inst/clk_controller
    OLOGIC_X1Y21         OSERDESE2                                    r  u_ddr3_top/ddr3_phy_inst/genblk1[21].OSERDESE2_cmd/CLKDIV
                         clock pessimism              0.289    -0.399    
    OLOGIC_X1Y21         OSERDESE2 (Hold_oserdese2_CLKDIV_RST)
                                                      0.506     0.107    u_ddr3_top/ddr3_phy_inst/genblk1[21].OSERDESE2_cmd
  -------------------------------------------------------------------
                         required time                         -0.107    
                         arrival time                          -0.159    
  -------------------------------------------------------------------
                         slack                                 -0.266    





Pulse Width Checks
--------------------------------------------------------------------------------------
Clock Name:         clk_controller_clk_wiz_0
Waveform(ns):       { 0.000 6.000 }
Period(ns):         12.000
Sources:            { u_ddr_clk_wiz/mmcm_adv_inst/CLKOUT0 }

Check Type        Corner  Lib Pin             Reference Pin  Required(ns)  Actual(ns)  Slack(ns)  Location         Pin
Min Period        n/a     IDELAYE2/C          n/a            2.360         12.000      9.640      IDELAY_X1Y45     u_ddr3_top/ddr3_phy_inst/genblk5[0].IDELAYE2_data/C
Max Period        n/a     MMCME2_ADV/CLKOUT0  n/a            213.360       12.000      201.360    MMCME2_ADV_X0Y0  u_ddr_clk_wiz/mmcm_adv_inst/CLKOUT0
Low Pulse Width   Slow    FDRE/C              n/a            0.500         6.000       5.500      SLICE_X59Y49     FSM_sequential_ddr_bridge_state_reg[0]/C
High Pulse Width  Slow    FDRE/C              n/a            0.500         6.000       5.500      SLICE_X59Y49     FSM_sequential_ddr_bridge_state_reg[0]/C



---------------------------------------------------------------------------------------------------
From Clock:  clk_ddr3_90_clk_wiz_0
  To Clock:  clk_ddr3_90_clk_wiz_0

Setup :           NA  Failing Endpoints,  Worst Slack           NA  ,  Total Violation           NA
Hold  :           NA  Failing Endpoints,  Worst Slack           NA  ,  Total Violation           NA
PW    :            0  Failing Endpoints,  Worst Slack        0.845ns,  Total Violation        0.000ns
---------------------------------------------------------------------------------------------------


Pulse Width Checks
--------------------------------------------------------------------------------------
Clock Name:         clk_ddr3_90_clk_wiz_0
Waveform(ns):       { 0.750 2.250 }
Period(ns):         3.000
Sources:            { u_ddr_clk_wiz/mmcm_adv_inst/CLKOUT2 }

Check Type  Corner  Lib Pin             Reference Pin  Required(ns)  Actual(ns)  Slack(ns)  Location         Pin
Min Period  n/a     BUFG/I              n/a            2.155         3.000       0.845      BUFGCTRL_X0Y2    u_ddr_clk_wiz/clkout3_buf/I
Max Period  n/a     MMCME2_ADV/CLKOUT2  n/a            213.360       3.000       210.360    MMCME2_ADV_X0Y0  u_ddr_clk_wiz/mmcm_adv_inst/CLKOUT2



---------------------------------------------------------------------------------------------------
From Clock:  clk_ddr3_clk_wiz_0
  To Clock:  clk_ddr3_clk_wiz_0

Setup :           NA  Failing Endpoints,  Worst Slack           NA  ,  Total Violation           NA
Hold  :           NA  Failing Endpoints,  Worst Slack           NA  ,  Total Violation           NA
PW    :            0  Failing Endpoints,  Worst Slack        0.845ns,  Total Violation        0.000ns
---------------------------------------------------------------------------------------------------


Pulse Width Checks
--------------------------------------------------------------------------------------
Clock Name:         clk_ddr3_clk_wiz_0
Waveform(ns):       { 0.000 1.500 }
Period(ns):         3.000
Sources:            { u_ddr_clk_wiz/mmcm_adv_inst/CLKOUT1 }

Check Type  Corner  Lib Pin             Reference Pin  Required(ns)  Actual(ns)  Slack(ns)  Location         Pin
Min Period  n/a     BUFG/I              n/a            2.155         3.000       0.845      BUFGCTRL_X0Y1    u_ddr_clk_wiz/clkout2_buf/I
Max Period  n/a     MMCME2_ADV/CLKOUT1  n/a            213.360       3.000       210.360    MMCME2_ADV_X0Y0  u_ddr_clk_wiz/mmcm_adv_inst/CLKOUT1



---------------------------------------------------------------------------------------------------
From Clock:  clk_passthrough_clk_wiz_0
  To Clock:  clk_passthrough_clk_wiz_0

Setup :            0  Failing Endpoints,  Worst Slack        0.036ns,  Total Violation        0.000ns
Hold  :            4  Failing Endpoints,  Worst Slack       -0.022ns,  Total Violation       -0.049ns
PW    :            0  Failing Endpoints,  Worst Slack        3.750ns,  Total Violation        0.000ns
---------------------------------------------------------------------------------------------------


Max Delay Paths
--------------------------------------------------------------------------------------
Slack (MET) :             0.036ns  (required time - arrival time)
  Source:                 infer_eval_vrest_minus_v_reg[0]/C
                            (rising edge-triggered cell FDRE clocked by clk_passthrough_clk_wiz_0  {rise@0.000ns fall@5.000ns period=10.000ns})
  Destination:            infer_eval_i_syn_inh_prod_q320__0/B[15]
                            (rising edge-triggered cell DSP48E1 clocked by clk_passthrough_clk_wiz_0  {rise@0.000ns fall@5.000ns period=10.000ns})
  Path Group:             clk_passthrough_clk_wiz_0
  Path Type:              Setup (Max at Slow Process Corner)
  Requirement:            10.000ns  (clk_passthrough_clk_wiz_0 rise@10.000ns - clk_passthrough_clk_wiz_0 rise@0.000ns)
  Data Path Delay:        9.280ns  (logic 4.411ns (47.532%)  route 4.869ns (52.468%))
  Logic Levels:           15  (CARRY4=11 LUT1=1 LUT2=1 LUT3=1 LUT5=1)
  Clock Path Skew:        0.048ns (DCD - SCD + CPR)
    Destination Clock Delay (DCD):    -1.526ns = ( 8.474 - 10.000 ) 
    Source Clock Delay      (SCD):    -1.021ns
    Clock Pessimism Removal (CPR):    0.553ns
  Clock Uncertainty:      0.074ns  ((TSJ^2 + DJ^2)^1/2) / 2 + PE
    Total System Jitter     (TSJ):    0.071ns
    Discrete Jitter          (DJ):    0.129ns
    Phase Error              (PE):    0.000ns

    Location             Delay type                Incr(ns)  Path(ns)    Netlist Resource(s)
  -------------------------------------------------------------------    -------------------
                         (clock clk_passthrough_clk_wiz_0 rise edge)
                                                      0.000     0.000 r  
    N15                                               0.000     0.000 r  clk_100mhz (IN)
                         net (fo=0)                   0.000     0.000    u_ddr_clk_wiz/clk_100mhz
    N15                  IBUF (Prop_ibuf_I_O)         1.440     1.440 r  u_ddr_clk_wiz/clkin1_ibufg/O
                         net (fo=1, estimated)        1.233     2.673    u_ddr_clk_wiz/clk_in1_clk_wiz_0
    MMCME2_ADV_X0Y0      MMCME2_ADV (Prop_mmcme2_adv_CLKIN1_CLKOUT5)
                                                     -7.025    -4.352 r  u_ddr_clk_wiz/mmcm_adv_inst/CLKOUT5
                         net (fo=1, estimated)        1.666    -2.686    u_ddr_clk_wiz/clk_passthrough_clk_wiz_0
    BUFGCTRL_X0Y4        BUFG (Prop_bufg_I_O)         0.096    -2.590 r  u_ddr_clk_wiz/clkout6_buf/O
                         net (fo=17797, estimated)    1.569    -1.021    core_clk
    SLICE_X45Y5          FDRE                                         r  infer_eval_vrest_minus_v_reg[0]/C
  -------------------------------------------------------------------    -------------------
    SLICE_X45Y5          FDRE (Prop_fdre_C_Q)         0.456    -0.565 r  infer_eval_vrest_minus_v_reg[0]/Q
                         net (fo=22, estimated)       0.779     0.214    infer_eval_vrest_minus_v_reg_n_0_[0]
    SLICE_X44Y7          LUT2 (Prop_lut2_I0_O)        0.124     0.338 r  infer_eval_leak_dt[1]_i_49/O
                         net (fo=1, routed)           0.000     0.338    infer_eval_leak_dt[1]_i_49_n_0
    SLICE_X44Y7          CARRY4 (Prop_carry4_S[3]_CO[3])
                                                      0.401     0.739 r  infer_eval_leak_dt_reg[1]_i_41/CO[3]
                         net (fo=1, estimated)        0.000     0.739    infer_eval_leak_dt_reg[1]_i_41_n_0
    SLICE_X44Y8          CARRY4 (Prop_carry4_CI_CO[3])
                                                      0.114     0.853 r  infer_eval_i_syn_inh_prod_q320_i_213/CO[3]
                         net (fo=1, estimated)        0.000     0.853    infer_eval_i_syn_inh_prod_q320_i_213_n_0
    SLICE_X44Y9          CARRY4 (Prop_carry4_CI_CO[3])
                                                      0.114     0.967 r  infer_eval_i_syn_inh_prod_q320_i_181/CO[3]
                         net (fo=1, estimated)        0.000     0.967    infer_eval_i_syn_inh_prod_q320_i_181_n_0
    SLICE_X44Y10         CARRY4 (Prop_carry4_CI_CO[3])
                                                      0.114     1.081 r  infer_eval_i_syn_inh_prod_q320_i_167/CO[3]
                         net (fo=1, estimated)        0.000     1.081    infer_eval_i_syn_inh_prod_q320_i_167_n_0
    SLICE_X44Y11         CARRY4 (Prop_carry4_CI_CO[3])
                                                      0.114     1.195 r  infer_eval_i_syn_inh_prod_q320_i_162/CO[3]
                         net (fo=1, estimated)        0.000     1.195    infer_eval_i_syn_inh_prod_q320_i_162_n_0
    SLICE_X44Y12         CARRY4 (Prop_carry4_CI_CO[3])
                                                      0.114     1.309 r  infer_eval_i_syn_inh_prod_q320_i_157/CO[3]
                         net (fo=1, estimated)        0.000     1.309    infer_eval_i_syn_inh_prod_q320_i_157_n_0
    SLICE_X44Y13         CARRY4 (Prop_carry4_CI_O[2])
                                                      0.239     1.548 r  infer_eval_i_syn_inh_prod_q320_i_147/O[2]
                         net (fo=2, estimated)        0.828     2.376    infer_eval_i_syn_inh_prod_q320_i_147_n_5
    SLICE_X45Y12         LUT5 (Prop_lut5_I0_O)        0.327     2.703 r  infer_eval_i_syn_inh_prod_q320_i_103/O
                         net (fo=2, estimated)        0.716     3.419    infer_eval_i_syn_inh_prod_q320_i_103_n_0
    SLICE_X48Y13         CARRY4 (Prop_carry4_DI[3]_CO[3])
                                                      0.593     4.012 r  infer_eval_i_syn_inh_prod_q320_i_56/CO[3]
                         net (fo=1, estimated)        0.000     4.012    infer_eval_i_syn_inh_prod_q320_i_56_n_0
    SLICE_X48Y14         CARRY4 (Prop_carry4_CI_O[1])
                                                      0.334     4.346 f  infer_eval_i_syn_inh_prod_q320_i_45/O[1]
                         net (fo=3, estimated)        0.732     5.078    infer_eval_i_syn_inh_prod_q320_i_45_n_6
    SLICE_X36Y14         LUT1 (Prop_lut1_I0_O)        0.303     5.381 r  infer_eval_i_syn_inh_prod_q320_i_57/O
                         net (fo=1, routed)           0.000     5.381    infer_eval_i_syn_inh_prod_q320_i_57_n_0
    SLICE_X36Y14         CARRY4 (Prop_carry4_S[3]_CO[3])
                                                      0.401     5.782 r  infer_eval_i_syn_inh_prod_q320_i_37/CO[3]
                         net (fo=1, estimated)        0.000     5.782    infer_eval_i_syn_inh_prod_q320_i_37_n_0
    SLICE_X36Y15         CARRY4 (Prop_carry4_CI_O[1])
                                                      0.334     6.116 r  infer_eval_i_syn_inh_prod_q320_i_34/O[1]
                         net (fo=1, estimated)        1.132     7.248    infer_eval_i_syn_inh_prod_q320_i_34_n_6
    SLICE_X45Y18         LUT3 (Prop_lut3_I1_O)        0.329     7.577 r  infer_eval_i_syn_inh_prod_q320_i_17/O
                         net (fo=2, estimated)        0.682     8.259    infer_eval_i_syn_inh_prod_q320_i_17_n_0
    DSP48_X1Y6           DSP48E1                                      r  infer_eval_i_syn_inh_prod_q320__0/B[15]
  -------------------------------------------------------------------    -------------------

                         (clock clk_passthrough_clk_wiz_0 rise edge)
                                                     10.000    10.000 r  
    N15                                               0.000    10.000 r  clk_100mhz (IN)
                         net (fo=0)                   0.000    10.000    u_ddr_clk_wiz/clk_100mhz
    N15                  IBUF (Prop_ibuf_I_O)         1.370    11.370 r  u_ddr_clk_wiz/clkin1_ibufg/O
                         net (fo=1, estimated)        1.171    12.542    u_ddr_clk_wiz/clk_in1_clk_wiz_0
    MMCME2_ADV_X0Y0      MMCME2_ADV (Prop_mmcme2_adv_CLKIN1_CLKOUT5)
                                                     -7.279     5.263 r  u_ddr_clk_wiz/mmcm_adv_inst/CLKOUT5
                         net (fo=1, estimated)        1.583     6.846    u_ddr_clk_wiz/clk_passthrough_clk_wiz_0
    BUFGCTRL_X0Y4        BUFG (Prop_bufg_I_O)         0.091     6.937 r  u_ddr_clk_wiz/clkout6_buf/O
                         net (fo=17797, estimated)    1.538     8.474    core_clk
    DSP48_X1Y6           DSP48E1                                      r  infer_eval_i_syn_inh_prod_q320__0/CLK
                         clock pessimism              0.553     9.027    
                         clock uncertainty           -0.074     8.953    
    DSP48_X1Y6           DSP48E1 (Setup_dsp48e1_CLK_B[15])
                                                     -0.658     8.295    infer_eval_i_syn_inh_prod_q320__0
  -------------------------------------------------------------------
                         required time                          8.295    
                         arrival time                          -8.259    
  -------------------------------------------------------------------
                         slack                                  0.036    





Min Delay Paths
--------------------------------------------------------------------------------------
Slack (VIOLATED) :        -0.022ns  (arrival time - required time)
  Source:                 sd_pack_word_reg[23]_rep/C
                            (rising edge-triggered cell FDRE clocked by clk_passthrough_clk_wiz_0  {rise@0.000ns fall@5.000ns period=10.000ns})
  Destination:            sd_sector_word_buf_reg[0][81][23]/D
                            (rising edge-triggered cell FDRE clocked by clk_passthrough_clk_wiz_0  {rise@0.000ns fall@5.000ns period=10.000ns})
  Path Group:             clk_passthrough_clk_wiz_0
  Path Type:              Hold (Min at Fast Process Corner)
  Requirement:            0.000ns  (clk_passthrough_clk_wiz_0 rise@0.000ns - clk_passthrough_clk_wiz_0 rise@0.000ns)
  Data Path Delay:        0.405ns  (logic 0.164ns (40.525%)  route 0.241ns (59.475%))
  Logic Levels:           0  
  Clock Path Skew:        0.352ns (DCD - SCD - CPR)
    Destination Clock Delay (DCD):    -0.773ns
    Source Clock Delay      (SCD):    -0.607ns
    Clock Pessimism Removal (CPR):    -0.518ns

    Location             Delay type                Incr(ns)  Path(ns)    Netlist Resource(s)
  -------------------------------------------------------------------    -------------------
                         (clock clk_passthrough_clk_wiz_0 rise edge)
                                                      0.000     0.000 r  
    N15                                               0.000     0.000 r  clk_100mhz (IN)
                         net (fo=0)                   0.000     0.000    u_ddr_clk_wiz/clk_100mhz
    N15                  IBUF (Prop_ibuf_I_O)         0.209     0.209 r  u_ddr_clk_wiz/clkin1_ibufg/O
                         net (fo=1, estimated)        0.520     0.728    u_ddr_clk_wiz/clk_in1_clk_wiz_0
    MMCME2_ADV_X0Y0      MMCME2_ADV (Prop_mmcme2_adv_CLKIN1_CLKOUT5)
                                                     -2.621    -1.893 r  u_ddr_clk_wiz/mmcm_adv_inst/CLKOUT5
                         net (fo=1, estimated)        0.702    -1.191    u_ddr_clk_wiz/clk_passthrough_clk_wiz_0
    BUFGCTRL_X0Y4        BUFG (Prop_bufg_I_O)         0.026    -1.165 r  u_ddr_clk_wiz/clkout6_buf/O
                         net (fo=17797, estimated)    0.558    -0.607    core_clk
    SLICE_X34Y98         FDRE                                         r  sd_pack_word_reg[23]_rep/C
  -------------------------------------------------------------------    -------------------
    SLICE_X34Y98         FDRE (Prop_fdre_C_Q)         0.164    -0.443 r  sd_pack_word_reg[23]_rep/Q
                         net (fo=64, estimated)       0.241    -0.202    sd_pack_word_reg[23]_rep_n_0
    SLICE_X31Y100        FDRE                                         r  sd_sector_word_buf_reg[0][81][23]/D
  -------------------------------------------------------------------    -------------------

                         (clock clk_passthrough_clk_wiz_0 rise edge)
                                                      0.000     0.000 r  
    N15                                               0.000     0.000 r  clk_100mhz (IN)
                         net (fo=0)                   0.000     0.000    u_ddr_clk_wiz/clk_100mhz
    N15                  IBUF (Prop_ibuf_I_O)         0.396     0.396 r  u_ddr_clk_wiz/clkin1_ibufg/O
                         net (fo=1, estimated)        0.547     0.943    u_ddr_clk_wiz/clk_in1_clk_wiz_0
    MMCME2_ADV_X0Y0      MMCME2_ADV (Prop_mmcme2_adv_CLKIN1_CLKOUT5)
                                                     -3.399    -2.456 r  u_ddr_clk_wiz/mmcm_adv_inst/CLKOUT5
                         net (fo=1, estimated)        0.739    -1.717    u_ddr_clk_wiz/clk_passthrough_clk_wiz_0
    BUFGCTRL_X0Y4        BUFG (Prop_bufg_I_O)         0.029    -1.688 r  u_ddr_clk_wiz/clkout6_buf/O
                         net (fo=17797, estimated)    0.915    -0.773    core_clk
    SLICE_X31Y100        FDRE                                         r  sd_sector_word_buf_reg[0][81][23]/C
                         clock pessimism              0.518    -0.255    
    SLICE_X31Y100        FDRE (Hold_fdre_C_D)         0.075    -0.180    sd_sector_word_buf_reg[0][81][23]
  -------------------------------------------------------------------
                         required time                          0.180    
                         arrival time                          -0.202    
  -------------------------------------------------------------------
                         slack                                 -0.022    





Pulse Width Checks
--------------------------------------------------------------------------------------
Clock Name:         clk_passthrough_clk_wiz_0
Waveform(ns):       { 0.000 5.000 }
Period(ns):         10.000
Sources:            { u_ddr_clk_wiz/mmcm_adv_inst/CLKOUT5 }

Check Type        Corner  Lib Pin             Reference Pin  Required(ns)  Actual(ns)  Slack(ns)  Location         Pin
Min Period        n/a     DSP48E1/CLK         n/a            3.884         10.000      6.116      DSP48_X1Y3       infer_apply_exc_drive_prod_q32_reg/CLK
Max Period        n/a     MMCME2_ADV/CLKOUT5  n/a            213.360       10.000      203.360    MMCME2_ADV_X0Y0  u_ddr_clk_wiz/mmcm_adv_inst/CLKOUT5
Low Pulse Width   Slow    RAMS32/CLK          n/a            1.250         5.000       3.750      SLICE_X12Y2      infer_c_exc_state_reg_0_15_0_0/SP/CLK
High Pulse Width  Slow    RAMS32/CLK          n/a            1.250         5.000       3.750      SLICE_X12Y2      infer_c_exc_state_reg_0_15_0_0/SP/CLK



---------------------------------------------------------------------------------------------------
From Clock:  clkfbout_clk_wiz_0
  To Clock:  clkfbout_clk_wiz_0

Setup :           NA  Failing Endpoints,  Worst Slack           NA  ,  Total Violation           NA
Hold  :           NA  Failing Endpoints,  Worst Slack           NA  ,  Total Violation           NA
PW    :            0  Failing Endpoints,  Worst Slack        7.845ns,  Total Violation        0.000ns
---------------------------------------------------------------------------------------------------


Pulse Width Checks
--------------------------------------------------------------------------------------
Clock Name:         clkfbout_clk_wiz_0
Waveform(ns):       { 0.000 5.000 }
Period(ns):         10.000
Sources:            { u_ddr_clk_wiz/mmcm_adv_inst/CLKFBOUT }

Check Type  Corner  Lib Pin             Reference Pin  Required(ns)  Actual(ns)  Slack(ns)  Location         Pin
Min Period  n/a     BUFG/I              n/a            2.155         10.000      7.845      BUFGCTRL_X0Y5    u_ddr_clk_wiz/clkf_buf/I
Max Period  n/a     MMCME2_ADV/CLKFBIN  n/a            100.000       10.000      90.000     MMCME2_ADV_X0Y0  u_ddr_clk_wiz/mmcm_adv_inst/CLKFBIN



---------------------------------------------------------------------------------------------------
From Clock:  clk_passthrough_clk_wiz_0
  To Clock:  clk_controller_clk_wiz_0

Setup :            0  Failing Endpoints,  Worst Slack        3.587ns,  Total Violation        0.000ns
Hold  :           NA  Failing Endpoints,  Worst Slack           NA  ,  Total Violation           NA
---------------------------------------------------------------------------------------------------


Max Delay Paths
--------------------------------------------------------------------------------------
Slack (MET) :             3.587ns  (required time - arrival time)
  Source:                 u_cdc_req_payload/src_ff_reg[54]/C
                            (rising edge-triggered cell FDRE clocked by clk_passthrough_clk_wiz_0  {rise@0.000ns fall@5.000ns period=10.000ns})
  Destination:            u_cdc_req_payload/syncstages_ff_reg[0][54]/D
                            (rising edge-triggered cell FDRE clocked by clk_controller_clk_wiz_0  {rise@0.000ns fall@6.000ns period=12.000ns})
  Path Group:             clk_controller_clk_wiz_0
  Path Type:              Setup (Max at Slow Process Corner)
  Requirement:            6.000ns  (MaxDelay Path 6.000ns)
  Data Path Delay:        2.318ns  (logic 0.456ns (19.672%)  route 1.862ns (80.328%))
  Logic Levels:           0  
  Timing Exception:       MaxDelay Path 6.000ns -datapath_only

    Location             Delay type                Incr(ns)  Path(ns)    Netlist Resource(s)
  -------------------------------------------------------------------    -------------------
    SLICE_X55Y81                                      0.000     0.000 r  u_cdc_req_payload/src_ff_reg[54]/C
    SLICE_X55Y81         FDRE (Prop_fdre_C_Q)         0.456     0.456 r  u_cdc_req_payload/src_ff_reg[54]/Q
                         net (fo=1, estimated)        1.862     2.318    u_cdc_req_payload/async_path_bit[54]
    SLICE_X57Y47         FDRE                                         r  u_cdc_req_payload/syncstages_ff_reg[0][54]/D
  -------------------------------------------------------------------    -------------------

                         max delay                    6.000     6.000    
    SLICE_X57Y47         FDRE (Setup_fdre_C_D)       -0.095     5.905    u_cdc_req_payload/syncstages_ff_reg[0][54]
  -------------------------------------------------------------------
                         required time                          5.905    
                         arrival time                          -2.318    
  -------------------------------------------------------------------
                         slack                                  3.587    





---------------------------------------------------------------------------------------------------
From Clock:  clk_controller_clk_wiz_0
  To Clock:  clk_passthrough_clk_wiz_0

Setup :            0  Failing Endpoints,  Worst Slack        4.171ns,  Total Violation        0.000ns
Hold  :           NA  Failing Endpoints,  Worst Slack           NA  ,  Total Violation           NA
---------------------------------------------------------------------------------------------------


Max Delay Paths
--------------------------------------------------------------------------------------
Slack (MET) :             4.171ns  (required time - arrival time)
  Source:                 u_cdc_rsp_payload/src_ff_reg[15]/C
                            (rising edge-triggered cell FDRE clocked by clk_controller_clk_wiz_0  {rise@0.000ns fall@6.000ns period=12.000ns})
  Destination:            u_cdc_rsp_payload/syncstages_ff_reg[0][15]/D
                            (rising edge-triggered cell FDRE clocked by clk_passthrough_clk_wiz_0  {rise@0.000ns fall@5.000ns period=10.000ns})
  Path Group:             clk_passthrough_clk_wiz_0
  Path Type:              Setup (Max at Slow Process Corner)
  Requirement:            6.000ns  (MaxDelay Path 6.000ns)
  Data Path Delay:        1.549ns  (logic 0.419ns (27.050%)  route 1.130ns (72.950%))
  Logic Levels:           0  
  Timing Exception:       MaxDelay Path 6.000ns -datapath_only

    Location             Delay type                Incr(ns)  Path(ns)    Netlist Resource(s)
  -------------------------------------------------------------------    -------------------
    SLICE_X43Y46                                      0.000     0.000 r  u_cdc_rsp_payload/src_ff_reg[15]/C
    SLICE_X43Y46         FDRE (Prop_fdre_C_Q)         0.419     0.419 r  u_cdc_rsp_payload/src_ff_reg[15]/Q
                         net (fo=1, estimated)        1.130     1.549    u_cdc_rsp_payload/async_path_bit[15]
    SLICE_X36Y44         FDRE                                         r  u_cdc_rsp_payload/syncstages_ff_reg[0][15]/D
  -------------------------------------------------------------------    -------------------

                         max delay                    6.000     6.000    
    SLICE_X36Y44         FDRE (Setup_fdre_C_D)       -0.280     5.720    u_cdc_rsp_payload/syncstages_ff_reg[0][15]
  -------------------------------------------------------------------
                         required time                          5.720    
                         arrival time                          -1.549    
  -------------------------------------------------------------------
                         slack                                  4.171    





