Copyright 1986-2022 Xilinx, Inc. All Rights Reserved. Copyright 2022-2025 Advanced Micro Devices, Inc. All Rights Reserved.
---------------------------------------------------------------------------------------------------------------------------------------------
| Tool Version : Vivado v.2025.1 (lin64) Build 6140274 Wed May 21 22:58:25 MDT 2025
| Date         : Mon Mar 23 03:09:33 2026
| Host         : eecs-digital-15 running 64-bit Ubuntu 24.04.3 LTS
| Command      : report_timing_summary -file obj/post_synth_timing_summary.rpt
| Design       : top_level
| Device       : 7s50-csga324
| Speed File   : -1  PRODUCTION 1.23 2018-06-13
| Design State : Synthesized
---------------------------------------------------------------------------------------------------------------------------------------------

Timing Summary Report

------------------------------------------------------------------------------------------------
| Timer Settings
| --------------
------------------------------------------------------------------------------------------------

  Enable Multi Corner Analysis               :  Yes
  Enable Pessimism Removal                   :  Yes
  Pessimism Removal Resolution               :  Nearest Common Node
  Enable Input Delay Default Clock           :  No
  Enable Preset / Clear Arcs                 :  No
  Disable Flight Delays                      :  No
  Ignore I/O Paths                           :  No
  Timing Early Launch at Borrowing Latches   :  No
  Borrow Time for Max Delay Exceptions       :  Yes
  Merge Timing Exceptions                    :  Yes
  Inter-SLR Compensation                     :  Conservative

  Corner  Analyze    Analyze    
  Name    Max Paths  Min Paths  
  ------  ---------  ---------  
  Slow    Yes        Yes        
  Fast    Yes        Yes        


------------------------------------------------------------------------------------------------
| Report Methodology
| ------------------
------------------------------------------------------------------------------------------------

No report available as report_methodology has not been run prior. Run report_methodology on the current design for the summary of methodology violations.



check_timing report

Table of Contents
-----------------
1. checking no_clock (0)
2. checking constant_clock (0)
3. checking pulse_width_clock (0)
4. checking unconstrained_internal_endpoints (0)
5. checking no_input_delay (22)
6. checking no_output_delay (74)
7. checking multiple_clock (0)
8. checking generated_clocks (0)
9. checking loops (0)
10. checking partial_input_delay (0)
11. checking partial_output_delay (0)
12. checking latch_loops (0)

1. checking no_clock (0)
------------------------
 There are 0 register/latch pins with no clock.


2. checking constant_clock (0)
------------------------------
 There are 0 register/latch pins with constant_clock.


3. checking pulse_width_clock (0)
---------------------------------
 There are 0 register/latch pins which need pulse_width check


4. checking unconstrained_internal_endpoints (0)
------------------------------------------------
 There are 0 pins that are not constrained for maximum delay.

 There are 0 pins that are not constrained for maximum delay due to constant clock.


5. checking no_input_delay (22)
-------------------------------
 There are 22 input ports with no input delay specified. (HIGH)

 There are 0 input ports with no input delay but user has a false path constraint.


6. checking no_output_delay (74)
--------------------------------
 There are 74 ports with no output delay specified. (HIGH)

 There are 0 ports with no output delay but user has a false path constraint

 There are 0 ports with no output delay but with a timing clock defined on it or propagating through it


7. checking multiple_clock (0)
------------------------------
 There are 0 register/latch pins with multiple clocks.


8. checking generated_clocks (0)
--------------------------------
 There are 0 generated clocks that are not connected to a clock source.


9. checking loops (0)
---------------------
 There are 0 combinational loops in the design.


10. checking partial_input_delay (0)
------------------------------------
 There are 0 input ports with partial input delay specified.


11. checking partial_output_delay (0)
-------------------------------------
 There are 0 ports with partial output delay specified.


12. checking latch_loops (0)
----------------------------
 There are 0 combinational latch loops in the design through latch input



------------------------------------------------------------------------------------------------
| Design Timing Summary
| ---------------------
------------------------------------------------------------------------------------------------

    WNS(ns)      TNS(ns)  TNS Failing Endpoints  TNS Total Endpoints      WHS(ns)      THS(ns)  THS Failing Endpoints  THS Total Endpoints     WPWS(ns)     TPWS(ns)  TPWS Failing Endpoints  TPWS Total Endpoints  
    -------      -------  ---------------------  -------------------      -------      -------  ---------------------  -------------------     --------     --------  ----------------------  --------------------  
    -57.064    -5508.710                    324                58833       -0.172       -7.564                     44                58707        0.264        0.000                       0                 20329  


Timing constraints are not met.


------------------------------------------------------------------------------------------------
| Clock Summary
| -------------
------------------------------------------------------------------------------------------------

Clock                        Waveform(ns)         Period(ns)      Frequency(MHz)
-----                        ------------         ----------      --------------
gclk                         {0.000 4.000}        10.000          100.000         
  clk_camera_clk_wiz_0       {0.000 2.500}        5.000           200.000         
  clk_controller_clk_wiz_0   {0.000 6.000}        12.000          83.333          
  clk_ddr3_90_clk_wiz_0      {0.750 2.250}        3.000           333.333         
  clk_ddr3_clk_wiz_0         {0.000 1.500}        3.000           333.333         
  clk_passthrough_clk_wiz_0  {0.000 5.000}        10.000          100.000         
  clk_xc_clk_wiz_0           {0.000 20.000}       40.000          25.000          
  clkfbout_clk_wiz_0         {0.000 5.000}        10.000          100.000         


------------------------------------------------------------------------------------------------
| Intra Clock Table
| -----------------
------------------------------------------------------------------------------------------------

Clock                            WNS(ns)      TNS(ns)  TNS Failing Endpoints  TNS Total Endpoints      WHS(ns)      THS(ns)  THS Failing Endpoints  THS Total Endpoints     WPWS(ns)     TPWS(ns)  TPWS Failing Endpoints  TPWS Total Endpoints  
-----                            -------      -------  ---------------------  -------------------      -------      -------  ---------------------  -------------------     --------     --------  ----------------------  --------------------  
gclk                                                                                                                                                                           2.000        0.000                       0                     1  
  clk_camera_clk_wiz_0                                                                                                                                                         0.264        0.000                       0                     3  
  clk_controller_clk_wiz_0         0.643        0.000                      0                 7813       -0.172       -7.564                     44                 7813        5.500        0.000                       0                  2969  
  clk_ddr3_90_clk_wiz_0                                                                                                                                                        0.845        0.000                       0                    20  
  clk_ddr3_clk_wiz_0                                                                                                                                                           0.845        0.000                       0                    64  
  clk_passthrough_clk_wiz_0      -57.064    -5508.710                    324                50894        0.045        0.000                      0                50894        3.750        0.000                       0                 17267  
  clk_xc_clk_wiz_0                                                                                                                                                            37.845        0.000                       0                     2  
  clkfbout_clk_wiz_0                                                                                                                                                           7.845        0.000                       0                     3  


------------------------------------------------------------------------------------------------
| Inter Clock Table
| -----------------
------------------------------------------------------------------------------------------------

From Clock                 To Clock                       WNS(ns)      TNS(ns)  TNS Failing Endpoints  TNS Total Endpoints      WHS(ns)      THS(ns)  THS Failing Endpoints  THS Total Endpoints  
----------                 --------                       -------      -------  ---------------------  -------------------      -------      -------  ---------------------  -------------------  
clk_passthrough_clk_wiz_0  clk_controller_clk_wiz_0         4.979        0.000                      0                   74                                                                        
clk_controller_clk_wiz_0   clk_passthrough_clk_wiz_0        4.979        0.000                      0                   52                                                                        


------------------------------------------------------------------------------------------------
| Other Path Groups Table
| -----------------------
------------------------------------------------------------------------------------------------

Path Group    From Clock    To Clock          WNS(ns)      TNS(ns)  TNS Failing Endpoints  TNS Total Endpoints      WHS(ns)      THS(ns)  THS Failing Endpoints  THS Total Endpoints  
----------    ----------    --------          -------      -------  ---------------------  -------------------      -------      -------  ---------------------  -------------------  


------------------------------------------------------------------------------------------------
| Timing Details
| --------------
------------------------------------------------------------------------------------------------


---------------------------------------------------------------------------------------------------
From Clock:  gclk
  To Clock:  gclk

Setup :           NA  Failing Endpoints,  Worst Slack           NA  ,  Total Violation           NA
Hold  :           NA  Failing Endpoints,  Worst Slack           NA  ,  Total Violation           NA
PW    :            0  Failing Endpoints,  Worst Slack        2.000ns,  Total Violation        0.000ns
---------------------------------------------------------------------------------------------------


Pulse Width Checks
--------------------------------------------------------------------------------------
Clock Name:         gclk
Waveform(ns):       { 0.000 4.000 }
Period(ns):         10.000
Sources:            { clk_100mhz }

Check Type        Corner  Lib Pin            Reference Pin  Required(ns)  Actual(ns)  Slack(ns)  Location  Pin
Min Period        n/a     MMCME2_ADV/CLKIN1  n/a            1.249         10.000      8.751                u_ddr_clk_wiz/mmcm_adv_inst/CLKIN1
Max Period        n/a     MMCME2_ADV/CLKIN1  n/a            100.000       10.000      90.000               u_ddr_clk_wiz/mmcm_adv_inst/CLKIN1
Low Pulse Width   Slow    MMCME2_ADV/CLKIN1  n/a            2.000         6.000       4.000                u_ddr_clk_wiz/mmcm_adv_inst/CLKIN1
High Pulse Width  Slow    MMCME2_ADV/CLKIN1  n/a            2.000         4.000       2.000                u_ddr_clk_wiz/mmcm_adv_inst/CLKIN1



---------------------------------------------------------------------------------------------------
From Clock:  clk_camera_clk_wiz_0
  To Clock:  clk_camera_clk_wiz_0

Setup :           NA  Failing Endpoints,  Worst Slack           NA  ,  Total Violation           NA
Hold  :           NA  Failing Endpoints,  Worst Slack           NA  ,  Total Violation           NA
PW    :            0  Failing Endpoints,  Worst Slack        0.264ns,  Total Violation        0.000ns
---------------------------------------------------------------------------------------------------


Pulse Width Checks
--------------------------------------------------------------------------------------
Clock Name:         clk_camera_clk_wiz_0
Waveform(ns):       { 0.000 2.500 }
Period(ns):         5.000
Sources:            { u_ddr_clk_wiz/mmcm_adv_inst/CLKOUT3 }

Check Type  Corner  Lib Pin            Reference Pin  Required(ns)  Actual(ns)  Slack(ns)  Location  Pin
Min Period  n/a     IDELAYCTRL/REFCLK  n/a            3.225         5.000       1.775                u_ddr3_top/ddr3_phy_inst/IDELAYCTRL_inst/REFCLK
Max Period  n/a     IDELAYCTRL/REFCLK  n/a            5.264         5.000       0.264                u_ddr3_top/ddr3_phy_inst/IDELAYCTRL_inst/REFCLK



---------------------------------------------------------------------------------------------------
From Clock:  clk_controller_clk_wiz_0
  To Clock:  clk_controller_clk_wiz_0

Setup :            0  Failing Endpoints,  Worst Slack        0.643ns,  Total Violation        0.000ns
Hold  :           44  Failing Endpoints,  Worst Slack       -0.172ns,  Total Violation       -7.564ns
PW    :            0  Failing Endpoints,  Worst Slack        5.500ns,  Total Violation        0.000ns
---------------------------------------------------------------------------------------------------


Max Delay Paths
--------------------------------------------------------------------------------------
Slack (MET) :             0.643ns  (required time - arrival time)
  Source:                 u_ddr3_top/ddr3_controller_inst/bank_active_row_q_reg[7][3]/C
                            (rising edge-triggered cell FDRE clocked by clk_controller_clk_wiz_0  {rise@0.000ns fall@6.000ns period=12.000ns})
  Destination:            u_ddr3_top/ddr3_controller_inst/o_wb_stall_calib_reg/D
                            (rising edge-triggered cell FDRE clocked by clk_controller_clk_wiz_0  {rise@0.000ns fall@6.000ns period=12.000ns})
  Path Group:             clk_controller_clk_wiz_0
  Path Type:              Setup (Max at Slow Process Corner)
  Requirement:            12.000ns  (clk_controller_clk_wiz_0 rise@12.000ns - clk_controller_clk_wiz_0 rise@0.000ns)
  Data Path Delay:        11.165ns  (logic 4.817ns (43.144%)  route 6.348ns (56.856%))
  Logic Levels:           16  (CARRY4=4 LUT2=1 LUT4=1 LUT5=2 LUT6=6 MUXF7=2)
  Clock Path Skew:        -0.145ns (DCD - SCD + CPR)
    Destination Clock Delay (DCD):    -2.063ns = ( 9.937 - 12.000 ) 
    Source Clock Delay      (SCD):    -1.388ns
    Clock Pessimism Removal (CPR):    0.530ns
  Clock Uncertainty:      0.076ns  ((TSJ^2 + DJ^2)^1/2) / 2 + PE
    Total System Jitter     (TSJ):    0.071ns
    Discrete Jitter          (DJ):    0.134ns
    Phase Error              (PE):    0.000ns

    Location             Delay type                Incr(ns)  Path(ns)    Netlist Resource(s)
  -------------------------------------------------------------------    -------------------
                         (clock clk_controller_clk_wiz_0 rise edge)
                                                      0.000     0.000 r  
    N15                                               0.000     0.000 r  clk_100mhz (IN)
                         net (fo=0)                   0.000     0.000    u_ddr_clk_wiz/clk_100mhz
    N15                  IBUF (Prop_ibuf_I_O)         1.440     1.440 r  u_ddr_clk_wiz/clkin1_ibufg/O
                         net (fo=1, unplaced)         0.584     2.024    u_ddr_clk_wiz/clk_in1_clk_wiz_0
                         MMCME2_ADV (Prop_mmcme2_adv_CLKIN1_CLKOUT0)
                                                     -5.108    -3.083 r  u_ddr_clk_wiz/mmcm_adv_inst/CLKOUT0
                         net (fo=1, unplaced)         0.800    -2.284    u_ddr_clk_wiz/clk_controller_clk_wiz_0
                         BUFG (Prop_bufg_I_O)         0.096    -2.188 r  u_ddr_clk_wiz/clkout1_buf/O
                         net (fo=2967, unplaced)      0.800    -1.388    u_ddr3_top/ddr3_controller_inst/i_controller_clk
                         FDRE                                         r  u_ddr3_top/ddr3_controller_inst/bank_active_row_q_reg[7][3]/C
  -------------------------------------------------------------------    -------------------
                         FDRE (Prop_fdre_C_Q)         0.456    -0.932 r  u_ddr3_top/ddr3_controller_inst/bank_active_row_q_reg[7][3]/Q
                         net (fo=3, unplaced)         0.983     0.051    u_ddr3_top/ddr3_controller_inst/bank_active_row_q_reg[7][3]
                         LUT6 (Prop_lut6_I0_O)        0.295     0.346 r  u_ddr3_top/ddr3_controller_inst/o_phy_cmd[23]_INST_0_i_110/O
                         net (fo=1, unplaced)         0.000     0.346    u_ddr3_top/ddr3_controller_inst/o_phy_cmd[23]_INST_0_i_110_n_0
                         MUXF7 (Prop_muxf7_I1_O)      0.247     0.593 r  u_ddr3_top/ddr3_controller_inst/o_phy_cmd[23]_INST_0_i_65/O
                         net (fo=2, unplaced)         0.916     1.509    u_ddr3_top/ddr3_controller_inst/o_phy_cmd[23]_INST_0_i_65_n_0
                         LUT6 (Prop_lut6_I0_O)        0.298     1.807 r  u_ddr3_top/ddr3_controller_inst/o_phy_cmd[23]_INST_0_i_43/O
                         net (fo=1, unplaced)         0.000     1.807    u_ddr3_top/ddr3_controller_inst/o_phy_cmd[23]_INST_0_i_43_n_0
                         CARRY4 (Prop_carry4_S[1]_CO[3])
                                                      0.533     2.340 r  u_ddr3_top/ddr3_controller_inst/o_phy_cmd[23]_INST_0_i_21/CO[3]
                         net (fo=1, unplaced)         0.009     2.349    u_ddr3_top/ddr3_controller_inst/o_phy_cmd[23]_INST_0_i_21_n_0
                         CARRY4 (Prop_carry4_CI_CO[0])
                                                      0.281     2.630 f  u_ddr3_top/ddr3_controller_inst/o_phy_cmd[23]_INST_0_i_10/CO[0]
                         net (fo=3, unplaced)         0.329     2.959    u_ddr3_top/ddr3_controller_inst/precharge_slot_busy2
                         LUT2 (Prop_lut2_I1_O)        0.367     3.326 f  u_ddr3_top/ddr3_controller_inst/o_phy_cmd[92]_INST_0_i_2/O
                         net (fo=59, unplaced)        0.535     3.861    u_ddr3_top/ddr3_controller_inst/o_phy_cmd[92]_INST_0_i_2_n_0
                         LUT6 (Prop_lut6_I1_O)        0.124     3.985 r  u_ddr3_top/ddr3_controller_inst/delay_before_precharge_counter_q[3][1]_i_2/O
                         net (fo=17, unplaced)        0.505     4.490    u_ddr3_top/ddr3_controller_inst/delay_before_precharge_counter_q[3][1]_i_2_n_0
                         LUT5 (Prop_lut5_I3_O)        0.124     4.614 r  u_ddr3_top/ddr3_controller_inst/bank_active_row_q[3][4]_i_1/O
                         net (fo=3, unplaced)         0.920     5.534    u_ddr3_top/ddr3_controller_inst/bank_active_row_q[3][4]_i_1_n_0
                         LUT6 (Prop_lut6_I0_O)        0.124     5.658 r  u_ddr3_top/ddr3_controller_inst/o_wb_stall_q_i_129/O
                         net (fo=1, unplaced)         0.000     5.658    u_ddr3_top/ddr3_controller_inst/o_wb_stall_q_i_129_n_0
                         MUXF7 (Prop_muxf7_I0_O)      0.241     5.899 r  u_ddr3_top/ddr3_controller_inst/o_wb_stall_q_reg_i_84/O
                         net (fo=1, unplaced)         0.905     6.804    u_ddr3_top/ddr3_controller_inst/o_wb_stall_q_reg_i_84_n_0
                         LUT6 (Prop_lut6_I1_O)        0.298     7.102 r  u_ddr3_top/ddr3_controller_inst/o_wb_stall_q_i_59/O
                         net (fo=1, unplaced)         0.000     7.102    u_ddr3_top/ddr3_controller_inst/o_wb_stall_q_i_59_n_0
                         CARRY4 (Prop_carry4_S[1]_CO[3])
                                                      0.533     7.635 r  u_ddr3_top/ddr3_controller_inst/o_wb_stall_q_reg_i_41/CO[3]
                         net (fo=1, unplaced)         0.009     7.644    u_ddr3_top/ddr3_controller_inst/o_wb_stall_q_reg_i_41_n_0
                         CARRY4 (Prop_carry4_CI_CO[0])
                                                      0.281     7.925 r  u_ddr3_top/ddr3_controller_inst/o_wb_stall_q_reg_i_18/CO[0]
                         net (fo=1, unplaced)         0.311     8.236    u_ddr3_top/ddr3_controller_inst/stage1_stall3
                         LUT4 (Prop_lut4_I0_O)        0.367     8.603 f  u_ddr3_top/ddr3_controller_inst/o_wb_stall_q_i_6/O
                         net (fo=1, unplaced)         0.449     9.052    u_ddr3_top/ddr3_controller_inst/o_wb_stall_q_i_6_n_0
                         LUT6 (Prop_lut6_I4_O)        0.124     9.176 r  u_ddr3_top/ddr3_controller_inst/o_wb_stall_q_i_1/O
                         net (fo=5, unplaced)         0.477     9.653    u_ddr3_top/ddr3_controller_inst/o_wb_stall_d22_out
                         LUT5 (Prop_lut5_I1_O)        0.124     9.777 r  u_ddr3_top/ddr3_controller_inst/o_wb_stall_calib_i_1/O
                         net (fo=1, unplaced)         0.000     9.777    u_ddr3_top/ddr3_controller_inst/o_wb_stall_calib_i_1_n_0
                         FDRE                                         r  u_ddr3_top/ddr3_controller_inst/o_wb_stall_calib_reg/D
  -------------------------------------------------------------------    -------------------

                         (clock clk_controller_clk_wiz_0 rise edge)
                                                     12.000    12.000 r  
    N15                                               0.000    12.000 r  clk_100mhz (IN)
                         net (fo=0)                   0.000    12.000    u_ddr_clk_wiz/clk_100mhz
    N15                  IBUF (Prop_ibuf_I_O)         1.370    13.370 r  u_ddr_clk_wiz/clkin1_ibufg/O
                         net (fo=1, unplaced)         0.439    13.809    u_ddr_clk_wiz/clk_in1_clk_wiz_0
                         MMCME2_ADV (Prop_mmcme2_adv_CLKIN1_CLKOUT0)
                                                     -5.378     8.431 r  u_ddr_clk_wiz/mmcm_adv_inst/CLKOUT0
                         net (fo=1, unplaced)         0.760     9.191    u_ddr_clk_wiz/clk_controller_clk_wiz_0
                         BUFG (Prop_bufg_I_O)         0.091     9.282 r  u_ddr_clk_wiz/clkout1_buf/O
                         net (fo=2967, unplaced)      0.655     9.937    u_ddr3_top/ddr3_controller_inst/i_controller_clk
                         FDRE                                         r  u_ddr3_top/ddr3_controller_inst/o_wb_stall_calib_reg/C
                         clock pessimism              0.530    10.467    
                         clock uncertainty           -0.076    10.391    
                         FDRE (Setup_fdre_C_D)        0.029    10.420    u_ddr3_top/ddr3_controller_inst/o_wb_stall_calib_reg
  -------------------------------------------------------------------
                         required time                         10.420    
                         arrival time                          -9.777    
  -------------------------------------------------------------------
                         slack                                  0.643    





Min Delay Paths
--------------------------------------------------------------------------------------
Slack (VIOLATED) :        -0.172ns  (arrival time - required time)
  Source:                 u_ddr3_top/ddr3_phy_inst/sync_rst_reg/C
                            (rising edge-triggered cell FDSE clocked by clk_controller_clk_wiz_0  {rise@0.000ns fall@6.000ns period=12.000ns})
  Destination:            u_ddr3_top/ddr3_phy_inst/genblk1[0].OSERDESE2_cmd/RST
                            (rising edge-triggered cell OSERDESE2 clocked by clk_controller_clk_wiz_0  {rise@0.000ns fall@6.000ns period=12.000ns})
  Path Group:             clk_controller_clk_wiz_0
  Path Type:              Hold (Min at Fast Process Corner)
  Requirement:            0.000ns  (clk_controller_clk_wiz_0 rise@0.000ns - clk_controller_clk_wiz_0 rise@0.000ns)
  Data Path Delay:        0.478ns  (logic 0.141ns (29.492%)  route 0.337ns (70.508%))
  Logic Levels:           0  
  Clock Path Skew:        0.145ns (DCD - SCD - CPR)
    Destination Clock Delay (DCD):    -1.016ns
    Source Clock Delay      (SCD):    -0.881ns
    Clock Pessimism Removal (CPR):    -0.281ns

    Location             Delay type                Incr(ns)  Path(ns)    Netlist Resource(s)
  -------------------------------------------------------------------    -------------------
                         (clock clk_controller_clk_wiz_0 rise edge)
                                                      0.000     0.000 r  
    N15                                               0.000     0.000 r  clk_100mhz (IN)
                         net (fo=0)                   0.000     0.000    u_ddr_clk_wiz/clk_100mhz
    N15                  IBUF (Prop_ibuf_I_O)         0.209     0.209 r  u_ddr_clk_wiz/clkin1_ibufg/O
                         net (fo=1, unplaced)         0.114     0.323    u_ddr_clk_wiz/clk_in1_clk_wiz_0
                         MMCME2_ADV (Prop_mmcme2_adv_CLKIN1_CLKOUT0)
                                                     -1.776    -1.454 r  u_ddr_clk_wiz/mmcm_adv_inst/CLKOUT0
                         net (fo=1, unplaced)         0.337    -1.116    u_ddr_clk_wiz/clk_controller_clk_wiz_0
                         BUFG (Prop_bufg_I_O)         0.026    -1.090 r  u_ddr_clk_wiz/clkout1_buf/O
                         net (fo=2967, unplaced)      0.210    -0.881    u_ddr3_top/ddr3_phy_inst/CLK
                         FDSE                                         r  u_ddr3_top/ddr3_phy_inst/sync_rst_reg/C
  -------------------------------------------------------------------    -------------------
                         FDSE (Prop_fdse_C_Q)         0.141    -0.740 r  u_ddr3_top/ddr3_phy_inst/sync_rst_reg/Q
                         net (fo=63, unplaced)        0.337    -0.402    u_ddr3_top/ddr3_phy_inst/sync_rst
    OLOGIC_X1Y18         OSERDESE2                                    r  u_ddr3_top/ddr3_phy_inst/genblk1[0].OSERDESE2_cmd/RST
  -------------------------------------------------------------------    -------------------

                         (clock clk_controller_clk_wiz_0 rise edge)
                                                      0.000     0.000 r  
    N15                                               0.000     0.000 r  clk_100mhz (IN)
                         net (fo=0)                   0.000     0.000    u_ddr_clk_wiz/clk_100mhz
    N15                  IBUF (Prop_ibuf_I_O)         0.396     0.396 r  u_ddr_clk_wiz/clkin1_ibufg/O
                         net (fo=1, unplaced)         0.259     0.655    u_ddr_clk_wiz/clk_in1_clk_wiz_0
                         MMCME2_ADV (Prop_mmcme2_adv_CLKIN1_CLKOUT0)
                                                     -2.410    -1.755 r  u_ddr_clk_wiz/mmcm_adv_inst/CLKOUT0
                         net (fo=1, unplaced)         0.355    -1.400    u_ddr_clk_wiz/clk_controller_clk_wiz_0
                         BUFG (Prop_bufg_I_O)         0.029    -1.371 r  u_ddr_clk_wiz/clkout1_buf/O
                         net (fo=2967, unplaced)      0.355    -1.016    u_ddr3_top/ddr3_phy_inst/CLK
    OLOGIC_X1Y18         OSERDESE2                                    r  u_ddr3_top/ddr3_phy_inst/genblk1[0].OSERDESE2_cmd/CLKDIV
                         clock pessimism              0.281    -0.736    
    OLOGIC_X1Y18         OSERDESE2 (Hold_oserdese2_CLKDIV_RST)
                                                      0.505    -0.231    u_ddr3_top/ddr3_phy_inst/genblk1[0].OSERDESE2_cmd
  -------------------------------------------------------------------
                         required time                          0.231    
                         arrival time                          -0.402    
  -------------------------------------------------------------------
                         slack                                 -0.172    





Pulse Width Checks
--------------------------------------------------------------------------------------
Clock Name:         clk_controller_clk_wiz_0
Waveform(ns):       { 0.000 6.000 }
Period(ns):         12.000
Sources:            { u_ddr_clk_wiz/mmcm_adv_inst/CLKOUT0 }

Check Type        Corner  Lib Pin             Reference Pin  Required(ns)  Actual(ns)  Slack(ns)  Location      Pin
Min Period        n/a     IDELAYE2/C          n/a            2.360         12.000      9.640      IDELAY_X1Y45  u_ddr3_top/ddr3_phy_inst/genblk5[0].IDELAYE2_data/C
Max Period        n/a     MMCME2_ADV/CLKOUT0  n/a            213.360       12.000      201.360                  u_ddr_clk_wiz/mmcm_adv_inst/CLKOUT0
Low Pulse Width   Slow    FDRE/C              n/a            0.500         6.000       5.500                    FSM_sequential_ddr_bridge_state_reg[0]/C
High Pulse Width  Slow    FDRE/C              n/a            0.500         6.000       5.500                    FSM_sequential_ddr_bridge_state_reg[0]/C



---------------------------------------------------------------------------------------------------
From Clock:  clk_ddr3_90_clk_wiz_0
  To Clock:  clk_ddr3_90_clk_wiz_0

Setup :           NA  Failing Endpoints,  Worst Slack           NA  ,  Total Violation           NA
Hold  :           NA  Failing Endpoints,  Worst Slack           NA  ,  Total Violation           NA
PW    :            0  Failing Endpoints,  Worst Slack        0.845ns,  Total Violation        0.000ns
---------------------------------------------------------------------------------------------------


Pulse Width Checks
--------------------------------------------------------------------------------------
Clock Name:         clk_ddr3_90_clk_wiz_0
Waveform(ns):       { 0.750 2.250 }
Period(ns):         3.000
Sources:            { u_ddr_clk_wiz/mmcm_adv_inst/CLKOUT2 }

Check Type  Corner  Lib Pin             Reference Pin  Required(ns)  Actual(ns)  Slack(ns)  Location  Pin
Min Period  n/a     BUFG/I              n/a            2.155         3.000       0.845                u_ddr_clk_wiz/clkout3_buf/I
Max Period  n/a     MMCME2_ADV/CLKOUT2  n/a            213.360       3.000       210.360              u_ddr_clk_wiz/mmcm_adv_inst/CLKOUT2



---------------------------------------------------------------------------------------------------
From Clock:  clk_ddr3_clk_wiz_0
  To Clock:  clk_ddr3_clk_wiz_0

Setup :           NA  Failing Endpoints,  Worst Slack           NA  ,  Total Violation           NA
Hold  :           NA  Failing Endpoints,  Worst Slack           NA  ,  Total Violation           NA
PW    :            0  Failing Endpoints,  Worst Slack        0.845ns,  Total Violation        0.000ns
---------------------------------------------------------------------------------------------------


Pulse Width Checks
--------------------------------------------------------------------------------------
Clock Name:         clk_ddr3_clk_wiz_0
Waveform(ns):       { 0.000 1.500 }
Period(ns):         3.000
Sources:            { u_ddr_clk_wiz/mmcm_adv_inst/CLKOUT1 }

Check Type  Corner  Lib Pin             Reference Pin  Required(ns)  Actual(ns)  Slack(ns)  Location  Pin
Min Period  n/a     BUFG/I              n/a            2.155         3.000       0.845                u_ddr_clk_wiz/clkout2_buf/I
Max Period  n/a     MMCME2_ADV/CLKOUT1  n/a            213.360       3.000       210.360              u_ddr_clk_wiz/mmcm_adv_inst/CLKOUT1



---------------------------------------------------------------------------------------------------
From Clock:  clk_passthrough_clk_wiz_0
  To Clock:  clk_passthrough_clk_wiz_0

Setup :          324  Failing Endpoints,  Worst Slack      -57.064ns,  Total Violation    -5508.710ns
Hold  :            0  Failing Endpoints,  Worst Slack        0.045ns,  Total Violation        0.000ns
PW    :            0  Failing Endpoints,  Worst Slack        3.750ns,  Total Violation        0.000ns
---------------------------------------------------------------------------------------------------


Max Delay Paths
--------------------------------------------------------------------------------------
Slack (VIOLATED) :        -57.064ns  (required time - arrival time)
  Source:                 infer_step_idx_reg[0]/C
                            (rising edge-triggered cell FDRE clocked by clk_passthrough_clk_wiz_0  {rise@0.000ns fall@5.000ns period=10.000ns})
  Destination:            infer_post2_before_reg/DIBDI[5]
                            (rising edge-triggered cell RAMB18E1 clocked by clk_passthrough_clk_wiz_0  {rise@0.000ns fall@5.000ns period=10.000ns})
  Path Group:             clk_passthrough_clk_wiz_0
  Path Type:              Setup (Max at Slow Process Corner)
  Requirement:            10.000ns  (clk_passthrough_clk_wiz_0 rise@10.000ns - clk_passthrough_clk_wiz_0 rise@0.000ns)
  Data Path Delay:        66.604ns  (logic 34.522ns (51.832%)  route 32.082ns (48.168%))
  Logic Levels:           87  (CARRY4=54 DSP48E1=1 LUT1=1 LUT2=3 LUT3=5 LUT4=3 LUT5=12 LUT6=8)
  Clock Path Skew:        -0.145ns (DCD - SCD + CPR)
    Destination Clock Delay (DCD):    -2.279ns = ( 7.721 - 10.000 ) 
    Source Clock Delay      (SCD):    -1.604ns
    Clock Pessimism Removal (CPR):    0.530ns
  Clock Uncertainty:      0.074ns  ((TSJ^2 + DJ^2)^1/2) / 2 + PE
    Total System Jitter     (TSJ):    0.071ns
    Discrete Jitter          (DJ):    0.129ns
    Phase Error              (PE):    0.000ns

    Location             Delay type                Incr(ns)  Path(ns)    Netlist Resource(s)
  -------------------------------------------------------------------    -------------------
                         (clock clk_passthrough_clk_wiz_0 rise edge)
                                                      0.000     0.000 r  
    N15                                               0.000     0.000 r  clk_100mhz (IN)
                         net (fo=0)                   0.000     0.000    u_ddr_clk_wiz/clk_100mhz
    N15                  IBUF (Prop_ibuf_I_O)         1.440     1.440 r  u_ddr_clk_wiz/clkin1_ibufg/O
                         net (fo=1, unplaced)         0.584     2.024    u_ddr_clk_wiz/clk_in1_clk_wiz_0
                         MMCME2_ADV (Prop_mmcme2_adv_CLKIN1_CLKOUT5)
                                                     -5.108    -3.083 r  u_ddr_clk_wiz/mmcm_adv_inst/CLKOUT5
                         net (fo=1, unplaced)         0.800    -2.284    u_ddr_clk_wiz/clk_passthrough_clk_wiz_0
                         BUFG (Prop_bufg_I_O)         0.096    -2.188 r  u_ddr_clk_wiz/clkout6_buf/O
                         net (fo=17284, unplaced)     0.584    -1.604    core_clk
                         FDRE                                         r  infer_step_idx_reg[0]/C
  -------------------------------------------------------------------    -------------------
                         FDRE (Prop_fdre_C_Q)         0.456    -1.148 r  infer_step_idx_reg[0]/Q
                         net (fo=21, unplaced)        0.531    -0.617    infer_step_idx_reg_n_0_[0]
                         LUT2 (Prop_lut2_I0_O)        0.295    -0.322 r  p_0_out_i_6/O
                         net (fo=1, unplaced)         0.000    -0.322    p_0_out_i_6_n_0
                         CARRY4 (Prop_carry4_S[0]_O[0])
                                                      0.252    -0.070 f  p_0_out_i_2/O[0]
                         net (fo=183, unplaced)       0.426     0.356    age_steps6_out[0]
                         LUT1 (Prop_lut1_I0_O)        0.295     0.651 r  p_0_out_i_1/O
                         net (fo=1, unplaced)         0.800     1.451    p_0_out_i_1_n_0
                         DSP48E1 (Prop_dsp48e1_A[16]_P[17])
                                                      3.841     5.292 f  p_0_out/P[17]
                         net (fo=24, unplaced)        0.800     6.092    p_0_out_n_88
                         LUT3 (Prop_lut3_I1_O)        0.124     6.216 r  infer_post2_before_reg_i_2466/O
                         net (fo=1, unplaced)         0.000     6.216    infer_post2_before_reg_i_2466_n_0
                         CARRY4 (Prop_carry4_S[1]_CO[3])
                                                      0.533     6.749 r  infer_post2_before_reg_i_2212/CO[3]
                         net (fo=1, unplaced)         0.009     6.758    infer_post2_before_reg_i_2212_n_0
                         CARRY4 (Prop_carry4_CI_O[2])
                                                      0.256     7.014 r  infer_post2_before_reg_i_2566/O[2]
                         net (fo=3, unplaced)         0.470     7.484    infer_post2_before_reg_i_2566_n_5
                         LUT4 (Prop_lut4_I0_O)        0.301     7.785 r  infer_post2_before_reg_i_2456/O
                         net (fo=1, unplaced)         0.639     8.424    infer_post2_before_reg_i_2456_n_0
                         CARRY4 (Prop_carry4_DI[1]_CO[3])
                                                      0.520     8.944 r  infer_post2_before_reg_i_2211/CO[3]
                         net (fo=1, unplaced)         0.009     8.953    infer_post2_before_reg_i_2211_n_0
                         CARRY4 (Prop_carry4_CI_CO[3])
                                                      0.117     9.070 r  infer_post2_before_reg_i_1830/CO[3]
                         net (fo=1, unplaced)         0.000     9.070    infer_post2_before_reg_i_1830_n_0
                         CARRY4 (Prop_carry4_CI_CO[3])
                                                      0.117     9.187 r  infer_post2_before_reg_i_1763/CO[3]
                         net (fo=1, unplaced)         0.000     9.187    infer_post2_before_reg_i_1763_n_0
                         CARRY4 (Prop_carry4_CI_O[3])
                                                      0.331     9.518 r  infer_post2_before_reg_i_1706/O[3]
                         net (fo=3, unplaced)         0.636    10.154    infer_post2_before_reg_i_1706_n_4
                         LUT4 (Prop_lut4_I3_O)        0.307    10.461 f  infer_post2_before_reg_i_1708/O
                         net (fo=2, unplaced)         0.460    10.921    infer_post2_before_reg_i_1708_n_0
                         LUT5 (Prop_lut5_I3_O)        0.124    11.045 r  infer_post2_before_reg_i_1229/O
                         net (fo=2, unplaced)         0.430    11.475    infer_post2_before_reg_i_1229_n_0
                         LUT6 (Prop_lut6_I0_O)        0.124    11.599 r  infer_post2_before_reg_i_1233/O
                         net (fo=1, unplaced)         0.000    11.599    infer_post2_before_reg_i_1233_n_0
                         CARRY4 (Prop_carry4_S[0]_CO[3])
                                                      0.513    12.112 r  infer_post2_before_reg_i_804/CO[3]
                         net (fo=1, unplaced)         0.000    12.112    infer_post2_before_reg_i_804_n_0
                         CARRY4 (Prop_carry4_CI_O[1])
                                                      0.337    12.449 r  infer_post2_before_reg_i_747/O[1]
                         net (fo=1, unplaced)         0.715    13.164    infer_post2_before_reg_i_747_n_6
                         CARRY4 (Prop_carry4_S[1]_O[3])
                                                      0.949    14.113 r  infer_post2_before_reg_i_400/O[3]
                         net (fo=6, unplaced)         0.650    14.763    infer_post2_before_reg_i_400_n_4
                         LUT5 (Prop_lut5_I0_O)        0.307    15.070 r  infer_post2_before_reg_i_1585/O
                         net (fo=10, unplaced)        0.492    15.562    infer_post2_before_reg_i_1585_n_0
                         LUT6 (Prop_lut6_I5_O)        0.124    15.686 r  infer_post2_before_reg_i_2518/O
                         net (fo=1, unplaced)         0.000    15.686    infer_post2_before_reg_i_2518_n_0
                         CARRY4 (Prop_carry4_S[1]_CO[3])
                                                      0.533    16.219 r  infer_post2_before_reg_i_2395/CO[3]
                         net (fo=1, unplaced)         0.000    16.219    infer_post2_before_reg_i_2395_n_0
                         CARRY4 (Prop_carry4_CI_O[1])
                                                      0.337    16.556 r  infer_post2_before_reg_i_2380/O[1]
                         net (fo=1, unplaced)         0.611    17.167    infer_post2_before_reg_i_2380_n_6
                         LUT2 (Prop_lut2_I1_O)        0.306    17.473 r  infer_post2_before_reg_i_2079/O
                         net (fo=1, unplaced)         0.000    17.473    infer_post2_before_reg_i_2079_n_0
                         CARRY4 (Prop_carry4_S[1]_CO[3])
                                                      0.533    18.006 r  infer_post2_before_reg_i_1644/CO[3]
                         net (fo=1, unplaced)         0.000    18.006    infer_post2_before_reg_i_1644_n_0
                         CARRY4 (Prop_carry4_CI_O[2])
                                                      0.256    18.262 r  infer_post2_before_reg_i_1582/O[2]
                         net (fo=3, unplaced)         0.470    18.732    infer_post2_before_reg_i_1582_n_5
                         LUT5 (Prop_lut5_I1_O)        0.301    19.033 r  infer_post2_before_reg_i_1089/O
                         net (fo=1, unplaced)         0.639    19.672    infer_post2_before_reg_i_1089_n_0
                         CARRY4 (Prop_carry4_DI[1]_CO[3])
                                                      0.520    20.192 r  infer_post2_before_reg_i_651/CO[3]
                         net (fo=1, unplaced)         0.000    20.192    infer_post2_before_reg_i_651_n_0
                         CARRY4 (Prop_carry4_CI_O[0])
                                                      0.232    20.424 r  infer_post2_before_reg_i_650/O[0]
                         net (fo=1, unplaced)         0.983    21.407    infer_post2_before_reg_i_650_n_7
                         CARRY4 (Prop_carry4_S[3]_CO[3])
                                                      0.671    22.078 r  infer_post2_before_reg_i_359/CO[3]
                         net (fo=1, unplaced)         0.000    22.078    infer_post2_before_reg_i_359_n_0
                         CARRY4 (Prop_carry4_CI_O[3])
                                                      0.331    22.409 r  infer_post2_before_reg_i_554/O[3]
                         net (fo=5, unplaced)         0.646    23.055    infer_post2_before_reg_i_554_n_4
                         LUT6 (Prop_lut6_I0_O)        0.307    23.362 r  infer_post2_before_reg_i_331/O
                         net (fo=24, unplaced)        0.513    23.875    infer_post2_before_reg_i_331_n_0
                         LUT6 (Prop_lut6_I5_O)        0.124    23.999 r  infer_post2_before_reg_i_2312/O
                         net (fo=1, unplaced)         0.000    23.999    infer_post2_before_reg_i_2312_n_0
                         CARRY4 (Prop_carry4_S[1]_CO[3])
                                                      0.533    24.532 r  infer_post2_before_reg_i_1950/CO[3]
                         net (fo=1, unplaced)         0.000    24.532    infer_post2_before_reg_i_1950_n_0
                         CARRY4 (Prop_carry4_CI_O[1])
                                                      0.337    24.869 r  infer_post2_before_reg_i_1952/O[1]
                         net (fo=3, unplaced)         0.617    25.486    infer_post2_before_reg_i_1952_n_6
                         LUT3 (Prop_lut3_I1_O)        0.306    25.792 r  infer_post2_before_reg_i_1570/O
                         net (fo=1, unplaced)         0.639    26.431    infer_post2_before_reg_i_1570_n_0
                         CARRY4 (Prop_carry4_DI[1]_CO[3])
                                                      0.520    26.951 r  infer_post2_before_reg_i_1077/CO[3]
                         net (fo=1, unplaced)         0.000    26.951    infer_post2_before_reg_i_1077_n_0
                         CARRY4 (Prop_carry4_CI_O[3])
                                                      0.331    27.282 r  infer_post2_before_reg_i_1445/O[3]
                         net (fo=3, unplaced)         0.636    27.918    infer_post2_before_reg_i_1445_n_4
                         LUT3 (Prop_lut3_I1_O)        0.307    28.225 f  infer_post2_before_reg_i_1447/O
                         net (fo=2, unplaced)         0.460    28.685    infer_post2_before_reg_i_1447_n_0
                         LUT5 (Prop_lut5_I3_O)        0.124    28.809 r  infer_post2_before_reg_i_1033/O
                         net (fo=2, unplaced)         0.430    29.239    infer_post2_before_reg_i_1033_n_0
                         LUT6 (Prop_lut6_I0_O)        0.124    29.363 r  infer_post2_before_reg_i_1037/O
                         net (fo=1, unplaced)         0.000    29.363    infer_post2_before_reg_i_1037_n_0
                         CARRY4 (Prop_carry4_S[2]_CO[3])
                                                      0.380    29.743 r  infer_post2_before_reg_i_538/CO[3]
                         net (fo=1, unplaced)         0.000    29.743    infer_post2_before_reg_i_538_n_0
                         CARRY4 (Prop_carry4_CI_O[1])
                                                      0.337    30.080 r  infer_post2_before_reg_i_534/O[1]
                         net (fo=1, unplaced)         0.715    30.795    infer_post2_before_reg_i_534_n_6
                         CARRY4 (Prop_carry4_S[1]_O[3])
                                                      0.949    31.744 r  infer_post2_before_reg_i_309/O[3]
                         net (fo=12, unplaced)        0.666    32.410    infer_post2_before_reg_i_309_n_4
                         LUT5 (Prop_lut5_I4_O)        0.307    32.717 r  infer_post2_before_reg_i_1538/O
                         net (fo=1, unplaced)         0.000    32.717    infer_post2_before_reg_i_1538_n_0
                         CARRY4 (Prop_carry4_S[1]_CO[3])
                                                      0.533    33.250 r  infer_post2_before_reg_i_1067/CO[3]
                         net (fo=1, unplaced)         0.000    33.250    infer_post2_before_reg_i_1067_n_0
                         CARRY4 (Prop_carry4_CI_O[0])
                                                      0.232    33.482 r  infer_post2_before_reg_i_1490/O[0]
                         net (fo=1, unplaced)         0.974    34.456    infer_post2_before_reg_i_1490_n_7
                         CARRY4 (Prop_carry4_S[2]_CO[3])
                                                      0.675    35.131 r  infer_post2_before_reg_i_1063/CO[3]
                         net (fo=1, unplaced)         0.009    35.140    infer_post2_before_reg_i_1063_n_0
                         CARRY4 (Prop_carry4_CI_CO[3])
                                                      0.117    35.257 r  infer_post2_before_reg_i_1060/CO[3]
                         net (fo=1, unplaced)         0.000    35.257    infer_post2_before_reg_i_1060_n_0
                         CARRY4 (Prop_carry4_CI_O[1])
                                                      0.337    35.594 r  infer_post2_before_reg_i_1417/O[1]
                         net (fo=3, unplaced)         0.629    36.223    infer_post2_before_reg_i_1417_n_6
                         LUT3 (Prop_lut3_I0_O)        0.306    36.529 r  infer_post2_before_reg_i_1024/O
                         net (fo=1, unplaced)         0.473    37.002    infer_post2_before_reg_i_1024_n_0
                         CARRY4 (Prop_carry4_DI[3]_CO[3])
                                                      0.396    37.398 r  infer_post2_before_reg_i_537/CO[3]
                         net (fo=1, unplaced)         0.000    37.398    infer_post2_before_reg_i_537_n_0
                         CARRY4 (Prop_carry4_CI_O[0])
                                                      0.232    37.630 r  infer_post2_before_reg_i_533/O[0]
                         net (fo=1, unplaced)         0.983    38.613    infer_post2_before_reg_i_533_n_7
                         CARRY4 (Prop_carry4_S[3]_CO[3])
                                                      0.671    39.284 r  infer_post2_before_reg_i_314/CO[3]
                         net (fo=1, unplaced)         0.000    39.284    infer_post2_before_reg_i_314_n_0
                         CARRY4 (Prop_carry4_CI_O[3])
                                                      0.331    39.615 r  infer_post2_before_reg_i_308/O[3]
                         net (fo=4, unplaced)         0.642    40.257    infer_post2_before_reg_i_308_n_4
                         LUT5 (Prop_lut5_I0_O)        0.307    40.564 r  infer_post2_before_reg_i_138/O
                         net (fo=33, unplaced)        0.491    41.055    infer_post2_before_reg_i_138_n_0
                         LUT2 (Prop_lut2_I0_O)        0.124    41.179 r  infer_post2_before_reg_i_2049/O
                         net (fo=1, unplaced)         0.000    41.179    infer_post2_before_reg_i_2049_n_0
                         CARRY4 (Prop_carry4_S[0]_O[2])
                                                      0.544    41.723 r  infer_post2_before_reg_i_1601/O[2]
                         net (fo=3, unplaced)         0.923    42.646    infer_post2_before_reg_i_1601_n_5
                         LUT4 (Prop_lut4_I3_O)        0.301    42.947 r  infer_post2_before_reg_i_1107/O
                         net (fo=1, unplaced)         0.000    42.947    infer_post2_before_reg_i_1107_n_0
                         CARRY4 (Prop_carry4_S[3]_CO[3])
                                                      0.376    43.323 r  infer_post2_before_reg_i_653/CO[3]
                         net (fo=1, unplaced)         0.000    43.323    infer_post2_before_reg_i_653_n_0
                         CARRY4 (Prop_carry4_CI_O[3])
                                                      0.331    43.654 r  infer_post2_before_reg_i_1042/O[3]
                         net (fo=2, unplaced)         0.629    44.283    infer_post2_before_reg_i_1042_n_4
                         LUT3 (Prop_lut3_I2_O)        0.307    44.590 f  infer_post2_before_reg_i_1043/O
                         net (fo=2, unplaced)         0.460    45.050    infer_post2_before_reg_i_1043_n_0
                         LUT5 (Prop_lut5_I3_O)        0.124    45.174 r  infer_post2_before_reg_i_541/O
                         net (fo=2, unplaced)         0.460    45.634    infer_post2_before_reg_i_541_n_0
                         LUT6 (Prop_lut6_I0_O)        0.124    45.758 r  infer_post2_before_reg_i_545/O
                         net (fo=1, unplaced)         0.000    45.758    infer_post2_before_reg_i_545_n_0
                         CARRY4 (Prop_carry4_S[3]_CO[3])
                                                      0.376    46.134 r  infer_post2_before_reg_i_317/CO[3]
                         net (fo=1, unplaced)         0.000    46.134    infer_post2_before_reg_i_317_n_0
                         CARRY4 (Prop_carry4_CI_O[0])
                                                      0.232    46.366 r  infer_post2_before_reg_i_298/O[0]
                         net (fo=1, unplaced)         0.974    47.340    infer_post2_before_reg_i_298_n_7
                         CARRY4 (Prop_carry4_S[2]_CO[3])
                                                      0.675    48.015 r  infer_post2_before_reg_i_143/CO[3]
                         net (fo=1, unplaced)         0.000    48.015    infer_post2_before_reg_i_143_n_0
                         CARRY4 (Prop_carry4_CI_O[3])
                                                      0.331    48.346 r  infer_post2_before_reg_i_134/O[3]
                         net (fo=40, unplaced)        0.695    49.041    p_0_in0__0
                         LUT5 (Prop_lut5_I4_O)        0.307    49.348 r  infer_post2_before_reg_i_594/O
                         net (fo=1, unplaced)         0.473    49.821    infer_post2_before_reg_i_594_n_0
                         CARRY4 (Prop_carry4_DI[3]_CO[3])
                                                      0.396    50.217 r  infer_post2_before_reg_i_349/CO[3]
                         net (fo=1, unplaced)         0.000    50.217    infer_post2_before_reg_i_349_n_0
                         CARRY4 (Prop_carry4_CI_O[0])
                                                      0.232    50.449 r  infer_post2_before_reg_i_558/O[0]
                         net (fo=1, unplaced)         0.974    51.423    infer_post2_before_reg_i_558_n_7
                         CARRY4 (Prop_carry4_S[2]_CO[3])
                                                      0.675    52.098 r  infer_post2_before_reg_i_337/CO[3]
                         net (fo=1, unplaced)         0.009    52.107    infer_post2_before_reg_i_337_n_0
                         CARRY4 (Prop_carry4_CI_O[3])
                                                      0.331    52.438 r  infer_post2_before_reg_i_346/O[3]
                         net (fo=3, unplaced)         0.636    53.074    infer_post2_before_reg_i_346_n_4
                         LUT5 (Prop_lut5_I4_O)        0.307    53.381 r  infer_post2_before_reg_i_550/O
                         net (fo=2, unplaced)         0.460    53.841    infer_post2_before_reg_i_550_n_0
                         LUT5 (Prop_lut5_I1_O)        0.124    53.965 r  infer_post2_before_reg_i_319/O
                         net (fo=2, unplaced)         0.460    54.425    infer_post2_before_reg_i_319_n_0
                         LUT6 (Prop_lut6_I0_O)        0.124    54.549 r  infer_post2_before_reg_i_323/O
                         net (fo=1, unplaced)         0.000    54.549    infer_post2_before_reg_i_323_n_0
                         CARRY4 (Prop_carry4_S[2]_CO[3])
                                                      0.380    54.929 r  infer_post2_before_reg_i_144/CO[3]
                         net (fo=1, unplaced)         0.000    54.929    infer_post2_before_reg_i_144_n_0
                         CARRY4 (Prop_carry4_CI_O[0])
                                                      0.232    55.161 r  infer_post2_before_reg_i_133/O[0]
                         net (fo=1, unplaced)         0.974    56.135    infer_post2_before_reg_i_133_n_7
                         CARRY4 (Prop_carry4_S[2]_CO[3])
                                                      0.675    56.810 r  infer_post2_before_reg_i_76/CO[3]
                         net (fo=1, unplaced)         0.000    56.810    infer_post2_before_reg_i_76_n_0
                         CARRY4 (Prop_carry4_CI_O[0])
                                                      0.232    57.042 r  infer_post2_before_reg_i_67/O[0]
                         net (fo=7, unplaced)         0.346    57.388    infer_post2_before_reg_i_67_n_7
                         LUT5 (Prop_lut5_I0_O)        0.295    57.683 r  infer_post2_before_reg_i_691/O
                         net (fo=2, unplaced)         0.650    58.333    infer_post2_before_reg_i_691_n_0
                         CARRY4 (Prop_carry4_DI[1]_O[3])
                                                      0.629    58.962 r  infer_post2_before_reg_i_384/O[3]
                         net (fo=3, unplaced)         0.636    59.598    infer_post2_before_reg_i_384_n_4
                         LUT5 (Prop_lut5_I4_O)        0.307    59.905 r  infer_post2_before_reg_i_186/O
                         net (fo=1, unplaced)         0.639    60.544    infer_post2_before_reg_i_186_n_0
                         CARRY4 (Prop_carry4_DI[1]_CO[3])
                                                      0.520    61.064 r  infer_post2_before_reg_i_101/CO[3]
                         net (fo=1, unplaced)         0.000    61.064    infer_post2_before_reg_i_101_n_0
                         CARRY4 (Prop_carry4_CI_O[0])
                                                      0.232    61.296 r  infer_post2_before_reg_i_100/O[0]
                         net (fo=1, unplaced)         0.974    62.270    p_0_in__0__0[32]
                         CARRY4 (Prop_carry4_S[2]_CO[3])
                                                      0.675    62.945 r  infer_post2_before_reg_i_42/CO[3]
                         net (fo=1, unplaced)         0.000    62.945    infer_post2_before_reg_i_42_n_0
                         CARRY4 (Prop_carry4_CI_O[3])
                                                      0.331    63.276 r  infer_post2_before_reg_i_82/O[3]
                         net (fo=1, unplaced)         0.618    63.894    p_0_out__0__0[37]
                         LUT6 (Prop_lut6_I4_O)        0.307    64.201 r  infer_post2_before_reg_i_29/O
                         net (fo=1, unplaced)         0.800    65.000    decay_q16[21]
                         RAMB18E1                                     r  infer_post2_before_reg/DIBDI[5]
  -------------------------------------------------------------------    -------------------

                         (clock clk_passthrough_clk_wiz_0 rise edge)
                                                     10.000    10.000 r  
    N15                                               0.000    10.000 r  clk_100mhz (IN)
                         net (fo=0)                   0.000    10.000    u_ddr_clk_wiz/clk_100mhz
    N15                  IBUF (Prop_ibuf_I_O)         1.370    11.370 r  u_ddr_clk_wiz/clkin1_ibufg/O
                         net (fo=1, unplaced)         0.439    11.809    u_ddr_clk_wiz/clk_in1_clk_wiz_0
                         MMCME2_ADV (Prop_mmcme2_adv_CLKIN1_CLKOUT5)
                                                     -5.378     6.431 r  u_ddr_clk_wiz/mmcm_adv_inst/CLKOUT5
                         net (fo=1, unplaced)         0.760     7.191    u_ddr_clk_wiz/clk_passthrough_clk_wiz_0
                         BUFG (Prop_bufg_I_O)         0.091     7.282 r  u_ddr_clk_wiz/clkout6_buf/O
                         net (fo=17284, unplaced)     0.439     7.721    core_clk
                         RAMB18E1                                     r  infer_post2_before_reg/CLKBWRCLK
                         clock pessimism              0.530     8.251    
                         clock uncertainty           -0.074     8.178    
                         RAMB18E1 (Setup_ramb18e1_CLKBWRCLK_DIBDI[5])
                                                     -0.241     7.937    infer_post2_before_reg
  -------------------------------------------------------------------
                         required time                          7.937    
                         arrival time                         -65.000    
  -------------------------------------------------------------------
                         slack                                -57.064    





Min Delay Paths
--------------------------------------------------------------------------------------
Slack (MET) :             0.045ns  (arrival time - required time)
  Source:                 ddr_rsp_toggle_core_sync1_reg/C
                            (rising edge-triggered cell FDRE clocked by clk_passthrough_clk_wiz_0  {rise@0.000ns fall@5.000ns period=10.000ns})
  Destination:            ddr_rsp_toggle_core_sync2_reg/D
                            (rising edge-triggered cell FDRE clocked by clk_passthrough_clk_wiz_0  {rise@0.000ns fall@5.000ns period=10.000ns})
  Path Group:             clk_passthrough_clk_wiz_0
  Path Type:              Hold (Min at Fast Process Corner)
  Requirement:            0.000ns  (clk_passthrough_clk_wiz_0 rise@0.000ns - clk_passthrough_clk_wiz_0 rise@0.000ns)
  Data Path Delay:        0.228ns  (logic 0.147ns (64.493%)  route 0.081ns (35.507%))
  Logic Levels:           0  
  Clock Path Skew:        0.145ns (DCD - SCD - CPR)
    Destination Clock Delay (DCD):    -1.112ns
    Source Clock Delay      (SCD):    -0.976ns
    Clock Pessimism Removal (CPR):    -0.281ns

    Location             Delay type                Incr(ns)  Path(ns)    Netlist Resource(s)
  -------------------------------------------------------------------    -------------------
                         (clock clk_passthrough_clk_wiz_0 rise edge)
                                                      0.000     0.000 r  
    N15                                               0.000     0.000 r  clk_100mhz (IN)
                         net (fo=0)                   0.000     0.000    u_ddr_clk_wiz/clk_100mhz
    N15                  IBUF (Prop_ibuf_I_O)         0.209     0.209 r  u_ddr_clk_wiz/clkin1_ibufg/O
                         net (fo=1, unplaced)         0.114     0.323    u_ddr_clk_wiz/clk_in1_clk_wiz_0
                         MMCME2_ADV (Prop_mmcme2_adv_CLKIN1_CLKOUT5)
                                                     -1.776    -1.454 r  u_ddr_clk_wiz/mmcm_adv_inst/CLKOUT5
                         net (fo=1, unplaced)         0.337    -1.116    u_ddr_clk_wiz/clk_passthrough_clk_wiz_0
                         BUFG (Prop_bufg_I_O)         0.026    -1.090 r  u_ddr_clk_wiz/clkout6_buf/O
                         net (fo=17284, unplaced)     0.114    -0.976    core_clk
                         FDRE                                         r  ddr_rsp_toggle_core_sync1_reg/C
  -------------------------------------------------------------------    -------------------
                         FDRE (Prop_fdre_C_Q)         0.147    -0.829 r  ddr_rsp_toggle_core_sync1_reg/Q
                         net (fo=1, unplaced)         0.081    -0.748    ddr_rsp_toggle_core_sync1
                         FDRE                                         r  ddr_rsp_toggle_core_sync2_reg/D
  -------------------------------------------------------------------    -------------------

                         (clock clk_passthrough_clk_wiz_0 rise edge)
                                                      0.000     0.000 r  
    N15                                               0.000     0.000 r  clk_100mhz (IN)
                         net (fo=0)                   0.000     0.000    u_ddr_clk_wiz/clk_100mhz
    N15                  IBUF (Prop_ibuf_I_O)         0.396     0.396 r  u_ddr_clk_wiz/clkin1_ibufg/O
                         net (fo=1, unplaced)         0.259     0.655    u_ddr_clk_wiz/clk_in1_clk_wiz_0
                         MMCME2_ADV (Prop_mmcme2_adv_CLKIN1_CLKOUT5)
                                                     -2.410    -1.755 r  u_ddr_clk_wiz/mmcm_adv_inst/CLKOUT5
                         net (fo=1, unplaced)         0.355    -1.400    u_ddr_clk_wiz/clk_passthrough_clk_wiz_0
                         BUFG (Prop_bufg_I_O)         0.029    -1.371 r  u_ddr_clk_wiz/clkout6_buf/O
                         net (fo=17284, unplaced)     0.259    -1.112    core_clk
                         FDRE                                         r  ddr_rsp_toggle_core_sync2_reg/C
                         clock pessimism              0.281    -0.831    
                         FDRE (Hold_fdre_C_D)         0.038    -0.793    ddr_rsp_toggle_core_sync2_reg
  -------------------------------------------------------------------
                         required time                          0.793    
                         arrival time                          -0.748    
  -------------------------------------------------------------------
                         slack                                  0.045    





Pulse Width Checks
--------------------------------------------------------------------------------------
Clock Name:         clk_passthrough_clk_wiz_0
Waveform(ns):       { 0.000 5.000 }
Period(ns):         10.000
Sources:            { u_ddr_clk_wiz/mmcm_adv_inst/CLKOUT5 }

Check Type        Corner  Lib Pin             Reference Pin  Required(ns)  Actual(ns)  Slack(ns)  Location  Pin
Min Period        n/a     DSP48E1/CLK         n/a            3.884         10.000      6.116                infer_apply_exc_drive_prod_q32_reg/CLK
Max Period        n/a     MMCME2_ADV/CLKOUT5  n/a            213.360       10.000      203.360              u_ddr_clk_wiz/mmcm_adv_inst/CLKOUT5
Low Pulse Width   Slow    RAMS32/CLK          n/a            1.250         5.000       3.750                infer_c_exc_state_reg_0_15_0_0/SP/CLK
High Pulse Width  Slow    RAMS32/CLK          n/a            1.250         5.000       3.750                infer_c_exc_state_reg_0_15_0_0/SP/CLK



---------------------------------------------------------------------------------------------------
From Clock:  clk_xc_clk_wiz_0
  To Clock:  clk_xc_clk_wiz_0

Setup :           NA  Failing Endpoints,  Worst Slack           NA  ,  Total Violation           NA
Hold  :           NA  Failing Endpoints,  Worst Slack           NA  ,  Total Violation           NA
PW    :            0  Failing Endpoints,  Worst Slack       37.845ns,  Total Violation        0.000ns
---------------------------------------------------------------------------------------------------


Pulse Width Checks
--------------------------------------------------------------------------------------
Clock Name:         clk_xc_clk_wiz_0
Waveform(ns):       { 0.000 20.000 }
Period(ns):         40.000
Sources:            { u_ddr_clk_wiz/mmcm_adv_inst/CLKOUT4 }

Check Type  Corner  Lib Pin             Reference Pin  Required(ns)  Actual(ns)  Slack(ns)  Location  Pin
Min Period  n/a     BUFG/I              n/a            2.155         40.000      37.845               u_ddr_clk_wiz/clkout5_buf/I
Max Period  n/a     MMCME2_ADV/CLKOUT4  n/a            213.360       40.000      173.360              u_ddr_clk_wiz/mmcm_adv_inst/CLKOUT4



---------------------------------------------------------------------------------------------------
From Clock:  clkfbout_clk_wiz_0
  To Clock:  clkfbout_clk_wiz_0

Setup :           NA  Failing Endpoints,  Worst Slack           NA  ,  Total Violation           NA
Hold  :           NA  Failing Endpoints,  Worst Slack           NA  ,  Total Violation           NA
PW    :            0  Failing Endpoints,  Worst Slack        7.845ns,  Total Violation        0.000ns
---------------------------------------------------------------------------------------------------


Pulse Width Checks
--------------------------------------------------------------------------------------
Clock Name:         clkfbout_clk_wiz_0
Waveform(ns):       { 0.000 5.000 }
Period(ns):         10.000
Sources:            { u_ddr_clk_wiz/mmcm_adv_inst/CLKFBOUT }

Check Type  Corner  Lib Pin             Reference Pin  Required(ns)  Actual(ns)  Slack(ns)  Location  Pin
Min Period  n/a     BUFG/I              n/a            2.155         10.000      7.845                u_ddr_clk_wiz/clkf_buf/I
Max Period  n/a     MMCME2_ADV/CLKFBIN  n/a            100.000       10.000      90.000               u_ddr_clk_wiz/mmcm_adv_inst/CLKFBIN



---------------------------------------------------------------------------------------------------
From Clock:  clk_passthrough_clk_wiz_0
  To Clock:  clk_controller_clk_wiz_0

Setup :            0  Failing Endpoints,  Worst Slack        4.979ns,  Total Violation        0.000ns
Hold  :           NA  Failing Endpoints,  Worst Slack           NA  ,  Total Violation           NA
---------------------------------------------------------------------------------------------------


Max Delay Paths
--------------------------------------------------------------------------------------
Slack (MET) :             4.979ns  (required time - arrival time)
  Source:                 ddr_req_toggle_core_reg/C
                            (rising edge-triggered cell FDRE clocked by clk_passthrough_clk_wiz_0  {rise@0.000ns fall@5.000ns period=10.000ns})
  Destination:            ddr_req_toggle_ddr_sync1_reg/D
                            (rising edge-triggered cell FDRE clocked by clk_controller_clk_wiz_0  {rise@0.000ns fall@6.000ns period=12.000ns})
  Path Group:             clk_controller_clk_wiz_0
  Path Type:              Setup (Max at Slow Process Corner)
  Requirement:            6.000ns  (MaxDelay Path 6.000ns)
  Data Path Delay:        0.801ns  (logic 0.456ns (56.929%)  route 0.345ns (43.071%))
  Logic Levels:           0  
  Timing Exception:       MaxDelay Path 6.000ns -datapath_only

    Location             Delay type                Incr(ns)  Path(ns)    Netlist Resource(s)
  -------------------------------------------------------------------    -------------------
                                                      0.000     0.000 r  ddr_req_toggle_core_reg/C
                         FDRE (Prop_fdre_C_Q)         0.456     0.456 r  ddr_req_toggle_core_reg/Q
                         net (fo=2, unplaced)         0.345     0.801    ddr_req_toggle_core_reg_n_0
                         FDRE                                         r  ddr_req_toggle_ddr_sync1_reg/D
  -------------------------------------------------------------------    -------------------

                         max delay                    6.000     6.000    
                         FDRE (Setup_fdre_C_D)       -0.220     5.780    ddr_req_toggle_ddr_sync1_reg
  -------------------------------------------------------------------
                         required time                          5.780    
                         arrival time                          -0.801    
  -------------------------------------------------------------------
                         slack                                  4.979    





---------------------------------------------------------------------------------------------------
From Clock:  clk_controller_clk_wiz_0
  To Clock:  clk_passthrough_clk_wiz_0

Setup :            0  Failing Endpoints,  Worst Slack        4.979ns,  Total Violation        0.000ns
Hold  :           NA  Failing Endpoints,  Worst Slack           NA  ,  Total Violation           NA
---------------------------------------------------------------------------------------------------


Max Delay Paths
--------------------------------------------------------------------------------------
Slack (MET) :             4.979ns  (required time - arrival time)
  Source:                 ddr_rsp_toggle_ddr_reg/C
                            (rising edge-triggered cell FDRE clocked by clk_controller_clk_wiz_0  {rise@0.000ns fall@6.000ns period=12.000ns})
  Destination:            ddr_rsp_toggle_core_sync1_reg/D
                            (rising edge-triggered cell FDRE clocked by clk_passthrough_clk_wiz_0  {rise@0.000ns fall@5.000ns period=10.000ns})
  Path Group:             clk_passthrough_clk_wiz_0
  Path Type:              Setup (Max at Slow Process Corner)
  Requirement:            6.000ns  (MaxDelay Path 6.000ns)
  Data Path Delay:        0.801ns  (logic 0.456ns (56.929%)  route 0.345ns (43.071%))
  Logic Levels:           0  
  Timing Exception:       MaxDelay Path 6.000ns -datapath_only

    Location             Delay type                Incr(ns)  Path(ns)    Netlist Resource(s)
  -------------------------------------------------------------------    -------------------
                                                      0.000     0.000 r  ddr_rsp_toggle_ddr_reg/C
                         FDRE (Prop_fdre_C_Q)         0.456     0.456 r  ddr_rsp_toggle_ddr_reg/Q
                         net (fo=2, unplaced)         0.345     0.801    ddr_rsp_toggle_ddr_reg_n_0
                         FDRE                                         r  ddr_rsp_toggle_core_sync1_reg/D
  -------------------------------------------------------------------    -------------------

                         max delay                    6.000     6.000    
                         FDRE (Setup_fdre_C_D)       -0.220     5.780    ddr_rsp_toggle_core_sync1_reg
  -------------------------------------------------------------------
                         required time                          5.780    
                         arrival time                          -0.801    
  -------------------------------------------------------------------
                         slack                                  4.979    





