Copyright 1986-2022 Xilinx, Inc. All Rights Reserved. Copyright 2022-2025 Advanced Micro Devices, Inc. All Rights Reserved.
-------------------------------------------------------------------------------------------------------------------------------------------------
| Tool Version     : Vivado v.2025.1 (lin64) Build 6140274 Wed May 21 22:58:25 MDT 2025
| Date             : Thu Feb 26 04:14:40 2026
| Host             : eecs-digital-03 running 64-bit Ubuntu 24.04.3 LTS
| Command          : report_power -file obj/post_route_power.rpt
| Design           : top_level
| Device           : xc7s50csga324-1
| Design State     : routed
| Grade            : commercial
| Process          : typical
| Characterization : Production
-------------------------------------------------------------------------------------------------------------------------------------------------

Power Report

Table of Contents
-----------------
1. Summary
1.1 On-Chip Components
1.2 Power Supply Summary
1.3 Confidence Level
2. Settings
2.1 Environment
2.2 Clock Constraints
3. Detailed Reports
3.1 By Hierarchy

1. Summary
----------

+--------------------------+--------------+
| Total On-Chip Power (W)  | 1.034        |
| Design Power Budget (W)  | Unspecified* |
| Power Budget Margin (W)  | NA           |
| Dynamic (W)              | 0.956        |
| Device Static (W)        | 0.078        |
| Effective TJA (C/W)      | 4.9          |
| Max Ambient (C)          | 79.9         |
| Junction Temperature (C) | 30.1         |
| Confidence Level         | Low          |
| Setting File             | ---          |
| Simulation Activity File | ---          |
| Design Nets Matched      | NA           |
+--------------------------+--------------+
* Specify Design Power Budget using, set_operating_conditions -design_power_budget <value in Watts>


1.1 On-Chip Components
----------------------

+--------------------------+-----------+----------+-----------+-----------------+
| On-Chip                  | Power (W) | Used     | Available | Utilization (%) |
+--------------------------+-----------+----------+-----------+-----------------+
| Clocks                   |     0.013 |        9 |       --- |             --- |
| Slice Logic              |     0.140 |    62187 |       --- |             --- |
|   LUT as Logic           |     0.121 |    26256 |     32600 |           80.54 |
|   CARRY4                 |     0.014 |     1277 |      8150 |           15.67 |
|   LUT as Distributed RAM |     0.003 |     2060 |      9600 |           21.46 |
|   Register               |    <0.001 |    23198 |     65200 |           35.58 |
|   F7/F8 Muxes            |    <0.001 |     4062 |     32600 |           12.46 |
|   BUFG                   |    <0.001 |        1 |        32 |            3.13 |
|   Others                 |     0.000 |       26 |       --- |             --- |
| Signals                  |     0.203 |    50832 |       --- |             --- |
| Block RAM                |     0.014 |       48 |        75 |           64.00 |
| MMCM                     |     0.109 |        1 |         5 |           20.00 |
| DSPs                     |     0.074 |       45 |       120 |           37.50 |
| I/O                      |     0.403 |       83 |       210 |           39.52 |
| Static Power             |     0.078 |          |           |                 |
| Total                    |     1.034 |          |           |                 |
+--------------------------+-----------+----------+-----------+-----------------+


1.2 Power Supply Summary
------------------------

+-----------+-------------+-----------+-------------+------------+-------------+-------------+------------+
| Source    | Voltage (V) | Total (A) | Dynamic (A) | Static (A) | Powerup (A) | Budget (A)  | Margin (A) |
+-----------+-------------+-----------+-------------+------------+-------------+-------------+------------+
| Vccint    |       1.000 |     0.472 |       0.459 |      0.013 |       NA    | Unspecified | NA         |
| Vccaux    |       1.800 |     0.152 |       0.139 |      0.013 |       NA    | Unspecified | NA         |
| Vcco33    |       3.300 |     0.005 |       0.004 |      0.001 |       NA    | Unspecified | NA         |
| Vcco25    |       2.500 |     0.000 |       0.000 |      0.000 |       NA    | Unspecified | NA         |
| Vcco18    |       1.800 |     0.000 |       0.000 |      0.000 |       NA    | Unspecified | NA         |
| Vcco15    |       1.500 |     0.000 |       0.000 |      0.000 |       NA    | Unspecified | NA         |
| Vcco135   |       1.350 |     0.173 |       0.172 |      0.001 |       NA    | Unspecified | NA         |
| Vcco12    |       1.200 |     0.000 |       0.000 |      0.000 |       NA    | Unspecified | NA         |
| Vccaux_io |       1.800 |     0.000 |       0.000 |      0.000 |       NA    | Unspecified | NA         |
| Vccbram   |       1.000 |     0.003 |       0.001 |      0.001 |       NA    | Unspecified | NA         |
| Vccadc    |       1.800 |     0.020 |       0.000 |      0.020 |       NA    | Unspecified | NA         |
+-----------+-------------+-----------+-------------+------------+-------------+-------------+------------+


1.3 Confidence Level
--------------------

+-----------------------------+------------+--------------------------------------------------------+--------------------------------------------------------------------------------------------------------------------+
| User Input Data             | Confidence | Details                                                | Action                                                                                                             |
+-----------------------------+------------+--------------------------------------------------------+--------------------------------------------------------------------------------------------------------------------+
| Design implementation state | High       | Design is routed                                       |                                                                                                                    |
| Clock nodes activity        | Low        | User specified less than 75% of clocks                 | Provide missing clock activity with a constraint file, simulation results or by editing the "By Clock Domain" view |
| I/O nodes activity          | Low        | More than 75% of inputs are missing user specification | Provide missing input activity with simulation results or by editing the "By Resource Type -> I/Os" view           |
| Internal nodes activity     | Medium     | User specified less than 25% of internal nodes         | Provide missing internal nodes activity with simulation results or by editing the "By Resource Type" views         |
| Device models               | High       | Device models are Production                           |                                                                                                                    |
|                             |            |                                                        |                                                                                                                    |
| Overall confidence level    | Low        |                                                        |                                                                                                                    |
+-----------------------------+------------+--------------------------------------------------------+--------------------------------------------------------------------------------------------------------------------+


2. Settings
-----------

2.1 Environment
---------------

+-----------------------+--------------------------+
| Ambient Temp (C)      | 25.0                     |
| ThetaJA (C/W)         | 4.9                      |
| Airflow (LFM)         | 250                      |
| Heat Sink             | medium (Medium Profile)  |
| ThetaSA (C/W)         | 4.6                      |
| Board Selection       | medium (10"x10")         |
| # of Board Layers     | 12to15 (12 to 15 Layers) |
| Board Temperature (C) | 25.0                     |
+-----------------------+--------------------------+


2.2 Clock Constraints
---------------------

+---------------------------+-----------------------------------------+-----------------+
| Clock                     | Domain                                  | Constraint (ns) |
+---------------------------+-----------------------------------------+-----------------+
| clk_camera_clk_wiz_0      | u_ddr_clk_wiz/clk_camera_clk_wiz_0      |             5.0 |
| clk_controller_clk_wiz_0  | u_ddr_clk_wiz/clk_controller_clk_wiz_0  |            12.0 |
| clk_ddr3_90_clk_wiz_0     | u_ddr_clk_wiz/clk_ddr3_90_clk_wiz_0     |             3.0 |
| clk_ddr3_clk_wiz_0        | u_ddr_clk_wiz/clk_ddr3_clk_wiz_0        |             3.0 |
| clk_passthrough_clk_wiz_0 | u_ddr_clk_wiz/clk_passthrough_clk_wiz_0 |            10.0 |
| clkfbout_clk_wiz_0        | u_ddr_clk_wiz/clkfbout_clk_wiz_0        |            10.0 |
| gclk                      | clk_100mhz                              |            10.0 |
+---------------------------+-----------------------------------------+-----------------+


3. Detailed Reports
-------------------

3.1 By Hierarchy
----------------

+------------------------------+-----------+
| Name                         | Power (W) |
+------------------------------+-----------+
| top_level                    |     0.956 |
|   u_ddr3_top                 |     0.381 |
|     ddr3_controller_inst     |     0.022 |
|     ddr3_phy_inst            |     0.347 |
|       OBUFDS_inst            |     0.016 |
|       genblk5[0].IOBUF_data  |     0.012 |
|       genblk5[10].IOBUF_data |     0.012 |
|       genblk5[11].IOBUF_data |     0.012 |
|       genblk5[12].IOBUF_data |     0.012 |
|       genblk5[13].IOBUF_data |     0.012 |
|       genblk5[14].IOBUF_data |     0.012 |
|       genblk5[15].IOBUF_data |     0.012 |
|       genblk5[1].IOBUF_data  |     0.012 |
|       genblk5[2].IOBUF_data  |     0.012 |
|       genblk5[3].IOBUF_data  |     0.012 |
|       genblk5[4].IOBUF_data  |     0.012 |
|       genblk5[5].IOBUF_data  |     0.012 |
|       genblk5[6].IOBUF_data  |     0.012 |
|       genblk5[7].IOBUF_data  |     0.012 |
|       genblk5[8].IOBUF_data  |     0.012 |
|       genblk5[9].IOBUF_data  |     0.012 |
|       genblk7[0].IOBUFDS_dqs |     0.022 |
|       genblk7[1].IOBUFDS_dqs |     0.022 |
|   u_ddr_clk_wiz              |     0.110 |
|   u_poisson_divider          |     0.010 |
|   u_sd_controller            |     0.006 |
|   u_stdp_divider             |     0.010 |
|   u_uart_rx                  |     0.015 |
+------------------------------+-----------+


