Copyright 1986-2022 Xilinx, Inc. All Rights Reserved. Copyright 2022-2025 Advanced Micro Devices, Inc. All Rights Reserved.
---------------------------------------------------------------------------------------------------------------------------------------------
| Tool Version : Vivado v.2025.1 (lin64) Build 6140274 Wed May 21 22:58:25 MDT 2025
| Date         : Thu Feb 26 02:44:17 2026
| Host         : eecs-digital-18 running 64-bit Ubuntu 24.04.3 LTS
| Command      : report_timing -file obj/post_route_timing.rpt
| Design       : top_level
| Device       : 7s50-csga324
| Speed File   : -1  PRODUCTION 1.23 2018-06-13
| Design State : Routed
---------------------------------------------------------------------------------------------------------------------------------------------

Timing Report

Slack (MET) :             0.223ns  (required time - arrival time)
  Source:                 u_ddr3_top/ddr3_controller_inst/stage2_bank_reg[1]/C
                            (rising edge-triggered cell FDRE clocked by clk_controller_clk_wiz_0  {rise@0.000ns fall@6.000ns period=12.000ns})
  Destination:            u_ddr3_top/ddr3_controller_inst/o_wb_stall_calib_reg/D
                            (rising edge-triggered cell FDRE clocked by clk_controller_clk_wiz_0  {rise@0.000ns fall@6.000ns period=12.000ns})
  Path Group:             clk_controller_clk_wiz_0
  Path Type:              Setup (Max at Slow Process Corner)
  Requirement:            12.000ns  (clk_controller_clk_wiz_0 rise@12.000ns - clk_controller_clk_wiz_0 rise@0.000ns)
  Data Path Delay:        11.757ns  (logic 4.490ns (38.190%)  route 7.267ns (61.810%))
  Logic Levels:           16  (CARRY4=4 LUT2=1 LUT4=1 LUT5=2 LUT6=6 MUXF7=2)
  Clock Path Skew:        -0.025ns (DCD - SCD + CPR)
    Destination Clock Delay (DCD):    -1.563ns = ( 10.437 - 12.000 ) 
    Source Clock Delay      (SCD):    -0.962ns
    Clock Pessimism Removal (CPR):    0.576ns
  Clock Uncertainty:      0.076ns  ((TSJ^2 + DJ^2)^1/2) / 2 + PE
    Total System Jitter     (TSJ):    0.071ns
    Discrete Jitter          (DJ):    0.134ns
    Phase Error              (PE):    0.000ns

    Location             Delay type                Incr(ns)  Path(ns)    Netlist Resource(s)
  -------------------------------------------------------------------    -------------------
                         (clock clk_controller_clk_wiz_0 rise edge)
                                                      0.000     0.000 r  
    N15                                               0.000     0.000 r  clk_100mhz (IN)
                         net (fo=0)                   0.000     0.000    u_ddr_clk_wiz/clk_100mhz
    N15                  IBUF (Prop_ibuf_I_O)         1.440     1.440 r  u_ddr_clk_wiz/clkin1_ibufg/O
                         net (fo=1, routed)           1.233     2.673    u_ddr_clk_wiz/clk_in1_clk_wiz_0
    MMCME2_ADV_X0Y0      MMCME2_ADV (Prop_mmcme2_adv_CLKIN1_CLKOUT0)
                                                     -6.965    -4.291 r  u_ddr_clk_wiz/mmcm_adv_inst/CLKOUT0
                         net (fo=1, routed)           1.666    -2.625    u_ddr_clk_wiz/clk_controller_clk_wiz_0
    BUFGCTRL_X0Y0        BUFG (Prop_bufg_I_O)         0.096    -2.529 r  u_ddr_clk_wiz/clkout1_buf/O
                         net (fo=2683, routed)        1.567    -0.962    u_ddr3_top/ddr3_controller_inst/i_controller_clk
    SLICE_X40Y2          FDRE                                         r  u_ddr3_top/ddr3_controller_inst/stage2_bank_reg[1]/C
  -------------------------------------------------------------------    -------------------
    SLICE_X40Y2          FDRE (Prop_fdre_C_Q)         0.456    -0.506 r  u_ddr3_top/ddr3_controller_inst/stage2_bank_reg[1]/Q
                         net (fo=116, routed)         1.110     0.604    u_ddr3_top/ddr3_controller_inst/stage2_bank[1]
    SLICE_X39Y4          LUT6 (Prop_lut6_I2_O)        0.124     0.728 r  u_ddr3_top/ddr3_controller_inst/o_phy_cmd[23]_INST_0_i_113/O
                         net (fo=1, routed)           0.000     0.728    u_ddr3_top/ddr3_controller_inst/o_phy_cmd[23]_INST_0_i_113_n_0
    SLICE_X39Y4          MUXF7 (Prop_muxf7_I0_O)      0.212     0.940 r  u_ddr3_top/ddr3_controller_inst/o_phy_cmd[23]_INST_0_i_67/O
                         net (fo=2, routed)           0.789     1.729    u_ddr3_top/ddr3_controller_inst/o_phy_cmd[23]_INST_0_i_67_n_0
    SLICE_X36Y3          LUT6 (Prop_lut6_I5_O)        0.299     2.028 r  u_ddr3_top/ddr3_controller_inst/o_phy_cmd[23]_INST_0_i_43/O
                         net (fo=1, routed)           0.000     2.028    u_ddr3_top/ddr3_controller_inst/o_phy_cmd[23]_INST_0_i_43_n_0
    SLICE_X36Y3          CARRY4 (Prop_carry4_S[1]_CO[3])
                                                      0.550     2.578 r  u_ddr3_top/ddr3_controller_inst/o_phy_cmd[23]_INST_0_i_21/CO[3]
                         net (fo=1, routed)           0.000     2.578    u_ddr3_top/ddr3_controller_inst/o_phy_cmd[23]_INST_0_i_21_n_0
    SLICE_X36Y4          CARRY4 (Prop_carry4_CI_CO[0])
                                                      0.271     2.849 f  u_ddr3_top/ddr3_controller_inst/o_phy_cmd[23]_INST_0_i_10/CO[0]
                         net (fo=3, routed)           0.326     3.175    u_ddr3_top/ddr3_controller_inst/precharge_slot_busy2
    SLICE_X39Y4          LUT2 (Prop_lut2_I1_O)        0.373     3.548 f  u_ddr3_top/ddr3_controller_inst/o_phy_cmd[92]_INST_0_i_2/O
                         net (fo=59, routed)          0.616     4.165    u_ddr3_top/ddr3_controller_inst/o_phy_cmd[92]_INST_0_i_2_n_0
    SLICE_X38Y4          LUT6 (Prop_lut6_I1_O)        0.124     4.289 r  u_ddr3_top/ddr3_controller_inst/delay_before_precharge_counter_q[5][1]_i_2/O
                         net (fo=18, routed)          0.893     5.181    u_ddr3_top/ddr3_controller_inst/delay_before_precharge_counter_q[5][1]_i_2_n_0
    SLICE_X40Y8          LUT5 (Prop_lut5_I3_O)        0.124     5.305 r  u_ddr3_top/ddr3_controller_inst/bank_active_row_q[5][8]_i_1/O
                         net (fo=3, routed)           1.039     6.344    u_ddr3_top/ddr3_controller_inst/bank_active_row_q[5][8]_i_1_n_0
    SLICE_X41Y4          LUT6 (Prop_lut6_I3_O)        0.124     6.468 r  u_ddr3_top/ddr3_controller_inst/o_wb_stall_q_i_128/O
                         net (fo=1, routed)           0.000     6.468    u_ddr3_top/ddr3_controller_inst/o_wb_stall_q_i_128_n_0
    SLICE_X41Y4          MUXF7 (Prop_muxf7_I1_O)      0.245     6.713 r  u_ddr3_top/ddr3_controller_inst/o_wb_stall_q_reg_i_83/O
                         net (fo=1, routed)           0.954     7.667    u_ddr3_top/ddr3_controller_inst/o_wb_stall_q_reg_i_83_n_0
    SLICE_X41Y5          LUT6 (Prop_lut6_I5_O)        0.298     7.965 r  u_ddr3_top/ddr3_controller_inst/o_wb_stall_q_i_58/O
                         net (fo=1, routed)           0.000     7.965    u_ddr3_top/ddr3_controller_inst/o_wb_stall_q_i_58_n_0
    SLICE_X41Y5          CARRY4 (Prop_carry4_S[2]_CO[3])
                                                      0.398     8.363 r  u_ddr3_top/ddr3_controller_inst/o_wb_stall_q_reg_i_41/CO[3]
                         net (fo=1, routed)           0.000     8.363    u_ddr3_top/ddr3_controller_inst/o_wb_stall_q_reg_i_41_n_0
    SLICE_X41Y6          CARRY4 (Prop_carry4_CI_CO[0])
                                                      0.271     8.634 r  u_ddr3_top/ddr3_controller_inst/o_wb_stall_q_reg_i_18/CO[0]
                         net (fo=1, routed)           0.422     9.056    u_ddr3_top/ddr3_controller_inst/stage1_stall3
    SLICE_X42Y6          LUT4 (Prop_lut4_I0_O)        0.373     9.429 f  u_ddr3_top/ddr3_controller_inst/o_wb_stall_q_i_6/O
                         net (fo=1, routed)           0.590    10.019    u_ddr3_top/ddr3_controller_inst/o_wb_stall_q_i_6_n_0
    SLICE_X42Y3          LUT6 (Prop_lut6_I4_O)        0.124    10.143 r  u_ddr3_top/ddr3_controller_inst/o_wb_stall_q_i_1/O
                         net (fo=5, routed)           0.528    10.671    u_ddr3_top/ddr3_controller_inst/o_wb_stall_d22_out
    SLICE_X42Y2          LUT5 (Prop_lut5_I1_O)        0.124    10.795 r  u_ddr3_top/ddr3_controller_inst/o_wb_stall_calib_i_1/O
                         net (fo=1, routed)           0.000    10.795    u_ddr3_top/ddr3_controller_inst/o_wb_stall_calib_i_1_n_0
    SLICE_X42Y2          FDRE                                         r  u_ddr3_top/ddr3_controller_inst/o_wb_stall_calib_reg/D
  -------------------------------------------------------------------    -------------------

                         (clock clk_controller_clk_wiz_0 rise edge)
                                                     12.000    12.000 r  
    N15                                               0.000    12.000 r  clk_100mhz (IN)
                         net (fo=0)                   0.000    12.000    u_ddr_clk_wiz/clk_100mhz
    N15                  IBUF (Prop_ibuf_I_O)         1.370    13.370 r  u_ddr_clk_wiz/clkin1_ibufg/O
                         net (fo=1, routed)           1.162    14.532    u_ddr_clk_wiz/clk_in1_clk_wiz_0
    MMCME2_ADV_X0Y0      MMCME2_ADV (Prop_mmcme2_adv_CLKIN1_CLKOUT0)
                                                     -7.221     7.311 r  u_ddr_clk_wiz/mmcm_adv_inst/CLKOUT0
                         net (fo=1, routed)           1.587     8.898    u_ddr_clk_wiz/clk_controller_clk_wiz_0
    BUFGCTRL_X0Y0        BUFG (Prop_bufg_I_O)         0.091     8.989 r  u_ddr_clk_wiz/clkout1_buf/O
                         net (fo=2683, routed)        1.448    10.437    u_ddr3_top/ddr3_controller_inst/i_controller_clk
    SLICE_X42Y2          FDRE                                         r  u_ddr3_top/ddr3_controller_inst/o_wb_stall_calib_reg/C
                         clock pessimism              0.576    11.013    
                         clock uncertainty           -0.076    10.938    
    SLICE_X42Y2          FDRE (Setup_fdre_C_D)        0.081    11.019    u_ddr3_top/ddr3_controller_inst/o_wb_stall_calib_reg
  -------------------------------------------------------------------
                         required time                         11.019    
                         arrival time                         -10.795    
  -------------------------------------------------------------------
                         slack                                  0.223    




