Copyright 1986-2022 Xilinx, Inc. All Rights Reserved. Copyright 2022-2025 Advanced Micro Devices, Inc. All Rights Reserved.
---------------------------------------------------------------------------------------------------------------------------------------------
| Tool Version : Vivado v.2025.1 (lin64) Build 6140274 Wed May 21 22:58:25 MDT 2025
| Date         : Tue Feb  3 05:43:55 2026
| Host         : eecs-digital-11 running 64-bit Ubuntu 24.04.3 LTS
| Command      : report_timing -file obj/post_route_timing.rpt
| Design       : top_level
| Device       : 7s50-csga324
| Speed File   : -1  PRODUCTION 1.23 2018-06-13
| Design State : Routed
---------------------------------------------------------------------------------------------------------------------------------------------

Timing Report

Slack (MET) :             0.454ns  (required time - arrival time)
  Source:                 v_mem_reg[1]/C
                            (rising edge-triggered cell FDRE clocked by gclk  {rise@0.000ns fall@4.000ns period=10.000ns})
  Destination:            refr_cnt_reg[2]/CE
                            (rising edge-triggered cell FDRE clocked by gclk  {rise@0.000ns fall@4.000ns period=10.000ns})
  Path Group:             gclk
  Path Type:              Setup (Max at Slow Process Corner)
  Requirement:            10.000ns  (gclk rise@10.000ns - gclk rise@0.000ns)
  Data Path Delay:        9.207ns  (logic 4.881ns (53.014%)  route 4.326ns (46.986%))
  Logic Levels:           22  (CARRY4=17 LUT1=1 LUT2=1 LUT3=2 LUT6=1)
  Clock Path Skew:        -0.099ns (DCD - SCD + CPR)
    Destination Clock Delay (DCD):    4.770ns = ( 14.770 - 10.000 ) 
    Source Clock Delay      (SCD):    5.127ns
    Clock Pessimism Removal (CPR):    0.259ns
  Clock Uncertainty:      0.035ns  ((TSJ^2 + TIJ^2)^1/2 + DJ) / 2 + PE
    Total System Jitter     (TSJ):    0.071ns
    Total Input Jitter      (TIJ):    0.000ns
    Discrete Jitter          (DJ):    0.000ns
    Phase Error              (PE):    0.000ns

    Location             Delay type                Incr(ns)  Path(ns)    Netlist Resource(s)
  -------------------------------------------------------------------    -------------------
                         (clock gclk rise edge)       0.000     0.000 r  
    N15                                               0.000     0.000 r  clk_100mhz (IN)
                         net (fo=0)                   0.000     0.000    clk_100mhz
    N15                  IBUF (Prop_ibuf_I_O)         1.440     1.440 r  clk_100mhz_IBUF_inst/O
                         net (fo=1, routed)           1.972     3.412    clk_100mhz_IBUF
    BUFGCTRL_X0Y0        BUFG (Prop_bufg_I_O)         0.096     3.508 r  clk_100mhz_IBUF_BUFG_inst/O
                         net (fo=228, routed)         1.619     5.127    clk_100mhz_IBUF_BUFG
    SLICE_X59Y26         FDRE                                         r  v_mem_reg[1]/C
  -------------------------------------------------------------------    -------------------
    SLICE_X59Y26         FDRE (Prop_fdre_C_Q)         0.419     5.546 f  v_mem_reg[1]/Q
                         net (fo=3, routed)           0.594     6.140    u_divider/div_dividend_reg[1][1]
    SLICE_X59Y27         LUT1 (Prop_lut1_I0_O)        0.299     6.439 r  u_divider/div_dividend[4]_i_12/O
                         net (fo=1, routed)           0.000     6.439    u_divider/div_dividend[4]_i_12_n_0
    SLICE_X59Y27         CARRY4 (Prop_carry4_S[0]_CO[3])
                                                      0.532     6.971 r  u_divider/div_dividend_reg[4]_i_3/CO[3]
                         net (fo=1, routed)           0.000     6.971    u_divider/div_dividend_reg[4]_i_3_n_0
    SLICE_X59Y28         CARRY4 (Prop_carry4_CI_CO[3])
                                                      0.114     7.085 r  u_divider/div_dividend_reg[8]_i_3/CO[3]
                         net (fo=1, routed)           0.000     7.085    u_divider/div_dividend_reg[8]_i_3_n_0
    SLICE_X59Y29         CARRY4 (Prop_carry4_CI_CO[3])
                                                      0.114     7.199 r  u_divider/div_dividend_reg[12]_i_3/CO[3]
                         net (fo=1, routed)           0.000     7.199    u_divider/div_dividend_reg[12]_i_3_n_0
    SLICE_X59Y30         CARRY4 (Prop_carry4_CI_CO[3])
                                                      0.114     7.313 r  u_divider/div_dividend_reg[16]_i_3/CO[3]
                         net (fo=1, routed)           0.000     7.313    u_divider/div_dividend_reg[16]_i_3_n_0
    SLICE_X59Y31         CARRY4 (Prop_carry4_CI_CO[3])
                                                      0.114     7.427 r  u_divider/div_dividend_reg[20]_i_3/CO[3]
                         net (fo=1, routed)           0.000     7.427    u_divider/div_dividend_reg[20]_i_3_n_0
    SLICE_X59Y32         CARRY4 (Prop_carry4_CI_CO[3])
                                                      0.114     7.541 r  u_divider/div_dividend_reg[24]_i_3/CO[3]
                         net (fo=1, routed)           0.000     7.541    u_divider/div_dividend_reg[24]_i_3_n_0
    SLICE_X59Y33         CARRY4 (Prop_carry4_CI_CO[3])
                                                      0.114     7.655 r  u_divider/div_dividend_reg[28]_i_3/CO[3]
                         net (fo=1, routed)           0.000     7.655    u_divider/div_dividend_reg[28]_i_3_n_0
    SLICE_X59Y34         CARRY4 (Prop_carry4_CI_O[2])
                                                      0.239     7.894 r  u_divider/div_dividend_reg[31]_i_4/O[2]
                         net (fo=65, routed)          1.123     9.018    u_divider/num_calc[30]
    SLICE_X58Y28         LUT3 (Prop_lut3_I2_O)        0.302     9.320 r  u_divider/v_mem[3]_i_6/O
                         net (fo=1, routed)           0.000     9.320    u_divider/v_mem[3]_i_6_n_0
    SLICE_X58Y28         CARRY4 (Prop_carry4_S[0]_CO[3])
                                                      0.532     9.852 r  u_divider/v_mem_reg[3]_i_2/CO[3]
                         net (fo=1, routed)           0.000     9.852    u_divider/v_mem_reg[3]_i_2_n_0
    SLICE_X58Y29         CARRY4 (Prop_carry4_CI_CO[3])
                                                      0.114     9.966 r  u_divider/v_mem_reg[7]_i_2/CO[3]
                         net (fo=1, routed)           0.000     9.966    u_divider/v_mem_reg[7]_i_2_n_0
    SLICE_X58Y30         CARRY4 (Prop_carry4_CI_CO[3])
                                                      0.114    10.080 r  u_divider/v_mem_reg[11]_i_2/CO[3]
                         net (fo=1, routed)           0.000    10.080    u_divider/v_mem_reg[11]_i_2_n_0
    SLICE_X58Y31         CARRY4 (Prop_carry4_CI_CO[3])
                                                      0.114    10.194 r  u_divider/v_mem_reg[15]_i_2/CO[3]
                         net (fo=1, routed)           0.000    10.194    u_divider/v_mem_reg[15]_i_2_n_0
    SLICE_X58Y32         CARRY4 (Prop_carry4_CI_CO[3])
                                                      0.114    10.308 r  u_divider/v_mem_reg[19]_i_2/CO[3]
                         net (fo=1, routed)           0.000    10.308    u_divider/v_mem_reg[19]_i_2_n_0
    SLICE_X58Y33         CARRY4 (Prop_carry4_CI_CO[3])
                                                      0.114    10.422 r  u_divider/v_mem_reg[23]_i_2/CO[3]
                         net (fo=1, routed)           0.000    10.422    u_divider/v_mem_reg[23]_i_2_n_0
    SLICE_X58Y34         CARRY4 (Prop_carry4_CI_CO[3])
                                                      0.114    10.536 r  u_divider/v_mem_reg[27]_i_2/CO[3]
                         net (fo=1, routed)           0.000    10.536    u_divider/v_mem_reg[27]_i_2_n_0
    SLICE_X58Y35         CARRY4 (Prop_carry4_CI_O[2])
                                                      0.239    10.775 r  u_divider/v_mem_reg[31]_i_5/O[2]
                         net (fo=2, routed)           0.890    11.665    u_divider/v_mem_reg[31]_i_5_n_5
    SLICE_X57Y33         LUT2 (Prop_lut2_I0_O)        0.302    11.967 r  u_divider/v_mem[31]_i_8/O
                         net (fo=1, routed)           0.000    11.967    u_divider/v_mem[31]_i_8_n_0
    SLICE_X57Y33         CARRY4 (Prop_carry4_S[3]_CO[3])
                                                      0.401    12.368 r  u_divider/v_mem_reg[31]_i_4/CO[3]
                         net (fo=35, routed)          1.047    13.416    u_divider/running1
    SLICE_X54Y31         LUT3 (Prop_lut3_I2_O)        0.124    13.540 r  u_divider/spike_count[9]_i_1/O
                         net (fo=11, routed)          0.328    13.868    u_divider/data_valid_out_reg_0[0]
    SLICE_X55Y29         LUT6 (Prop_lut6_I0_O)        0.124    13.992 r  u_divider/refr_cnt[3]_i_1/O
                         net (fo=4, routed)           0.343    14.334    u_divider_n_2
    SLICE_X55Y28         FDRE                                         r  refr_cnt_reg[2]/CE
  -------------------------------------------------------------------    -------------------

                         (clock gclk rise edge)      10.000    10.000 r  
    N15                                               0.000    10.000 r  clk_100mhz (IN)
                         net (fo=0)                   0.000    10.000    clk_100mhz
    N15                  IBUF (Prop_ibuf_I_O)         1.370    11.370 r  clk_100mhz_IBUF_inst/O
                         net (fo=1, routed)           1.868    13.238    clk_100mhz_IBUF
    BUFGCTRL_X0Y0        BUFG (Prop_bufg_I_O)         0.091    13.329 r  clk_100mhz_IBUF_BUFG_inst/O
                         net (fo=228, routed)         1.440    14.770    clk_100mhz_IBUF_BUFG
    SLICE_X55Y28         FDRE                                         r  refr_cnt_reg[2]/C
                         clock pessimism              0.259    15.028    
                         clock uncertainty           -0.035    14.993    
    SLICE_X55Y28         FDRE (Setup_fdre_C_CE)      -0.205    14.788    refr_cnt_reg[2]
  -------------------------------------------------------------------
                         required time                         14.788    
                         arrival time                         -14.334    
  -------------------------------------------------------------------
                         slack                                  0.454    




