Copyright 1986-2022 Xilinx, Inc. All Rights Reserved. Copyright 2022-2025 Advanced Micro Devices, Inc. All Rights Reserved.
---------------------------------------------------------------------------------------------------------------------------------------------
| Tool Version : Vivado v.2025.1 (lin64) Build 6140274 Wed May 21 22:58:25 MDT 2025
| Date         : Tue Feb  3 08:05:17 2026
| Host         : eecs-digital-17 running 64-bit Ubuntu 24.04.3 LTS
| Command      : report_timing -file obj/post_synth_timing.rpt
| Design       : top_level
| Device       : 7s50-csga324
| Speed File   : -1  PRODUCTION 1.23 2018-06-13
| Design State : Synthesized
---------------------------------------------------------------------------------------------------------------------------------------------

Timing Report

Slack (MET) :             0.780ns  (required time - arrival time)
  Source:                 u_lif/u_divider/divisor_reg[7]/C
                            (rising edge-triggered cell FDRE clocked by gclk  {rise@0.000ns fall@4.000ns period=10.000ns})
  Destination:            u_lif/u_divider/p_reg[28]/D
                            (rising edge-triggered cell FDRE clocked by gclk  {rise@0.000ns fall@4.000ns period=10.000ns})
  Path Group:             gclk
  Path Type:              Setup (Max at Slow Process Corner)
  Requirement:            10.000ns  (gclk rise@10.000ns - gclk rise@0.000ns)
  Data Path Delay:        9.116ns  (logic 5.674ns (62.242%)  route 3.442ns (37.758%))
  Logic Levels:           23  (CARRY4=19 LUT2=3 LUT3=1)
  Clock Path Skew:        -0.145ns (DCD - SCD + CPR)
    Destination Clock Delay (DCD):    2.660ns = ( 12.660 - 10.000 ) 
    Source Clock Delay      (SCD):    2.920ns
    Clock Pessimism Removal (CPR):    0.115ns
  Clock Uncertainty:      0.035ns  ((TSJ^2 + TIJ^2)^1/2 + DJ) / 2 + PE
    Total System Jitter     (TSJ):    0.071ns
    Total Input Jitter      (TIJ):    0.000ns
    Discrete Jitter          (DJ):    0.000ns
    Phase Error              (PE):    0.000ns

    Location             Delay type                Incr(ns)  Path(ns)    Netlist Resource(s)
  -------------------------------------------------------------------    -------------------
                         (clock gclk rise edge)       0.000     0.000 r  
    N15                                               0.000     0.000 r  clk_100mhz (IN)
                         net (fo=0)                   0.000     0.000    clk_100mhz
    N15                  IBUF (Prop_ibuf_I_O)         1.440     1.440 r  clk_100mhz_IBUF_inst/O
                         net (fo=1, unplaced)         0.800     2.240    clk_100mhz_IBUF
                         BUFG (Prop_bufg_I_O)         0.096     2.336 r  clk_100mhz_IBUF_BUFG_inst/O
                         net (fo=240, unplaced)       0.584     2.920    u_lif/u_divider/clk_100mhz_IBUF_BUFG
                         FDRE                                         r  u_lif/u_divider/divisor_reg[7]/C
  -------------------------------------------------------------------    -------------------
                         FDRE (Prop_fdre_C_Q)         0.456     3.376 f  u_lif/u_divider/divisor_reg[7]/Q
                         net (fo=15, unplaced)        0.794     4.170    u_lif/u_divider/divisor[7]
                         LUT3 (Prop_lut3_I0_O)        0.321     4.491 r  u_lif/u_divider/p_temp1_carry_i_3/O
                         net (fo=1, unplaced)         0.000     4.491    u_lif/u_divider/p_temp1_carry_i_3_n_0
                         CARRY4 (Prop_carry4_DI[1]_CO[3])
                                                      0.547     5.038 r  u_lif/u_divider/p_temp1_carry/CO[3]
                         net (fo=1, unplaced)         0.009     5.047    u_lif/u_divider/p_temp1_carry_n_0
                         CARRY4 (Prop_carry4_CI_CO[3])
                                                      0.117     5.164 r  u_lif/u_divider/p_temp1_carry__0/CO[3]
                         net (fo=1, unplaced)         0.000     5.164    u_lif/u_divider/p_temp1_carry__0_n_0
                         CARRY4 (Prop_carry4_CI_CO[3])
                                                      0.117     5.281 r  u_lif/u_divider/p_temp1_carry__1/CO[3]
                         net (fo=1, unplaced)         0.000     5.281    u_lif/u_divider/p_temp1_carry__1_n_0
                         CARRY4 (Prop_carry4_CI_CO[3])
                                                      0.117     5.398 r  u_lif/u_divider/p_temp1_carry__2/CO[3]
                         net (fo=34, unplaced)        0.991     6.389    u_lif/u_divider/dividend[1]
                         LUT2 (Prop_lut2_I1_O)        0.124     6.513 r  u_lif/u_divider/p[6]_i_9/O
                         net (fo=1, unplaced)         0.000     6.513    u_lif/u_divider/p[6]_i_9_n_0
                         CARRY4 (Prop_carry4_S[1]_CO[3])
                                                      0.533     7.046 r  u_lif/u_divider/p_reg[6]_i_2/CO[3]
                         net (fo=1, unplaced)         0.009     7.055    u_lif/u_divider/p_reg[6]_i_2_n_0
                         CARRY4 (Prop_carry4_CI_CO[3])
                                                      0.117     7.172 r  u_lif/u_divider/p_reg[10]_i_2/CO[3]
                         net (fo=1, unplaced)         0.000     7.172    u_lif/u_divider/p_reg[10]_i_2_n_0
                         CARRY4 (Prop_carry4_CI_CO[3])
                                                      0.117     7.289 r  u_lif/u_divider/p_reg[14]_i_2/CO[3]
                         net (fo=1, unplaced)         0.000     7.289    u_lif/u_divider/p_reg[14]_i_2_n_0
                         CARRY4 (Prop_carry4_CI_CO[3])
                                                      0.117     7.406 r  u_lif/u_divider/p_reg[18]_i_2/CO[3]
                         net (fo=1, unplaced)         0.000     7.406    u_lif/u_divider/p_reg[18]_i_2_n_0
                         CARRY4 (Prop_carry4_CI_CO[3])
                                                      0.117     7.523 r  u_lif/u_divider/p_reg[22]_i_2/CO[3]
                         net (fo=1, unplaced)         0.000     7.523    u_lif/u_divider/p_reg[22]_i_2_n_0
                         CARRY4 (Prop_carry4_CI_CO[3])
                                                      0.117     7.640 r  u_lif/u_divider/p_reg[26]_i_2/CO[3]
                         net (fo=1, unplaced)         0.000     7.640    u_lif/u_divider/p_reg[26]_i_2_n_0
                         CARRY4 (Prop_carry4_CI_O[3])
                                                      0.331     7.971 r  u_lif/u_divider/p_reg[30]_i_5/O[3]
                         net (fo=4, unplaced)         0.642     8.613    u_lif/u_divider/p_1_in[27]
                         LUT2 (Prop_lut2_I1_O)        0.300     8.913 r  u_lif/u_divider/quotient_out1_carry__2_i_3/O
                         net (fo=1, unplaced)         0.000     8.913    u_lif/u_divider/quotient_out1_carry__2_i_3_n_0
                         CARRY4 (Prop_carry4_DI[1]_CO[3])
                                                      0.547     9.460 r  u_lif/u_divider/quotient_out1_carry__2/CO[3]
                         net (fo=31, unplaced)        0.988    10.448    u_lif/u_divider/dividend[0]
                         LUT2 (Prop_lut2_I0_O)        0.124    10.572 r  u_lif/u_divider/p[6]_i_5/O
                         net (fo=1, unplaced)         0.000    10.572    u_lif/u_divider/p[6]_i_5_n_0
                         CARRY4 (Prop_carry4_S[1]_CO[3])
                                                      0.533    11.105 r  u_lif/u_divider/p_reg[6]_i_1/CO[3]
                         net (fo=1, unplaced)         0.009    11.114    u_lif/u_divider/p_reg[6]_i_1_n_0
                         CARRY4 (Prop_carry4_CI_CO[3])
                                                      0.117    11.231 r  u_lif/u_divider/p_reg[10]_i_1/CO[3]
                         net (fo=1, unplaced)         0.000    11.231    u_lif/u_divider/p_reg[10]_i_1_n_0
                         CARRY4 (Prop_carry4_CI_CO[3])
                                                      0.117    11.348 r  u_lif/u_divider/p_reg[14]_i_1/CO[3]
                         net (fo=1, unplaced)         0.000    11.348    u_lif/u_divider/p_reg[14]_i_1_n_0
                         CARRY4 (Prop_carry4_CI_CO[3])
                                                      0.117    11.465 r  u_lif/u_divider/p_reg[18]_i_1/CO[3]
                         net (fo=1, unplaced)         0.000    11.465    u_lif/u_divider/p_reg[18]_i_1_n_0
                         CARRY4 (Prop_carry4_CI_CO[3])
                                                      0.117    11.582 r  u_lif/u_divider/p_reg[22]_i_1/CO[3]
                         net (fo=1, unplaced)         0.000    11.582    u_lif/u_divider/p_reg[22]_i_1_n_0
                         CARRY4 (Prop_carry4_CI_CO[3])
                                                      0.117    11.699 r  u_lif/u_divider/p_reg[26]_i_1/CO[3]
                         net (fo=1, unplaced)         0.000    11.699    u_lif/u_divider/p_reg[26]_i_1_n_0
                         CARRY4 (Prop_carry4_CI_O[1])
                                                      0.337    12.036 r  u_lif/u_divider/p_reg[30]_i_3/O[1]
                         net (fo=1, unplaced)         0.000    12.036    u_lif/u_divider/p_reg[30]_i_3_n_6
                         FDRE                                         r  u_lif/u_divider/p_reg[28]/D
  -------------------------------------------------------------------    -------------------

                         (clock gclk rise edge)      10.000    10.000 r  
    N15                                               0.000    10.000 r  clk_100mhz (IN)
                         net (fo=0)                   0.000    10.000    clk_100mhz
    N15                  IBUF (Prop_ibuf_I_O)         1.370    11.370 r  clk_100mhz_IBUF_inst/O
                         net (fo=1, unplaced)         0.760    12.130    clk_100mhz_IBUF
                         BUFG (Prop_bufg_I_O)         0.091    12.221 r  clk_100mhz_IBUF_BUFG_inst/O
                         net (fo=240, unplaced)       0.439    12.660    u_lif/u_divider/clk_100mhz_IBUF_BUFG
                         FDRE                                         r  u_lif/u_divider/p_reg[28]/C
                         clock pessimism              0.115    12.775    
                         clock uncertainty           -0.035    12.740    
                         FDRE (Setup_fdre_C_D)        0.076    12.816    u_lif/u_divider/p_reg[28]
  -------------------------------------------------------------------
                         required time                         12.816    
                         arrival time                         -12.036    
  -------------------------------------------------------------------
                         slack                                  0.780    




