Copyright 1986-2022 Xilinx, Inc. All Rights Reserved. Copyright 2022-2025 Advanced Micro Devices, Inc. All Rights Reserved.
---------------------------------------------------------------------------------------------------------------------------------------------
| Tool Version : Vivado v.2025.1 (lin64) Build 6140274 Wed May 21 22:58:25 MDT 2025
| Date         : Tue Feb  3 08:47:57 2026
| Host         : eecs-digital-17 running 64-bit Ubuntu 24.04.3 LTS
| Command      : report_utilization -file obj/post_synth_util.rpt -hierarchical -hierarchical_depth 4
| Design       : top_level
| Device       : xc7s50csga324-1
| Speed File   : -1
| Design State : Synthesized
---------------------------------------------------------------------------------------------------------------------------------------------

Utilization Design Information

Table of Contents
-----------------
1. Utilization by Hierarchy

1. Utilization by Hierarchy
---------------------------

+---------------+-----------+------------+------------+---------+------+-----+--------+--------+------------+
|    Instance   |   Module  | Total LUTs | Logic LUTs | LUTRAMs | SRLs | FFs | RAMB36 | RAMB18 | DSP Blocks |
+---------------+-----------+------------+------------+---------+------+-----+--------+--------+------------+
| top_level     |     (top) |       4793 |       4793 |       0 |    0 | 290 |      0 |      0 |          0 |
|   (top_level) |     (top) |         14 |         14 |       0 |    0 |  41 |      0 |      0 |          0 |
|   u_lif       |       lif |       4779 |       4779 |       0 |    0 | 249 |      0 |      0 |          0 |
|     (u_lif)   |       lif |       4453 |       4453 |       0 |    0 | 144 |      0 |      0 |          0 |
|     u_divider | divider2b |        326 |        326 |       0 |    0 | 105 |      0 |      0 |          0 |
+---------------+-----------+------------+------------+---------+------+-----+--------+--------+------------+


