Copyright 1986-2022 Xilinx, Inc. All Rights Reserved. Copyright 2022-2025 Advanced Micro Devices, Inc. All Rights Reserved.
---------------------------------------------------------------------------------------------------------------------------------------------
| Tool Version : Vivado v.2025.1 (lin64) Build 6140274 Wed May 21 22:58:25 MDT 2025
| Date         : Tue Feb  3 05:43:55 2026
| Host         : eecs-digital-11 running 64-bit Ubuntu 24.04.3 LTS
| Command      : report_timing_summary -file obj/post_route_timing_summary.rpt
| Design       : top_level
| Device       : 7s50-csga324
| Speed File   : -1  PRODUCTION 1.23 2018-06-13
| Design State : Routed
---------------------------------------------------------------------------------------------------------------------------------------------

Timing Summary Report

------------------------------------------------------------------------------------------------
| Timer Settings
| --------------
------------------------------------------------------------------------------------------------

  Enable Multi Corner Analysis               :  Yes
  Enable Pessimism Removal                   :  Yes
  Pessimism Removal Resolution               :  Nearest Common Node
  Enable Input Delay Default Clock           :  No
  Enable Preset / Clear Arcs                 :  No
  Disable Flight Delays                      :  No
  Ignore I/O Paths                           :  No
  Timing Early Launch at Borrowing Latches   :  No
  Borrow Time for Max Delay Exceptions       :  Yes
  Merge Timing Exceptions                    :  Yes
  Inter-SLR Compensation                     :  Conservative

  Corner  Analyze    Analyze    
  Name    Max Paths  Min Paths  
  ------  ---------  ---------  
  Slow    Yes        Yes        
  Fast    Yes        Yes        


------------------------------------------------------------------------------------------------
| Report Methodology
| ------------------
------------------------------------------------------------------------------------------------

No report available as report_methodology has not been run prior. Run report_methodology on the current design for the summary of methodology violations.



check_timing report

Table of Contents
-----------------
1. checking no_clock (0)
2. checking constant_clock (0)
3. checking pulse_width_clock (0)
4. checking unconstrained_internal_endpoints (0)
5. checking no_input_delay (1)
6. checking no_output_delay (22)
7. checking multiple_clock (0)
8. checking generated_clocks (0)
9. checking loops (0)
10. checking partial_input_delay (0)
11. checking partial_output_delay (0)
12. checking latch_loops (0)

1. checking no_clock (0)
------------------------
 There are 0 register/latch pins with no clock.


2. checking constant_clock (0)
------------------------------
 There are 0 register/latch pins with constant_clock.


3. checking pulse_width_clock (0)
---------------------------------
 There are 0 register/latch pins which need pulse_width check


4. checking unconstrained_internal_endpoints (0)
------------------------------------------------
 There are 0 pins that are not constrained for maximum delay.

 There are 0 pins that are not constrained for maximum delay due to constant clock.


5. checking no_input_delay (1)
------------------------------
 There is 1 input port with no input delay specified. (HIGH)

 There are 0 input ports with no input delay but user has a false path constraint.


6. checking no_output_delay (22)
--------------------------------
 There are 22 ports with no output delay specified. (HIGH)

 There are 0 ports with no output delay but user has a false path constraint

 There are 0 ports with no output delay but with a timing clock defined on it or propagating through it


7. checking multiple_clock (0)
------------------------------
 There are 0 register/latch pins with multiple clocks.


8. checking generated_clocks (0)
--------------------------------
 There are 0 generated clocks that are not connected to a clock source.


9. checking loops (0)
---------------------
 There are 0 combinational loops in the design.


10. checking partial_input_delay (0)
------------------------------------
 There are 0 input ports with partial input delay specified.


11. checking partial_output_delay (0)
-------------------------------------
 There are 0 ports with partial output delay specified.


12. checking latch_loops (0)
----------------------------
 There are 0 combinational latch loops in the design through latch input



------------------------------------------------------------------------------------------------
| Design Timing Summary
| ---------------------
------------------------------------------------------------------------------------------------

    WNS(ns)      TNS(ns)  TNS Failing Endpoints  TNS Total Endpoints      WHS(ns)      THS(ns)  THS Failing Endpoints  THS Total Endpoints     WPWS(ns)     TPWS(ns)  TPWS Failing Endpoints  TPWS Total Endpoints  
    -------      -------  ---------------------  -------------------      -------      -------  ---------------------  -------------------     --------     --------  ----------------------  --------------------  
      0.454        0.000                      0                  629        0.167        0.000                      0                  629        3.500        0.000                       0                   229  


All user specified timing constraints are met.


------------------------------------------------------------------------------------------------
| Clock Summary
| -------------
------------------------------------------------------------------------------------------------

Clock  Waveform(ns)       Period(ns)      Frequency(MHz)
-----  ------------       ----------      --------------
gclk   {0.000 4.000}      10.000          100.000         


------------------------------------------------------------------------------------------------
| Intra Clock Table
| -----------------
------------------------------------------------------------------------------------------------

Clock             WNS(ns)      TNS(ns)  TNS Failing Endpoints  TNS Total Endpoints      WHS(ns)      THS(ns)  THS Failing Endpoints  THS Total Endpoints     WPWS(ns)     TPWS(ns)  TPWS Failing Endpoints  TPWS Total Endpoints  
-----             -------      -------  ---------------------  -------------------      -------      -------  ---------------------  -------------------     --------     --------  ----------------------  --------------------  
gclk                0.454        0.000                      0                  629        0.167        0.000                      0                  629        3.500        0.000                       0                   229  


------------------------------------------------------------------------------------------------
| Inter Clock Table
| -----------------
------------------------------------------------------------------------------------------------

From Clock    To Clock          WNS(ns)      TNS(ns)  TNS Failing Endpoints  TNS Total Endpoints      WHS(ns)      THS(ns)  THS Failing Endpoints  THS Total Endpoints  
----------    --------          -------      -------  ---------------------  -------------------      -------      -------  ---------------------  -------------------  


------------------------------------------------------------------------------------------------
| Other Path Groups Table
| -----------------------
------------------------------------------------------------------------------------------------

Path Group    From Clock    To Clock          WNS(ns)      TNS(ns)  TNS Failing Endpoints  TNS Total Endpoints      WHS(ns)      THS(ns)  THS Failing Endpoints  THS Total Endpoints  
----------    ----------    --------          -------      -------  ---------------------  -------------------      -------      -------  ---------------------  -------------------  


------------------------------------------------------------------------------------------------
| Timing Details
| --------------
------------------------------------------------------------------------------------------------


---------------------------------------------------------------------------------------------------
From Clock:  gclk
  To Clock:  gclk

Setup :            0  Failing Endpoints,  Worst Slack        0.454ns,  Total Violation        0.000ns
Hold  :            0  Failing Endpoints,  Worst Slack        0.167ns,  Total Violation        0.000ns
PW    :            0  Failing Endpoints,  Worst Slack        3.500ns,  Total Violation        0.000ns
---------------------------------------------------------------------------------------------------


Max Delay Paths
--------------------------------------------------------------------------------------
Slack (MET) :             0.454ns  (required time - arrival time)
  Source:                 v_mem_reg[1]/C
                            (rising edge-triggered cell FDRE clocked by gclk  {rise@0.000ns fall@4.000ns period=10.000ns})
  Destination:            refr_cnt_reg[2]/CE
                            (rising edge-triggered cell FDRE clocked by gclk  {rise@0.000ns fall@4.000ns period=10.000ns})
  Path Group:             gclk
  Path Type:              Setup (Max at Slow Process Corner)
  Requirement:            10.000ns  (gclk rise@10.000ns - gclk rise@0.000ns)
  Data Path Delay:        9.207ns  (logic 4.881ns (53.014%)  route 4.326ns (46.986%))
  Logic Levels:           22  (CARRY4=17 LUT1=1 LUT2=1 LUT3=2 LUT6=1)
  Clock Path Skew:        -0.099ns (DCD - SCD + CPR)
    Destination Clock Delay (DCD):    4.770ns = ( 14.770 - 10.000 ) 
    Source Clock Delay      (SCD):    5.127ns
    Clock Pessimism Removal (CPR):    0.259ns
  Clock Uncertainty:      0.035ns  ((TSJ^2 + TIJ^2)^1/2 + DJ) / 2 + PE
    Total System Jitter     (TSJ):    0.071ns
    Total Input Jitter      (TIJ):    0.000ns
    Discrete Jitter          (DJ):    0.000ns
    Phase Error              (PE):    0.000ns

    Location             Delay type                Incr(ns)  Path(ns)    Netlist Resource(s)
  -------------------------------------------------------------------    -------------------
                         (clock gclk rise edge)       0.000     0.000 r  
    N15                                               0.000     0.000 r  clk_100mhz (IN)
                         net (fo=0)                   0.000     0.000    clk_100mhz
    N15                  IBUF (Prop_ibuf_I_O)         1.440     1.440 r  clk_100mhz_IBUF_inst/O
                         net (fo=1, routed)           1.972     3.412    clk_100mhz_IBUF
    BUFGCTRL_X0Y0        BUFG (Prop_bufg_I_O)         0.096     3.508 r  clk_100mhz_IBUF_BUFG_inst/O
                         net (fo=228, routed)         1.619     5.127    clk_100mhz_IBUF_BUFG
    SLICE_X59Y26         FDRE                                         r  v_mem_reg[1]/C
  -------------------------------------------------------------------    -------------------
    SLICE_X59Y26         FDRE (Prop_fdre_C_Q)         0.419     5.546 f  v_mem_reg[1]/Q
                         net (fo=3, routed)           0.594     6.140    u_divider/div_dividend_reg[1][1]
    SLICE_X59Y27         LUT1 (Prop_lut1_I0_O)        0.299     6.439 r  u_divider/div_dividend[4]_i_12/O
                         net (fo=1, routed)           0.000     6.439    u_divider/div_dividend[4]_i_12_n_0
    SLICE_X59Y27         CARRY4 (Prop_carry4_S[0]_CO[3])
                                                      0.532     6.971 r  u_divider/div_dividend_reg[4]_i_3/CO[3]
                         net (fo=1, routed)           0.000     6.971    u_divider/div_dividend_reg[4]_i_3_n_0
    SLICE_X59Y28         CARRY4 (Prop_carry4_CI_CO[3])
                                                      0.114     7.085 r  u_divider/div_dividend_reg[8]_i_3/CO[3]
                         net (fo=1, routed)           0.000     7.085    u_divider/div_dividend_reg[8]_i_3_n_0
    SLICE_X59Y29         CARRY4 (Prop_carry4_CI_CO[3])
                                                      0.114     7.199 r  u_divider/div_dividend_reg[12]_i_3/CO[3]
                         net (fo=1, routed)           0.000     7.199    u_divider/div_dividend_reg[12]_i_3_n_0
    SLICE_X59Y30         CARRY4 (Prop_carry4_CI_CO[3])
                                                      0.114     7.313 r  u_divider/div_dividend_reg[16]_i_3/CO[3]
                         net (fo=1, routed)           0.000     7.313    u_divider/div_dividend_reg[16]_i_3_n_0
    SLICE_X59Y31         CARRY4 (Prop_carry4_CI_CO[3])
                                                      0.114     7.427 r  u_divider/div_dividend_reg[20]_i_3/CO[3]
                         net (fo=1, routed)           0.000     7.427    u_divider/div_dividend_reg[20]_i_3_n_0
    SLICE_X59Y32         CARRY4 (Prop_carry4_CI_CO[3])
                                                      0.114     7.541 r  u_divider/div_dividend_reg[24]_i_3/CO[3]
                         net (fo=1, routed)           0.000     7.541    u_divider/div_dividend_reg[24]_i_3_n_0
    SLICE_X59Y33         CARRY4 (Prop_carry4_CI_CO[3])
                                                      0.114     7.655 r  u_divider/div_dividend_reg[28]_i_3/CO[3]
                         net (fo=1, routed)           0.000     7.655    u_divider/div_dividend_reg[28]_i_3_n_0
    SLICE_X59Y34         CARRY4 (Prop_carry4_CI_O[2])
                                                      0.239     7.894 r  u_divider/div_dividend_reg[31]_i_4/O[2]
                         net (fo=65, routed)          1.123     9.018    u_divider/num_calc[30]
    SLICE_X58Y28         LUT3 (Prop_lut3_I2_O)        0.302     9.320 r  u_divider/v_mem[3]_i_6/O
                         net (fo=1, routed)           0.000     9.320    u_divider/v_mem[3]_i_6_n_0
    SLICE_X58Y28         CARRY4 (Prop_carry4_S[0]_CO[3])
                                                      0.532     9.852 r  u_divider/v_mem_reg[3]_i_2/CO[3]
                         net (fo=1, routed)           0.000     9.852    u_divider/v_mem_reg[3]_i_2_n_0
    SLICE_X58Y29         CARRY4 (Prop_carry4_CI_CO[3])
                                                      0.114     9.966 r  u_divider/v_mem_reg[7]_i_2/CO[3]
                         net (fo=1, routed)           0.000     9.966    u_divider/v_mem_reg[7]_i_2_n_0
    SLICE_X58Y30         CARRY4 (Prop_carry4_CI_CO[3])
                                                      0.114    10.080 r  u_divider/v_mem_reg[11]_i_2/CO[3]
                         net (fo=1, routed)           0.000    10.080    u_divider/v_mem_reg[11]_i_2_n_0
    SLICE_X58Y31         CARRY4 (Prop_carry4_CI_CO[3])
                                                      0.114    10.194 r  u_divider/v_mem_reg[15]_i_2/CO[3]
                         net (fo=1, routed)           0.000    10.194    u_divider/v_mem_reg[15]_i_2_n_0
    SLICE_X58Y32         CARRY4 (Prop_carry4_CI_CO[3])
                                                      0.114    10.308 r  u_divider/v_mem_reg[19]_i_2/CO[3]
                         net (fo=1, routed)           0.000    10.308    u_divider/v_mem_reg[19]_i_2_n_0
    SLICE_X58Y33         CARRY4 (Prop_carry4_CI_CO[3])
                                                      0.114    10.422 r  u_divider/v_mem_reg[23]_i_2/CO[3]
                         net (fo=1, routed)           0.000    10.422    u_divider/v_mem_reg[23]_i_2_n_0
    SLICE_X58Y34         CARRY4 (Prop_carry4_CI_CO[3])
                                                      0.114    10.536 r  u_divider/v_mem_reg[27]_i_2/CO[3]
                         net (fo=1, routed)           0.000    10.536    u_divider/v_mem_reg[27]_i_2_n_0
    SLICE_X58Y35         CARRY4 (Prop_carry4_CI_O[2])
                                                      0.239    10.775 r  u_divider/v_mem_reg[31]_i_5/O[2]
                         net (fo=2, routed)           0.890    11.665    u_divider/v_mem_reg[31]_i_5_n_5
    SLICE_X57Y33         LUT2 (Prop_lut2_I0_O)        0.302    11.967 r  u_divider/v_mem[31]_i_8/O
                         net (fo=1, routed)           0.000    11.967    u_divider/v_mem[31]_i_8_n_0
    SLICE_X57Y33         CARRY4 (Prop_carry4_S[3]_CO[3])
                                                      0.401    12.368 r  u_divider/v_mem_reg[31]_i_4/CO[3]
                         net (fo=35, routed)          1.047    13.416    u_divider/running1
    SLICE_X54Y31         LUT3 (Prop_lut3_I2_O)        0.124    13.540 r  u_divider/spike_count[9]_i_1/O
                         net (fo=11, routed)          0.328    13.868    u_divider/data_valid_out_reg_0[0]
    SLICE_X55Y29         LUT6 (Prop_lut6_I0_O)        0.124    13.992 r  u_divider/refr_cnt[3]_i_1/O
                         net (fo=4, routed)           0.343    14.334    u_divider_n_2
    SLICE_X55Y28         FDRE                                         r  refr_cnt_reg[2]/CE
  -------------------------------------------------------------------    -------------------

                         (clock gclk rise edge)      10.000    10.000 r  
    N15                                               0.000    10.000 r  clk_100mhz (IN)
                         net (fo=0)                   0.000    10.000    clk_100mhz
    N15                  IBUF (Prop_ibuf_I_O)         1.370    11.370 r  clk_100mhz_IBUF_inst/O
                         net (fo=1, routed)           1.868    13.238    clk_100mhz_IBUF
    BUFGCTRL_X0Y0        BUFG (Prop_bufg_I_O)         0.091    13.329 r  clk_100mhz_IBUF_BUFG_inst/O
                         net (fo=228, routed)         1.440    14.770    clk_100mhz_IBUF_BUFG
    SLICE_X55Y28         FDRE                                         r  refr_cnt_reg[2]/C
                         clock pessimism              0.259    15.028    
                         clock uncertainty           -0.035    14.993    
    SLICE_X55Y28         FDRE (Setup_fdre_C_CE)      -0.205    14.788    refr_cnt_reg[2]
  -------------------------------------------------------------------
                         required time                         14.788    
                         arrival time                         -14.334    
  -------------------------------------------------------------------
                         slack                                  0.454    





Min Delay Paths
--------------------------------------------------------------------------------------
Slack (MET) :             0.167ns  (arrival time - required time)
  Source:                 spike_count_reg[6]/C
                            (rising edge-triggered cell FDRE clocked by gclk  {rise@0.000ns fall@4.000ns period=10.000ns})
  Destination:            spike_count_reg[7]/D
                            (rising edge-triggered cell FDRE clocked by gclk  {rise@0.000ns fall@4.000ns period=10.000ns})
  Path Group:             gclk
  Path Type:              Hold (Min at Fast Process Corner)
  Requirement:            0.000ns  (gclk rise@0.000ns - gclk rise@0.000ns)
  Data Path Delay:        0.301ns  (logic 0.186ns (61.704%)  route 0.115ns (38.296%))
  Logic Levels:           1  (LUT3=1)
  Clock Path Skew:        0.013ns (DCD - SCD - CPR)
    Destination Clock Delay (DCD):    1.941ns
    Source Clock Delay      (SCD):    1.427ns
    Clock Pessimism Removal (CPR):    0.501ns

    Location             Delay type                Incr(ns)  Path(ns)    Netlist Resource(s)
  -------------------------------------------------------------------    -------------------
                         (clock gclk rise edge)       0.000     0.000 r  
    N15                                               0.000     0.000 r  clk_100mhz (IN)
                         net (fo=0)                   0.000     0.000    clk_100mhz
    N15                  IBUF (Prop_ibuf_I_O)         0.209     0.209 r  clk_100mhz_IBUF_inst/O
                         net (fo=1, routed)           0.634     0.843    clk_100mhz_IBUF
    BUFGCTRL_X0Y0        BUFG (Prop_bufg_I_O)         0.026     0.869 r  clk_100mhz_IBUF_BUFG_inst/O
                         net (fo=228, routed)         0.559     1.427    clk_100mhz_IBUF_BUFG
    SLICE_X51Y31         FDRE                                         r  spike_count_reg[6]/C
  -------------------------------------------------------------------    -------------------
    SLICE_X51Y31         FDRE (Prop_fdre_C_Q)         0.141     1.568 r  spike_count_reg[6]/Q
                         net (fo=70, routed)          0.115     1.684    spike_count_reg[6]
    SLICE_X50Y31         LUT3 (Prop_lut3_I0_O)        0.045     1.729 r  spike_count[7]_i_1/O
                         net (fo=1, routed)           0.000     1.729    p_0_in[7]
    SLICE_X50Y31         FDRE                                         r  spike_count_reg[7]/D
  -------------------------------------------------------------------    -------------------

                         (clock gclk rise edge)       0.000     0.000 r  
    N15                                               0.000     0.000 r  clk_100mhz (IN)
                         net (fo=0)                   0.000     0.000    clk_100mhz
    N15                  IBUF (Prop_ibuf_I_O)         0.396     0.396 r  clk_100mhz_IBUF_inst/O
                         net (fo=1, routed)           0.689     1.085    clk_100mhz_IBUF
    BUFGCTRL_X0Y0        BUFG (Prop_bufg_I_O)         0.029     1.114 r  clk_100mhz_IBUF_BUFG_inst/O
                         net (fo=228, routed)         0.828     1.941    clk_100mhz_IBUF_BUFG
    SLICE_X50Y31         FDRE                                         r  spike_count_reg[7]/C
                         clock pessimism             -0.501     1.440    
    SLICE_X50Y31         FDRE (Hold_fdre_C_D)         0.121     1.561    spike_count_reg[7]
  -------------------------------------------------------------------
                         required time                         -1.561    
                         arrival time                           1.729    
  -------------------------------------------------------------------
                         slack                                  0.167    





Pulse Width Checks
--------------------------------------------------------------------------------------
Clock Name:         gclk
Waveform(ns):       { 0.000 4.000 }
Period(ns):         10.000
Sources:            { clk_100mhz }

Check Type        Corner  Lib Pin  Reference Pin  Required(ns)  Actual(ns)  Slack(ns)  Location       Pin
Min Period        n/a     BUFG/I   n/a            2.155         10.000      7.845      BUFGCTRL_X0Y0  clk_100mhz_IBUF_BUFG_inst/I
Low Pulse Width   Slow    FDRE/C   n/a            0.500         6.000       5.500      SLICE_X54Y31   FSM_sequential_lif_state_reg/C
High Pulse Width  Slow    FDRE/C   n/a            0.500         4.000       3.500      SLICE_X54Y31   FSM_sequential_lif_state_reg/C



