#-----------------------------------------------------------
# Vivado v2025.1 (64-bit)
# SW Build 6140274 on Wed May 21 22:58:25 MDT 2025
# IP Build 6138677 on Thu May 22 03:10:11 MDT 2025
# SharedData Build 6139179 on Tue May 20 17:58:58 MDT 2025
# Start of session at: Tue Feb  3 08:04:52 2026
# Process ID         : 1927624
# Current directory  : /home/fpga/worker_place/temp/temp/1dfc3f348e5a4bb1af866dadc53fe810
# Command line       : vivado -mode batch -source build.tcl
# Log file           : /home/fpga/worker_place/temp/temp/1dfc3f348e5a4bb1af866dadc53fe810/vivado.log
# Journal file       : /home/fpga/worker_place/temp/temp/1dfc3f348e5a4bb1af866dadc53fe810/vivado.jou
# Running On         : eecs-digital-17
# Platform           : Ubuntu
# Operating System   : Ubuntu 24.04.3 LTS
# Processor Detail   : 13th Gen Intel(R) Core(TM) i7-13700
# CPU Frequency      : 1842.842 MHz
# CPU Physical cores : 16
# CPU Logical cores  : 24
# Host memory        : 33325 MB
# Swap memory        : 8589 MB
# Total Virtual      : 41915 MB
# Available Virtual  : 40211 MB
#-----------------------------------------------------------
source build.tcl
# set_param general.maxThreads 4
# set partNum xc7s50csga324-1
# set outputDir obj
# file mkdir $outputDir
# set files [glob -nocomplain "$outputDir/*"]
# if {[llength $files] != 0} {
#     # clear folder contents
#     puts "deleting contents of $outputDir"
#     file delete -force {*}[glob -directory $outputDir *];
# } else {
#     puts "$outputDir is empty"
# }
obj is empty
# set sources_sv [ glob ./hdl/*.sv ]
# read_verilog -sv $sources_sv
# set sources_v [ glob -nocomplain ./hdl/*.v ]
# if {[llength $sources_v] > 0 } {
#     read_verilog $sources_v
# }
# read_xdc [ glob ./xdc/*.xdc ]
# set sources_mem [ glob -nocomplain ./data/*.mem ]
# if {[llength $sources_mem] > 0} {
#     read_mem $sources_mem
# }
# set_part $partNum
INFO: [Coretcl 2-1500] The part has been set to 'xc7s50csga324-1' for the current project only. Run set_part -help for more details. To evaluate different speed grades in the current design, use the set_speed_grade command, or use the open_checkpoint -part command to change the part used by an existing checkpoint design.
# set sources_ip [ glob -nocomplain -directory ./ip -tails * ]
# puts $sources_ip

# foreach ip_source $sources_ip {
#     if {[file isdirectory ./ip/$ip_source]} {
# 	read_ip ./ip/$ip_source/$ip_source.xci
#     }
# }
WARNING: [Coretcl 2-176] No IPs found
# generate_target all [get_ips]
WARNING: [Coretcl 2-176] No IPs found
# synth_ip [get_ips]
INFO: [Vivado 12-3441] generate_netlist_ip - operation complete
# synth_design -top top_level -part $partNum -verbose
Command: synth_design -top top_level -part xc7s50csga324-1 -verbose
Starting synth_design
Attempting to get a license for feature 'Synthesis' and/or device 'xc7s50'
INFO: [Common 17-349] Got license for feature 'Synthesis' and/or device 'xc7s50'
INFO: [Device 21-403] Loading part xc7s50csga324-1
INFO: [Synth 8-7079] Multithreading enabled for synth_design using a maximum of 4 processes.
INFO: [Synth 8-7078] Launching helper process for spawning children vivado processes
INFO: [Synth 8-7075] Helper process launched with PID 1927649
---------------------------------------------------------------------------------
Starting RTL Elaboration : Time (s): cpu = 00:00:02 ; elapsed = 00:00:02 . Memory (MB): peak = 2107.766 ; gain = 440.797 ; free physical = 20002 ; free virtual = 37052
---------------------------------------------------------------------------------
INFO: [Synth 8-6157] synthesizing module 'top_level' [/home/fpga/worker_place/temp/temp/1dfc3f348e5a4bb1af866dadc53fe810/hdl/top_level.sv:3]
INFO: [Synth 8-6157] synthesizing module 'lif' [/home/fpga/worker_place/temp/temp/1dfc3f348e5a4bb1af866dadc53fe810/hdl/lif.sv:3]
INFO: [Synth 8-6157] synthesizing module 'divider2b' [/home/fpga/worker_place/temp/temp/1dfc3f348e5a4bb1af866dadc53fe810/hdl/divider.sv:1]
	Parameter WIDTH bound to: 32 - type: integer 
INFO: [Synth 8-6155] done synthesizing module 'divider2b' (0#1) [/home/fpga/worker_place/temp/temp/1dfc3f348e5a4bb1af866dadc53fe810/hdl/divider.sv:1]
INFO: [Synth 8-6155] done synthesizing module 'lif' (0#1) [/home/fpga/worker_place/temp/temp/1dfc3f348e5a4bb1af866dadc53fe810/hdl/lif.sv:3]
INFO: [Synth 8-6157] synthesizing module 'bto7s' [/home/fpga/worker_place/temp/temp/1dfc3f348e5a4bb1af866dadc53fe810/hdl/bto7s.sv:2]
INFO: [Synth 8-6155] done synthesizing module 'bto7s' (0#1) [/home/fpga/worker_place/temp/temp/1dfc3f348e5a4bb1af866dadc53fe810/hdl/bto7s.sv:2]
INFO: [Synth 8-6155] done synthesizing module 'top_level' (0#1) [/home/fpga/worker_place/temp/temp/1dfc3f348e5a4bb1af866dadc53fe810/hdl/top_level.sv:3]
WARNING: [Synth 8-6014] Unused sequential element quotient_reg was removed.  [/home/fpga/worker_place/temp/temp/1dfc3f348e5a4bb1af866dadc53fe810/hdl/divider.sv:42]
WARNING: [Synth 8-3936] Found unconnected internal register 'p_temp_reg' and it is trimmed from '32' to '31' bits. [/home/fpga/worker_place/temp/temp/1dfc3f348e5a4bb1af866dadc53fe810/hdl/divider.sv:31]
WARNING: [Synth 8-3917] design top_level has port led[15] driven by constant 0
WARNING: [Synth 8-3917] design top_level has port led[14] driven by constant 0
WARNING: [Synth 8-3917] design top_level has port led[13] driven by constant 0
WARNING: [Synth 8-3917] design top_level has port led[12] driven by constant 0
WARNING: [Synth 8-3917] design top_level has port led[11] driven by constant 0
WARNING: [Synth 8-3917] design top_level has port led[10] driven by constant 0
WARNING: [Synth 8-3917] design top_level has port led[9] driven by constant 0
WARNING: [Synth 8-3917] design top_level has port led[8] driven by constant 0
WARNING: [Synth 8-3917] design top_level has port led[7] driven by constant 0
WARNING: [Synth 8-3917] design top_level has port led[6] driven by constant 0
WARNING: [Synth 8-3917] design top_level has port led[5] driven by constant 0
WARNING: [Synth 8-3917] design top_level has port led[4] driven by constant 0
WARNING: [Synth 8-3917] design top_level has port led[3] driven by constant 0
WARNING: [Synth 8-3917] design top_level has port led[2] driven by constant 0
WARNING: [Synth 8-3917] design top_level has port led[1] driven by constant 0
WARNING: [Synth 8-3917] design top_level has port led[0] driven by constant 0
WARNING: [Synth 8-3917] design top_level has port rgb0[2] driven by constant 0
WARNING: [Synth 8-3917] design top_level has port rgb0[1] driven by constant 0
WARNING: [Synth 8-3917] design top_level has port rgb0[0] driven by constant 0
WARNING: [Synth 8-3917] design top_level has port rgb1[2] driven by constant 0
WARNING: [Synth 8-3917] design top_level has port rgb1[1] driven by constant 0
WARNING: [Synth 8-3917] design top_level has port rgb1[0] driven by constant 0
WARNING: [Synth 8-7129] Port sw[15] in module top_level is either unconnected or has no load
WARNING: [Synth 8-7129] Port sw[14] in module top_level is either unconnected or has no load
WARNING: [Synth 8-7129] Port sw[13] in module top_level is either unconnected or has no load
WARNING: [Synth 8-7129] Port sw[12] in module top_level is either unconnected or has no load
WARNING: [Synth 8-7129] Port sw[11] in module top_level is either unconnected or has no load
WARNING: [Synth 8-7129] Port sw[10] in module top_level is either unconnected or has no load
WARNING: [Synth 8-7129] Port sw[9] in module top_level is either unconnected or has no load
WARNING: [Synth 8-7129] Port sw[8] in module top_level is either unconnected or has no load
WARNING: [Synth 8-7129] Port sw[7] in module top_level is either unconnected or has no load
WARNING: [Synth 8-7129] Port sw[6] in module top_level is either unconnected or has no load
WARNING: [Synth 8-7129] Port sw[5] in module top_level is either unconnected or has no load
WARNING: [Synth 8-7129] Port sw[4] in module top_level is either unconnected or has no load
WARNING: [Synth 8-7129] Port sw[3] in module top_level is either unconnected or has no load
WARNING: [Synth 8-7129] Port sw[2] in module top_level is either unconnected or has no load
WARNING: [Synth 8-7129] Port sw[1] in module top_level is either unconnected or has no load
WARNING: [Synth 8-7129] Port sw[0] in module top_level is either unconnected or has no load
WARNING: [Synth 8-7129] Port btn[3] in module top_level is either unconnected or has no load
WARNING: [Synth 8-7129] Port btn[2] in module top_level is either unconnected or has no load
WARNING: [Synth 8-7129] Port btn[1] in module top_level is either unconnected or has no load
---------------------------------------------------------------------------------
Finished RTL Elaboration : Time (s): cpu = 00:00:03 ; elapsed = 00:00:03 . Memory (MB): peak = 2185.703 ; gain = 518.734 ; free physical = 19910 ; free virtual = 36961
---------------------------------------------------------------------------------
---------------------------------------------------------------------------------
Start Handling Custom Attributes
---------------------------------------------------------------------------------
---------------------------------------------------------------------------------
Finished Handling Custom Attributes : Time (s): cpu = 00:00:03 ; elapsed = 00:00:03 . Memory (MB): peak = 2203.516 ; gain = 536.547 ; free physical = 19906 ; free virtual = 36957
---------------------------------------------------------------------------------
---------------------------------------------------------------------------------
Finished RTL Optimization Phase 1 : Time (s): cpu = 00:00:03 ; elapsed = 00:00:03 . Memory (MB): peak = 2203.516 ; gain = 536.547 ; free physical = 19906 ; free virtual = 36957
---------------------------------------------------------------------------------
Netlist sorting complete. Time (s): cpu = 00:00:00 ; elapsed = 00:00:00 . Memory (MB): peak = 2203.516 ; gain = 0.000 ; free physical = 19906 ; free virtual = 36957
INFO: [Project 1-570] Preparing netlist for logic optimization

Processing XDC Constraints
Initializing timing engine
Parsing XDC File [/home/fpga/worker_place/temp/temp/1dfc3f348e5a4bb1af866dadc53fe810/xdc/top_level.xdc]
WARNING: [Vivado 12-584] No ports matched 'pmoda[0]'. [/home/fpga/worker_place/temp/temp/1dfc3f348e5a4bb1af866dadc53fe810/xdc/top_level.xdc:93]
CRITICAL WARNING: [Common 17-55] 'set_property' expects at least one object. [/home/fpga/worker_place/temp/temp/1dfc3f348e5a4bb1af866dadc53fe810/xdc/top_level.xdc:93]
Resolution: If [get_<value>] was used to populate the object, check to make sure this command returns at least one valid object.
WARNING: [Vivado 12-584] No ports matched 'pmoda[1]'. [/home/fpga/worker_place/temp/temp/1dfc3f348e5a4bb1af866dadc53fe810/xdc/top_level.xdc:94]
CRITICAL WARNING: [Common 17-55] 'set_property' expects at least one object. [/home/fpga/worker_place/temp/temp/1dfc3f348e5a4bb1af866dadc53fe810/xdc/top_level.xdc:94]
Resolution: If [get_<value>] was used to populate the object, check to make sure this command returns at least one valid object.
WARNING: [Vivado 12-584] No ports matched 'pmoda[2]'. [/home/fpga/worker_place/temp/temp/1dfc3f348e5a4bb1af866dadc53fe810/xdc/top_level.xdc:95]
CRITICAL WARNING: [Common 17-55] 'set_property' expects at least one object. [/home/fpga/worker_place/temp/temp/1dfc3f348e5a4bb1af866dadc53fe810/xdc/top_level.xdc:95]
Resolution: If [get_<value>] was used to populate the object, check to make sure this command returns at least one valid object.
Finished Parsing XDC File [/home/fpga/worker_place/temp/temp/1dfc3f348e5a4bb1af866dadc53fe810/xdc/top_level.xdc]
INFO: [Project 1-236] Implementation specific constraints were found while reading constraint file [/home/fpga/worker_place/temp/temp/1dfc3f348e5a4bb1af866dadc53fe810/xdc/top_level.xdc]. These constraints will be ignored for synthesis but will be used in implementation. Impacted constraints are listed in the file [.Xil/top_level_propImpl.xdc].
Resolution: To avoid this warning, move constraints listed in [.Xil/top_level_propImpl.xdc] to another XDC file and exclude this new file from synthesis with the used_in_synthesis property (File Properties dialog in GUI) and re-run elaboration/synthesis.
Completed Processing XDC Constraints

Netlist sorting complete. Time (s): cpu = 00:00:00 ; elapsed = 00:00:00 . Memory (MB): peak = 2332.254 ; gain = 0.000 ; free physical = 19902 ; free virtual = 36953
INFO: [Project 1-111] Unisim Transformation Summary:
No Unisim elements were transformed.

Constraint Validation Runtime : Time (s): cpu = 00:00:00 ; elapsed = 00:00:00 . Memory (MB): peak = 2332.289 ; gain = 0.000 ; free physical = 19902 ; free virtual = 36953
---------------------------------------------------------------------------------
Finished Constraint Validation : Time (s): cpu = 00:00:06 ; elapsed = 00:00:06 . Memory (MB): peak = 2332.289 ; gain = 665.320 ; free physical = 19931 ; free virtual = 36982
---------------------------------------------------------------------------------
---------------------------------------------------------------------------------
Start Loading Part and Timing Information
---------------------------------------------------------------------------------
Loading part: xc7s50csga324-1
---------------------------------------------------------------------------------
Finished Loading Part and Timing Information : Time (s): cpu = 00:00:06 ; elapsed = 00:00:06 . Memory (MB): peak = 2340.258 ; gain = 673.289 ; free physical = 19931 ; free virtual = 36982
---------------------------------------------------------------------------------
---------------------------------------------------------------------------------
Start Applying 'set_property' XDC Constraints
---------------------------------------------------------------------------------
---------------------------------------------------------------------------------
Finished applying 'set_property' XDC Constraints : Time (s): cpu = 00:00:06 ; elapsed = 00:00:07 . Memory (MB): peak = 2340.258 ; gain = 673.289 ; free physical = 19931 ; free virtual = 36982
---------------------------------------------------------------------------------
INFO: [Synth 8-802] inferred FSM for state register 'lif_state_reg' in module 'lif'
---------------------------------------------------------------------------------------------------
                   State |                     New Encoding |                Previous Encoding 
---------------------------------------------------------------------------------------------------
                LIF_IDLE |                                0 |                               00
            LIF_DIV_WAIT |                                1 |                               01
---------------------------------------------------------------------------------------------------
INFO: [Synth 8-3354] encoded FSM with state register 'lif_state_reg' using encoding 'sequential' in module 'lif'
---------------------------------------------------------------------------------
Finished RTL Optimization Phase 2 : Time (s): cpu = 00:00:07 ; elapsed = 00:00:07 . Memory (MB): peak = 2340.258 ; gain = 673.289 ; free physical = 19931 ; free virtual = 36983
---------------------------------------------------------------------------------
---------------------------------------------------------------------------------
Start RTL Component Statistics 
---------------------------------------------------------------------------------
Detailed RTL Component Info : 
+---Adders : 
	   3 Input   32 Bit       Adders := 2     
	   2 Input   32 Bit       Adders := 15    
	   3 Input   31 Bit       Adders := 1     
	   2 Input   16 Bit       Adders := 1     
	   2 Input   10 Bit       Adders := 1     
	   2 Input    6 Bit       Adders := 1     
	   2 Input    4 Bit       Adders := 7     
	   2 Input    3 Bit       Adders := 2     
+---Registers : 
	               32 Bit    Registers := 8     
	               16 Bit    Registers := 1     
	               10 Bit    Registers := 1     
	                6 Bit    Registers := 1     
	                3 Bit    Registers := 1     
	                1 Bit    Registers := 11    
+---Muxes : 
	   2 Input   32 Bit        Muxes := 19    
	   2 Input   31 Bit        Muxes := 1     
	   2 Input   16 Bit        Muxes := 1     
	   2 Input    6 Bit        Muxes := 1     
	   2 Input    4 Bit        Muxes := 9     
	   2 Input    1 Bit        Muxes := 26    
---------------------------------------------------------------------------------
Finished RTL Component Statistics 
---------------------------------------------------------------------------------
---------------------------------------------------------------------------------
Start Part Resource Summary
---------------------------------------------------------------------------------
Part Resources:
DSPs: 120 (col length:60)
BRAMs: 150 (col length: RAMB18 60 RAMB36 30)
---------------------------------------------------------------------------------
Finished Part Resource Summary
---------------------------------------------------------------------------------
---------------------------------------------------------------------------------
Start Cross Boundary and Area Optimization
---------------------------------------------------------------------------------
WARNING: [Synth 8-7080] Parallel synthesis criteria is not met
WARNING: [Synth 8-3917] design top_level has port led[15] driven by constant 0
WARNING: [Synth 8-3917] design top_level has port led[14] driven by constant 0
WARNING: [Synth 8-3917] design top_level has port led[13] driven by constant 0
WARNING: [Synth 8-3917] design top_level has port led[12] driven by constant 0
WARNING: [Synth 8-3917] design top_level has port led[11] driven by constant 0
WARNING: [Synth 8-3917] design top_level has port led[10] driven by constant 0
WARNING: [Synth 8-3917] design top_level has port led[9] driven by constant 0
WARNING: [Synth 8-3917] design top_level has port led[8] driven by constant 0
WARNING: [Synth 8-3917] design top_level has port led[7] driven by constant 0
WARNING: [Synth 8-3917] design top_level has port led[6] driven by constant 0
WARNING: [Synth 8-3917] design top_level has port led[5] driven by constant 0
WARNING: [Synth 8-3917] design top_level has port led[4] driven by constant 0
WARNING: [Synth 8-3917] design top_level has port led[3] driven by constant 0
WARNING: [Synth 8-3917] design top_level has port led[2] driven by constant 0
WARNING: [Synth 8-3917] design top_level has port led[1] driven by constant 0
WARNING: [Synth 8-3917] design top_level has port led[0] driven by constant 0
WARNING: [Synth 8-3917] design top_level has port rgb0[2] driven by constant 0
WARNING: [Synth 8-3917] design top_level has port rgb0[1] driven by constant 0
WARNING: [Synth 8-3917] design top_level has port rgb0[0] driven by constant 0
WARNING: [Synth 8-3917] design top_level has port rgb1[2] driven by constant 0
WARNING: [Synth 8-3917] design top_level has port rgb1[1] driven by constant 0
WARNING: [Synth 8-3917] design top_level has port rgb1[0] driven by constant 0
WARNING: [Synth 8-7129] Port sw[15] in module top_level is either unconnected or has no load
WARNING: [Synth 8-7129] Port sw[14] in module top_level is either unconnected or has no load
WARNING: [Synth 8-7129] Port sw[13] in module top_level is either unconnected or has no load
WARNING: [Synth 8-7129] Port sw[12] in module top_level is either unconnected or has no load
WARNING: [Synth 8-7129] Port sw[11] in module top_level is either unconnected or has no load
WARNING: [Synth 8-7129] Port sw[10] in module top_level is either unconnected or has no load
WARNING: [Synth 8-7129] Port sw[9] in module top_level is either unconnected or has no load
WARNING: [Synth 8-7129] Port sw[8] in module top_level is either unconnected or has no load
WARNING: [Synth 8-7129] Port sw[7] in module top_level is either unconnected or has no load
WARNING: [Synth 8-7129] Port sw[6] in module top_level is either unconnected or has no load
WARNING: [Synth 8-7129] Port sw[5] in module top_level is either unconnected or has no load
WARNING: [Synth 8-7129] Port sw[4] in module top_level is either unconnected or has no load
WARNING: [Synth 8-7129] Port sw[3] in module top_level is either unconnected or has no load
WARNING: [Synth 8-7129] Port sw[2] in module top_level is either unconnected or has no load
WARNING: [Synth 8-7129] Port sw[1] in module top_level is either unconnected or has no load
WARNING: [Synth 8-7129] Port sw[0] in module top_level is either unconnected or has no load
WARNING: [Synth 8-7129] Port btn[3] in module top_level is either unconnected or has no load
WARNING: [Synth 8-7129] Port btn[2] in module top_level is either unconnected or has no load
WARNING: [Synth 8-7129] Port btn[1] in module top_level is either unconnected or has no load
---------------------------------------------------------------------------------
Finished Cross Boundary and Area Optimization : Time (s): cpu = 00:00:11 ; elapsed = 00:00:11 . Memory (MB): peak = 2340.258 ; gain = 673.289 ; free physical = 19933 ; free virtual = 36991
---------------------------------------------------------------------------------
---------------------------------------------------------------------------------
Start Applying XDC Timing Constraints
---------------------------------------------------------------------------------
---------------------------------------------------------------------------------
Finished Applying XDC Timing Constraints : Time (s): cpu = 00:00:13 ; elapsed = 00:00:13 . Memory (MB): peak = 2393.258 ; gain = 726.289 ; free physical = 19887 ; free virtual = 36945
---------------------------------------------------------------------------------
---------------------------------------------------------------------------------
Start Timing Optimization
---------------------------------------------------------------------------------
---------------------------------------------------------------------------------
Finished Timing Optimization : Time (s): cpu = 00:00:14 ; elapsed = 00:00:14 . Memory (MB): peak = 2435.305 ; gain = 768.336 ; free physical = 19848 ; free virtual = 36905
---------------------------------------------------------------------------------
---------------------------------------------------------------------------------
Start Technology Mapping
---------------------------------------------------------------------------------
---------------------------------------------------------------------------------
Finished Technology Mapping : Time (s): cpu = 00:00:14 ; elapsed = 00:00:15 . Memory (MB): peak = 2462.312 ; gain = 795.344 ; free physical = 19816 ; free virtual = 36874
---------------------------------------------------------------------------------
---------------------------------------------------------------------------------
Start IO Insertion
---------------------------------------------------------------------------------
---------------------------------------------------------------------------------
Start Flattening Before IO Insertion
---------------------------------------------------------------------------------
---------------------------------------------------------------------------------
Finished Flattening Before IO Insertion
---------------------------------------------------------------------------------
---------------------------------------------------------------------------------
Start Final Netlist Cleanup
---------------------------------------------------------------------------------
---------------------------------------------------------------------------------
Finished Final Netlist Cleanup
---------------------------------------------------------------------------------
---------------------------------------------------------------------------------
Finished IO Insertion : Time (s): cpu = 00:00:16 ; elapsed = 00:00:16 . Memory (MB): peak = 2583.125 ; gain = 916.156 ; free physical = 19705 ; free virtual = 36763
---------------------------------------------------------------------------------
---------------------------------------------------------------------------------
Start Renaming Generated Instances
---------------------------------------------------------------------------------
---------------------------------------------------------------------------------
Finished Renaming Generated Instances : Time (s): cpu = 00:00:16 ; elapsed = 00:00:16 . Memory (MB): peak = 2583.125 ; gain = 916.156 ; free physical = 19705 ; free virtual = 36763
---------------------------------------------------------------------------------
---------------------------------------------------------------------------------
Start Rebuilding User Hierarchy
---------------------------------------------------------------------------------
---------------------------------------------------------------------------------
Finished Rebuilding User Hierarchy : Time (s): cpu = 00:00:16 ; elapsed = 00:00:16 . Memory (MB): peak = 2583.125 ; gain = 916.156 ; free physical = 19705 ; free virtual = 36763
---------------------------------------------------------------------------------
---------------------------------------------------------------------------------
Start Renaming Generated Ports
---------------------------------------------------------------------------------
---------------------------------------------------------------------------------
Finished Renaming Generated Ports : Time (s): cpu = 00:00:16 ; elapsed = 00:00:16 . Memory (MB): peak = 2583.125 ; gain = 916.156 ; free physical = 19705 ; free virtual = 36763
---------------------------------------------------------------------------------
---------------------------------------------------------------------------------
Start Handling Custom Attributes
---------------------------------------------------------------------------------
---------------------------------------------------------------------------------
Finished Handling Custom Attributes : Time (s): cpu = 00:00:16 ; elapsed = 00:00:16 . Memory (MB): peak = 2583.125 ; gain = 916.156 ; free physical = 19705 ; free virtual = 36763
---------------------------------------------------------------------------------
---------------------------------------------------------------------------------
Start Renaming Generated Nets
---------------------------------------------------------------------------------
---------------------------------------------------------------------------------
Finished Renaming Generated Nets : Time (s): cpu = 00:00:16 ; elapsed = 00:00:16 . Memory (MB): peak = 2583.125 ; gain = 916.156 ; free physical = 19705 ; free virtual = 36763
---------------------------------------------------------------------------------
---------------------------------------------------------------------------------
Start Writing Synthesis Report
---------------------------------------------------------------------------------

Report BlackBoxes: 
+-+--------------+----------+
| |BlackBox name |Instances |
+-+--------------+----------+
+-+--------------+----------+

Report Cell Usage: 
+------+-------+------+
|      |Cell   |Count |
+------+-------+------+
|1     |BUFG   |     1|
|2     |CARRY4 |   902|
|3     |LUT1   |    94|
|4     |LUT2   |   522|
|5     |LUT3   |   814|
|6     |LUT4   |   951|
|7     |LUT5   |   369|
|8     |LUT6   |  2388|
|9     |FDRE   |   224|
|10    |FDSE   |    16|
|11    |IBUF   |     2|
|12    |OBUF   |    44|
+------+-------+------+
---------------------------------------------------------------------------------
Finished Writing Synthesis Report : Time (s): cpu = 00:00:16 ; elapsed = 00:00:16 . Memory (MB): peak = 2583.125 ; gain = 916.156 ; free physical = 19705 ; free virtual = 36763
---------------------------------------------------------------------------------
Synthesis finished with 0 errors, 0 critical warnings and 42 warnings.
Synthesis Optimization Runtime : Time (s): cpu = 00:00:15 ; elapsed = 00:00:15 . Memory (MB): peak = 2583.125 ; gain = 787.383 ; free physical = 19705 ; free virtual = 36763
Synthesis Optimization Complete : Time (s): cpu = 00:00:16 ; elapsed = 00:00:16 . Memory (MB): peak = 2583.133 ; gain = 916.156 ; free physical = 19705 ; free virtual = 36763
INFO: [Project 1-571] Translating synthesized netlist
Netlist sorting complete. Time (s): cpu = 00:00:00.02 ; elapsed = 00:00:00.02 . Memory (MB): peak = 2583.133 ; gain = 0.000 ; free physical = 19841 ; free virtual = 36898
INFO: [Netlist 29-17] Analyzing 902 Unisim elements for replacement
INFO: [Netlist 29-28] Unisim Transformation completed in 0 CPU seconds
WARNING: [Netlist 29-101] Netlist 'top_level' is not ideal for floorplanning, since the cellview 'lif' contains a large number of primitives.  Please consider enabling hierarchy in synthesis if you want to do floorplanning.
INFO: [Project 1-570] Preparing netlist for logic optimization
Parsing XDC File [/home/fpga/worker_place/temp/temp/1dfc3f348e5a4bb1af866dadc53fe810/xdc/top_level.xdc]
WARNING: [Vivado 12-584] No ports matched 'pmoda[0]'. [/home/fpga/worker_place/temp/temp/1dfc3f348e5a4bb1af866dadc53fe810/xdc/top_level.xdc:93]
CRITICAL WARNING: [Common 17-55] 'set_property' expects at least one object. [/home/fpga/worker_place/temp/temp/1dfc3f348e5a4bb1af866dadc53fe810/xdc/top_level.xdc:93]
Resolution: If [get_<value>] was used to populate the object, check to make sure this command returns at least one valid object.
WARNING: [Vivado 12-584] No ports matched 'pmoda[1]'. [/home/fpga/worker_place/temp/temp/1dfc3f348e5a4bb1af866dadc53fe810/xdc/top_level.xdc:94]
CRITICAL WARNING: [Common 17-55] 'set_property' expects at least one object. [/home/fpga/worker_place/temp/temp/1dfc3f348e5a4bb1af866dadc53fe810/xdc/top_level.xdc:94]
Resolution: If [get_<value>] was used to populate the object, check to make sure this command returns at least one valid object.
WARNING: [Vivado 12-584] No ports matched 'pmoda[2]'. [/home/fpga/worker_place/temp/temp/1dfc3f348e5a4bb1af866dadc53fe810/xdc/top_level.xdc:95]
CRITICAL WARNING: [Common 17-55] 'set_property' expects at least one object. [/home/fpga/worker_place/temp/temp/1dfc3f348e5a4bb1af866dadc53fe810/xdc/top_level.xdc:95]
Resolution: If [get_<value>] was used to populate the object, check to make sure this command returns at least one valid object.
Finished Parsing XDC File [/home/fpga/worker_place/temp/temp/1dfc3f348e5a4bb1af866dadc53fe810/xdc/top_level.xdc]
INFO: [Opt 31-138] Pushed 0 inverter(s) to 0 load pin(s).
Netlist sorting complete. Time (s): cpu = 00:00:00 ; elapsed = 00:00:00 . Memory (MB): peak = 2607.137 ; gain = 0.000 ; free physical = 19853 ; free virtual = 36910
INFO: [Project 1-111] Unisim Transformation Summary:
No Unisim elements were transformed.

Synth Design complete | Checksum: 5870d296
INFO: [Common 17-83] Releasing license: Synthesis
25 Infos, 92 Warnings, 6 Critical Warnings and 0 Errors encountered.
synth_design completed successfully
synth_design: Time (s): cpu = 00:00:20 ; elapsed = 00:00:19 . Memory (MB): peak = 2607.172 ; gain = 1074.516 ; free physical = 19853 ; free virtual = 36911
INFO: [Common 17-2834] synth_design peak Physical Memory [PSS] (MB): overall = 2029.174; main = 2029.174; forked = 333.619
INFO: [Common 17-2834] synth_design peak Virtual Memory [VSS] (MB): overall = 3304.109; main = 2607.141; forked = 963.848
# report_timing_summary -file $outputDir/post_synth_timing_summary.rpt
INFO: [Timing 38-35] Done setting XDC timing constraints.
INFO: [Timing 38-91] UpdateTimingParams: Speed grade: -1, Delay Type: min_max.
INFO: [Timing 38-191] Multithreading enabled for timing update using a maximum of 4 CPUs
# report_utilization -file $outputDir/post_synth_util.rpt -hierarchical -hierarchical_depth 4
# report_timing -file $outputDir/post_synth_timing.rpt
INFO: [Timing 38-91] UpdateTimingParams: Speed grade: -1, Delay Type: max.
INFO: [Timing 38-191] Multithreading enabled for timing update using a maximum of 4 CPUs
INFO: [Timing 38-78] ReportTimingParams: -max_paths 1 -nworst 1 -delay_type max -sort_by slack.
# opt_design
Command: opt_design
Attempting to get a license for feature 'Implementation' and/or device 'xc7s50'
INFO: [Common 17-349] Got license for feature 'Implementation' and/or device 'xc7s50'
Running DRC as a precondition to command opt_design

Starting DRC Task
INFO: [DRC 23-27] Running DRC with 4 threads
INFO: [Project 1-461] DRC finished with 0 Errors
INFO: [Project 1-462] Please refer to the DRC report (report_drc) for more information.

Time (s): cpu = 00:00:00.5 ; elapsed = 00:00:00.21 . Memory (MB): peak = 2764.324 ; gain = 58.438 ; free physical = 19764 ; free virtual = 36822

Starting Cache Timing Information Task
Ending Cache Timing Information Task | Checksum: 27d8a4a7f

Time (s): cpu = 00:00:00 ; elapsed = 00:00:00 . Memory (MB): peak = 2764.324 ; gain = 0.000 ; free physical = 19764 ; free virtual = 36822

Starting Logic Optimization Task

Phase 1 Initialization

Phase 1.1 Core Generation And Design Setup
Phase 1.1 Core Generation And Design Setup | Checksum: 27d8a4a7f

Time (s): cpu = 00:00:00 ; elapsed = 00:00:00.01 . Memory (MB): peak = 3008.324 ; gain = 0.000 ; free physical = 19473 ; free virtual = 36531

Phase 1.2 Setup Constraints And Sort Netlist
Phase 1.2 Setup Constraints And Sort Netlist | Checksum: 27d8a4a7f

Time (s): cpu = 00:00:00 ; elapsed = 00:00:00.01 . Memory (MB): peak = 3008.324 ; gain = 0.000 ; free physical = 19473 ; free virtual = 36531
Phase 1 Initialization | Checksum: 27d8a4a7f

Time (s): cpu = 00:00:00 ; elapsed = 00:00:00.01 . Memory (MB): peak = 3008.324 ; gain = 0.000 ; free physical = 19473 ; free virtual = 36531

Phase 2 Timer Update And Timing Data Collection

Phase 2.1 Timer Update
Phase 2.1 Timer Update | Checksum: 27d8a4a7f

Time (s): cpu = 00:00:00.08 ; elapsed = 00:00:00.05 . Memory (MB): peak = 3008.324 ; gain = 0.000 ; free physical = 19473 ; free virtual = 36531

Phase 2.2 Timing Data Collection
Phase 2.2 Timing Data Collection | Checksum: 27d8a4a7f

Time (s): cpu = 00:00:00.08 ; elapsed = 00:00:00.05 . Memory (MB): peak = 3008.324 ; gain = 0.000 ; free physical = 19473 ; free virtual = 36531
Phase 2 Timer Update And Timing Data Collection | Checksum: 27d8a4a7f

Time (s): cpu = 00:00:00.08 ; elapsed = 00:00:00.05 . Memory (MB): peak = 3008.324 ; gain = 0.000 ; free physical = 19473 ; free virtual = 36531

Phase 3 Retarget
INFO: [Opt 31-1851] Number of loadless carry chains removed were: 0
INFO: [Opt 31-1834] Total Chains To Be Transformed Were: 0 AND Number of Transformed insts Created are: 0
INFO: [Opt 31-138] Pushed 0 inverter(s) to 0 load pin(s).
INFO: [Opt 31-49] Retargeted 0 cell(s).
Phase 3 Retarget | Checksum: 1d88624d3

Time (s): cpu = 00:00:00.12 ; elapsed = 00:00:00.1 . Memory (MB): peak = 3008.324 ; gain = 0.000 ; free physical = 19473 ; free virtual = 36531
Retarget | Checksum: 1d88624d3
INFO: [Opt 31-389] Phase Retarget created 0 cells and removed 2 cells

Phase 4 Constant propagation
INFO: [Opt 31-138] Pushed 0 inverter(s) to 0 load pin(s).
Phase 4 Constant propagation | Checksum: 22ef6fb98

Time (s): cpu = 00:00:00.16 ; elapsed = 00:00:00.13 . Memory (MB): peak = 3008.324 ; gain = 0.000 ; free physical = 19473 ; free virtual = 36531
Constant propagation | Checksum: 22ef6fb98
INFO: [Opt 31-389] Phase Constant propagation created 0 cells and removed 0 cells

Phase 5 Sweep
INFO: [Constraints 18-11670] Building netlist checker database with flags, 0x8
Done building netlist checker database: Time (s): cpu = 00:00:00 ; elapsed = 00:00:00 . Memory (MB): peak = 3008.324 ; gain = 0.000 ; free physical = 19473 ; free virtual = 36531
Phase 5 Sweep | Checksum: 2c54045cd

Time (s): cpu = 00:00:00.19 ; elapsed = 00:00:00.17 . Memory (MB): peak = 3008.324 ; gain = 0.000 ; free physical = 19473 ; free virtual = 36531
Sweep | Checksum: 2c54045cd
INFO: [Opt 31-389] Phase Sweep created 0 cells and removed 0 cells

Phase 6 BUFG optimization
Phase 6 BUFG optimization | Checksum: 2c54045cd

Time (s): cpu = 00:00:00.25 ; elapsed = 00:00:00.19 . Memory (MB): peak = 3040.340 ; gain = 32.016 ; free physical = 19473 ; free virtual = 36531
BUFG optimization | Checksum: 2c54045cd
INFO: [Opt 31-662] Phase BUFG optimization created 0 cells of which 0 are BUFGs and removed 0 cells.

Phase 7 Shift Register Optimization
INFO: [Opt 31-1064] SRL Remap converted 0 SRLs to 0 registers and converted 0 registers of register chains to 0 SRLs
Phase 7 Shift Register Optimization | Checksum: 2c54045cd

Time (s): cpu = 00:00:00.25 ; elapsed = 00:00:00.2 . Memory (MB): peak = 3040.340 ; gain = 32.016 ; free physical = 19473 ; free virtual = 36531
Shift Register Optimization | Checksum: 2c54045cd
INFO: [Opt 31-389] Phase Shift Register Optimization created 0 cells and removed 0 cells

Phase 8 Post Processing Netlist
Phase 8 Post Processing Netlist | Checksum: 2c54045cd

Time (s): cpu = 00:00:00.26 ; elapsed = 00:00:00.2 . Memory (MB): peak = 3040.340 ; gain = 32.016 ; free physical = 19473 ; free virtual = 36531
Post Processing Netlist | Checksum: 2c54045cd
INFO: [Opt 31-389] Phase Post Processing Netlist created 0 cells and removed 0 cells

Phase 9 Finalization

Phase 9.1 Finalizing Design Cores and Updating Shapes
Phase 9.1 Finalizing Design Cores and Updating Shapes | Checksum: 236ac2ee0

Time (s): cpu = 00:00:00.42 ; elapsed = 00:00:00.32 . Memory (MB): peak = 3040.340 ; gain = 32.016 ; free physical = 19473 ; free virtual = 36531

Phase 9.2 Verifying Netlist Connectivity

Starting Connectivity Check Task

Time (s): cpu = 00:00:00 ; elapsed = 00:00:00 . Memory (MB): peak = 3040.340 ; gain = 0.000 ; free physical = 19473 ; free virtual = 36531
Phase 9.2 Verifying Netlist Connectivity | Checksum: 236ac2ee0

Time (s): cpu = 00:00:00.42 ; elapsed = 00:00:00.32 . Memory (MB): peak = 3040.340 ; gain = 32.016 ; free physical = 19473 ; free virtual = 36531
Phase 9 Finalization | Checksum: 236ac2ee0

Time (s): cpu = 00:00:00.42 ; elapsed = 00:00:00.32 . Memory (MB): peak = 3040.340 ; gain = 32.016 ; free physical = 19473 ; free virtual = 36531
Opt_design Change Summary
=========================


-------------------------------------------------------------------------------------------------------------------------
|  Phase                        |  #Cells created  |  #Cells Removed  |  #Constrained objects preventing optimizations  |
-------------------------------------------------------------------------------------------------------------------------
|  Retarget                     |               0  |               2  |                                              0  |
|  Constant propagation         |               0  |               0  |                                              0  |
|  Sweep                        |               0  |               0  |                                              0  |
|  BUFG optimization            |               0  |               0  |                                              0  |
|  Shift Register Optimization  |               0  |               0  |                                              0  |
|  Post Processing Netlist      |               0  |               0  |                                              0  |
-------------------------------------------------------------------------------------------------------------------------


Ending Logic Optimization Task | Checksum: 236ac2ee0

Time (s): cpu = 00:00:00.43 ; elapsed = 00:00:00.33 . Memory (MB): peak = 3040.340 ; gain = 32.016 ; free physical = 19473 ; free virtual = 36531

Starting Power Optimization Task
INFO: [Pwropt 34-132] Skipping clock gating for clocks with a period < 2.00 ns.
Ending Power Optimization Task | Checksum: 236ac2ee0

Time (s): cpu = 00:00:00.01 ; elapsed = 00:00:00.01 . Memory (MB): peak = 3040.340 ; gain = 0.000 ; free physical = 19474 ; free virtual = 36532

Starting Final Cleanup Task
Ending Final Cleanup Task | Checksum: 236ac2ee0

Time (s): cpu = 00:00:00 ; elapsed = 00:00:00 . Memory (MB): peak = 3040.340 ; gain = 0.000 ; free physical = 19474 ; free virtual = 36532

Starting Netlist Obfuscation Task
Netlist sorting complete. Time (s): cpu = 00:00:00 ; elapsed = 00:00:00 . Memory (MB): peak = 3040.340 ; gain = 0.000 ; free physical = 19474 ; free virtual = 36532
Ending Netlist Obfuscation Task | Checksum: 236ac2ee0

Time (s): cpu = 00:00:00 ; elapsed = 00:00:00 . Memory (MB): peak = 3040.340 ; gain = 0.000 ; free physical = 19474 ; free virtual = 36532
INFO: [Common 17-83] Releasing license: Implementation
19 Infos, 0 Warnings, 0 Critical Warnings and 0 Errors encountered.
opt_design completed successfully
# place_design
Command: place_design
Attempting to get a license for feature 'Implementation' and/or device 'xc7s50'
INFO: [Common 17-349] Got license for feature 'Implementation' and/or device 'xc7s50'
INFO: [Common 17-83] Releasing license: Implementation
INFO: [DRC 23-27] Running DRC with 4 threads
INFO: [Vivado_Tcl 4-198] DRC finished with 0 Errors
INFO: [Vivado_Tcl 4-199] Please refer to the DRC report (report_drc) for more information.
Running DRC as a precondition to command place_design
INFO: [DRC 23-27] Running DRC with 4 threads
INFO: [Vivado_Tcl 4-198] DRC finished with 0 Errors
INFO: [Vivado_Tcl 4-199] Please refer to the DRC report (report_drc) for more information.
INFO: [Place 30-611] Multithreading enabled for place_design using a maximum of 4 CPUs

Starting Placer Task

Phase 1 Placer Initialization

Phase 1.1 Placer Initialization Netlist Sorting
Netlist sorting complete. Time (s): cpu = 00:00:00.01 ; elapsed = 00:00:00 . Memory (MB): peak = 3040.340 ; gain = 0.000 ; free physical = 19475 ; free virtual = 36533
Phase 1.1 Placer Initialization Netlist Sorting | Checksum: 13b1991b8

Time (s): cpu = 00:00:00.01 ; elapsed = 00:00:00 . Memory (MB): peak = 3040.340 ; gain = 0.000 ; free physical = 19475 ; free virtual = 36533
Netlist sorting complete. Time (s): cpu = 00:00:00 ; elapsed = 00:00:00 . Memory (MB): peak = 3040.340 ; gain = 0.000 ; free physical = 19475 ; free virtual = 36533

Phase 1.2 IO Placement/ Clock Placement/ Build Placer Device
INFO: [Timing 38-35] Done setting XDC timing constraints.
Phase 1.2 IO Placement/ Clock Placement/ Build Placer Device | Checksum: 1a61aa346

Time (s): cpu = 00:00:00.38 ; elapsed = 00:00:00.15 . Memory (MB): peak = 3040.340 ; gain = 0.000 ; free physical = 19476 ; free virtual = 36534

Phase 1.3 Build Placer Netlist Model
Phase 1.3 Build Placer Netlist Model | Checksum: 2990f03f7

Time (s): cpu = 00:00:01 ; elapsed = 00:00:00.46 . Memory (MB): peak = 3043.352 ; gain = 3.012 ; free physical = 19476 ; free virtual = 36534

Phase 1.4 Constrain Clocks/Macros
Phase 1.4 Constrain Clocks/Macros | Checksum: 2990f03f7

Time (s): cpu = 00:00:01 ; elapsed = 00:00:00.46 . Memory (MB): peak = 3043.352 ; gain = 3.012 ; free physical = 19476 ; free virtual = 36534
Phase 1 Placer Initialization | Checksum: 2990f03f7

Time (s): cpu = 00:00:01 ; elapsed = 00:00:00.47 . Memory (MB): peak = 3043.352 ; gain = 3.012 ; free physical = 19476 ; free virtual = 36534

Phase 2 Global Placement

Phase 2.1 Floorplanning
Phase 2.1 Floorplanning | Checksum: 1a9f2f97e

Time (s): cpu = 00:00:01 ; elapsed = 00:00:00.51 . Memory (MB): peak = 3043.352 ; gain = 3.012 ; free physical = 19476 ; free virtual = 36534

Phase 2.2 Update Timing before SLR Path Opt
Phase 2.2 Update Timing before SLR Path Opt | Checksum: 271751431

Time (s): cpu = 00:00:01 ; elapsed = 00:00:00.54 . Memory (MB): peak = 3043.352 ; gain = 3.012 ; free physical = 19477 ; free virtual = 36535

Phase 2.3 Post-Processing in Floorplanning
Phase 2.3 Post-Processing in Floorplanning | Checksum: 271751431

Time (s): cpu = 00:00:01 ; elapsed = 00:00:00.55 . Memory (MB): peak = 3043.352 ; gain = 3.012 ; free physical = 19477 ; free virtual = 36535

Phase 2.4 Global Place Phase1
Phase 2.4 Global Place Phase1 | Checksum: 1b2c32bb1

Time (s): cpu = 00:00:03 ; elapsed = 00:00:01 . Memory (MB): peak = 3051.355 ; gain = 11.016 ; free physical = 19505 ; free virtual = 36563

Phase 2.5 Global Place Phase2

Phase 2.5.1 UpdateTiming Before Physical Synthesis
Phase 2.5.1 UpdateTiming Before Physical Synthesis | Checksum: 1b2c32bb1

Time (s): cpu = 00:00:04 ; elapsed = 00:00:01 . Memory (MB): peak = 3051.355 ; gain = 11.016 ; free physical = 19505 ; free virtual = 36563

Phase 2.5.2 Physical Synthesis In Placer
INFO: [Physopt 32-1035] Found 0 LUTNM shape to break, 311 LUT instances to create LUTNM shape
INFO: [Physopt 32-1044] Break lutnm for timing: one critical 0, two critical 0, total 0, new lutff created 0
INFO: [Physopt 32-1138] End 1 Pass. Optimized 133 nets or LUTs. Breaked 0 LUT, combined 133 existing LUTs and moved 0 existing LUT
INFO: [Physopt 32-65] No nets found for high-fanout optimization.
INFO: [Physopt 32-232] Optimized 0 net. Created 0 new instance.
INFO: [Physopt 32-775] End 1 Pass. Optimized 0 net or cell. Created 0 new cell, deleted 0 existing cell and moved 0 existing cell
INFO: [Physopt 32-670] No setup violation found.  DSP Register Optimization was not performed.
INFO: [Physopt 32-670] No setup violation found.  Shift Register to Pipeline Optimization was not performed.
INFO: [Physopt 32-670] No setup violation found.  Shift Register Optimization was not performed.
INFO: [Physopt 32-670] No setup violation found.  BRAM Register Optimization was not performed.
INFO: [Physopt 32-670] No setup violation found.  URAM Register Optimization was not performed.
INFO: [Physopt 32-949] No candidate nets found for dynamic/static region interface net replication
INFO: [Physopt 32-775] End 1 Pass. Optimized 0 net or cell. Created 0 new cell, deleted 0 existing cell and moved 0 existing cell
Netlist sorting complete. Time (s): cpu = 00:00:00 ; elapsed = 00:00:00 . Memory (MB): peak = 3051.355 ; gain = 0.000 ; free physical = 19505 ; free virtual = 36563

Summary of Physical Synthesis Optimizations
============================================


-----------------------------------------------------------------------------------------------------------------------------------------------------------
|  Optimization                                     |  Added Cells  |  Removed Cells  |  Optimized Cells/Nets  |  Dont Touch  |  Iterations  |  Elapsed   |
-----------------------------------------------------------------------------------------------------------------------------------------------------------
|  LUT Combining                                    |            0  |            133  |                   133  |           0  |           1  |  00:00:00  |
|  Retime                                           |            0  |              0  |                     0  |           0  |           1  |  00:00:00  |
|  Very High Fanout                                 |            0  |              0  |                     0  |           0  |           1  |  00:00:00  |
|  DSP Register                                     |            0  |              0  |                     0  |           0  |           0  |  00:00:00  |
|  Shift Register to Pipeline                       |            0  |              0  |                     0  |           0  |           0  |  00:00:00  |
|  Shift Register                                   |            0  |              0  |                     0  |           0  |           0  |  00:00:00  |
|  BRAM Register                                    |            0  |              0  |                     0  |           0  |           0  |  00:00:00  |
|  URAM Register                                    |            0  |              0  |                     0  |           0  |           0  |  00:00:00  |
|  Dynamic/Static Region Interface Net Replication  |            0  |              0  |                     0  |           0  |           1  |  00:00:00  |
|  Total                                            |            0  |            133  |                   133  |           0  |           4  |  00:00:00  |
-----------------------------------------------------------------------------------------------------------------------------------------------------------


Phase 2.5.2 Physical Synthesis In Placer | Checksum: 233efd1fb

Time (s): cpu = 00:00:04 ; elapsed = 00:00:02 . Memory (MB): peak = 3051.355 ; gain = 11.016 ; free physical = 19505 ; free virtual = 36563
Phase 2.5 Global Place Phase2 | Checksum: 1fa15d0d6

Time (s): cpu = 00:00:04 ; elapsed = 00:00:02 . Memory (MB): peak = 3051.355 ; gain = 11.016 ; free physical = 19505 ; free virtual = 36563
Phase 2 Global Placement | Checksum: 1fa15d0d6

Time (s): cpu = 00:00:04 ; elapsed = 00:00:02 . Memory (MB): peak = 3051.355 ; gain = 11.016 ; free physical = 19505 ; free virtual = 36563

Phase 3 Detail Placement

Phase 3.1 Commit Multi Column Macros
Phase 3.1 Commit Multi Column Macros | Checksum: 15aadaf9b

Time (s): cpu = 00:00:04 ; elapsed = 00:00:02 . Memory (MB): peak = 3051.355 ; gain = 11.016 ; free physical = 19505 ; free virtual = 36563

Phase 3.2 Commit Most Macros & LUTRAMs
Phase 3.2 Commit Most Macros & LUTRAMs | Checksum: f1f66280

Time (s): cpu = 00:00:05 ; elapsed = 00:00:02 . Memory (MB): peak = 3051.355 ; gain = 11.016 ; free physical = 19503 ; free virtual = 36561

Phase 3.3 Area Swap Optimization
Phase 3.3 Area Swap Optimization | Checksum: 11d820d7f

Time (s): cpu = 00:00:05 ; elapsed = 00:00:02 . Memory (MB): peak = 3051.355 ; gain = 11.016 ; free physical = 19503 ; free virtual = 36561

Phase 3.4 Pipeline Register Optimization
Phase 3.4 Pipeline Register Optimization | Checksum: 166fa748a

Time (s): cpu = 00:00:05 ; elapsed = 00:00:02 . Memory (MB): peak = 3051.355 ; gain = 11.016 ; free physical = 19503 ; free virtual = 36561

Phase 3.5 Small Shape Detail Placement
Phase 3.5 Small Shape Detail Placement | Checksum: 1f85e66eb

Time (s): cpu = 00:00:05 ; elapsed = 00:00:02 . Memory (MB): peak = 3051.355 ; gain = 11.016 ; free physical = 19504 ; free virtual = 36562

Phase 3.6 Re-assign LUT pins
Phase 3.6 Re-assign LUT pins | Checksum: 1aab9a930

Time (s): cpu = 00:00:05 ; elapsed = 00:00:03 . Memory (MB): peak = 3051.355 ; gain = 11.016 ; free physical = 19505 ; free virtual = 36562

Phase 3.7 Pipeline Register Optimization
Phase 3.7 Pipeline Register Optimization | Checksum: 1e021521b

Time (s): cpu = 00:00:05 ; elapsed = 00:00:03 . Memory (MB): peak = 3051.355 ; gain = 11.016 ; free physical = 19505 ; free virtual = 36562
Phase 3 Detail Placement | Checksum: 1e021521b

Time (s): cpu = 00:00:05 ; elapsed = 00:00:03 . Memory (MB): peak = 3051.355 ; gain = 11.016 ; free physical = 19505 ; free virtual = 36562

Phase 4 Post Placement Optimization and Clean-Up

Phase 4.1 Post Commit Optimization
INFO: [Timing 38-35] Done setting XDC timing constraints.

Phase 4.1.1 Post Placement Optimization
Post Placement Optimization Initialization | Checksum: 2c95eda36

Phase 4.1.1.1 BUFG Insertion

Starting Physical Synthesis Task

Phase 1 Physical Synthesis Initialization
INFO: [Physopt 32-721] Multithreading enabled for phys_opt_design using a maximum of 4 CPUs
INFO: [Physopt 32-619] Estimated Timing Summary | WNS=0.376 | TNS=0.000 |
Phase 1 Physical Synthesis Initialization | Checksum: 27b90463e

Time (s): cpu = 00:00:00.06 ; elapsed = 00:00:00.03 . Memory (MB): peak = 3051.355 ; gain = 0.000 ; free physical = 19505 ; free virtual = 36562
INFO: [Place 46-56] BUFG insertion identified 0 candidate nets. Inserted BUFG: 0, Replicated BUFG Driver: 0, Skipped due to Placement/Routing Conflicts: 0, Skipped due to Timing Degradation: 0, Skipped due to netlist editing failed: 0.
Ending Physical Synthesis Task | Checksum: 2eec155f4

Time (s): cpu = 00:00:00.09 ; elapsed = 00:00:00.04 . Memory (MB): peak = 3051.355 ; gain = 0.000 ; free physical = 19505 ; free virtual = 36562
Phase 4.1.1.1 BUFG Insertion | Checksum: 2c95eda36

Time (s): cpu = 00:00:06 ; elapsed = 00:00:03 . Memory (MB): peak = 3051.355 ; gain = 11.016 ; free physical = 19505 ; free virtual = 36562

Phase 4.1.1.2 Post Placement Timing Optimization
INFO: [Place 30-746] Post Placement Timing Summary WNS=0.758. For the most accurate timing information please run report_timing.
Phase 4.1.1.2 Post Placement Timing Optimization | Checksum: 23c92a774

Time (s): cpu = 00:00:06 ; elapsed = 00:00:03 . Memory (MB): peak = 3051.355 ; gain = 11.016 ; free physical = 19505 ; free virtual = 36562

Time (s): cpu = 00:00:06 ; elapsed = 00:00:03 . Memory (MB): peak = 3051.355 ; gain = 11.016 ; free physical = 19505 ; free virtual = 36562
Phase 4.1 Post Commit Optimization | Checksum: 23c92a774

Time (s): cpu = 00:00:06 ; elapsed = 00:00:03 . Memory (MB): peak = 3051.355 ; gain = 11.016 ; free physical = 19505 ; free virtual = 36562

Phase 4.2 Post Placement Cleanup
Phase 4.2 Post Placement Cleanup | Checksum: 23c92a774

Time (s): cpu = 00:00:06 ; elapsed = 00:00:03 . Memory (MB): peak = 3051.355 ; gain = 11.016 ; free physical = 19505 ; free virtual = 36562

Phase 4.3 Placer Reporting

Phase 4.3.1 Print Estimated Congestion
INFO: [Place 30-612] Post-Placement Estimated Congestion 
 ____________________________________________________
|           | Global Congestion | Short Congestion  |
| Direction | Region Size       | Region Size       |
|___________|___________________|___________________|
|      North|                1x1|                1x1|
|___________|___________________|___________________|
|      South|                1x1|                1x1|
|___________|___________________|___________________|
|       East|                1x1|                1x1|
|___________|___________________|___________________|
|       West|                1x1|                1x1|
|___________|___________________|___________________|

Phase 4.3.1 Print Estimated Congestion | Checksum: 23c92a774

Time (s): cpu = 00:00:06 ; elapsed = 00:00:03 . Memory (MB): peak = 3051.355 ; gain = 11.016 ; free physical = 19505 ; free virtual = 36562
Phase 4.3 Placer Reporting | Checksum: 23c92a774

Time (s): cpu = 00:00:06 ; elapsed = 00:00:03 . Memory (MB): peak = 3051.355 ; gain = 11.016 ; free physical = 19505 ; free virtual = 36562

Phase 4.4 Final Placement Cleanup
Netlist sorting complete. Time (s): cpu = 00:00:00 ; elapsed = 00:00:00 . Memory (MB): peak = 3051.355 ; gain = 0.000 ; free physical = 19505 ; free virtual = 36562

Time (s): cpu = 00:00:06 ; elapsed = 00:00:03 . Memory (MB): peak = 3051.355 ; gain = 11.016 ; free physical = 19505 ; free virtual = 36562
Phase 4 Post Placement Optimization and Clean-Up | Checksum: 22ba43249

Time (s): cpu = 00:00:06 ; elapsed = 00:00:03 . Memory (MB): peak = 3051.355 ; gain = 11.016 ; free physical = 19505 ; free virtual = 36563
Ending Placer Task | Checksum: 1bd266c38

Time (s): cpu = 00:00:06 ; elapsed = 00:00:03 . Memory (MB): peak = 3051.355 ; gain = 11.016 ; free physical = 19505 ; free virtual = 36563
29 Infos, 0 Warnings, 0 Critical Warnings and 0 Errors encountered.
place_design completed successfully
# report_clock_utilization -file $outputDir/clock_util.rpt
# set worst_path [get_timing_paths -max_paths 1 -nworst 1 -setup]
# if {[llength $worst_path] > 0} {
#     if {[get_property SLACK $worst_path] < 0} {
#         puts "Found setup timing violations => running physical optimization"
#         phys_opt_design
#     }
# } else {
#     puts "WARNING: No timing paths found for setup analysis; skipping phys_opt_design check."
# }
# report_utilization -file $outputDir/post_place_util.rpt
# report_timing_summary -file $outputDir/post_place_timing_summary.rpt
# report_timing -file $outputDir/post_place_timing.rpt
INFO: [Timing 38-78] ReportTimingParams: -max_paths 1 -nworst 1 -delay_type max -sort_by slack.
# route_design -directive Explore
Command: route_design -directive Explore
Attempting to get a license for feature 'Implementation' and/or device 'xc7s50'
INFO: [Common 17-349] Got license for feature 'Implementation' and/or device 'xc7s50'


Starting Routing Task
INFO: [Route 35-270] Using Router directive 'Explore'.
INFO: [Route 35-254] Multithreading enabled for route_design using a maximum of 4 CPUs

Phase 1 Build RT Design
Checksum: PlaceDB: 79b62681 ConstDB: 0 ShapeSum: 98df1281 RouteDB: aa913336
Post Restoration Checksum: NetGraph: 8d9a453e | NumContArr: 58da8e8b | Constraints: c2a8fa9d | Timing: c2a8fa9d
Phase 1 Build RT Design | Checksum: 26bc6c903

Time (s): cpu = 00:00:07 ; elapsed = 00:00:06 . Memory (MB): peak = 3051.355 ; gain = 0.000 ; free physical = 19498 ; free virtual = 36556

Phase 2 Router Initialization

Phase 2.1 Fix Topology Constraints
Phase 2.1 Fix Topology Constraints | Checksum: 26bc6c903

Time (s): cpu = 00:00:07 ; elapsed = 00:00:06 . Memory (MB): peak = 3051.355 ; gain = 0.000 ; free physical = 19498 ; free virtual = 36556

Phase 2.2 Pre Route Cleanup
Phase 2.2 Pre Route Cleanup | Checksum: 26bc6c903

Time (s): cpu = 00:00:07 ; elapsed = 00:00:06 . Memory (MB): peak = 3051.355 ; gain = 0.000 ; free physical = 19498 ; free virtual = 36556
 Number of Nodes with overlaps = 0

Phase 2.3 Update Timing
Phase 2.3 Update Timing | Checksum: 1e8393ccd

Time (s): cpu = 00:00:08 ; elapsed = 00:00:06 . Memory (MB): peak = 3051.355 ; gain = 0.000 ; free physical = 19498 ; free virtual = 36556
INFO: [Route 35-416] Intermediate Timing Summary | WNS=1.229  | TNS=0.000  | WHS=-0.142 | THS=-2.028 |


Phase 2.4 Soft Constraint Pins - Fast Budgeting
Phase 2.4 Soft Constraint Pins - Fast Budgeting | Checksum: 27779ceaa

Time (s): cpu = 00:00:08 ; elapsed = 00:00:06 . Memory (MB): peak = 3051.355 ; gain = 0.000 ; free physical = 19498 ; free virtual = 36556

Router Utilization Summary
  Global Vertical Routing Utilization    = 0 %
  Global Horizontal Routing Utilization  = 0 %
  Routable Net Status*
  *Does not include unroutable nets such as driverless and loadless.
  Run report_route_status for detailed report.
  Number of Failed Nets               = 5308
    (Failed Nets is the sum of unrouted and partially routed nets)
  Number of Unrouted Nets             = 5308
  Number of Partially Routed Nets     = 0
  Number of Node Overlaps             = 0

Phase 2 Router Initialization | Checksum: 1f0481635

Time (s): cpu = 00:00:09 ; elapsed = 00:00:07 . Memory (MB): peak = 3051.355 ; gain = 0.000 ; free physical = 19499 ; free virtual = 36557

Phase 3 Global Routing
Phase 3 Global Routing | Checksum: 1f0481635

Time (s): cpu = 00:00:09 ; elapsed = 00:00:07 . Memory (MB): peak = 3051.355 ; gain = 0.000 ; free physical = 19499 ; free virtual = 36557

Phase 4 Initial Routing

Phase 4.1 Initial Net Routing Pass
Phase 4.1 Initial Net Routing Pass | Checksum: 1b02ab70c

Time (s): cpu = 00:00:09 ; elapsed = 00:00:07 . Memory (MB): peak = 3051.355 ; gain = 0.000 ; free physical = 19499 ; free virtual = 36557
Phase 4 Initial Routing | Checksum: 1b02ab70c

Time (s): cpu = 00:00:09 ; elapsed = 00:00:07 . Memory (MB): peak = 3051.355 ; gain = 0.000 ; free physical = 19499 ; free virtual = 36557

Phase 5 Rip-up And Reroute

Phase 5.1 Global Iteration 0
 Number of Nodes with overlaps = 765
 Number of Nodes with overlaps = 2
 Number of Nodes with overlaps = 1
 Number of Nodes with overlaps = 0
INFO: [Route 35-416] Intermediate Timing Summary | WNS=0.332  | TNS=0.000  | WHS=N/A    | THS=N/A    |

Phase 5.1 Global Iteration 0 | Checksum: 203cd8f1d

Time (s): cpu = 00:00:10 ; elapsed = 00:00:07 . Memory (MB): peak = 3051.355 ; gain = 0.000 ; free physical = 19502 ; free virtual = 36560
Phase 5 Rip-up And Reroute | Checksum: 203cd8f1d

Time (s): cpu = 00:00:10 ; elapsed = 00:00:07 . Memory (MB): peak = 3051.355 ; gain = 0.000 ; free physical = 19502 ; free virtual = 36560

Phase 6 Delay and Skew Optimization

Phase 6.1 Delay CleanUp

Phase 6.1.1 Update Timing
Phase 6.1.1 Update Timing | Checksum: 1699a03da

Time (s): cpu = 00:00:10 ; elapsed = 00:00:07 . Memory (MB): peak = 3051.355 ; gain = 0.000 ; free physical = 19502 ; free virtual = 36560
INFO: [Route 35-416] Intermediate Timing Summary | WNS=0.339  | TNS=0.000  | WHS=N/A    | THS=N/A    |

Phase 6.1 Delay CleanUp | Checksum: 1699a03da

Time (s): cpu = 00:00:10 ; elapsed = 00:00:07 . Memory (MB): peak = 3051.355 ; gain = 0.000 ; free physical = 19502 ; free virtual = 36560

Phase 6.2 Clock Skew Optimization
Phase 6.2 Clock Skew Optimization | Checksum: 1699a03da

Time (s): cpu = 00:00:10 ; elapsed = 00:00:07 . Memory (MB): peak = 3051.355 ; gain = 0.000 ; free physical = 19502 ; free virtual = 36560
Phase 6 Delay and Skew Optimization | Checksum: 1699a03da

Time (s): cpu = 00:00:10 ; elapsed = 00:00:07 . Memory (MB): peak = 3051.355 ; gain = 0.000 ; free physical = 19502 ; free virtual = 36560

Phase 7 Post Hold Fix

Phase 7.1 Hold Fix Iter
INFO: [Route 35-416] Intermediate Timing Summary | WNS=0.339  | TNS=0.000  | WHS=0.127  | THS=0.000  |

Phase 7.1 Hold Fix Iter | Checksum: 1fe16a8bc

Time (s): cpu = 00:00:11 ; elapsed = 00:00:07 . Memory (MB): peak = 3051.355 ; gain = 0.000 ; free physical = 19502 ; free virtual = 36560
Phase 7 Post Hold Fix | Checksum: 1fe16a8bc

Time (s): cpu = 00:00:11 ; elapsed = 00:00:07 . Memory (MB): peak = 3051.355 ; gain = 0.000 ; free physical = 19502 ; free virtual = 36560

Phase 8 Route finalize

Router Utilization Summary
  Global Vertical Routing Utilization    = 1.78283 %
  Global Horizontal Routing Utilization  = 2.34526 %
  Routable Net Status*
  *Does not include unroutable nets such as driverless and loadless.
  Run report_route_status for detailed report.
  Number of Failed Nets               = 0
    (Failed Nets is the sum of unrouted and partially routed nets)
  Number of Unrouted Nets             = 0
  Number of Partially Routed Nets     = 0
  Number of Node Overlaps             = 0

Phase 8 Route finalize | Checksum: 1fe16a8bc

Time (s): cpu = 00:00:11 ; elapsed = 00:00:08 . Memory (MB): peak = 3051.355 ; gain = 0.000 ; free physical = 19502 ; free virtual = 36560

Phase 9 Verifying routed nets

 Verification completed successfully
Phase 9 Verifying routed nets | Checksum: 1fe16a8bc

Time (s): cpu = 00:00:11 ; elapsed = 00:00:08 . Memory (MB): peak = 3051.355 ; gain = 0.000 ; free physical = 19502 ; free virtual = 36560

Phase 10 Depositing Routes
Phase 10 Depositing Routes | Checksum: 233dc34ce

Time (s): cpu = 00:00:11 ; elapsed = 00:00:08 . Memory (MB): peak = 3051.355 ; gain = 0.000 ; free physical = 19502 ; free virtual = 36560

Phase 11 Post Process Routing
Phase 11 Post Process Routing | Checksum: 233dc34ce

Time (s): cpu = 00:00:11 ; elapsed = 00:00:08 . Memory (MB): peak = 3051.355 ; gain = 0.000 ; free physical = 19502 ; free virtual = 36560

Phase 12 Post Router Timing
INFO: [Route 35-20] Post Routing Timing Summary | WNS=0.341  | TNS=0.000  | WHS=0.128  | THS=0.000  |

Phase 12 Post Router Timing | Checksum: 216616add

Time (s): cpu = 00:00:11 ; elapsed = 00:00:08 . Memory (MB): peak = 3051.355 ; gain = 0.000 ; free physical = 19503 ; free virtual = 36561
INFO: [Route 35-61] The design met the timing requirement.
Total Elapsed time in route_design: 7.91 secs

Phase 13 Post-Route Event Processing
Phase 13 Post-Route Event Processing | Checksum: 12fd686c7

Time (s): cpu = 00:00:12 ; elapsed = 00:00:08 . Memory (MB): peak = 3051.355 ; gain = 0.000 ; free physical = 19503 ; free virtual = 36561
INFO: [Route 35-16] Router Completed Successfully
Ending Routing Task | Checksum: 12fd686c7

Time (s): cpu = 00:00:12 ; elapsed = 00:00:08 . Memory (MB): peak = 3051.355 ; gain = 0.000 ; free physical = 19503 ; free virtual = 36561

Routing Is Done.
INFO: [Common 17-83] Releasing license: Implementation
11 Infos, 0 Warnings, 0 Critical Warnings and 0 Errors encountered.
route_design completed successfully
route_design: Time (s): cpu = 00:00:12 ; elapsed = 00:00:08 . Memory (MB): peak = 3051.355 ; gain = 0.000 ; free physical = 19503 ; free virtual = 36561
# report_route_status -file $outputDir/post_route_status.rpt
# report_timing_summary -file $outputDir/post_route_timing_summary.rpt
# report_timing -file $outputDir/post_route_timing.rpt
INFO: [Timing 38-78] ReportTimingParams: -max_paths 1 -nworst 1 -delay_type max -sort_by slack.
# report_power -file $outputDir/post_route_power.rpt
Command: report_power -file obj/post_route_power.rpt
Running Vector-less Activity Propagation...

Finished Running Vector-less Activity Propagation
0 Infos, 0 Warnings, 0 Critical Warnings and 0 Errors encountered.
report_power completed successfully
# report_drc -file $outputDir/post_imp_drc.rpt
Command: report_drc -file obj/post_imp_drc.rpt
INFO: [IP_Flow 19-234] Refreshing IP repositories
INFO: [IP_Flow 19-1704] No user IP repositories specified
INFO: [IP_Flow 19-2313] Loaded Vivado IP repository '/tools/Xilinx/2025.1/Vivado/data/ip'.
INFO: [DRC 23-27] Running DRC with 4 threads
INFO: [Vivado_Tcl 2-168] The results of DRC are in file /home/fpga/worker_place/temp/temp/1dfc3f348e5a4bb1af866dadc53fe810/obj/post_imp_drc.rpt.
report_drc completed successfully
# write_bitstream -force $outputDir/final.bit
Command: write_bitstream -force obj/final.bit
Attempting to get a license for feature 'Implementation' and/or device 'xc7s50'
INFO: [Common 17-349] Got license for feature 'Implementation' and/or device 'xc7s50'
Running DRC as a precondition to command write_bitstream
INFO: [IP_Flow 19-1839] IP Catalog is up to date.
INFO: [DRC 23-27] Running DRC with 4 threads
INFO: [Vivado 12-3199] DRC finished with 0 Errors
INFO: [Vivado 12-3200] Please refer to the DRC report (report_drc) for more information.
INFO: [Designutils 20-2272] Running write_bitstream with 4 threads.
Loading data files...
Loading site data...
Loading route data...
Processing options...
Creating bitmap...
Creating bitstream...
Bitstream compression saved 11034336 bits.
Writing bitstream obj/final.bit...
INFO: [Vivado 12-1842] Bitgen Completed Successfully.
INFO: [Common 17-83] Releasing license: Implementation
8 Infos, 0 Warnings, 0 Critical Warnings and 0 Errors encountered.
write_bitstream completed successfully
write_bitstream: Time (s): cpu = 00:00:08 ; elapsed = 00:00:25 . Memory (MB): peak = 3293.977 ; gain = 230.547 ; free physical = 19265 ; free virtual = 36324
INFO: [Common 17-206] Exiting Vivado at Tue Feb  3 08:05:58 2026...
