Copyright 1986-2022 Xilinx, Inc. All Rights Reserved. Copyright 2022-2025 Advanced Micro Devices, Inc. All Rights Reserved.
---------------------------------------------------------------------------------------------------------------------------------------------
| Tool Version : Vivado v.2025.1 (lin64) Build 6140274 Wed May 21 22:58:25 MDT 2025
| Date         : Tue Sep 23 21:50:31 2025
| Host         : eecs-digital-16 running 64-bit Ubuntu 24.04.3 LTS
| Command      : report_timing -file obj/post_synth_timing.rpt
| Design       : top_level
| Device       : 7s50-csga324
| Speed File   : -1  PRODUCTION 1.23 2018-06-13
| Design State : Synthesized
---------------------------------------------------------------------------------------------------------------------------------------------

Timing Report

Slack (VIOLATED) :        -17.659ns  (required time - arrival time)
  Source:                 uart_transmitter_module/baud_bit_period_counter_reg[1]/C
                            (rising edge-triggered cell FDRE clocked by gclk  {rise@0.000ns fall@4.000ns period=10.000ns})
  Destination:            uart_transmitter_module/baud_bit_period_counter_reg[868]/D
                            (rising edge-triggered cell FDRE clocked by gclk  {rise@0.000ns fall@4.000ns period=10.000ns})
  Path Group:             gclk
  Path Type:              Setup (Max at Slow Process Corner)
  Requirement:            10.000ns  (gclk rise@10.000ns - gclk rise@0.000ns)
  Data Path Delay:        27.555ns  (logic 26.639ns (96.676%)  route 0.916ns (3.324%))
  Logic Levels:           218  (CARRY4=218)
  Clock Path Skew:        -0.145ns (DCD - SCD + CPR)
    Destination Clock Delay (DCD):    2.660ns = ( 12.660 - 10.000 ) 
    Source Clock Delay      (SCD):    2.920ns
    Clock Pessimism Removal (CPR):    0.115ns
  Clock Uncertainty:      0.035ns  ((TSJ^2 + TIJ^2)^1/2 + DJ) / 2 + PE
    Total System Jitter     (TSJ):    0.071ns
    Total Input Jitter      (TIJ):    0.000ns
    Discrete Jitter          (DJ):    0.000ns
    Phase Error              (PE):    0.000ns

    Location             Delay type                Incr(ns)  Path(ns)    Netlist Resource(s)
  -------------------------------------------------------------------    -------------------
                         (clock gclk rise edge)       0.000     0.000 r  
    N15                                               0.000     0.000 r  clk_100mhz (IN)
                         net (fo=0)                   0.000     0.000    clk_100mhz
    N15                  IBUF (Prop_ibuf_I_O)         1.440     1.440 r  clk_100mhz_IBUF_inst/O
                         net (fo=1, unplaced)         0.800     2.240    clk_100mhz_IBUF
                         BUFG (Prop_bufg_I_O)         0.096     2.336 r  clk_100mhz_IBUF_BUFG_inst/O
                         net (fo=1113, unplaced)      0.584     2.920    uart_transmitter_module/CLK
                         FDRE                                         r  uart_transmitter_module/baud_bit_period_counter_reg[1]/C
  -------------------------------------------------------------------    -------------------
                         FDRE (Prop_fdre_C_Q)         0.478     3.398 r  uart_transmitter_module/baud_bit_period_counter_reg[1]/Q
                         net (fo=2, unplaced)         0.871     4.269    uart_transmitter_module/baud_bit_period_counter_reg[1]
                         CARRY4 (Prop_carry4_S[1]_CO[3])
                                                      0.657     4.926 r  uart_transmitter_module/baud_bit_period_counter_reg[0]_i_2/CO[3]
                         net (fo=1, unplaced)         0.000     4.926    uart_transmitter_module/baud_bit_period_counter_reg[0]_i_2_n_0
                         CARRY4 (Prop_carry4_CI_CO[3])
                                                      0.117     5.043 r  uart_transmitter_module/baud_bit_period_counter_reg[4]_i_1/CO[3]
                         net (fo=1, unplaced)         0.000     5.043    uart_transmitter_module/baud_bit_period_counter_reg[4]_i_1_n_0
                         CARRY4 (Prop_carry4_CI_CO[3])
                                                      0.117     5.160 r  uart_transmitter_module/baud_bit_period_counter_reg[8]_i_1/CO[3]
                         net (fo=1, unplaced)         0.000     5.160    uart_transmitter_module/baud_bit_period_counter_reg[8]_i_1_n_0
                         CARRY4 (Prop_carry4_CI_CO[3])
                                                      0.117     5.277 r  uart_transmitter_module/baud_bit_period_counter_reg[12]_i_1/CO[3]
                         net (fo=1, unplaced)         0.000     5.277    uart_transmitter_module/baud_bit_period_counter_reg[12]_i_1_n_0
                         CARRY4 (Prop_carry4_CI_CO[3])
                                                      0.117     5.394 r  uart_transmitter_module/baud_bit_period_counter_reg[16]_i_1/CO[3]
                         net (fo=1, unplaced)         0.000     5.394    uart_transmitter_module/baud_bit_period_counter_reg[16]_i_1_n_0
                         CARRY4 (Prop_carry4_CI_CO[3])
                                                      0.117     5.511 r  uart_transmitter_module/baud_bit_period_counter_reg[20]_i_1/CO[3]
                         net (fo=1, unplaced)         0.000     5.511    uart_transmitter_module/baud_bit_period_counter_reg[20]_i_1_n_0
                         CARRY4 (Prop_carry4_CI_CO[3])
                                                      0.117     5.628 r  uart_transmitter_module/baud_bit_period_counter_reg[24]_i_1/CO[3]
                         net (fo=1, unplaced)         0.000     5.628    uart_transmitter_module/baud_bit_period_counter_reg[24]_i_1_n_0
                         CARRY4 (Prop_carry4_CI_CO[3])
                                                      0.117     5.745 r  uart_transmitter_module/baud_bit_period_counter_reg[28]_i_1/CO[3]
                         net (fo=1, unplaced)         0.000     5.745    uart_transmitter_module/baud_bit_period_counter_reg[28]_i_1_n_0
                         CARRY4 (Prop_carry4_CI_CO[3])
                                                      0.117     5.862 r  uart_transmitter_module/baud_bit_period_counter_reg[32]_i_1/CO[3]
                         net (fo=1, unplaced)         0.000     5.862    uart_transmitter_module/baud_bit_period_counter_reg[32]_i_1_n_0
                         CARRY4 (Prop_carry4_CI_CO[3])
                                                      0.117     5.979 r  uart_transmitter_module/baud_bit_period_counter_reg[36]_i_1/CO[3]
                         net (fo=1, unplaced)         0.000     5.979    uart_transmitter_module/baud_bit_period_counter_reg[36]_i_1_n_0
                         CARRY4 (Prop_carry4_CI_CO[3])
                                                      0.117     6.096 r  uart_transmitter_module/baud_bit_period_counter_reg[40]_i_1/CO[3]
                         net (fo=1, unplaced)         0.000     6.096    uart_transmitter_module/baud_bit_period_counter_reg[40]_i_1_n_0
                         CARRY4 (Prop_carry4_CI_CO[3])
                                                      0.117     6.213 r  uart_transmitter_module/baud_bit_period_counter_reg[44]_i_1/CO[3]
                         net (fo=1, unplaced)         0.000     6.213    uart_transmitter_module/baud_bit_period_counter_reg[44]_i_1_n_0
                         CARRY4 (Prop_carry4_CI_CO[3])
                                                      0.117     6.330 r  uart_transmitter_module/baud_bit_period_counter_reg[48]_i_1/CO[3]
                         net (fo=1, unplaced)         0.000     6.330    uart_transmitter_module/baud_bit_period_counter_reg[48]_i_1_n_0
                         CARRY4 (Prop_carry4_CI_CO[3])
                                                      0.117     6.447 r  uart_transmitter_module/baud_bit_period_counter_reg[52]_i_1/CO[3]
                         net (fo=1, unplaced)         0.000     6.447    uart_transmitter_module/baud_bit_period_counter_reg[52]_i_1_n_0
                         CARRY4 (Prop_carry4_CI_CO[3])
                                                      0.117     6.564 r  uart_transmitter_module/baud_bit_period_counter_reg[56]_i_1/CO[3]
                         net (fo=1, unplaced)         0.000     6.564    uart_transmitter_module/baud_bit_period_counter_reg[56]_i_1_n_0
                         CARRY4 (Prop_carry4_CI_CO[3])
                                                      0.117     6.681 r  uart_transmitter_module/baud_bit_period_counter_reg[60]_i_1/CO[3]
                         net (fo=1, unplaced)         0.000     6.681    uart_transmitter_module/baud_bit_period_counter_reg[60]_i_1_n_0
                         CARRY4 (Prop_carry4_CI_CO[3])
                                                      0.117     6.798 r  uart_transmitter_module/baud_bit_period_counter_reg[64]_i_1/CO[3]
                         net (fo=1, unplaced)         0.000     6.798    uart_transmitter_module/baud_bit_period_counter_reg[64]_i_1_n_0
                         CARRY4 (Prop_carry4_CI_CO[3])
                                                      0.117     6.915 r  uart_transmitter_module/baud_bit_period_counter_reg[68]_i_1/CO[3]
                         net (fo=1, unplaced)         0.000     6.915    uart_transmitter_module/baud_bit_period_counter_reg[68]_i_1_n_0
                         CARRY4 (Prop_carry4_CI_CO[3])
                                                      0.117     7.032 r  uart_transmitter_module/baud_bit_period_counter_reg[72]_i_1/CO[3]
                         net (fo=1, unplaced)         0.000     7.032    uart_transmitter_module/baud_bit_period_counter_reg[72]_i_1_n_0
                         CARRY4 (Prop_carry4_CI_CO[3])
                                                      0.117     7.149 r  uart_transmitter_module/baud_bit_period_counter_reg[76]_i_1/CO[3]
                         net (fo=1, unplaced)         0.000     7.149    uart_transmitter_module/baud_bit_period_counter_reg[76]_i_1_n_0
                         CARRY4 (Prop_carry4_CI_CO[3])
                                                      0.117     7.266 r  uart_transmitter_module/baud_bit_period_counter_reg[80]_i_1/CO[3]
                         net (fo=1, unplaced)         0.000     7.266    uart_transmitter_module/baud_bit_period_counter_reg[80]_i_1_n_0
                         CARRY4 (Prop_carry4_CI_CO[3])
                                                      0.117     7.383 r  uart_transmitter_module/baud_bit_period_counter_reg[84]_i_1/CO[3]
                         net (fo=1, unplaced)         0.000     7.383    uart_transmitter_module/baud_bit_period_counter_reg[84]_i_1_n_0
                         CARRY4 (Prop_carry4_CI_CO[3])
                                                      0.117     7.500 r  uart_transmitter_module/baud_bit_period_counter_reg[88]_i_1/CO[3]
                         net (fo=1, unplaced)         0.000     7.500    uart_transmitter_module/baud_bit_period_counter_reg[88]_i_1_n_0
                         CARRY4 (Prop_carry4_CI_CO[3])
                                                      0.117     7.617 r  uart_transmitter_module/baud_bit_period_counter_reg[92]_i_1/CO[3]
                         net (fo=1, unplaced)         0.000     7.617    uart_transmitter_module/baud_bit_period_counter_reg[92]_i_1_n_0
                         CARRY4 (Prop_carry4_CI_CO[3])
                                                      0.117     7.734 r  uart_transmitter_module/baud_bit_period_counter_reg[96]_i_1/CO[3]
                         net (fo=1, unplaced)         0.009     7.743    uart_transmitter_module/baud_bit_period_counter_reg[96]_i_1_n_0
                         CARRY4 (Prop_carry4_CI_CO[3])
                                                      0.117     7.860 r  uart_transmitter_module/baud_bit_period_counter_reg[100]_i_1/CO[3]
                         net (fo=1, unplaced)         0.000     7.860    uart_transmitter_module/baud_bit_period_counter_reg[100]_i_1_n_0
                         CARRY4 (Prop_carry4_CI_CO[3])
                                                      0.117     7.977 r  uart_transmitter_module/baud_bit_period_counter_reg[104]_i_1/CO[3]
                         net (fo=1, unplaced)         0.000     7.977    uart_transmitter_module/baud_bit_period_counter_reg[104]_i_1_n_0
                         CARRY4 (Prop_carry4_CI_CO[3])
                                                      0.117     8.094 r  uart_transmitter_module/baud_bit_period_counter_reg[108]_i_1/CO[3]
                         net (fo=1, unplaced)         0.000     8.094    uart_transmitter_module/baud_bit_period_counter_reg[108]_i_1_n_0
                         CARRY4 (Prop_carry4_CI_CO[3])
                                                      0.117     8.211 r  uart_transmitter_module/baud_bit_period_counter_reg[112]_i_1/CO[3]
                         net (fo=1, unplaced)         0.000     8.211    uart_transmitter_module/baud_bit_period_counter_reg[112]_i_1_n_0
                         CARRY4 (Prop_carry4_CI_CO[3])
                                                      0.117     8.328 r  uart_transmitter_module/baud_bit_period_counter_reg[116]_i_1/CO[3]
                         net (fo=1, unplaced)         0.000     8.328    uart_transmitter_module/baud_bit_period_counter_reg[116]_i_1_n_0
                         CARRY4 (Prop_carry4_CI_CO[3])
                                                      0.117     8.445 r  uart_transmitter_module/baud_bit_period_counter_reg[120]_i_1/CO[3]
                         net (fo=1, unplaced)         0.000     8.445    uart_transmitter_module/baud_bit_period_counter_reg[120]_i_1_n_0
                         CARRY4 (Prop_carry4_CI_CO[3])
                                                      0.117     8.562 r  uart_transmitter_module/baud_bit_period_counter_reg[124]_i_1/CO[3]
                         net (fo=1, unplaced)         0.000     8.562    uart_transmitter_module/baud_bit_period_counter_reg[124]_i_1_n_0
                         CARRY4 (Prop_carry4_CI_CO[3])
                                                      0.117     8.679 r  uart_transmitter_module/baud_bit_period_counter_reg[128]_i_1/CO[3]
                         net (fo=1, unplaced)         0.000     8.679    uart_transmitter_module/baud_bit_period_counter_reg[128]_i_1_n_0
                         CARRY4 (Prop_carry4_CI_CO[3])
                                                      0.117     8.796 r  uart_transmitter_module/baud_bit_period_counter_reg[132]_i_1/CO[3]
                         net (fo=1, unplaced)         0.000     8.796    uart_transmitter_module/baud_bit_period_counter_reg[132]_i_1_n_0
                         CARRY4 (Prop_carry4_CI_CO[3])
                                                      0.117     8.913 r  uart_transmitter_module/baud_bit_period_counter_reg[136]_i_1/CO[3]
                         net (fo=1, unplaced)         0.000     8.913    uart_transmitter_module/baud_bit_period_counter_reg[136]_i_1_n_0
                         CARRY4 (Prop_carry4_CI_CO[3])
                                                      0.117     9.030 r  uart_transmitter_module/baud_bit_period_counter_reg[140]_i_1/CO[3]
                         net (fo=1, unplaced)         0.000     9.030    uart_transmitter_module/baud_bit_period_counter_reg[140]_i_1_n_0
                         CARRY4 (Prop_carry4_CI_CO[3])
                                                      0.117     9.147 r  uart_transmitter_module/baud_bit_period_counter_reg[144]_i_1/CO[3]
                         net (fo=1, unplaced)         0.000     9.147    uart_transmitter_module/baud_bit_period_counter_reg[144]_i_1_n_0
                         CARRY4 (Prop_carry4_CI_CO[3])
                                                      0.117     9.264 r  uart_transmitter_module/baud_bit_period_counter_reg[148]_i_1/CO[3]
                         net (fo=1, unplaced)         0.000     9.264    uart_transmitter_module/baud_bit_period_counter_reg[148]_i_1_n_0
                         CARRY4 (Prop_carry4_CI_CO[3])
                                                      0.117     9.381 r  uart_transmitter_module/baud_bit_period_counter_reg[152]_i_1/CO[3]
                         net (fo=1, unplaced)         0.000     9.381    uart_transmitter_module/baud_bit_period_counter_reg[152]_i_1_n_0
                         CARRY4 (Prop_carry4_CI_CO[3])
                                                      0.117     9.498 r  uart_transmitter_module/baud_bit_period_counter_reg[156]_i_1/CO[3]
                         net (fo=1, unplaced)         0.000     9.498    uart_transmitter_module/baud_bit_period_counter_reg[156]_i_1_n_0
                         CARRY4 (Prop_carry4_CI_CO[3])
                                                      0.117     9.615 r  uart_transmitter_module/baud_bit_period_counter_reg[160]_i_1/CO[3]
                         net (fo=1, unplaced)         0.000     9.615    uart_transmitter_module/baud_bit_period_counter_reg[160]_i_1_n_0
                         CARRY4 (Prop_carry4_CI_CO[3])
                                                      0.117     9.732 r  uart_transmitter_module/baud_bit_period_counter_reg[164]_i_1/CO[3]
                         net (fo=1, unplaced)         0.000     9.732    uart_transmitter_module/baud_bit_period_counter_reg[164]_i_1_n_0
                         CARRY4 (Prop_carry4_CI_CO[3])
                                                      0.117     9.849 r  uart_transmitter_module/baud_bit_period_counter_reg[168]_i_1/CO[3]
                         net (fo=1, unplaced)         0.000     9.849    uart_transmitter_module/baud_bit_period_counter_reg[168]_i_1_n_0
                         CARRY4 (Prop_carry4_CI_CO[3])
                                                      0.117     9.966 r  uart_transmitter_module/baud_bit_period_counter_reg[172]_i_1/CO[3]
                         net (fo=1, unplaced)         0.000     9.966    uart_transmitter_module/baud_bit_period_counter_reg[172]_i_1_n_0
                         CARRY4 (Prop_carry4_CI_CO[3])
                                                      0.117    10.083 r  uart_transmitter_module/baud_bit_period_counter_reg[176]_i_1/CO[3]
                         net (fo=1, unplaced)         0.000    10.083    uart_transmitter_module/baud_bit_period_counter_reg[176]_i_1_n_0
                         CARRY4 (Prop_carry4_CI_CO[3])
                                                      0.117    10.200 r  uart_transmitter_module/baud_bit_period_counter_reg[180]_i_1/CO[3]
                         net (fo=1, unplaced)         0.000    10.200    uart_transmitter_module/baud_bit_period_counter_reg[180]_i_1_n_0
                         CARRY4 (Prop_carry4_CI_CO[3])
                                                      0.117    10.317 r  uart_transmitter_module/baud_bit_period_counter_reg[184]_i_1/CO[3]
                         net (fo=1, unplaced)         0.000    10.317    uart_transmitter_module/baud_bit_period_counter_reg[184]_i_1_n_0
                         CARRY4 (Prop_carry4_CI_CO[3])
                                                      0.117    10.434 r  uart_transmitter_module/baud_bit_period_counter_reg[188]_i_1/CO[3]
                         net (fo=1, unplaced)         0.000    10.434    uart_transmitter_module/baud_bit_period_counter_reg[188]_i_1_n_0
                         CARRY4 (Prop_carry4_CI_CO[3])
                                                      0.117    10.551 r  uart_transmitter_module/baud_bit_period_counter_reg[192]_i_1/CO[3]
                         net (fo=1, unplaced)         0.000    10.551    uart_transmitter_module/baud_bit_period_counter_reg[192]_i_1_n_0
                         CARRY4 (Prop_carry4_CI_CO[3])
                                                      0.117    10.668 r  uart_transmitter_module/baud_bit_period_counter_reg[196]_i_1/CO[3]
                         net (fo=1, unplaced)         0.000    10.668    uart_transmitter_module/baud_bit_period_counter_reg[196]_i_1_n_0
                         CARRY4 (Prop_carry4_CI_CO[3])
                                                      0.117    10.785 r  uart_transmitter_module/baud_bit_period_counter_reg[200]_i_1/CO[3]
                         net (fo=1, unplaced)         0.000    10.785    uart_transmitter_module/baud_bit_period_counter_reg[200]_i_1_n_0
                         CARRY4 (Prop_carry4_CI_CO[3])
                                                      0.117    10.902 r  uart_transmitter_module/baud_bit_period_counter_reg[204]_i_1/CO[3]
                         net (fo=1, unplaced)         0.000    10.902    uart_transmitter_module/baud_bit_period_counter_reg[204]_i_1_n_0
                         CARRY4 (Prop_carry4_CI_CO[3])
                                                      0.117    11.019 r  uart_transmitter_module/baud_bit_period_counter_reg[208]_i_1/CO[3]
                         net (fo=1, unplaced)         0.000    11.019    uart_transmitter_module/baud_bit_period_counter_reg[208]_i_1_n_0
                         CARRY4 (Prop_carry4_CI_CO[3])
                                                      0.117    11.136 r  uart_transmitter_module/baud_bit_period_counter_reg[212]_i_1/CO[3]
                         net (fo=1, unplaced)         0.000    11.136    uart_transmitter_module/baud_bit_period_counter_reg[212]_i_1_n_0
                         CARRY4 (Prop_carry4_CI_CO[3])
                                                      0.117    11.253 r  uart_transmitter_module/baud_bit_period_counter_reg[216]_i_1/CO[3]
                         net (fo=1, unplaced)         0.000    11.253    uart_transmitter_module/baud_bit_period_counter_reg[216]_i_1_n_0
                         CARRY4 (Prop_carry4_CI_CO[3])
                                                      0.117    11.370 r  uart_transmitter_module/baud_bit_period_counter_reg[220]_i_1/CO[3]
                         net (fo=1, unplaced)         0.000    11.370    uart_transmitter_module/baud_bit_period_counter_reg[220]_i_1_n_0
                         CARRY4 (Prop_carry4_CI_CO[3])
                                                      0.117    11.487 r  uart_transmitter_module/baud_bit_period_counter_reg[224]_i_1/CO[3]
                         net (fo=1, unplaced)         0.000    11.487    uart_transmitter_module/baud_bit_period_counter_reg[224]_i_1_n_0
                         CARRY4 (Prop_carry4_CI_CO[3])
                                                      0.117    11.604 r  uart_transmitter_module/baud_bit_period_counter_reg[228]_i_1/CO[3]
                         net (fo=1, unplaced)         0.000    11.604    uart_transmitter_module/baud_bit_period_counter_reg[228]_i_1_n_0
                         CARRY4 (Prop_carry4_CI_CO[3])
                                                      0.117    11.721 r  uart_transmitter_module/baud_bit_period_counter_reg[232]_i_1/CO[3]
                         net (fo=1, unplaced)         0.000    11.721    uart_transmitter_module/baud_bit_period_counter_reg[232]_i_1_n_0
                         CARRY4 (Prop_carry4_CI_CO[3])
                                                      0.117    11.838 r  uart_transmitter_module/baud_bit_period_counter_reg[236]_i_1/CO[3]
                         net (fo=1, unplaced)         0.000    11.838    uart_transmitter_module/baud_bit_period_counter_reg[236]_i_1_n_0
                         CARRY4 (Prop_carry4_CI_CO[3])
                                                      0.117    11.955 r  uart_transmitter_module/baud_bit_period_counter_reg[240]_i_1/CO[3]
                         net (fo=1, unplaced)         0.000    11.955    uart_transmitter_module/baud_bit_period_counter_reg[240]_i_1_n_0
                         CARRY4 (Prop_carry4_CI_CO[3])
                                                      0.117    12.072 r  uart_transmitter_module/baud_bit_period_counter_reg[244]_i_1/CO[3]
                         net (fo=1, unplaced)         0.000    12.072    uart_transmitter_module/baud_bit_period_counter_reg[244]_i_1_n_0
                         CARRY4 (Prop_carry4_CI_CO[3])
                                                      0.117    12.189 r  uart_transmitter_module/baud_bit_period_counter_reg[248]_i_1/CO[3]
                         net (fo=1, unplaced)         0.000    12.189    uart_transmitter_module/baud_bit_period_counter_reg[248]_i_1_n_0
                         CARRY4 (Prop_carry4_CI_CO[3])
                                                      0.117    12.306 r  uart_transmitter_module/baud_bit_period_counter_reg[252]_i_1/CO[3]
                         net (fo=1, unplaced)         0.000    12.306    uart_transmitter_module/baud_bit_period_counter_reg[252]_i_1_n_0
                         CARRY4 (Prop_carry4_CI_CO[3])
                                                      0.117    12.423 r  uart_transmitter_module/baud_bit_period_counter_reg[256]_i_1/CO[3]
                         net (fo=1, unplaced)         0.000    12.423    uart_transmitter_module/baud_bit_period_counter_reg[256]_i_1_n_0
                         CARRY4 (Prop_carry4_CI_CO[3])
                                                      0.117    12.540 r  uart_transmitter_module/baud_bit_period_counter_reg[260]_i_1/CO[3]
                         net (fo=1, unplaced)         0.000    12.540    uart_transmitter_module/baud_bit_period_counter_reg[260]_i_1_n_0
                         CARRY4 (Prop_carry4_CI_CO[3])
                                                      0.117    12.657 r  uart_transmitter_module/baud_bit_period_counter_reg[264]_i_1/CO[3]
                         net (fo=1, unplaced)         0.000    12.657    uart_transmitter_module/baud_bit_period_counter_reg[264]_i_1_n_0
                         CARRY4 (Prop_carry4_CI_CO[3])
                                                      0.117    12.774 r  uart_transmitter_module/baud_bit_period_counter_reg[268]_i_1/CO[3]
                         net (fo=1, unplaced)         0.000    12.774    uart_transmitter_module/baud_bit_period_counter_reg[268]_i_1_n_0
                         CARRY4 (Prop_carry4_CI_CO[3])
                                                      0.117    12.891 r  uart_transmitter_module/baud_bit_period_counter_reg[272]_i_1/CO[3]
                         net (fo=1, unplaced)         0.000    12.891    uart_transmitter_module/baud_bit_period_counter_reg[272]_i_1_n_0
                         CARRY4 (Prop_carry4_CI_CO[3])
                                                      0.117    13.008 r  uart_transmitter_module/baud_bit_period_counter_reg[276]_i_1/CO[3]
                         net (fo=1, unplaced)         0.000    13.008    uart_transmitter_module/baud_bit_period_counter_reg[276]_i_1_n_0
                         CARRY4 (Prop_carry4_CI_CO[3])
                                                      0.117    13.125 r  uart_transmitter_module/baud_bit_period_counter_reg[280]_i_1/CO[3]
                         net (fo=1, unplaced)         0.000    13.125    uart_transmitter_module/baud_bit_period_counter_reg[280]_i_1_n_0
                         CARRY4 (Prop_carry4_CI_CO[3])
                                                      0.117    13.242 r  uart_transmitter_module/baud_bit_period_counter_reg[284]_i_1/CO[3]
                         net (fo=1, unplaced)         0.000    13.242    uart_transmitter_module/baud_bit_period_counter_reg[284]_i_1_n_0
                         CARRY4 (Prop_carry4_CI_CO[3])
                                                      0.117    13.359 r  uart_transmitter_module/baud_bit_period_counter_reg[288]_i_1/CO[3]
                         net (fo=1, unplaced)         0.000    13.359    uart_transmitter_module/baud_bit_period_counter_reg[288]_i_1_n_0
                         CARRY4 (Prop_carry4_CI_CO[3])
                                                      0.117    13.476 r  uart_transmitter_module/baud_bit_period_counter_reg[292]_i_1/CO[3]
                         net (fo=1, unplaced)         0.000    13.476    uart_transmitter_module/baud_bit_period_counter_reg[292]_i_1_n_0
                         CARRY4 (Prop_carry4_CI_CO[3])
                                                      0.117    13.593 r  uart_transmitter_module/baud_bit_period_counter_reg[296]_i_1/CO[3]
                         net (fo=1, unplaced)         0.009    13.602    uart_transmitter_module/baud_bit_period_counter_reg[296]_i_1_n_0
                         CARRY4 (Prop_carry4_CI_CO[3])
                                                      0.117    13.719 r  uart_transmitter_module/baud_bit_period_counter_reg[300]_i_1/CO[3]
                         net (fo=1, unplaced)         0.000    13.719    uart_transmitter_module/baud_bit_period_counter_reg[300]_i_1_n_0
                         CARRY4 (Prop_carry4_CI_CO[3])
                                                      0.117    13.836 r  uart_transmitter_module/baud_bit_period_counter_reg[304]_i_1/CO[3]
                         net (fo=1, unplaced)         0.000    13.836    uart_transmitter_module/baud_bit_period_counter_reg[304]_i_1_n_0
                         CARRY4 (Prop_carry4_CI_CO[3])
                                                      0.117    13.953 r  uart_transmitter_module/baud_bit_period_counter_reg[308]_i_1/CO[3]
                         net (fo=1, unplaced)         0.000    13.953    uart_transmitter_module/baud_bit_period_counter_reg[308]_i_1_n_0
                         CARRY4 (Prop_carry4_CI_CO[3])
                                                      0.117    14.070 r  uart_transmitter_module/baud_bit_period_counter_reg[312]_i_1/CO[3]
                         net (fo=1, unplaced)         0.000    14.070    uart_transmitter_module/baud_bit_period_counter_reg[312]_i_1_n_0
                         CARRY4 (Prop_carry4_CI_CO[3])
                                                      0.117    14.187 r  uart_transmitter_module/baud_bit_period_counter_reg[316]_i_1/CO[3]
                         net (fo=1, unplaced)         0.000    14.187    uart_transmitter_module/baud_bit_period_counter_reg[316]_i_1_n_0
                         CARRY4 (Prop_carry4_CI_CO[3])
                                                      0.117    14.304 r  uart_transmitter_module/baud_bit_period_counter_reg[320]_i_1/CO[3]
                         net (fo=1, unplaced)         0.000    14.304    uart_transmitter_module/baud_bit_period_counter_reg[320]_i_1_n_0
                         CARRY4 (Prop_carry4_CI_CO[3])
                                                      0.117    14.421 r  uart_transmitter_module/baud_bit_period_counter_reg[324]_i_1/CO[3]
                         net (fo=1, unplaced)         0.000    14.421    uart_transmitter_module/baud_bit_period_counter_reg[324]_i_1_n_0
                         CARRY4 (Prop_carry4_CI_CO[3])
                                                      0.117    14.538 r  uart_transmitter_module/baud_bit_period_counter_reg[328]_i_1/CO[3]
                         net (fo=1, unplaced)         0.000    14.538    uart_transmitter_module/baud_bit_period_counter_reg[328]_i_1_n_0
                         CARRY4 (Prop_carry4_CI_CO[3])
                                                      0.117    14.655 r  uart_transmitter_module/baud_bit_period_counter_reg[332]_i_1/CO[3]
                         net (fo=1, unplaced)         0.000    14.655    uart_transmitter_module/baud_bit_period_counter_reg[332]_i_1_n_0
                         CARRY4 (Prop_carry4_CI_CO[3])
                                                      0.117    14.772 r  uart_transmitter_module/baud_bit_period_counter_reg[336]_i_1/CO[3]
                         net (fo=1, unplaced)         0.000    14.772    uart_transmitter_module/baud_bit_period_counter_reg[336]_i_1_n_0
                         CARRY4 (Prop_carry4_CI_CO[3])
                                                      0.117    14.889 r  uart_transmitter_module/baud_bit_period_counter_reg[340]_i_1/CO[3]
                         net (fo=1, unplaced)         0.000    14.889    uart_transmitter_module/baud_bit_period_counter_reg[340]_i_1_n_0
                         CARRY4 (Prop_carry4_CI_CO[3])
                                                      0.117    15.006 r  uart_transmitter_module/baud_bit_period_counter_reg[344]_i_1/CO[3]
                         net (fo=1, unplaced)         0.000    15.006    uart_transmitter_module/baud_bit_period_counter_reg[344]_i_1_n_0
                         CARRY4 (Prop_carry4_CI_CO[3])
                                                      0.117    15.123 r  uart_transmitter_module/baud_bit_period_counter_reg[348]_i_1/CO[3]
                         net (fo=1, unplaced)         0.000    15.123    uart_transmitter_module/baud_bit_period_counter_reg[348]_i_1_n_0
                         CARRY4 (Prop_carry4_CI_CO[3])
                                                      0.117    15.240 r  uart_transmitter_module/baud_bit_period_counter_reg[352]_i_1/CO[3]
                         net (fo=1, unplaced)         0.000    15.240    uart_transmitter_module/baud_bit_period_counter_reg[352]_i_1_n_0
                         CARRY4 (Prop_carry4_CI_CO[3])
                                                      0.117    15.357 r  uart_transmitter_module/baud_bit_period_counter_reg[356]_i_1/CO[3]
                         net (fo=1, unplaced)         0.000    15.357    uart_transmitter_module/baud_bit_period_counter_reg[356]_i_1_n_0
                         CARRY4 (Prop_carry4_CI_CO[3])
                                                      0.117    15.474 r  uart_transmitter_module/baud_bit_period_counter_reg[360]_i_1/CO[3]
                         net (fo=1, unplaced)         0.000    15.474    uart_transmitter_module/baud_bit_period_counter_reg[360]_i_1_n_0
                         CARRY4 (Prop_carry4_CI_CO[3])
                                                      0.117    15.591 r  uart_transmitter_module/baud_bit_period_counter_reg[364]_i_1/CO[3]
                         net (fo=1, unplaced)         0.000    15.591    uart_transmitter_module/baud_bit_period_counter_reg[364]_i_1_n_0
                         CARRY4 (Prop_carry4_CI_CO[3])
                                                      0.117    15.708 r  uart_transmitter_module/baud_bit_period_counter_reg[368]_i_1/CO[3]
                         net (fo=1, unplaced)         0.000    15.708    uart_transmitter_module/baud_bit_period_counter_reg[368]_i_1_n_0
                         CARRY4 (Prop_carry4_CI_CO[3])
                                                      0.117    15.825 r  uart_transmitter_module/baud_bit_period_counter_reg[372]_i_1/CO[3]
                         net (fo=1, unplaced)         0.000    15.825    uart_transmitter_module/baud_bit_period_counter_reg[372]_i_1_n_0
                         CARRY4 (Prop_carry4_CI_CO[3])
                                                      0.117    15.942 r  uart_transmitter_module/baud_bit_period_counter_reg[376]_i_1/CO[3]
                         net (fo=1, unplaced)         0.000    15.942    uart_transmitter_module/baud_bit_period_counter_reg[376]_i_1_n_0
                         CARRY4 (Prop_carry4_CI_CO[3])
                                                      0.117    16.059 r  uart_transmitter_module/baud_bit_period_counter_reg[380]_i_1/CO[3]
                         net (fo=1, unplaced)         0.000    16.059    uart_transmitter_module/baud_bit_period_counter_reg[380]_i_1_n_0
                         CARRY4 (Prop_carry4_CI_CO[3])
                                                      0.117    16.176 r  uart_transmitter_module/baud_bit_period_counter_reg[384]_i_1/CO[3]
                         net (fo=1, unplaced)         0.000    16.176    uart_transmitter_module/baud_bit_period_counter_reg[384]_i_1_n_0
                         CARRY4 (Prop_carry4_CI_CO[3])
                                                      0.117    16.293 r  uart_transmitter_module/baud_bit_period_counter_reg[388]_i_1/CO[3]
                         net (fo=1, unplaced)         0.000    16.293    uart_transmitter_module/baud_bit_period_counter_reg[388]_i_1_n_0
                         CARRY4 (Prop_carry4_CI_CO[3])
                                                      0.117    16.410 r  uart_transmitter_module/baud_bit_period_counter_reg[392]_i_1/CO[3]
                         net (fo=1, unplaced)         0.000    16.410    uart_transmitter_module/baud_bit_period_counter_reg[392]_i_1_n_0
                         CARRY4 (Prop_carry4_CI_CO[3])
                                                      0.117    16.527 r  uart_transmitter_module/baud_bit_period_counter_reg[396]_i_1/CO[3]
                         net (fo=1, unplaced)         0.000    16.527    uart_transmitter_module/baud_bit_period_counter_reg[396]_i_1_n_0
                         CARRY4 (Prop_carry4_CI_CO[3])
                                                      0.117    16.644 r  uart_transmitter_module/baud_bit_period_counter_reg[400]_i_1/CO[3]
                         net (fo=1, unplaced)         0.000    16.644    uart_transmitter_module/baud_bit_period_counter_reg[400]_i_1_n_0
                         CARRY4 (Prop_carry4_CI_CO[3])
                                                      0.117    16.761 r  uart_transmitter_module/baud_bit_period_counter_reg[404]_i_1/CO[3]
                         net (fo=1, unplaced)         0.000    16.761    uart_transmitter_module/baud_bit_period_counter_reg[404]_i_1_n_0
                         CARRY4 (Prop_carry4_CI_CO[3])
                                                      0.117    16.878 r  uart_transmitter_module/baud_bit_period_counter_reg[408]_i_1/CO[3]
                         net (fo=1, unplaced)         0.000    16.878    uart_transmitter_module/baud_bit_period_counter_reg[408]_i_1_n_0
                         CARRY4 (Prop_carry4_CI_CO[3])
                                                      0.117    16.995 r  uart_transmitter_module/baud_bit_period_counter_reg[412]_i_1/CO[3]
                         net (fo=1, unplaced)         0.000    16.995    uart_transmitter_module/baud_bit_period_counter_reg[412]_i_1_n_0
                         CARRY4 (Prop_carry4_CI_CO[3])
                                                      0.117    17.112 r  uart_transmitter_module/baud_bit_period_counter_reg[416]_i_1/CO[3]
                         net (fo=1, unplaced)         0.000    17.112    uart_transmitter_module/baud_bit_period_counter_reg[416]_i_1_n_0
                         CARRY4 (Prop_carry4_CI_CO[3])
                                                      0.117    17.229 r  uart_transmitter_module/baud_bit_period_counter_reg[420]_i_1/CO[3]
                         net (fo=1, unplaced)         0.000    17.229    uart_transmitter_module/baud_bit_period_counter_reg[420]_i_1_n_0
                         CARRY4 (Prop_carry4_CI_CO[3])
                                                      0.117    17.346 r  uart_transmitter_module/baud_bit_period_counter_reg[424]_i_1/CO[3]
                         net (fo=1, unplaced)         0.000    17.346    uart_transmitter_module/baud_bit_period_counter_reg[424]_i_1_n_0
                         CARRY4 (Prop_carry4_CI_CO[3])
                                                      0.117    17.463 r  uart_transmitter_module/baud_bit_period_counter_reg[428]_i_1/CO[3]
                         net (fo=1, unplaced)         0.000    17.463    uart_transmitter_module/baud_bit_period_counter_reg[428]_i_1_n_0
                         CARRY4 (Prop_carry4_CI_CO[3])
                                                      0.117    17.580 r  uart_transmitter_module/baud_bit_period_counter_reg[432]_i_1/CO[3]
                         net (fo=1, unplaced)         0.000    17.580    uart_transmitter_module/baud_bit_period_counter_reg[432]_i_1_n_0
                         CARRY4 (Prop_carry4_CI_CO[3])
                                                      0.117    17.697 r  uart_transmitter_module/baud_bit_period_counter_reg[436]_i_1/CO[3]
                         net (fo=1, unplaced)         0.000    17.697    uart_transmitter_module/baud_bit_period_counter_reg[436]_i_1_n_0
                         CARRY4 (Prop_carry4_CI_CO[3])
                                                      0.117    17.814 r  uart_transmitter_module/baud_bit_period_counter_reg[440]_i_1/CO[3]
                         net (fo=1, unplaced)         0.000    17.814    uart_transmitter_module/baud_bit_period_counter_reg[440]_i_1_n_0
                         CARRY4 (Prop_carry4_CI_CO[3])
                                                      0.117    17.931 r  uart_transmitter_module/baud_bit_period_counter_reg[444]_i_1/CO[3]
                         net (fo=1, unplaced)         0.000    17.931    uart_transmitter_module/baud_bit_period_counter_reg[444]_i_1_n_0
                         CARRY4 (Prop_carry4_CI_CO[3])
                                                      0.117    18.048 r  uart_transmitter_module/baud_bit_period_counter_reg[448]_i_1/CO[3]
                         net (fo=1, unplaced)         0.000    18.048    uart_transmitter_module/baud_bit_period_counter_reg[448]_i_1_n_0
                         CARRY4 (Prop_carry4_CI_CO[3])
                                                      0.117    18.165 r  uart_transmitter_module/baud_bit_period_counter_reg[452]_i_1/CO[3]
                         net (fo=1, unplaced)         0.000    18.165    uart_transmitter_module/baud_bit_period_counter_reg[452]_i_1_n_0
                         CARRY4 (Prop_carry4_CI_CO[3])
                                                      0.117    18.282 r  uart_transmitter_module/baud_bit_period_counter_reg[456]_i_1/CO[3]
                         net (fo=1, unplaced)         0.000    18.282    uart_transmitter_module/baud_bit_period_counter_reg[456]_i_1_n_0
                         CARRY4 (Prop_carry4_CI_CO[3])
                                                      0.117    18.399 r  uart_transmitter_module/baud_bit_period_counter_reg[460]_i_1/CO[3]
                         net (fo=1, unplaced)         0.000    18.399    uart_transmitter_module/baud_bit_period_counter_reg[460]_i_1_n_0
                         CARRY4 (Prop_carry4_CI_CO[3])
                                                      0.117    18.516 r  uart_transmitter_module/baud_bit_period_counter_reg[464]_i_1/CO[3]
                         net (fo=1, unplaced)         0.000    18.516    uart_transmitter_module/baud_bit_period_counter_reg[464]_i_1_n_0
                         CARRY4 (Prop_carry4_CI_CO[3])
                                                      0.117    18.633 r  uart_transmitter_module/baud_bit_period_counter_reg[468]_i_1/CO[3]
                         net (fo=1, unplaced)         0.000    18.633    uart_transmitter_module/baud_bit_period_counter_reg[468]_i_1_n_0
                         CARRY4 (Prop_carry4_CI_CO[3])
                                                      0.117    18.750 r  uart_transmitter_module/baud_bit_period_counter_reg[472]_i_1/CO[3]
                         net (fo=1, unplaced)         0.000    18.750    uart_transmitter_module/baud_bit_period_counter_reg[472]_i_1_n_0
                         CARRY4 (Prop_carry4_CI_CO[3])
                                                      0.117    18.867 r  uart_transmitter_module/baud_bit_period_counter_reg[476]_i_1/CO[3]
                         net (fo=1, unplaced)         0.000    18.867    uart_transmitter_module/baud_bit_period_counter_reg[476]_i_1_n_0
                         CARRY4 (Prop_carry4_CI_CO[3])
                                                      0.117    18.984 r  uart_transmitter_module/baud_bit_period_counter_reg[480]_i_1/CO[3]
                         net (fo=1, unplaced)         0.000    18.984    uart_transmitter_module/baud_bit_period_counter_reg[480]_i_1_n_0
                         CARRY4 (Prop_carry4_CI_CO[3])
                                                      0.117    19.101 r  uart_transmitter_module/baud_bit_period_counter_reg[484]_i_1/CO[3]
                         net (fo=1, unplaced)         0.000    19.101    uart_transmitter_module/baud_bit_period_counter_reg[484]_i_1_n_0
                         CARRY4 (Prop_carry4_CI_CO[3])
                                                      0.117    19.218 r  uart_transmitter_module/baud_bit_period_counter_reg[488]_i_1/CO[3]
                         net (fo=1, unplaced)         0.000    19.218    uart_transmitter_module/baud_bit_period_counter_reg[488]_i_1_n_0
                         CARRY4 (Prop_carry4_CI_CO[3])
                                                      0.117    19.335 r  uart_transmitter_module/baud_bit_period_counter_reg[492]_i_1/CO[3]
                         net (fo=1, unplaced)         0.000    19.335    uart_transmitter_module/baud_bit_period_counter_reg[492]_i_1_n_0
                         CARRY4 (Prop_carry4_CI_CO[3])
                                                      0.117    19.452 r  uart_transmitter_module/baud_bit_period_counter_reg[496]_i_1/CO[3]
                         net (fo=1, unplaced)         0.009    19.461    uart_transmitter_module/baud_bit_period_counter_reg[496]_i_1_n_0
                         CARRY4 (Prop_carry4_CI_CO[3])
                                                      0.117    19.578 r  uart_transmitter_module/baud_bit_period_counter_reg[500]_i_1/CO[3]
                         net (fo=1, unplaced)         0.000    19.578    uart_transmitter_module/baud_bit_period_counter_reg[500]_i_1_n_0
                         CARRY4 (Prop_carry4_CI_CO[3])
                                                      0.117    19.695 r  uart_transmitter_module/baud_bit_period_counter_reg[504]_i_1/CO[3]
                         net (fo=1, unplaced)         0.000    19.695    uart_transmitter_module/baud_bit_period_counter_reg[504]_i_1_n_0
                         CARRY4 (Prop_carry4_CI_CO[3])
                                                      0.117    19.812 r  uart_transmitter_module/baud_bit_period_counter_reg[508]_i_1/CO[3]
                         net (fo=1, unplaced)         0.000    19.812    uart_transmitter_module/baud_bit_period_counter_reg[508]_i_1_n_0
                         CARRY4 (Prop_carry4_CI_CO[3])
                                                      0.117    19.929 r  uart_transmitter_module/baud_bit_period_counter_reg[512]_i_1/CO[3]
                         net (fo=1, unplaced)         0.000    19.929    uart_transmitter_module/baud_bit_period_counter_reg[512]_i_1_n_0
                         CARRY4 (Prop_carry4_CI_CO[3])
                                                      0.117    20.046 r  uart_transmitter_module/baud_bit_period_counter_reg[516]_i_1/CO[3]
                         net (fo=1, unplaced)         0.000    20.046    uart_transmitter_module/baud_bit_period_counter_reg[516]_i_1_n_0
                         CARRY4 (Prop_carry4_CI_CO[3])
                                                      0.117    20.163 r  uart_transmitter_module/baud_bit_period_counter_reg[520]_i_1/CO[3]
                         net (fo=1, unplaced)         0.000    20.163    uart_transmitter_module/baud_bit_period_counter_reg[520]_i_1_n_0
                         CARRY4 (Prop_carry4_CI_CO[3])
                                                      0.117    20.280 r  uart_transmitter_module/baud_bit_period_counter_reg[524]_i_1/CO[3]
                         net (fo=1, unplaced)         0.000    20.280    uart_transmitter_module/baud_bit_period_counter_reg[524]_i_1_n_0
                         CARRY4 (Prop_carry4_CI_CO[3])
                                                      0.117    20.397 r  uart_transmitter_module/baud_bit_period_counter_reg[528]_i_1/CO[3]
                         net (fo=1, unplaced)         0.000    20.397    uart_transmitter_module/baud_bit_period_counter_reg[528]_i_1_n_0
                         CARRY4 (Prop_carry4_CI_CO[3])
                                                      0.117    20.514 r  uart_transmitter_module/baud_bit_period_counter_reg[532]_i_1/CO[3]
                         net (fo=1, unplaced)         0.000    20.514    uart_transmitter_module/baud_bit_period_counter_reg[532]_i_1_n_0
                         CARRY4 (Prop_carry4_CI_CO[3])
                                                      0.117    20.631 r  uart_transmitter_module/baud_bit_period_counter_reg[536]_i_1/CO[3]
                         net (fo=1, unplaced)         0.000    20.631    uart_transmitter_module/baud_bit_period_counter_reg[536]_i_1_n_0
                         CARRY4 (Prop_carry4_CI_CO[3])
                                                      0.117    20.748 r  uart_transmitter_module/baud_bit_period_counter_reg[540]_i_1/CO[3]
                         net (fo=1, unplaced)         0.000    20.748    uart_transmitter_module/baud_bit_period_counter_reg[540]_i_1_n_0
                         CARRY4 (Prop_carry4_CI_CO[3])
                                                      0.117    20.865 r  uart_transmitter_module/baud_bit_period_counter_reg[544]_i_1/CO[3]
                         net (fo=1, unplaced)         0.000    20.865    uart_transmitter_module/baud_bit_period_counter_reg[544]_i_1_n_0
                         CARRY4 (Prop_carry4_CI_CO[3])
                                                      0.117    20.982 r  uart_transmitter_module/baud_bit_period_counter_reg[548]_i_1/CO[3]
                         net (fo=1, unplaced)         0.000    20.982    uart_transmitter_module/baud_bit_period_counter_reg[548]_i_1_n_0
                         CARRY4 (Prop_carry4_CI_CO[3])
                                                      0.117    21.099 r  uart_transmitter_module/baud_bit_period_counter_reg[552]_i_1/CO[3]
                         net (fo=1, unplaced)         0.000    21.099    uart_transmitter_module/baud_bit_period_counter_reg[552]_i_1_n_0
                         CARRY4 (Prop_carry4_CI_CO[3])
                                                      0.117    21.216 r  uart_transmitter_module/baud_bit_period_counter_reg[556]_i_1/CO[3]
                         net (fo=1, unplaced)         0.000    21.216    uart_transmitter_module/baud_bit_period_counter_reg[556]_i_1_n_0
                         CARRY4 (Prop_carry4_CI_CO[3])
                                                      0.117    21.333 r  uart_transmitter_module/baud_bit_period_counter_reg[560]_i_1/CO[3]
                         net (fo=1, unplaced)         0.000    21.333    uart_transmitter_module/baud_bit_period_counter_reg[560]_i_1_n_0
                         CARRY4 (Prop_carry4_CI_CO[3])
                                                      0.117    21.450 r  uart_transmitter_module/baud_bit_period_counter_reg[564]_i_1/CO[3]
                         net (fo=1, unplaced)         0.000    21.450    uart_transmitter_module/baud_bit_period_counter_reg[564]_i_1_n_0
                         CARRY4 (Prop_carry4_CI_CO[3])
                                                      0.117    21.567 r  uart_transmitter_module/baud_bit_period_counter_reg[568]_i_1/CO[3]
                         net (fo=1, unplaced)         0.000    21.567    uart_transmitter_module/baud_bit_period_counter_reg[568]_i_1_n_0
                         CARRY4 (Prop_carry4_CI_CO[3])
                                                      0.117    21.684 r  uart_transmitter_module/baud_bit_period_counter_reg[572]_i_1/CO[3]
                         net (fo=1, unplaced)         0.000    21.684    uart_transmitter_module/baud_bit_period_counter_reg[572]_i_1_n_0
                         CARRY4 (Prop_carry4_CI_CO[3])
                                                      0.117    21.801 r  uart_transmitter_module/baud_bit_period_counter_reg[576]_i_1/CO[3]
                         net (fo=1, unplaced)         0.000    21.801    uart_transmitter_module/baud_bit_period_counter_reg[576]_i_1_n_0
                         CARRY4 (Prop_carry4_CI_CO[3])
                                                      0.117    21.918 r  uart_transmitter_module/baud_bit_period_counter_reg[580]_i_1/CO[3]
                         net (fo=1, unplaced)         0.000    21.918    uart_transmitter_module/baud_bit_period_counter_reg[580]_i_1_n_0
                         CARRY4 (Prop_carry4_CI_CO[3])
                                                      0.117    22.035 r  uart_transmitter_module/baud_bit_period_counter_reg[584]_i_1/CO[3]
                         net (fo=1, unplaced)         0.000    22.035    uart_transmitter_module/baud_bit_period_counter_reg[584]_i_1_n_0
                         CARRY4 (Prop_carry4_CI_CO[3])
                                                      0.117    22.152 r  uart_transmitter_module/baud_bit_period_counter_reg[588]_i_1/CO[3]
                         net (fo=1, unplaced)         0.000    22.152    uart_transmitter_module/baud_bit_period_counter_reg[588]_i_1_n_0
                         CARRY4 (Prop_carry4_CI_CO[3])
                                                      0.117    22.269 r  uart_transmitter_module/baud_bit_period_counter_reg[592]_i_1/CO[3]
                         net (fo=1, unplaced)         0.000    22.269    uart_transmitter_module/baud_bit_period_counter_reg[592]_i_1_n_0
                         CARRY4 (Prop_carry4_CI_CO[3])
                                                      0.117    22.386 r  uart_transmitter_module/baud_bit_period_counter_reg[596]_i_1/CO[3]
                         net (fo=1, unplaced)         0.000    22.386    uart_transmitter_module/baud_bit_period_counter_reg[596]_i_1_n_0
                         CARRY4 (Prop_carry4_CI_CO[3])
                                                      0.117    22.503 r  uart_transmitter_module/baud_bit_period_counter_reg[600]_i_1/CO[3]
                         net (fo=1, unplaced)         0.009    22.512    uart_transmitter_module/baud_bit_period_counter_reg[600]_i_1_n_0
                         CARRY4 (Prop_carry4_CI_CO[3])
                                                      0.117    22.629 r  uart_transmitter_module/baud_bit_period_counter_reg[604]_i_1/CO[3]
                         net (fo=1, unplaced)         0.000    22.629    uart_transmitter_module/baud_bit_period_counter_reg[604]_i_1_n_0
                         CARRY4 (Prop_carry4_CI_CO[3])
                                                      0.117    22.746 r  uart_transmitter_module/baud_bit_period_counter_reg[608]_i_1/CO[3]
                         net (fo=1, unplaced)         0.000    22.746    uart_transmitter_module/baud_bit_period_counter_reg[608]_i_1_n_0
                         CARRY4 (Prop_carry4_CI_CO[3])
                                                      0.117    22.863 r  uart_transmitter_module/baud_bit_period_counter_reg[612]_i_1/CO[3]
                         net (fo=1, unplaced)         0.000    22.863    uart_transmitter_module/baud_bit_period_counter_reg[612]_i_1_n_0
                         CARRY4 (Prop_carry4_CI_CO[3])
                                                      0.117    22.980 r  uart_transmitter_module/baud_bit_period_counter_reg[616]_i_1/CO[3]
                         net (fo=1, unplaced)         0.000    22.980    uart_transmitter_module/baud_bit_period_counter_reg[616]_i_1_n_0
                         CARRY4 (Prop_carry4_CI_CO[3])
                                                      0.117    23.097 r  uart_transmitter_module/baud_bit_period_counter_reg[620]_i_1/CO[3]
                         net (fo=1, unplaced)         0.000    23.097    uart_transmitter_module/baud_bit_period_counter_reg[620]_i_1_n_0
                         CARRY4 (Prop_carry4_CI_CO[3])
                                                      0.117    23.214 r  uart_transmitter_module/baud_bit_period_counter_reg[624]_i_1/CO[3]
                         net (fo=1, unplaced)         0.000    23.214    uart_transmitter_module/baud_bit_period_counter_reg[624]_i_1_n_0
                         CARRY4 (Prop_carry4_CI_CO[3])
                                                      0.117    23.331 r  uart_transmitter_module/baud_bit_period_counter_reg[628]_i_1/CO[3]
                         net (fo=1, unplaced)         0.000    23.331    uart_transmitter_module/baud_bit_period_counter_reg[628]_i_1_n_0
                         CARRY4 (Prop_carry4_CI_CO[3])
                                                      0.117    23.448 r  uart_transmitter_module/baud_bit_period_counter_reg[632]_i_1/CO[3]
                         net (fo=1, unplaced)         0.000    23.448    uart_transmitter_module/baud_bit_period_counter_reg[632]_i_1_n_0
                         CARRY4 (Prop_carry4_CI_CO[3])
                                                      0.117    23.565 r  uart_transmitter_module/baud_bit_period_counter_reg[636]_i_1/CO[3]
                         net (fo=1, unplaced)         0.000    23.565    uart_transmitter_module/baud_bit_period_counter_reg[636]_i_1_n_0
                         CARRY4 (Prop_carry4_CI_CO[3])
                                                      0.117    23.682 r  uart_transmitter_module/baud_bit_period_counter_reg[640]_i_1/CO[3]
                         net (fo=1, unplaced)         0.000    23.682    uart_transmitter_module/baud_bit_period_counter_reg[640]_i_1_n_0
                         CARRY4 (Prop_carry4_CI_CO[3])
                                                      0.117    23.799 r  uart_transmitter_module/baud_bit_period_counter_reg[644]_i_1/CO[3]
                         net (fo=1, unplaced)         0.000    23.799    uart_transmitter_module/baud_bit_period_counter_reg[644]_i_1_n_0
                         CARRY4 (Prop_carry4_CI_CO[3])
                                                      0.117    23.916 r  uart_transmitter_module/baud_bit_period_counter_reg[648]_i_1/CO[3]
                         net (fo=1, unplaced)         0.000    23.916    uart_transmitter_module/baud_bit_period_counter_reg[648]_i_1_n_0
                         CARRY4 (Prop_carry4_CI_CO[3])
                                                      0.117    24.033 r  uart_transmitter_module/baud_bit_period_counter_reg[652]_i_1/CO[3]
                         net (fo=1, unplaced)         0.000    24.033    uart_transmitter_module/baud_bit_period_counter_reg[652]_i_1_n_0
                         CARRY4 (Prop_carry4_CI_CO[3])
                                                      0.117    24.150 r  uart_transmitter_module/baud_bit_period_counter_reg[656]_i_1/CO[3]
                         net (fo=1, unplaced)         0.000    24.150    uart_transmitter_module/baud_bit_period_counter_reg[656]_i_1_n_0
                         CARRY4 (Prop_carry4_CI_CO[3])
                                                      0.117    24.267 r  uart_transmitter_module/baud_bit_period_counter_reg[660]_i_1/CO[3]
                         net (fo=1, unplaced)         0.000    24.267    uart_transmitter_module/baud_bit_period_counter_reg[660]_i_1_n_0
                         CARRY4 (Prop_carry4_CI_CO[3])
                                                      0.117    24.384 r  uart_transmitter_module/baud_bit_period_counter_reg[664]_i_1/CO[3]
                         net (fo=1, unplaced)         0.000    24.384    uart_transmitter_module/baud_bit_period_counter_reg[664]_i_1_n_0
                         CARRY4 (Prop_carry4_CI_CO[3])
                                                      0.117    24.501 r  uart_transmitter_module/baud_bit_period_counter_reg[668]_i_1/CO[3]
                         net (fo=1, unplaced)         0.000    24.501    uart_transmitter_module/baud_bit_period_counter_reg[668]_i_1_n_0
                         CARRY4 (Prop_carry4_CI_CO[3])
                                                      0.117    24.618 r  uart_transmitter_module/baud_bit_period_counter_reg[672]_i_1/CO[3]
                         net (fo=1, unplaced)         0.000    24.618    uart_transmitter_module/baud_bit_period_counter_reg[672]_i_1_n_0
                         CARRY4 (Prop_carry4_CI_CO[3])
                                                      0.117    24.735 r  uart_transmitter_module/baud_bit_period_counter_reg[676]_i_1/CO[3]
                         net (fo=1, unplaced)         0.000    24.735    uart_transmitter_module/baud_bit_period_counter_reg[676]_i_1_n_0
                         CARRY4 (Prop_carry4_CI_CO[3])
                                                      0.117    24.852 r  uart_transmitter_module/baud_bit_period_counter_reg[680]_i_1/CO[3]
                         net (fo=1, unplaced)         0.000    24.852    uart_transmitter_module/baud_bit_period_counter_reg[680]_i_1_n_0
                         CARRY4 (Prop_carry4_CI_CO[3])
                                                      0.117    24.969 r  uart_transmitter_module/baud_bit_period_counter_reg[684]_i_1/CO[3]
                         net (fo=1, unplaced)         0.000    24.969    uart_transmitter_module/baud_bit_period_counter_reg[684]_i_1_n_0
                         CARRY4 (Prop_carry4_CI_CO[3])
                                                      0.117    25.086 r  uart_transmitter_module/baud_bit_period_counter_reg[688]_i_1/CO[3]
                         net (fo=1, unplaced)         0.000    25.086    uart_transmitter_module/baud_bit_period_counter_reg[688]_i_1_n_0
                         CARRY4 (Prop_carry4_CI_CO[3])
                                                      0.117    25.203 r  uart_transmitter_module/baud_bit_period_counter_reg[692]_i_1/CO[3]
                         net (fo=1, unplaced)         0.000    25.203    uart_transmitter_module/baud_bit_period_counter_reg[692]_i_1_n_0
                         CARRY4 (Prop_carry4_CI_CO[3])
                                                      0.117    25.320 r  uart_transmitter_module/baud_bit_period_counter_reg[696]_i_1/CO[3]
                         net (fo=1, unplaced)         0.000    25.320    uart_transmitter_module/baud_bit_period_counter_reg[696]_i_1_n_0
                         CARRY4 (Prop_carry4_CI_CO[3])
                                                      0.117    25.437 r  uart_transmitter_module/baud_bit_period_counter_reg[700]_i_1/CO[3]
                         net (fo=1, unplaced)         0.000    25.437    uart_transmitter_module/baud_bit_period_counter_reg[700]_i_1_n_0
                         CARRY4 (Prop_carry4_CI_CO[3])
                                                      0.117    25.554 r  uart_transmitter_module/baud_bit_period_counter_reg[704]_i_1/CO[3]
                         net (fo=1, unplaced)         0.000    25.554    uart_transmitter_module/baud_bit_period_counter_reg[704]_i_1_n_0
                         CARRY4 (Prop_carry4_CI_CO[3])
                                                      0.117    25.671 r  uart_transmitter_module/baud_bit_period_counter_reg[708]_i_1/CO[3]
                         net (fo=1, unplaced)         0.000    25.671    uart_transmitter_module/baud_bit_period_counter_reg[708]_i_1_n_0
                         CARRY4 (Prop_carry4_CI_CO[3])
                                                      0.117    25.788 r  uart_transmitter_module/baud_bit_period_counter_reg[712]_i_1/CO[3]
                         net (fo=1, unplaced)         0.000    25.788    uart_transmitter_module/baud_bit_period_counter_reg[712]_i_1_n_0
                         CARRY4 (Prop_carry4_CI_CO[3])
                                                      0.117    25.905 r  uart_transmitter_module/baud_bit_period_counter_reg[716]_i_1/CO[3]
                         net (fo=1, unplaced)         0.000    25.905    uart_transmitter_module/baud_bit_period_counter_reg[716]_i_1_n_0
                         CARRY4 (Prop_carry4_CI_CO[3])
                                                      0.117    26.022 r  uart_transmitter_module/baud_bit_period_counter_reg[720]_i_1/CO[3]
                         net (fo=1, unplaced)         0.000    26.022    uart_transmitter_module/baud_bit_period_counter_reg[720]_i_1_n_0
                         CARRY4 (Prop_carry4_CI_CO[3])
                                                      0.117    26.139 r  uart_transmitter_module/baud_bit_period_counter_reg[724]_i_1/CO[3]
                         net (fo=1, unplaced)         0.000    26.139    uart_transmitter_module/baud_bit_period_counter_reg[724]_i_1_n_0
                         CARRY4 (Prop_carry4_CI_CO[3])
                                                      0.117    26.256 r  uart_transmitter_module/baud_bit_period_counter_reg[728]_i_1/CO[3]
                         net (fo=1, unplaced)         0.000    26.256    uart_transmitter_module/baud_bit_period_counter_reg[728]_i_1_n_0
                         CARRY4 (Prop_carry4_CI_CO[3])
                                                      0.117    26.373 r  uart_transmitter_module/baud_bit_period_counter_reg[732]_i_1/CO[3]
                         net (fo=1, unplaced)         0.000    26.373    uart_transmitter_module/baud_bit_period_counter_reg[732]_i_1_n_0
                         CARRY4 (Prop_carry4_CI_CO[3])
                                                      0.117    26.490 r  uart_transmitter_module/baud_bit_period_counter_reg[736]_i_1/CO[3]
                         net (fo=1, unplaced)         0.000    26.490    uart_transmitter_module/baud_bit_period_counter_reg[736]_i_1_n_0
                         CARRY4 (Prop_carry4_CI_CO[3])
                                                      0.117    26.607 r  uart_transmitter_module/baud_bit_period_counter_reg[740]_i_1/CO[3]
                         net (fo=1, unplaced)         0.000    26.607    uart_transmitter_module/baud_bit_period_counter_reg[740]_i_1_n_0
                         CARRY4 (Prop_carry4_CI_CO[3])
                                                      0.117    26.724 r  uart_transmitter_module/baud_bit_period_counter_reg[744]_i_1/CO[3]
                         net (fo=1, unplaced)         0.000    26.724    uart_transmitter_module/baud_bit_period_counter_reg[744]_i_1_n_0
                         CARRY4 (Prop_carry4_CI_CO[3])
                                                      0.117    26.841 r  uart_transmitter_module/baud_bit_period_counter_reg[748]_i_1/CO[3]
                         net (fo=1, unplaced)         0.000    26.841    uart_transmitter_module/baud_bit_period_counter_reg[748]_i_1_n_0
                         CARRY4 (Prop_carry4_CI_CO[3])
                                                      0.117    26.958 r  uart_transmitter_module/baud_bit_period_counter_reg[752]_i_1/CO[3]
                         net (fo=1, unplaced)         0.000    26.958    uart_transmitter_module/baud_bit_period_counter_reg[752]_i_1_n_0
                         CARRY4 (Prop_carry4_CI_CO[3])
                                                      0.117    27.075 r  uart_transmitter_module/baud_bit_period_counter_reg[756]_i_1/CO[3]
                         net (fo=1, unplaced)         0.000    27.075    uart_transmitter_module/baud_bit_period_counter_reg[756]_i_1_n_0
                         CARRY4 (Prop_carry4_CI_CO[3])
                                                      0.117    27.192 r  uart_transmitter_module/baud_bit_period_counter_reg[760]_i_1/CO[3]
                         net (fo=1, unplaced)         0.000    27.192    uart_transmitter_module/baud_bit_period_counter_reg[760]_i_1_n_0
                         CARRY4 (Prop_carry4_CI_CO[3])
                                                      0.117    27.309 r  uart_transmitter_module/baud_bit_period_counter_reg[764]_i_1/CO[3]
                         net (fo=1, unplaced)         0.000    27.309    uart_transmitter_module/baud_bit_period_counter_reg[764]_i_1_n_0
                         CARRY4 (Prop_carry4_CI_CO[3])
                                                      0.117    27.426 r  uart_transmitter_module/baud_bit_period_counter_reg[768]_i_1/CO[3]
                         net (fo=1, unplaced)         0.000    27.426    uart_transmitter_module/baud_bit_period_counter_reg[768]_i_1_n_0
                         CARRY4 (Prop_carry4_CI_CO[3])
                                                      0.117    27.543 r  uart_transmitter_module/baud_bit_period_counter_reg[772]_i_1/CO[3]
                         net (fo=1, unplaced)         0.000    27.543    uart_transmitter_module/baud_bit_period_counter_reg[772]_i_1_n_0
                         CARRY4 (Prop_carry4_CI_CO[3])
                                                      0.117    27.660 r  uart_transmitter_module/baud_bit_period_counter_reg[776]_i_1/CO[3]
                         net (fo=1, unplaced)         0.000    27.660    uart_transmitter_module/baud_bit_period_counter_reg[776]_i_1_n_0
                         CARRY4 (Prop_carry4_CI_CO[3])
                                                      0.117    27.777 r  uart_transmitter_module/baud_bit_period_counter_reg[780]_i_1/CO[3]
                         net (fo=1, unplaced)         0.000    27.777    uart_transmitter_module/baud_bit_period_counter_reg[780]_i_1_n_0
                         CARRY4 (Prop_carry4_CI_CO[3])
                                                      0.117    27.894 r  uart_transmitter_module/baud_bit_period_counter_reg[784]_i_1/CO[3]
                         net (fo=1, unplaced)         0.000    27.894    uart_transmitter_module/baud_bit_period_counter_reg[784]_i_1_n_0
                         CARRY4 (Prop_carry4_CI_CO[3])
                                                      0.117    28.011 r  uart_transmitter_module/baud_bit_period_counter_reg[788]_i_1/CO[3]
                         net (fo=1, unplaced)         0.000    28.011    uart_transmitter_module/baud_bit_period_counter_reg[788]_i_1_n_0
                         CARRY4 (Prop_carry4_CI_CO[3])
                                                      0.117    28.128 r  uart_transmitter_module/baud_bit_period_counter_reg[792]_i_1/CO[3]
                         net (fo=1, unplaced)         0.000    28.128    uart_transmitter_module/baud_bit_period_counter_reg[792]_i_1_n_0
                         CARRY4 (Prop_carry4_CI_CO[3])
                                                      0.117    28.245 r  uart_transmitter_module/baud_bit_period_counter_reg[796]_i_1/CO[3]
                         net (fo=1, unplaced)         0.000    28.245    uart_transmitter_module/baud_bit_period_counter_reg[796]_i_1_n_0
                         CARRY4 (Prop_carry4_CI_CO[3])
                                                      0.117    28.362 r  uart_transmitter_module/baud_bit_period_counter_reg[800]_i_1/CO[3]
                         net (fo=1, unplaced)         0.009    28.371    uart_transmitter_module/baud_bit_period_counter_reg[800]_i_1_n_0
                         CARRY4 (Prop_carry4_CI_CO[3])
                                                      0.117    28.488 r  uart_transmitter_module/baud_bit_period_counter_reg[804]_i_1/CO[3]
                         net (fo=1, unplaced)         0.000    28.488    uart_transmitter_module/baud_bit_period_counter_reg[804]_i_1_n_0
                         CARRY4 (Prop_carry4_CI_CO[3])
                                                      0.117    28.605 r  uart_transmitter_module/baud_bit_period_counter_reg[808]_i_1/CO[3]
                         net (fo=1, unplaced)         0.000    28.605    uart_transmitter_module/baud_bit_period_counter_reg[808]_i_1_n_0
                         CARRY4 (Prop_carry4_CI_CO[3])
                                                      0.117    28.722 r  uart_transmitter_module/baud_bit_period_counter_reg[812]_i_1/CO[3]
                         net (fo=1, unplaced)         0.000    28.722    uart_transmitter_module/baud_bit_period_counter_reg[812]_i_1_n_0
                         CARRY4 (Prop_carry4_CI_CO[3])
                                                      0.117    28.839 r  uart_transmitter_module/baud_bit_period_counter_reg[816]_i_1/CO[3]
                         net (fo=1, unplaced)         0.000    28.839    uart_transmitter_module/baud_bit_period_counter_reg[816]_i_1_n_0
                         CARRY4 (Prop_carry4_CI_CO[3])
                                                      0.117    28.956 r  uart_transmitter_module/baud_bit_period_counter_reg[820]_i_1/CO[3]
                         net (fo=1, unplaced)         0.000    28.956    uart_transmitter_module/baud_bit_period_counter_reg[820]_i_1_n_0
                         CARRY4 (Prop_carry4_CI_CO[3])
                                                      0.117    29.073 r  uart_transmitter_module/baud_bit_period_counter_reg[824]_i_1/CO[3]
                         net (fo=1, unplaced)         0.000    29.073    uart_transmitter_module/baud_bit_period_counter_reg[824]_i_1_n_0
                         CARRY4 (Prop_carry4_CI_CO[3])
                                                      0.117    29.190 r  uart_transmitter_module/baud_bit_period_counter_reg[828]_i_1/CO[3]
                         net (fo=1, unplaced)         0.000    29.190    uart_transmitter_module/baud_bit_period_counter_reg[828]_i_1_n_0
                         CARRY4 (Prop_carry4_CI_CO[3])
                                                      0.117    29.307 r  uart_transmitter_module/baud_bit_period_counter_reg[832]_i_1/CO[3]
                         net (fo=1, unplaced)         0.000    29.307    uart_transmitter_module/baud_bit_period_counter_reg[832]_i_1_n_0
                         CARRY4 (Prop_carry4_CI_CO[3])
                                                      0.117    29.424 r  uart_transmitter_module/baud_bit_period_counter_reg[836]_i_1/CO[3]
                         net (fo=1, unplaced)         0.000    29.424    uart_transmitter_module/baud_bit_period_counter_reg[836]_i_1_n_0
                         CARRY4 (Prop_carry4_CI_CO[3])
                                                      0.117    29.541 r  uart_transmitter_module/baud_bit_period_counter_reg[840]_i_1/CO[3]
                         net (fo=1, unplaced)         0.000    29.541    uart_transmitter_module/baud_bit_period_counter_reg[840]_i_1_n_0
                         CARRY4 (Prop_carry4_CI_CO[3])
                                                      0.117    29.658 r  uart_transmitter_module/baud_bit_period_counter_reg[844]_i_1/CO[3]
                         net (fo=1, unplaced)         0.000    29.658    uart_transmitter_module/baud_bit_period_counter_reg[844]_i_1_n_0
                         CARRY4 (Prop_carry4_CI_CO[3])
                                                      0.117    29.775 r  uart_transmitter_module/baud_bit_period_counter_reg[848]_i_1/CO[3]
                         net (fo=1, unplaced)         0.000    29.775    uart_transmitter_module/baud_bit_period_counter_reg[848]_i_1_n_0
                         CARRY4 (Prop_carry4_CI_CO[3])
                                                      0.117    29.892 r  uart_transmitter_module/baud_bit_period_counter_reg[852]_i_1/CO[3]
                         net (fo=1, unplaced)         0.000    29.892    uart_transmitter_module/baud_bit_period_counter_reg[852]_i_1_n_0
                         CARRY4 (Prop_carry4_CI_CO[3])
                                                      0.117    30.009 r  uart_transmitter_module/baud_bit_period_counter_reg[856]_i_1/CO[3]
                         net (fo=1, unplaced)         0.000    30.009    uart_transmitter_module/baud_bit_period_counter_reg[856]_i_1_n_0
                         CARRY4 (Prop_carry4_CI_CO[3])
                                                      0.117    30.126 r  uart_transmitter_module/baud_bit_period_counter_reg[860]_i_1/CO[3]
                         net (fo=1, unplaced)         0.000    30.126    uart_transmitter_module/baud_bit_period_counter_reg[860]_i_1_n_0
                         CARRY4 (Prop_carry4_CI_CO[3])
                                                      0.117    30.243 r  uart_transmitter_module/baud_bit_period_counter_reg[864]_i_1/CO[3]
                         net (fo=1, unplaced)         0.000    30.243    uart_transmitter_module/baud_bit_period_counter_reg[864]_i_1_n_0
                         CARRY4 (Prop_carry4_CI_O[0])
                                                      0.232    30.475 r  uart_transmitter_module/baud_bit_period_counter_reg[868]_i_1/O[0]
                         net (fo=1, unplaced)         0.000    30.475    uart_transmitter_module/baud_bit_period_counter_reg[868]_i_1_n_7
                         FDRE                                         r  uart_transmitter_module/baud_bit_period_counter_reg[868]/D
  -------------------------------------------------------------------    -------------------

                         (clock gclk rise edge)      10.000    10.000 r  
    N15                                               0.000    10.000 r  clk_100mhz (IN)
                         net (fo=0)                   0.000    10.000    clk_100mhz
    N15                  IBUF (Prop_ibuf_I_O)         1.370    11.370 r  clk_100mhz_IBUF_inst/O
                         net (fo=1, unplaced)         0.760    12.130    clk_100mhz_IBUF
                         BUFG (Prop_bufg_I_O)         0.091    12.221 r  clk_100mhz_IBUF_BUFG_inst/O
                         net (fo=1113, unplaced)      0.439    12.660    uart_transmitter_module/CLK
                         FDRE                                         r  uart_transmitter_module/baud_bit_period_counter_reg[868]/C
                         clock pessimism              0.115    12.775    
                         clock uncertainty           -0.035    12.740    
                         FDRE (Setup_fdre_C_D)        0.076    12.816    uart_transmitter_module/baud_bit_period_counter_reg[868]
  -------------------------------------------------------------------
                         required time                         12.816    
                         arrival time                         -30.475    
  -------------------------------------------------------------------
                         slack                                -17.659    




