Copyright 1986-2022 Xilinx, Inc. All Rights Reserved. Copyright 2022-2025 Advanced Micro Devices, Inc. All Rights Reserved.
---------------------------------------------------------------------------------------------------------------------------------------------
| Tool Version : Vivado v.2025.1 (lin64) Build 6140274 Wed May 21 22:58:25 MDT 2025
| Date         : Tue Sep 23 21:50:49 2025
| Host         : eecs-digital-16 running 64-bit Ubuntu 24.04.3 LTS
| Command      : report_timing_summary -file obj/post_place_timing_summary.rpt
| Design       : top_level
| Device       : 7s50-csga324
| Speed File   : -1  PRODUCTION 1.23 2018-06-13
| Design State : Physopt postPlace
---------------------------------------------------------------------------------------------------------------------------------------------

Timing Summary Report

------------------------------------------------------------------------------------------------
| Timer Settings
| --------------
------------------------------------------------------------------------------------------------

  Enable Multi Corner Analysis               :  Yes
  Enable Pessimism Removal                   :  Yes
  Pessimism Removal Resolution               :  Nearest Common Node
  Enable Input Delay Default Clock           :  No
  Enable Preset / Clear Arcs                 :  No
  Disable Flight Delays                      :  No
  Ignore I/O Paths                           :  No
  Timing Early Launch at Borrowing Latches   :  No
  Borrow Time for Max Delay Exceptions       :  Yes
  Merge Timing Exceptions                    :  Yes
  Inter-SLR Compensation                     :  Conservative

  Corner  Analyze    Analyze    
  Name    Max Paths  Min Paths  
  ------  ---------  ---------  
  Slow    Yes        Yes        
  Fast    Yes        Yes        


------------------------------------------------------------------------------------------------
| Report Methodology
| ------------------
------------------------------------------------------------------------------------------------

No report available as report_methodology has not been run prior. Run report_methodology on the current design for the summary of methodology violations.



check_timing report

Table of Contents
-----------------
1. checking no_clock (0)
2. checking constant_clock (0)
3. checking pulse_width_clock (0)
4. checking unconstrained_internal_endpoints (0)
5. checking no_input_delay (4)
6. checking no_output_delay (12)
7. checking multiple_clock (0)
8. checking generated_clocks (0)
9. checking loops (0)
10. checking partial_input_delay (0)
11. checking partial_output_delay (0)
12. checking latch_loops (0)

1. checking no_clock (0)
------------------------
 There are 0 register/latch pins with no clock.


2. checking constant_clock (0)
------------------------------
 There are 0 register/latch pins with constant_clock.


3. checking pulse_width_clock (0)
---------------------------------
 There are 0 register/latch pins which need pulse_width check


4. checking unconstrained_internal_endpoints (0)
------------------------------------------------
 There are 0 pins that are not constrained for maximum delay.

 There are 0 pins that are not constrained for maximum delay due to constant clock.


5. checking no_input_delay (4)
------------------------------
 There are 4 input ports with no input delay specified. (HIGH)

 There are 0 input ports with no input delay but user has a false path constraint.


6. checking no_output_delay (12)
--------------------------------
 There are 12 ports with no output delay specified. (HIGH)

 There are 0 ports with no output delay but user has a false path constraint

 There are 0 ports with no output delay but with a timing clock defined on it or propagating through it


7. checking multiple_clock (0)
------------------------------
 There are 0 register/latch pins with multiple clocks.


8. checking generated_clocks (0)
--------------------------------
 There are 0 generated clocks that are not connected to a clock source.


9. checking loops (0)
---------------------
 There are 0 combinational loops in the design.


10. checking partial_input_delay (0)
------------------------------------
 There are 0 input ports with partial input delay specified.


11. checking partial_output_delay (0)
-------------------------------------
 There are 0 ports with partial output delay specified.


12. checking latch_loops (0)
----------------------------
 There are 0 combinational latch loops in the design through latch input



------------------------------------------------------------------------------------------------
| Design Timing Summary
| ---------------------
------------------------------------------------------------------------------------------------

    WNS(ns)      TNS(ns)  TNS Failing Endpoints  TNS Total Endpoints      WHS(ns)      THS(ns)  THS Failing Endpoints  THS Total Endpoints     WPWS(ns)     TPWS(ns)  TPWS Failing Endpoints  TPWS Total Endpoints  
    -------      -------  ---------------------  -------------------      -------      -------  ---------------------  -------------------     --------     --------  ----------------------  --------------------  
    -19.191    -6103.513                   1245                 3625       -0.038       -0.038                      1                 3625        3.500        0.000                       0                  1116  


Timing constraints are not met.


------------------------------------------------------------------------------------------------
| Clock Summary
| -------------
------------------------------------------------------------------------------------------------

Clock  Waveform(ns)       Period(ns)      Frequency(MHz)
-----  ------------       ----------      --------------
gclk   {0.000 4.000}      10.000          100.000         


------------------------------------------------------------------------------------------------
| Intra Clock Table
| -----------------
------------------------------------------------------------------------------------------------

Clock             WNS(ns)      TNS(ns)  TNS Failing Endpoints  TNS Total Endpoints      WHS(ns)      THS(ns)  THS Failing Endpoints  THS Total Endpoints     WPWS(ns)     TPWS(ns)  TPWS Failing Endpoints  TPWS Total Endpoints  
-----             -------      -------  ---------------------  -------------------      -------      -------  ---------------------  -------------------     --------     --------  ----------------------  --------------------  
gclk              -19.191    -6103.513                   1245                 3625       -0.038       -0.038                      1                 3625        3.500        0.000                       0                  1116  


------------------------------------------------------------------------------------------------
| Inter Clock Table
| -----------------
------------------------------------------------------------------------------------------------

From Clock    To Clock          WNS(ns)      TNS(ns)  TNS Failing Endpoints  TNS Total Endpoints      WHS(ns)      THS(ns)  THS Failing Endpoints  THS Total Endpoints  
----------    --------          -------      -------  ---------------------  -------------------      -------      -------  ---------------------  -------------------  


------------------------------------------------------------------------------------------------
| Other Path Groups Table
| -----------------------
------------------------------------------------------------------------------------------------

Path Group    From Clock    To Clock          WNS(ns)      TNS(ns)  TNS Failing Endpoints  TNS Total Endpoints      WHS(ns)      THS(ns)  THS Failing Endpoints  THS Total Endpoints  
----------    ----------    --------          -------      -------  ---------------------  -------------------      -------      -------  ---------------------  -------------------  


------------------------------------------------------------------------------------------------
| Timing Details
| --------------
------------------------------------------------------------------------------------------------


---------------------------------------------------------------------------------------------------
From Clock:  gclk
  To Clock:  gclk

Setup :         1245  Failing Endpoints,  Worst Slack      -19.191ns,  Total Violation    -6103.513ns
Hold  :            1  Failing Endpoint ,  Worst Slack       -0.038ns,  Total Violation       -0.038ns
PW    :            0  Failing Endpoints,  Worst Slack        3.500ns,  Total Violation        0.000ns
---------------------------------------------------------------------------------------------------


Max Delay Paths
--------------------------------------------------------------------------------------
Slack (VIOLATED) :        -19.191ns  (required time - arrival time)
  Source:                 uart_transmitter_module/baud_bit_period_counter_reg[1]/C
                            (rising edge-triggered cell FDRE clocked by gclk  {rise@0.000ns fall@4.000ns period=10.000ns})
  Destination:            uart_transmitter_module/baud_bit_period_counter_reg[868]/D
                            (rising edge-triggered cell FDRE clocked by gclk  {rise@0.000ns fall@4.000ns period=10.000ns})
  Path Group:             gclk
  Path Type:              Setup (Max at Slow Process Corner)
  Requirement:            10.000ns  (gclk rise@10.000ns - gclk rise@0.000ns)
  Data Path Delay:        29.258ns  (logic 26.443ns (90.379%)  route 2.815ns (9.621%))
  Logic Levels:           218  (CARRY4=218)
  Clock Path Skew:        0.040ns (DCD - SCD + CPR)
    Destination Clock Delay (DCD):    5.016ns = ( 15.016 - 10.000 ) 
    Source Clock Delay      (SCD):    5.149ns
    Clock Pessimism Removal (CPR):    0.174ns
  Clock Uncertainty:      0.035ns  ((TSJ^2 + TIJ^2)^1/2 + DJ) / 2 + PE
    Total System Jitter     (TSJ):    0.071ns
    Total Input Jitter      (TIJ):    0.000ns
    Discrete Jitter          (DJ):    0.000ns
    Phase Error              (PE):    0.000ns

    Location             Delay type                Incr(ns)  Path(ns)    Netlist Resource(s)
  -------------------------------------------------------------------    -------------------
                         (clock gclk rise edge)       0.000     0.000 r  
    N15                                               0.000     0.000 r  clk_100mhz (IN)
                         net (fo=0)                   0.000     0.000    clk_100mhz
    N15                  IBUF (Prop_ibuf_I_O)         1.440     1.440 r  clk_100mhz_IBUF_inst/O
                         net (fo=1, estimated)        1.972     3.412    clk_100mhz_IBUF
    BUFGCTRL_X0Y0        BUFG (Prop_bufg_I_O)         0.096     3.508 r  clk_100mhz_IBUF_BUFG_inst/O
                         net (fo=1115, estimated)     1.641     5.149    uart_transmitter_module/CLK
    SLICE_X3Y0           FDRE                                         r  uart_transmitter_module/baud_bit_period_counter_reg[1]/C
  -------------------------------------------------------------------    -------------------
    SLICE_X3Y0           FDRE (Prop_fdre_C_Q)         0.456     5.605 r  uart_transmitter_module/baud_bit_period_counter_reg[1]/Q
                         net (fo=2, estimated)        0.304     5.909    uart_transmitter_module/baud_bit_period_counter_reg[1]
    SLICE_X0Y0           CARRY4 (Prop_carry4_S[1]_CO[3])
                                                      0.674     6.583 r  uart_transmitter_module/baud_bit_period_counter_reg[0]_i_2/CO[3]
                         net (fo=1, estimated)        0.000     6.583    uart_transmitter_module/baud_bit_period_counter_reg[0]_i_2_n_0
    SLICE_X0Y1           CARRY4 (Prop_carry4_CI_CO[3])
                                                      0.114     6.697 r  uart_transmitter_module/baud_bit_period_counter_reg[4]_i_1/CO[3]
                         net (fo=1, estimated)        0.000     6.697    uart_transmitter_module/baud_bit_period_counter_reg[4]_i_1_n_0
    SLICE_X0Y2           CARRY4 (Prop_carry4_CI_CO[3])
                                                      0.114     6.811 r  uart_transmitter_module/baud_bit_period_counter_reg[8]_i_1/CO[3]
                         net (fo=1, estimated)        0.000     6.811    uart_transmitter_module/baud_bit_period_counter_reg[8]_i_1_n_0
    SLICE_X0Y3           CARRY4 (Prop_carry4_CI_CO[3])
                                                      0.114     6.925 r  uart_transmitter_module/baud_bit_period_counter_reg[12]_i_1/CO[3]
                         net (fo=1, estimated)        0.000     6.925    uart_transmitter_module/baud_bit_period_counter_reg[12]_i_1_n_0
    SLICE_X0Y4           CARRY4 (Prop_carry4_CI_CO[3])
                                                      0.114     7.039 r  uart_transmitter_module/baud_bit_period_counter_reg[16]_i_1/CO[3]
                         net (fo=1, estimated)        0.000     7.039    uart_transmitter_module/baud_bit_period_counter_reg[16]_i_1_n_0
    SLICE_X0Y5           CARRY4 (Prop_carry4_CI_CO[3])
                                                      0.114     7.153 r  uart_transmitter_module/baud_bit_period_counter_reg[20]_i_1/CO[3]
                         net (fo=1, estimated)        0.000     7.153    uart_transmitter_module/baud_bit_period_counter_reg[20]_i_1_n_0
    SLICE_X0Y6           CARRY4 (Prop_carry4_CI_CO[3])
                                                      0.114     7.267 r  uart_transmitter_module/baud_bit_period_counter_reg[24]_i_1/CO[3]
                         net (fo=1, estimated)        0.000     7.267    uart_transmitter_module/baud_bit_period_counter_reg[24]_i_1_n_0
    SLICE_X0Y7           CARRY4 (Prop_carry4_CI_CO[3])
                                                      0.114     7.381 r  uart_transmitter_module/baud_bit_period_counter_reg[28]_i_1/CO[3]
                         net (fo=1, estimated)        0.000     7.381    uart_transmitter_module/baud_bit_period_counter_reg[28]_i_1_n_0
    SLICE_X0Y8           CARRY4 (Prop_carry4_CI_CO[3])
                                                      0.114     7.495 r  uart_transmitter_module/baud_bit_period_counter_reg[32]_i_1/CO[3]
                         net (fo=1, estimated)        0.000     7.495    uart_transmitter_module/baud_bit_period_counter_reg[32]_i_1_n_0
    SLICE_X0Y9           CARRY4 (Prop_carry4_CI_CO[3])
                                                      0.114     7.609 r  uart_transmitter_module/baud_bit_period_counter_reg[36]_i_1/CO[3]
                         net (fo=1, estimated)        0.000     7.609    uart_transmitter_module/baud_bit_period_counter_reg[36]_i_1_n_0
    SLICE_X0Y10          CARRY4 (Prop_carry4_CI_CO[3])
                                                      0.114     7.723 r  uart_transmitter_module/baud_bit_period_counter_reg[40]_i_1/CO[3]
                         net (fo=1, estimated)        0.000     7.723    uart_transmitter_module/baud_bit_period_counter_reg[40]_i_1_n_0
    SLICE_X0Y11          CARRY4 (Prop_carry4_CI_CO[3])
                                                      0.114     7.837 r  uart_transmitter_module/baud_bit_period_counter_reg[44]_i_1/CO[3]
                         net (fo=1, estimated)        0.000     7.837    uart_transmitter_module/baud_bit_period_counter_reg[44]_i_1_n_0
    SLICE_X0Y12          CARRY4 (Prop_carry4_CI_CO[3])
                                                      0.114     7.951 r  uart_transmitter_module/baud_bit_period_counter_reg[48]_i_1/CO[3]
                         net (fo=1, estimated)        0.000     7.951    uart_transmitter_module/baud_bit_period_counter_reg[48]_i_1_n_0
    SLICE_X0Y13          CARRY4 (Prop_carry4_CI_CO[3])
                                                      0.114     8.065 r  uart_transmitter_module/baud_bit_period_counter_reg[52]_i_1/CO[3]
                         net (fo=1, estimated)        0.000     8.065    uart_transmitter_module/baud_bit_period_counter_reg[52]_i_1_n_0
    SLICE_X0Y14          CARRY4 (Prop_carry4_CI_CO[3])
                                                      0.114     8.179 r  uart_transmitter_module/baud_bit_period_counter_reg[56]_i_1/CO[3]
                         net (fo=1, estimated)        0.000     8.179    uart_transmitter_module/baud_bit_period_counter_reg[56]_i_1_n_0
    SLICE_X0Y15          CARRY4 (Prop_carry4_CI_CO[3])
                                                      0.114     8.293 r  uart_transmitter_module/baud_bit_period_counter_reg[60]_i_1/CO[3]
                         net (fo=1, estimated)        0.000     8.293    uart_transmitter_module/baud_bit_period_counter_reg[60]_i_1_n_0
    SLICE_X0Y16          CARRY4 (Prop_carry4_CI_CO[3])
                                                      0.114     8.407 r  uart_transmitter_module/baud_bit_period_counter_reg[64]_i_1/CO[3]
                         net (fo=1, estimated)        0.000     8.407    uart_transmitter_module/baud_bit_period_counter_reg[64]_i_1_n_0
    SLICE_X0Y17          CARRY4 (Prop_carry4_CI_CO[3])
                                                      0.114     8.521 r  uart_transmitter_module/baud_bit_period_counter_reg[68]_i_1/CO[3]
                         net (fo=1, estimated)        0.000     8.521    uart_transmitter_module/baud_bit_period_counter_reg[68]_i_1_n_0
    SLICE_X0Y18          CARRY4 (Prop_carry4_CI_CO[3])
                                                      0.114     8.635 r  uart_transmitter_module/baud_bit_period_counter_reg[72]_i_1/CO[3]
                         net (fo=1, estimated)        0.000     8.635    uart_transmitter_module/baud_bit_period_counter_reg[72]_i_1_n_0
    SLICE_X0Y19          CARRY4 (Prop_carry4_CI_CO[3])
                                                      0.114     8.749 r  uart_transmitter_module/baud_bit_period_counter_reg[76]_i_1/CO[3]
                         net (fo=1, estimated)        0.000     8.749    uart_transmitter_module/baud_bit_period_counter_reg[76]_i_1_n_0
    SLICE_X0Y20          CARRY4 (Prop_carry4_CI_CO[3])
                                                      0.114     8.863 r  uart_transmitter_module/baud_bit_period_counter_reg[80]_i_1/CO[3]
                         net (fo=1, estimated)        0.000     8.863    uart_transmitter_module/baud_bit_period_counter_reg[80]_i_1_n_0
    SLICE_X0Y21          CARRY4 (Prop_carry4_CI_CO[3])
                                                      0.114     8.977 r  uart_transmitter_module/baud_bit_period_counter_reg[84]_i_1/CO[3]
                         net (fo=1, estimated)        0.000     8.977    uart_transmitter_module/baud_bit_period_counter_reg[84]_i_1_n_0
    SLICE_X0Y22          CARRY4 (Prop_carry4_CI_CO[3])
                                                      0.114     9.091 r  uart_transmitter_module/baud_bit_period_counter_reg[88]_i_1/CO[3]
                         net (fo=1, estimated)        0.000     9.091    uart_transmitter_module/baud_bit_period_counter_reg[88]_i_1_n_0
    SLICE_X0Y23          CARRY4 (Prop_carry4_CI_CO[3])
                                                      0.114     9.205 r  uart_transmitter_module/baud_bit_period_counter_reg[92]_i_1/CO[3]
                         net (fo=1, estimated)        0.000     9.205    uart_transmitter_module/baud_bit_period_counter_reg[92]_i_1_n_0
    SLICE_X0Y24          CARRY4 (Prop_carry4_CI_CO[3])
                                                      0.114     9.319 r  uart_transmitter_module/baud_bit_period_counter_reg[96]_i_1/CO[3]
                         net (fo=1, estimated)        0.009     9.328    uart_transmitter_module/baud_bit_period_counter_reg[96]_i_1_n_0
    SLICE_X0Y25          CARRY4 (Prop_carry4_CI_CO[3])
                                                      0.114     9.442 r  uart_transmitter_module/baud_bit_period_counter_reg[100]_i_1/CO[3]
                         net (fo=1, estimated)        0.000     9.442    uart_transmitter_module/baud_bit_period_counter_reg[100]_i_1_n_0
    SLICE_X0Y26          CARRY4 (Prop_carry4_CI_CO[3])
                                                      0.114     9.556 r  uart_transmitter_module/baud_bit_period_counter_reg[104]_i_1/CO[3]
                         net (fo=1, estimated)        0.000     9.556    uart_transmitter_module/baud_bit_period_counter_reg[104]_i_1_n_0
    SLICE_X0Y27          CARRY4 (Prop_carry4_CI_CO[3])
                                                      0.114     9.670 r  uart_transmitter_module/baud_bit_period_counter_reg[108]_i_1/CO[3]
                         net (fo=1, estimated)        0.000     9.670    uart_transmitter_module/baud_bit_period_counter_reg[108]_i_1_n_0
    SLICE_X0Y28          CARRY4 (Prop_carry4_CI_CO[3])
                                                      0.114     9.784 r  uart_transmitter_module/baud_bit_period_counter_reg[112]_i_1/CO[3]
                         net (fo=1, estimated)        0.000     9.784    uart_transmitter_module/baud_bit_period_counter_reg[112]_i_1_n_0
    SLICE_X0Y29          CARRY4 (Prop_carry4_CI_CO[3])
                                                      0.114     9.898 r  uart_transmitter_module/baud_bit_period_counter_reg[116]_i_1/CO[3]
                         net (fo=1, estimated)        0.000     9.898    uart_transmitter_module/baud_bit_period_counter_reg[116]_i_1_n_0
    SLICE_X0Y30          CARRY4 (Prop_carry4_CI_CO[3])
                                                      0.114    10.012 r  uart_transmitter_module/baud_bit_period_counter_reg[120]_i_1/CO[3]
                         net (fo=1, estimated)        0.000    10.012    uart_transmitter_module/baud_bit_period_counter_reg[120]_i_1_n_0
    SLICE_X0Y31          CARRY4 (Prop_carry4_CI_CO[3])
                                                      0.114    10.126 r  uart_transmitter_module/baud_bit_period_counter_reg[124]_i_1/CO[3]
                         net (fo=1, estimated)        0.000    10.126    uart_transmitter_module/baud_bit_period_counter_reg[124]_i_1_n_0
    SLICE_X0Y32          CARRY4 (Prop_carry4_CI_CO[3])
                                                      0.114    10.240 r  uart_transmitter_module/baud_bit_period_counter_reg[128]_i_1/CO[3]
                         net (fo=1, estimated)        0.000    10.240    uart_transmitter_module/baud_bit_period_counter_reg[128]_i_1_n_0
    SLICE_X0Y33          CARRY4 (Prop_carry4_CI_CO[3])
                                                      0.114    10.354 r  uart_transmitter_module/baud_bit_period_counter_reg[132]_i_1/CO[3]
                         net (fo=1, estimated)        0.000    10.354    uart_transmitter_module/baud_bit_period_counter_reg[132]_i_1_n_0
    SLICE_X0Y34          CARRY4 (Prop_carry4_CI_CO[3])
                                                      0.114    10.468 r  uart_transmitter_module/baud_bit_period_counter_reg[136]_i_1/CO[3]
                         net (fo=1, estimated)        0.000    10.468    uart_transmitter_module/baud_bit_period_counter_reg[136]_i_1_n_0
    SLICE_X0Y35          CARRY4 (Prop_carry4_CI_CO[3])
                                                      0.114    10.582 r  uart_transmitter_module/baud_bit_period_counter_reg[140]_i_1/CO[3]
                         net (fo=1, estimated)        0.000    10.582    uart_transmitter_module/baud_bit_period_counter_reg[140]_i_1_n_0
    SLICE_X0Y36          CARRY4 (Prop_carry4_CI_CO[3])
                                                      0.114    10.696 r  uart_transmitter_module/baud_bit_period_counter_reg[144]_i_1/CO[3]
                         net (fo=1, estimated)        0.000    10.696    uart_transmitter_module/baud_bit_period_counter_reg[144]_i_1_n_0
    SLICE_X0Y37          CARRY4 (Prop_carry4_CI_CO[3])
                                                      0.114    10.810 r  uart_transmitter_module/baud_bit_period_counter_reg[148]_i_1/CO[3]
                         net (fo=1, estimated)        0.000    10.810    uart_transmitter_module/baud_bit_period_counter_reg[148]_i_1_n_0
    SLICE_X0Y38          CARRY4 (Prop_carry4_CI_CO[3])
                                                      0.114    10.924 r  uart_transmitter_module/baud_bit_period_counter_reg[152]_i_1/CO[3]
                         net (fo=1, estimated)        0.000    10.924    uart_transmitter_module/baud_bit_period_counter_reg[152]_i_1_n_0
    SLICE_X0Y39          CARRY4 (Prop_carry4_CI_CO[3])
                                                      0.114    11.038 r  uart_transmitter_module/baud_bit_period_counter_reg[156]_i_1/CO[3]
                         net (fo=1, estimated)        0.000    11.038    uart_transmitter_module/baud_bit_period_counter_reg[156]_i_1_n_0
    SLICE_X0Y40          CARRY4 (Prop_carry4_CI_CO[3])
                                                      0.114    11.152 r  uart_transmitter_module/baud_bit_period_counter_reg[160]_i_1/CO[3]
                         net (fo=1, estimated)        0.000    11.152    uart_transmitter_module/baud_bit_period_counter_reg[160]_i_1_n_0
    SLICE_X0Y41          CARRY4 (Prop_carry4_CI_CO[3])
                                                      0.114    11.266 r  uart_transmitter_module/baud_bit_period_counter_reg[164]_i_1/CO[3]
                         net (fo=1, estimated)        0.000    11.266    uart_transmitter_module/baud_bit_period_counter_reg[164]_i_1_n_0
    SLICE_X0Y42          CARRY4 (Prop_carry4_CI_CO[3])
                                                      0.114    11.380 r  uart_transmitter_module/baud_bit_period_counter_reg[168]_i_1/CO[3]
                         net (fo=1, estimated)        0.000    11.380    uart_transmitter_module/baud_bit_period_counter_reg[168]_i_1_n_0
    SLICE_X0Y43          CARRY4 (Prop_carry4_CI_CO[3])
                                                      0.114    11.494 r  uart_transmitter_module/baud_bit_period_counter_reg[172]_i_1/CO[3]
                         net (fo=1, estimated)        0.000    11.494    uart_transmitter_module/baud_bit_period_counter_reg[172]_i_1_n_0
    SLICE_X0Y44          CARRY4 (Prop_carry4_CI_CO[3])
                                                      0.114    11.608 r  uart_transmitter_module/baud_bit_period_counter_reg[176]_i_1/CO[3]
                         net (fo=1, estimated)        0.000    11.608    uart_transmitter_module/baud_bit_period_counter_reg[176]_i_1_n_0
    SLICE_X0Y45          CARRY4 (Prop_carry4_CI_CO[3])
                                                      0.114    11.722 r  uart_transmitter_module/baud_bit_period_counter_reg[180]_i_1/CO[3]
                         net (fo=1, estimated)        0.000    11.722    uart_transmitter_module/baud_bit_period_counter_reg[180]_i_1_n_0
    SLICE_X0Y46          CARRY4 (Prop_carry4_CI_CO[3])
                                                      0.114    11.836 r  uart_transmitter_module/baud_bit_period_counter_reg[184]_i_1/CO[3]
                         net (fo=1, estimated)        0.000    11.836    uart_transmitter_module/baud_bit_period_counter_reg[184]_i_1_n_0
    SLICE_X0Y47          CARRY4 (Prop_carry4_CI_CO[3])
                                                      0.114    11.950 r  uart_transmitter_module/baud_bit_period_counter_reg[188]_i_1/CO[3]
                         net (fo=1, estimated)        0.000    11.950    uart_transmitter_module/baud_bit_period_counter_reg[188]_i_1_n_0
    SLICE_X0Y48          CARRY4 (Prop_carry4_CI_CO[3])
                                                      0.114    12.064 r  uart_transmitter_module/baud_bit_period_counter_reg[192]_i_1/CO[3]
                         net (fo=1, estimated)        0.000    12.064    uart_transmitter_module/baud_bit_period_counter_reg[192]_i_1_n_0
    SLICE_X0Y49          CARRY4 (Prop_carry4_CI_CO[3])
                                                      0.114    12.178 r  uart_transmitter_module/baud_bit_period_counter_reg[196]_i_1/CO[3]
                         net (fo=1, estimated)        0.000    12.178    uart_transmitter_module/baud_bit_period_counter_reg[196]_i_1_n_0
    SLICE_X0Y50          CARRY4 (Prop_carry4_CI_CO[3])
                                                      0.114    12.292 r  uart_transmitter_module/baud_bit_period_counter_reg[200]_i_1/CO[3]
                         net (fo=1, estimated)        0.000    12.292    uart_transmitter_module/baud_bit_period_counter_reg[200]_i_1_n_0
    SLICE_X0Y51          CARRY4 (Prop_carry4_CI_CO[3])
                                                      0.114    12.406 r  uart_transmitter_module/baud_bit_period_counter_reg[204]_i_1/CO[3]
                         net (fo=1, estimated)        0.000    12.406    uart_transmitter_module/baud_bit_period_counter_reg[204]_i_1_n_0
    SLICE_X0Y52          CARRY4 (Prop_carry4_CI_CO[3])
                                                      0.114    12.520 r  uart_transmitter_module/baud_bit_period_counter_reg[208]_i_1/CO[3]
                         net (fo=1, estimated)        0.000    12.520    uart_transmitter_module/baud_bit_period_counter_reg[208]_i_1_n_0
    SLICE_X0Y53          CARRY4 (Prop_carry4_CI_CO[3])
                                                      0.114    12.634 r  uart_transmitter_module/baud_bit_period_counter_reg[212]_i_1/CO[3]
                         net (fo=1, estimated)        0.000    12.634    uart_transmitter_module/baud_bit_period_counter_reg[212]_i_1_n_0
    SLICE_X0Y54          CARRY4 (Prop_carry4_CI_CO[3])
                                                      0.114    12.748 r  uart_transmitter_module/baud_bit_period_counter_reg[216]_i_1/CO[3]
                         net (fo=1, estimated)        0.000    12.748    uart_transmitter_module/baud_bit_period_counter_reg[216]_i_1_n_0
    SLICE_X0Y55          CARRY4 (Prop_carry4_CI_CO[3])
                                                      0.114    12.862 r  uart_transmitter_module/baud_bit_period_counter_reg[220]_i_1/CO[3]
                         net (fo=1, estimated)        0.000    12.862    uart_transmitter_module/baud_bit_period_counter_reg[220]_i_1_n_0
    SLICE_X0Y56          CARRY4 (Prop_carry4_CI_CO[3])
                                                      0.114    12.976 r  uart_transmitter_module/baud_bit_period_counter_reg[224]_i_1/CO[3]
                         net (fo=1, estimated)        0.000    12.976    uart_transmitter_module/baud_bit_period_counter_reg[224]_i_1_n_0
    SLICE_X0Y57          CARRY4 (Prop_carry4_CI_CO[3])
                                                      0.114    13.090 r  uart_transmitter_module/baud_bit_period_counter_reg[228]_i_1/CO[3]
                         net (fo=1, estimated)        0.000    13.090    uart_transmitter_module/baud_bit_period_counter_reg[228]_i_1_n_0
    SLICE_X0Y58          CARRY4 (Prop_carry4_CI_CO[3])
                                                      0.114    13.204 r  uart_transmitter_module/baud_bit_period_counter_reg[232]_i_1/CO[3]
                         net (fo=1, estimated)        0.000    13.204    uart_transmitter_module/baud_bit_period_counter_reg[232]_i_1_n_0
    SLICE_X0Y59          CARRY4 (Prop_carry4_CI_CO[3])
                                                      0.114    13.318 r  uart_transmitter_module/baud_bit_period_counter_reg[236]_i_1/CO[3]
                         net (fo=1, estimated)        0.000    13.318    uart_transmitter_module/baud_bit_period_counter_reg[236]_i_1_n_0
    SLICE_X0Y60          CARRY4 (Prop_carry4_CI_CO[3])
                                                      0.114    13.432 r  uart_transmitter_module/baud_bit_period_counter_reg[240]_i_1/CO[3]
                         net (fo=1, estimated)        0.000    13.432    uart_transmitter_module/baud_bit_period_counter_reg[240]_i_1_n_0
    SLICE_X0Y61          CARRY4 (Prop_carry4_CI_CO[3])
                                                      0.114    13.546 r  uart_transmitter_module/baud_bit_period_counter_reg[244]_i_1/CO[3]
                         net (fo=1, estimated)        0.000    13.546    uart_transmitter_module/baud_bit_period_counter_reg[244]_i_1_n_0
    SLICE_X0Y62          CARRY4 (Prop_carry4_CI_CO[3])
                                                      0.114    13.660 r  uart_transmitter_module/baud_bit_period_counter_reg[248]_i_1/CO[3]
                         net (fo=1, estimated)        0.000    13.660    uart_transmitter_module/baud_bit_period_counter_reg[248]_i_1_n_0
    SLICE_X0Y63          CARRY4 (Prop_carry4_CI_CO[3])
                                                      0.114    13.774 r  uart_transmitter_module/baud_bit_period_counter_reg[252]_i_1/CO[3]
                         net (fo=1, estimated)        0.000    13.774    uart_transmitter_module/baud_bit_period_counter_reg[252]_i_1_n_0
    SLICE_X0Y64          CARRY4 (Prop_carry4_CI_CO[3])
                                                      0.114    13.888 r  uart_transmitter_module/baud_bit_period_counter_reg[256]_i_1/CO[3]
                         net (fo=1, estimated)        0.000    13.888    uart_transmitter_module/baud_bit_period_counter_reg[256]_i_1_n_0
    SLICE_X0Y65          CARRY4 (Prop_carry4_CI_CO[3])
                                                      0.114    14.002 r  uart_transmitter_module/baud_bit_period_counter_reg[260]_i_1/CO[3]
                         net (fo=1, estimated)        0.000    14.002    uart_transmitter_module/baud_bit_period_counter_reg[260]_i_1_n_0
    SLICE_X0Y66          CARRY4 (Prop_carry4_CI_CO[3])
                                                      0.114    14.116 r  uart_transmitter_module/baud_bit_period_counter_reg[264]_i_1/CO[3]
                         net (fo=1, estimated)        0.000    14.116    uart_transmitter_module/baud_bit_period_counter_reg[264]_i_1_n_0
    SLICE_X0Y67          CARRY4 (Prop_carry4_CI_CO[3])
                                                      0.114    14.230 r  uart_transmitter_module/baud_bit_period_counter_reg[268]_i_1/CO[3]
                         net (fo=1, estimated)        0.000    14.230    uart_transmitter_module/baud_bit_period_counter_reg[268]_i_1_n_0
    SLICE_X0Y68          CARRY4 (Prop_carry4_CI_CO[3])
                                                      0.114    14.344 r  uart_transmitter_module/baud_bit_period_counter_reg[272]_i_1/CO[3]
                         net (fo=1, estimated)        0.000    14.344    uart_transmitter_module/baud_bit_period_counter_reg[272]_i_1_n_0
    SLICE_X0Y69          CARRY4 (Prop_carry4_CI_CO[3])
                                                      0.114    14.458 r  uart_transmitter_module/baud_bit_period_counter_reg[276]_i_1/CO[3]
                         net (fo=1, estimated)        0.000    14.458    uart_transmitter_module/baud_bit_period_counter_reg[276]_i_1_n_0
    SLICE_X0Y70          CARRY4 (Prop_carry4_CI_CO[3])
                                                      0.114    14.572 r  uart_transmitter_module/baud_bit_period_counter_reg[280]_i_1/CO[3]
                         net (fo=1, estimated)        0.000    14.572    uart_transmitter_module/baud_bit_period_counter_reg[280]_i_1_n_0
    SLICE_X0Y71          CARRY4 (Prop_carry4_CI_CO[3])
                                                      0.114    14.686 r  uart_transmitter_module/baud_bit_period_counter_reg[284]_i_1/CO[3]
                         net (fo=1, estimated)        0.000    14.686    uart_transmitter_module/baud_bit_period_counter_reg[284]_i_1_n_0
    SLICE_X0Y72          CARRY4 (Prop_carry4_CI_CO[3])
                                                      0.114    14.800 r  uart_transmitter_module/baud_bit_period_counter_reg[288]_i_1/CO[3]
                         net (fo=1, estimated)        0.000    14.800    uart_transmitter_module/baud_bit_period_counter_reg[288]_i_1_n_0
    SLICE_X0Y73          CARRY4 (Prop_carry4_CI_CO[3])
                                                      0.114    14.914 r  uart_transmitter_module/baud_bit_period_counter_reg[292]_i_1/CO[3]
                         net (fo=1, estimated)        0.000    14.914    uart_transmitter_module/baud_bit_period_counter_reg[292]_i_1_n_0
    SLICE_X0Y74          CARRY4 (Prop_carry4_CI_CO[3])
                                                      0.114    15.028 r  uart_transmitter_module/baud_bit_period_counter_reg[296]_i_1/CO[3]
                         net (fo=1, estimated)        0.009    15.037    uart_transmitter_module/baud_bit_period_counter_reg[296]_i_1_n_0
    SLICE_X0Y75          CARRY4 (Prop_carry4_CI_CO[3])
                                                      0.114    15.151 r  uart_transmitter_module/baud_bit_period_counter_reg[300]_i_1/CO[3]
                         net (fo=1, estimated)        0.000    15.151    uart_transmitter_module/baud_bit_period_counter_reg[300]_i_1_n_0
    SLICE_X0Y76          CARRY4 (Prop_carry4_CI_CO[3])
                                                      0.114    15.265 r  uart_transmitter_module/baud_bit_period_counter_reg[304]_i_1/CO[3]
                         net (fo=1, estimated)        0.000    15.265    uart_transmitter_module/baud_bit_period_counter_reg[304]_i_1_n_0
    SLICE_X0Y77          CARRY4 (Prop_carry4_CI_CO[3])
                                                      0.114    15.379 r  uart_transmitter_module/baud_bit_period_counter_reg[308]_i_1/CO[3]
                         net (fo=1, estimated)        0.000    15.379    uart_transmitter_module/baud_bit_period_counter_reg[308]_i_1_n_0
    SLICE_X0Y78          CARRY4 (Prop_carry4_CI_CO[3])
                                                      0.114    15.493 r  uart_transmitter_module/baud_bit_period_counter_reg[312]_i_1/CO[3]
                         net (fo=1, estimated)        0.000    15.493    uart_transmitter_module/baud_bit_period_counter_reg[312]_i_1_n_0
    SLICE_X0Y79          CARRY4 (Prop_carry4_CI_CO[3])
                                                      0.114    15.607 r  uart_transmitter_module/baud_bit_period_counter_reg[316]_i_1/CO[3]
                         net (fo=1, estimated)        0.000    15.607    uart_transmitter_module/baud_bit_period_counter_reg[316]_i_1_n_0
    SLICE_X0Y80          CARRY4 (Prop_carry4_CI_CO[3])
                                                      0.114    15.721 r  uart_transmitter_module/baud_bit_period_counter_reg[320]_i_1/CO[3]
                         net (fo=1, estimated)        0.000    15.721    uart_transmitter_module/baud_bit_period_counter_reg[320]_i_1_n_0
    SLICE_X0Y81          CARRY4 (Prop_carry4_CI_CO[3])
                                                      0.114    15.835 r  uart_transmitter_module/baud_bit_period_counter_reg[324]_i_1/CO[3]
                         net (fo=1, estimated)        0.000    15.835    uart_transmitter_module/baud_bit_period_counter_reg[324]_i_1_n_0
    SLICE_X0Y82          CARRY4 (Prop_carry4_CI_CO[3])
                                                      0.114    15.949 r  uart_transmitter_module/baud_bit_period_counter_reg[328]_i_1/CO[3]
                         net (fo=1, estimated)        0.000    15.949    uart_transmitter_module/baud_bit_period_counter_reg[328]_i_1_n_0
    SLICE_X0Y83          CARRY4 (Prop_carry4_CI_CO[3])
                                                      0.114    16.063 r  uart_transmitter_module/baud_bit_period_counter_reg[332]_i_1/CO[3]
                         net (fo=1, estimated)        0.000    16.063    uart_transmitter_module/baud_bit_period_counter_reg[332]_i_1_n_0
    SLICE_X0Y84          CARRY4 (Prop_carry4_CI_CO[3])
                                                      0.114    16.177 r  uart_transmitter_module/baud_bit_period_counter_reg[336]_i_1/CO[3]
                         net (fo=1, estimated)        0.000    16.177    uart_transmitter_module/baud_bit_period_counter_reg[336]_i_1_n_0
    SLICE_X0Y85          CARRY4 (Prop_carry4_CI_CO[3])
                                                      0.114    16.291 r  uart_transmitter_module/baud_bit_period_counter_reg[340]_i_1/CO[3]
                         net (fo=1, estimated)        0.000    16.291    uart_transmitter_module/baud_bit_period_counter_reg[340]_i_1_n_0
    SLICE_X0Y86          CARRY4 (Prop_carry4_CI_CO[3])
                                                      0.114    16.405 r  uart_transmitter_module/baud_bit_period_counter_reg[344]_i_1/CO[3]
                         net (fo=1, estimated)        0.000    16.405    uart_transmitter_module/baud_bit_period_counter_reg[344]_i_1_n_0
    SLICE_X0Y87          CARRY4 (Prop_carry4_CI_CO[3])
                                                      0.114    16.519 r  uart_transmitter_module/baud_bit_period_counter_reg[348]_i_1/CO[3]
                         net (fo=1, estimated)        0.000    16.519    uart_transmitter_module/baud_bit_period_counter_reg[348]_i_1_n_0
    SLICE_X0Y88          CARRY4 (Prop_carry4_CI_CO[3])
                                                      0.114    16.633 r  uart_transmitter_module/baud_bit_period_counter_reg[352]_i_1/CO[3]
                         net (fo=1, estimated)        0.000    16.633    uart_transmitter_module/baud_bit_period_counter_reg[352]_i_1_n_0
    SLICE_X0Y89          CARRY4 (Prop_carry4_CI_CO[3])
                                                      0.114    16.747 r  uart_transmitter_module/baud_bit_period_counter_reg[356]_i_1/CO[3]
                         net (fo=1, estimated)        0.000    16.747    uart_transmitter_module/baud_bit_period_counter_reg[356]_i_1_n_0
    SLICE_X0Y90          CARRY4 (Prop_carry4_CI_CO[3])
                                                      0.114    16.861 r  uart_transmitter_module/baud_bit_period_counter_reg[360]_i_1/CO[3]
                         net (fo=1, estimated)        0.000    16.861    uart_transmitter_module/baud_bit_period_counter_reg[360]_i_1_n_0
    SLICE_X0Y91          CARRY4 (Prop_carry4_CI_CO[3])
                                                      0.114    16.975 r  uart_transmitter_module/baud_bit_period_counter_reg[364]_i_1/CO[3]
                         net (fo=1, estimated)        0.000    16.975    uart_transmitter_module/baud_bit_period_counter_reg[364]_i_1_n_0
    SLICE_X0Y92          CARRY4 (Prop_carry4_CI_CO[3])
                                                      0.114    17.089 r  uart_transmitter_module/baud_bit_period_counter_reg[368]_i_1/CO[3]
                         net (fo=1, estimated)        0.000    17.089    uart_transmitter_module/baud_bit_period_counter_reg[368]_i_1_n_0
    SLICE_X0Y93          CARRY4 (Prop_carry4_CI_CO[3])
                                                      0.114    17.203 r  uart_transmitter_module/baud_bit_period_counter_reg[372]_i_1/CO[3]
                         net (fo=1, estimated)        0.000    17.203    uart_transmitter_module/baud_bit_period_counter_reg[372]_i_1_n_0
    SLICE_X0Y94          CARRY4 (Prop_carry4_CI_CO[3])
                                                      0.114    17.317 r  uart_transmitter_module/baud_bit_period_counter_reg[376]_i_1/CO[3]
                         net (fo=1, estimated)        0.000    17.317    uart_transmitter_module/baud_bit_period_counter_reg[376]_i_1_n_0
    SLICE_X0Y95          CARRY4 (Prop_carry4_CI_CO[3])
                                                      0.114    17.431 r  uart_transmitter_module/baud_bit_period_counter_reg[380]_i_1/CO[3]
                         net (fo=1, estimated)        0.000    17.431    uart_transmitter_module/baud_bit_period_counter_reg[380]_i_1_n_0
    SLICE_X0Y96          CARRY4 (Prop_carry4_CI_CO[3])
                                                      0.114    17.545 r  uart_transmitter_module/baud_bit_period_counter_reg[384]_i_1/CO[3]
                         net (fo=1, estimated)        0.000    17.545    uart_transmitter_module/baud_bit_period_counter_reg[384]_i_1_n_0
    SLICE_X0Y97          CARRY4 (Prop_carry4_CI_CO[3])
                                                      0.114    17.659 r  uart_transmitter_module/baud_bit_period_counter_reg[388]_i_1/CO[3]
                         net (fo=1, estimated)        0.000    17.659    uart_transmitter_module/baud_bit_period_counter_reg[388]_i_1_n_0
    SLICE_X0Y98          CARRY4 (Prop_carry4_CI_CO[3])
                                                      0.114    17.773 r  uart_transmitter_module/baud_bit_period_counter_reg[392]_i_1/CO[3]
                         net (fo=1, estimated)        0.000    17.773    uart_transmitter_module/baud_bit_period_counter_reg[392]_i_1_n_0
    SLICE_X0Y99          CARRY4 (Prop_carry4_CI_CO[3])
                                                      0.114    17.887 r  uart_transmitter_module/baud_bit_period_counter_reg[396]_i_1/CO[3]
                         net (fo=1, estimated)        0.000    17.887    uart_transmitter_module/baud_bit_period_counter_reg[396]_i_1_n_0
    SLICE_X0Y100         CARRY4 (Prop_carry4_CI_CO[3])
                                                      0.114    18.001 r  uart_transmitter_module/baud_bit_period_counter_reg[400]_i_1/CO[3]
                         net (fo=1, estimated)        0.000    18.001    uart_transmitter_module/baud_bit_period_counter_reg[400]_i_1_n_0
    SLICE_X0Y101         CARRY4 (Prop_carry4_CI_CO[3])
                                                      0.114    18.115 r  uart_transmitter_module/baud_bit_period_counter_reg[404]_i_1/CO[3]
                         net (fo=1, estimated)        0.000    18.115    uart_transmitter_module/baud_bit_period_counter_reg[404]_i_1_n_0
    SLICE_X0Y102         CARRY4 (Prop_carry4_CI_CO[3])
                                                      0.114    18.229 r  uart_transmitter_module/baud_bit_period_counter_reg[408]_i_1/CO[3]
                         net (fo=1, estimated)        0.000    18.229    uart_transmitter_module/baud_bit_period_counter_reg[408]_i_1_n_0
    SLICE_X0Y103         CARRY4 (Prop_carry4_CI_CO[3])
                                                      0.114    18.343 r  uart_transmitter_module/baud_bit_period_counter_reg[412]_i_1/CO[3]
                         net (fo=1, estimated)        0.000    18.343    uart_transmitter_module/baud_bit_period_counter_reg[412]_i_1_n_0
    SLICE_X0Y104         CARRY4 (Prop_carry4_CI_CO[3])
                                                      0.114    18.457 r  uart_transmitter_module/baud_bit_period_counter_reg[416]_i_1/CO[3]
                         net (fo=1, estimated)        0.000    18.457    uart_transmitter_module/baud_bit_period_counter_reg[416]_i_1_n_0
    SLICE_X0Y105         CARRY4 (Prop_carry4_CI_CO[3])
                                                      0.114    18.571 r  uart_transmitter_module/baud_bit_period_counter_reg[420]_i_1/CO[3]
                         net (fo=1, estimated)        0.000    18.571    uart_transmitter_module/baud_bit_period_counter_reg[420]_i_1_n_0
    SLICE_X0Y106         CARRY4 (Prop_carry4_CI_CO[3])
                                                      0.114    18.685 r  uart_transmitter_module/baud_bit_period_counter_reg[424]_i_1/CO[3]
                         net (fo=1, estimated)        0.000    18.685    uart_transmitter_module/baud_bit_period_counter_reg[424]_i_1_n_0
    SLICE_X0Y107         CARRY4 (Prop_carry4_CI_CO[3])
                                                      0.114    18.799 r  uart_transmitter_module/baud_bit_period_counter_reg[428]_i_1/CO[3]
                         net (fo=1, estimated)        0.000    18.799    uart_transmitter_module/baud_bit_period_counter_reg[428]_i_1_n_0
    SLICE_X0Y108         CARRY4 (Prop_carry4_CI_CO[3])
                                                      0.114    18.913 r  uart_transmitter_module/baud_bit_period_counter_reg[432]_i_1/CO[3]
                         net (fo=1, estimated)        0.000    18.913    uart_transmitter_module/baud_bit_period_counter_reg[432]_i_1_n_0
    SLICE_X0Y109         CARRY4 (Prop_carry4_CI_CO[3])
                                                      0.114    19.027 r  uart_transmitter_module/baud_bit_period_counter_reg[436]_i_1/CO[3]
                         net (fo=1, estimated)        0.000    19.027    uart_transmitter_module/baud_bit_period_counter_reg[436]_i_1_n_0
    SLICE_X0Y110         CARRY4 (Prop_carry4_CI_CO[3])
                                                      0.114    19.141 r  uart_transmitter_module/baud_bit_period_counter_reg[440]_i_1/CO[3]
                         net (fo=1, estimated)        0.000    19.141    uart_transmitter_module/baud_bit_period_counter_reg[440]_i_1_n_0
    SLICE_X0Y111         CARRY4 (Prop_carry4_CI_CO[3])
                                                      0.114    19.255 r  uart_transmitter_module/baud_bit_period_counter_reg[444]_i_1/CO[3]
                         net (fo=1, estimated)        0.000    19.255    uart_transmitter_module/baud_bit_period_counter_reg[444]_i_1_n_0
    SLICE_X0Y112         CARRY4 (Prop_carry4_CI_CO[3])
                                                      0.114    19.369 r  uart_transmitter_module/baud_bit_period_counter_reg[448]_i_1/CO[3]
                         net (fo=1, estimated)        0.000    19.369    uart_transmitter_module/baud_bit_period_counter_reg[448]_i_1_n_0
    SLICE_X0Y113         CARRY4 (Prop_carry4_CI_CO[3])
                                                      0.114    19.483 r  uart_transmitter_module/baud_bit_period_counter_reg[452]_i_1/CO[3]
                         net (fo=1, estimated)        0.000    19.483    uart_transmitter_module/baud_bit_period_counter_reg[452]_i_1_n_0
    SLICE_X0Y114         CARRY4 (Prop_carry4_CI_CO[3])
                                                      0.114    19.597 r  uart_transmitter_module/baud_bit_period_counter_reg[456]_i_1/CO[3]
                         net (fo=1, estimated)        0.000    19.597    uart_transmitter_module/baud_bit_period_counter_reg[456]_i_1_n_0
    SLICE_X0Y115         CARRY4 (Prop_carry4_CI_CO[3])
                                                      0.114    19.711 r  uart_transmitter_module/baud_bit_period_counter_reg[460]_i_1/CO[3]
                         net (fo=1, estimated)        0.000    19.711    uart_transmitter_module/baud_bit_period_counter_reg[460]_i_1_n_0
    SLICE_X0Y116         CARRY4 (Prop_carry4_CI_CO[3])
                                                      0.114    19.825 r  uart_transmitter_module/baud_bit_period_counter_reg[464]_i_1/CO[3]
                         net (fo=1, estimated)        0.000    19.825    uart_transmitter_module/baud_bit_period_counter_reg[464]_i_1_n_0
    SLICE_X0Y117         CARRY4 (Prop_carry4_CI_CO[3])
                                                      0.114    19.939 r  uart_transmitter_module/baud_bit_period_counter_reg[468]_i_1/CO[3]
                         net (fo=1, estimated)        0.000    19.939    uart_transmitter_module/baud_bit_period_counter_reg[468]_i_1_n_0
    SLICE_X0Y118         CARRY4 (Prop_carry4_CI_CO[3])
                                                      0.114    20.053 r  uart_transmitter_module/baud_bit_period_counter_reg[472]_i_1/CO[3]
                         net (fo=1, estimated)        0.000    20.053    uart_transmitter_module/baud_bit_period_counter_reg[472]_i_1_n_0
    SLICE_X0Y119         CARRY4 (Prop_carry4_CI_CO[3])
                                                      0.114    20.167 r  uart_transmitter_module/baud_bit_period_counter_reg[476]_i_1/CO[3]
                         net (fo=1, estimated)        0.000    20.167    uart_transmitter_module/baud_bit_period_counter_reg[476]_i_1_n_0
    SLICE_X0Y120         CARRY4 (Prop_carry4_CI_CO[3])
                                                      0.114    20.281 r  uart_transmitter_module/baud_bit_period_counter_reg[480]_i_1/CO[3]
                         net (fo=1, estimated)        0.000    20.281    uart_transmitter_module/baud_bit_period_counter_reg[480]_i_1_n_0
    SLICE_X0Y121         CARRY4 (Prop_carry4_CI_CO[3])
                                                      0.114    20.395 r  uart_transmitter_module/baud_bit_period_counter_reg[484]_i_1/CO[3]
                         net (fo=1, estimated)        0.000    20.395    uart_transmitter_module/baud_bit_period_counter_reg[484]_i_1_n_0
    SLICE_X0Y122         CARRY4 (Prop_carry4_CI_CO[3])
                                                      0.114    20.509 r  uart_transmitter_module/baud_bit_period_counter_reg[488]_i_1/CO[3]
                         net (fo=1, estimated)        0.000    20.509    uart_transmitter_module/baud_bit_period_counter_reg[488]_i_1_n_0
    SLICE_X0Y123         CARRY4 (Prop_carry4_CI_CO[3])
                                                      0.114    20.623 r  uart_transmitter_module/baud_bit_period_counter_reg[492]_i_1/CO[3]
                         net (fo=1, estimated)        0.000    20.623    uart_transmitter_module/baud_bit_period_counter_reg[492]_i_1_n_0
    SLICE_X0Y124         CARRY4 (Prop_carry4_CI_CO[3])
                                                      0.114    20.737 r  uart_transmitter_module/baud_bit_period_counter_reg[496]_i_1/CO[3]
                         net (fo=1, estimated)        0.009    20.746    uart_transmitter_module/baud_bit_period_counter_reg[496]_i_1_n_0
    SLICE_X0Y125         CARRY4 (Prop_carry4_CI_CO[3])
                                                      0.114    20.860 r  uart_transmitter_module/baud_bit_period_counter_reg[500]_i_1/CO[3]
                         net (fo=1, estimated)        0.000    20.860    uart_transmitter_module/baud_bit_period_counter_reg[500]_i_1_n_0
    SLICE_X0Y126         CARRY4 (Prop_carry4_CI_CO[3])
                                                      0.114    20.974 r  uart_transmitter_module/baud_bit_period_counter_reg[504]_i_1/CO[3]
                         net (fo=1, estimated)        0.000    20.974    uart_transmitter_module/baud_bit_period_counter_reg[504]_i_1_n_0
    SLICE_X0Y127         CARRY4 (Prop_carry4_CI_CO[3])
                                                      0.114    21.088 r  uart_transmitter_module/baud_bit_period_counter_reg[508]_i_1/CO[3]
                         net (fo=1, estimated)        0.000    21.088    uart_transmitter_module/baud_bit_period_counter_reg[508]_i_1_n_0
    SLICE_X0Y128         CARRY4 (Prop_carry4_CI_CO[3])
                                                      0.114    21.202 r  uart_transmitter_module/baud_bit_period_counter_reg[512]_i_1/CO[3]
                         net (fo=1, estimated)        0.000    21.202    uart_transmitter_module/baud_bit_period_counter_reg[512]_i_1_n_0
    SLICE_X0Y129         CARRY4 (Prop_carry4_CI_CO[3])
                                                      0.114    21.316 r  uart_transmitter_module/baud_bit_period_counter_reg[516]_i_1/CO[3]
                         net (fo=1, estimated)        0.000    21.316    uart_transmitter_module/baud_bit_period_counter_reg[516]_i_1_n_0
    SLICE_X0Y130         CARRY4 (Prop_carry4_CI_CO[3])
                                                      0.114    21.430 r  uart_transmitter_module/baud_bit_period_counter_reg[520]_i_1/CO[3]
                         net (fo=1, estimated)        0.000    21.430    uart_transmitter_module/baud_bit_period_counter_reg[520]_i_1_n_0
    SLICE_X0Y131         CARRY4 (Prop_carry4_CI_CO[3])
                                                      0.114    21.544 r  uart_transmitter_module/baud_bit_period_counter_reg[524]_i_1/CO[3]
                         net (fo=1, estimated)        0.000    21.544    uart_transmitter_module/baud_bit_period_counter_reg[524]_i_1_n_0
    SLICE_X0Y132         CARRY4 (Prop_carry4_CI_CO[3])
                                                      0.114    21.658 r  uart_transmitter_module/baud_bit_period_counter_reg[528]_i_1/CO[3]
                         net (fo=1, estimated)        0.000    21.658    uart_transmitter_module/baud_bit_period_counter_reg[528]_i_1_n_0
    SLICE_X0Y133         CARRY4 (Prop_carry4_CI_CO[3])
                                                      0.114    21.772 r  uart_transmitter_module/baud_bit_period_counter_reg[532]_i_1/CO[3]
                         net (fo=1, estimated)        0.000    21.772    uart_transmitter_module/baud_bit_period_counter_reg[532]_i_1_n_0
    SLICE_X0Y134         CARRY4 (Prop_carry4_CI_CO[3])
                                                      0.114    21.886 r  uart_transmitter_module/baud_bit_period_counter_reg[536]_i_1/CO[3]
                         net (fo=1, estimated)        0.000    21.886    uart_transmitter_module/baud_bit_period_counter_reg[536]_i_1_n_0
    SLICE_X0Y135         CARRY4 (Prop_carry4_CI_CO[3])
                                                      0.114    22.000 r  uart_transmitter_module/baud_bit_period_counter_reg[540]_i_1/CO[3]
                         net (fo=1, estimated)        0.000    22.000    uart_transmitter_module/baud_bit_period_counter_reg[540]_i_1_n_0
    SLICE_X0Y136         CARRY4 (Prop_carry4_CI_CO[3])
                                                      0.114    22.114 r  uart_transmitter_module/baud_bit_period_counter_reg[544]_i_1/CO[3]
                         net (fo=1, estimated)        0.000    22.114    uart_transmitter_module/baud_bit_period_counter_reg[544]_i_1_n_0
    SLICE_X0Y137         CARRY4 (Prop_carry4_CI_CO[3])
                                                      0.114    22.228 r  uart_transmitter_module/baud_bit_period_counter_reg[548]_i_1/CO[3]
                         net (fo=1, estimated)        0.000    22.228    uart_transmitter_module/baud_bit_period_counter_reg[548]_i_1_n_0
    SLICE_X0Y138         CARRY4 (Prop_carry4_CI_CO[3])
                                                      0.114    22.342 r  uart_transmitter_module/baud_bit_period_counter_reg[552]_i_1/CO[3]
                         net (fo=1, estimated)        0.000    22.342    uart_transmitter_module/baud_bit_period_counter_reg[552]_i_1_n_0
    SLICE_X0Y139         CARRY4 (Prop_carry4_CI_CO[3])
                                                      0.114    22.456 r  uart_transmitter_module/baud_bit_period_counter_reg[556]_i_1/CO[3]
                         net (fo=1, estimated)        0.000    22.456    uart_transmitter_module/baud_bit_period_counter_reg[556]_i_1_n_0
    SLICE_X0Y140         CARRY4 (Prop_carry4_CI_CO[3])
                                                      0.114    22.570 r  uart_transmitter_module/baud_bit_period_counter_reg[560]_i_1/CO[3]
                         net (fo=1, estimated)        0.000    22.570    uart_transmitter_module/baud_bit_period_counter_reg[560]_i_1_n_0
    SLICE_X0Y141         CARRY4 (Prop_carry4_CI_CO[3])
                                                      0.114    22.684 r  uart_transmitter_module/baud_bit_period_counter_reg[564]_i_1/CO[3]
                         net (fo=1, estimated)        0.000    22.684    uart_transmitter_module/baud_bit_period_counter_reg[564]_i_1_n_0
    SLICE_X0Y142         CARRY4 (Prop_carry4_CI_CO[3])
                                                      0.114    22.798 r  uart_transmitter_module/baud_bit_period_counter_reg[568]_i_1/CO[3]
                         net (fo=1, estimated)        0.000    22.798    uart_transmitter_module/baud_bit_period_counter_reg[568]_i_1_n_0
    SLICE_X0Y143         CARRY4 (Prop_carry4_CI_CO[3])
                                                      0.114    22.912 r  uart_transmitter_module/baud_bit_period_counter_reg[572]_i_1/CO[3]
                         net (fo=1, estimated)        0.000    22.912    uart_transmitter_module/baud_bit_period_counter_reg[572]_i_1_n_0
    SLICE_X0Y144         CARRY4 (Prop_carry4_CI_CO[3])
                                                      0.114    23.026 r  uart_transmitter_module/baud_bit_period_counter_reg[576]_i_1/CO[3]
                         net (fo=1, estimated)        0.000    23.026    uart_transmitter_module/baud_bit_period_counter_reg[576]_i_1_n_0
    SLICE_X0Y145         CARRY4 (Prop_carry4_CI_CO[3])
                                                      0.114    23.140 r  uart_transmitter_module/baud_bit_period_counter_reg[580]_i_1/CO[3]
                         net (fo=1, estimated)        0.000    23.140    uart_transmitter_module/baud_bit_period_counter_reg[580]_i_1_n_0
    SLICE_X0Y146         CARRY4 (Prop_carry4_CI_CO[3])
                                                      0.114    23.254 r  uart_transmitter_module/baud_bit_period_counter_reg[584]_i_1/CO[3]
                         net (fo=1, estimated)        0.000    23.254    uart_transmitter_module/baud_bit_period_counter_reg[584]_i_1_n_0
    SLICE_X0Y147         CARRY4 (Prop_carry4_CI_CO[3])
                                                      0.114    23.368 r  uart_transmitter_module/baud_bit_period_counter_reg[588]_i_1/CO[3]
                         net (fo=1, estimated)        0.000    23.368    uart_transmitter_module/baud_bit_period_counter_reg[588]_i_1_n_0
    SLICE_X0Y148         CARRY4 (Prop_carry4_CI_CO[3])
                                                      0.114    23.482 r  uart_transmitter_module/baud_bit_period_counter_reg[592]_i_1/CO[3]
                         net (fo=1, estimated)        0.000    23.482    uart_transmitter_module/baud_bit_period_counter_reg[592]_i_1_n_0
    SLICE_X0Y149         CARRY4 (Prop_carry4_CI_CO[3])
                                                      0.114    23.596 r  uart_transmitter_module/baud_bit_period_counter_reg[596]_i_1/CO[3]
                         net (fo=1, estimated)        2.475    26.071    uart_transmitter_module/baud_bit_period_counter_reg[596]_i_1_n_0
    SLICE_X1Y82          CARRY4 (Prop_carry4_CYINIT_CO[3])
                                                      0.580    26.651 r  uart_transmitter_module/baud_bit_period_counter_reg[600]_i_1/CO[3]
                         net (fo=1, estimated)        0.000    26.651    uart_transmitter_module/baud_bit_period_counter_reg[600]_i_1_n_0
    SLICE_X1Y83          CARRY4 (Prop_carry4_CI_CO[3])
                                                      0.114    26.765 r  uart_transmitter_module/baud_bit_period_counter_reg[604]_i_1/CO[3]
                         net (fo=1, estimated)        0.000    26.765    uart_transmitter_module/baud_bit_period_counter_reg[604]_i_1_n_0
    SLICE_X1Y84          CARRY4 (Prop_carry4_CI_CO[3])
                                                      0.114    26.879 r  uart_transmitter_module/baud_bit_period_counter_reg[608]_i_1/CO[3]
                         net (fo=1, estimated)        0.000    26.879    uart_transmitter_module/baud_bit_period_counter_reg[608]_i_1_n_0
    SLICE_X1Y85          CARRY4 (Prop_carry4_CI_CO[3])
                                                      0.114    26.993 r  uart_transmitter_module/baud_bit_period_counter_reg[612]_i_1/CO[3]
                         net (fo=1, estimated)        0.000    26.993    uart_transmitter_module/baud_bit_period_counter_reg[612]_i_1_n_0
    SLICE_X1Y86          CARRY4 (Prop_carry4_CI_CO[3])
                                                      0.114    27.107 r  uart_transmitter_module/baud_bit_period_counter_reg[616]_i_1/CO[3]
                         net (fo=1, estimated)        0.000    27.107    uart_transmitter_module/baud_bit_period_counter_reg[616]_i_1_n_0
    SLICE_X1Y87          CARRY4 (Prop_carry4_CI_CO[3])
                                                      0.114    27.221 r  uart_transmitter_module/baud_bit_period_counter_reg[620]_i_1/CO[3]
                         net (fo=1, estimated)        0.000    27.221    uart_transmitter_module/baud_bit_period_counter_reg[620]_i_1_n_0
    SLICE_X1Y88          CARRY4 (Prop_carry4_CI_CO[3])
                                                      0.114    27.335 r  uart_transmitter_module/baud_bit_period_counter_reg[624]_i_1/CO[3]
                         net (fo=1, estimated)        0.000    27.335    uart_transmitter_module/baud_bit_period_counter_reg[624]_i_1_n_0
    SLICE_X1Y89          CARRY4 (Prop_carry4_CI_CO[3])
                                                      0.114    27.449 r  uart_transmitter_module/baud_bit_period_counter_reg[628]_i_1/CO[3]
                         net (fo=1, estimated)        0.000    27.449    uart_transmitter_module/baud_bit_period_counter_reg[628]_i_1_n_0
    SLICE_X1Y90          CARRY4 (Prop_carry4_CI_CO[3])
                                                      0.114    27.563 r  uart_transmitter_module/baud_bit_period_counter_reg[632]_i_1/CO[3]
                         net (fo=1, estimated)        0.000    27.563    uart_transmitter_module/baud_bit_period_counter_reg[632]_i_1_n_0
    SLICE_X1Y91          CARRY4 (Prop_carry4_CI_CO[3])
                                                      0.114    27.677 r  uart_transmitter_module/baud_bit_period_counter_reg[636]_i_1/CO[3]
                         net (fo=1, estimated)        0.000    27.677    uart_transmitter_module/baud_bit_period_counter_reg[636]_i_1_n_0
    SLICE_X1Y92          CARRY4 (Prop_carry4_CI_CO[3])
                                                      0.114    27.791 r  uart_transmitter_module/baud_bit_period_counter_reg[640]_i_1/CO[3]
                         net (fo=1, estimated)        0.000    27.791    uart_transmitter_module/baud_bit_period_counter_reg[640]_i_1_n_0
    SLICE_X1Y93          CARRY4 (Prop_carry4_CI_CO[3])
                                                      0.114    27.905 r  uart_transmitter_module/baud_bit_period_counter_reg[644]_i_1/CO[3]
                         net (fo=1, estimated)        0.000    27.905    uart_transmitter_module/baud_bit_period_counter_reg[644]_i_1_n_0
    SLICE_X1Y94          CARRY4 (Prop_carry4_CI_CO[3])
                                                      0.114    28.019 r  uart_transmitter_module/baud_bit_period_counter_reg[648]_i_1/CO[3]
                         net (fo=1, estimated)        0.000    28.019    uart_transmitter_module/baud_bit_period_counter_reg[648]_i_1_n_0
    SLICE_X1Y95          CARRY4 (Prop_carry4_CI_CO[3])
                                                      0.114    28.133 r  uart_transmitter_module/baud_bit_period_counter_reg[652]_i_1/CO[3]
                         net (fo=1, estimated)        0.000    28.133    uart_transmitter_module/baud_bit_period_counter_reg[652]_i_1_n_0
    SLICE_X1Y96          CARRY4 (Prop_carry4_CI_CO[3])
                                                      0.114    28.247 r  uart_transmitter_module/baud_bit_period_counter_reg[656]_i_1/CO[3]
                         net (fo=1, estimated)        0.000    28.247    uart_transmitter_module/baud_bit_period_counter_reg[656]_i_1_n_0
    SLICE_X1Y97          CARRY4 (Prop_carry4_CI_CO[3])
                                                      0.114    28.361 r  uart_transmitter_module/baud_bit_period_counter_reg[660]_i_1/CO[3]
                         net (fo=1, estimated)        0.000    28.361    uart_transmitter_module/baud_bit_period_counter_reg[660]_i_1_n_0
    SLICE_X1Y98          CARRY4 (Prop_carry4_CI_CO[3])
                                                      0.114    28.475 r  uart_transmitter_module/baud_bit_period_counter_reg[664]_i_1/CO[3]
                         net (fo=1, estimated)        0.000    28.475    uart_transmitter_module/baud_bit_period_counter_reg[664]_i_1_n_0
    SLICE_X1Y99          CARRY4 (Prop_carry4_CI_CO[3])
                                                      0.114    28.589 r  uart_transmitter_module/baud_bit_period_counter_reg[668]_i_1/CO[3]
                         net (fo=1, estimated)        0.000    28.589    uart_transmitter_module/baud_bit_period_counter_reg[668]_i_1_n_0
    SLICE_X1Y100         CARRY4 (Prop_carry4_CI_CO[3])
                                                      0.114    28.703 r  uart_transmitter_module/baud_bit_period_counter_reg[672]_i_1/CO[3]
                         net (fo=1, estimated)        0.000    28.703    uart_transmitter_module/baud_bit_period_counter_reg[672]_i_1_n_0
    SLICE_X1Y101         CARRY4 (Prop_carry4_CI_CO[3])
                                                      0.114    28.817 r  uart_transmitter_module/baud_bit_period_counter_reg[676]_i_1/CO[3]
                         net (fo=1, estimated)        0.000    28.817    uart_transmitter_module/baud_bit_period_counter_reg[676]_i_1_n_0
    SLICE_X1Y102         CARRY4 (Prop_carry4_CI_CO[3])
                                                      0.114    28.931 r  uart_transmitter_module/baud_bit_period_counter_reg[680]_i_1/CO[3]
                         net (fo=1, estimated)        0.000    28.931    uart_transmitter_module/baud_bit_period_counter_reg[680]_i_1_n_0
    SLICE_X1Y103         CARRY4 (Prop_carry4_CI_CO[3])
                                                      0.114    29.045 r  uart_transmitter_module/baud_bit_period_counter_reg[684]_i_1/CO[3]
                         net (fo=1, estimated)        0.000    29.045    uart_transmitter_module/baud_bit_period_counter_reg[684]_i_1_n_0
    SLICE_X1Y104         CARRY4 (Prop_carry4_CI_CO[3])
                                                      0.114    29.159 r  uart_transmitter_module/baud_bit_period_counter_reg[688]_i_1/CO[3]
                         net (fo=1, estimated)        0.000    29.159    uart_transmitter_module/baud_bit_period_counter_reg[688]_i_1_n_0
    SLICE_X1Y105         CARRY4 (Prop_carry4_CI_CO[3])
                                                      0.114    29.273 r  uart_transmitter_module/baud_bit_period_counter_reg[692]_i_1/CO[3]
                         net (fo=1, estimated)        0.000    29.273    uart_transmitter_module/baud_bit_period_counter_reg[692]_i_1_n_0
    SLICE_X1Y106         CARRY4 (Prop_carry4_CI_CO[3])
                                                      0.114    29.387 r  uart_transmitter_module/baud_bit_period_counter_reg[696]_i_1/CO[3]
                         net (fo=1, estimated)        0.000    29.387    uart_transmitter_module/baud_bit_period_counter_reg[696]_i_1_n_0
    SLICE_X1Y107         CARRY4 (Prop_carry4_CI_CO[3])
                                                      0.114    29.501 r  uart_transmitter_module/baud_bit_period_counter_reg[700]_i_1/CO[3]
                         net (fo=1, estimated)        0.000    29.501    uart_transmitter_module/baud_bit_period_counter_reg[700]_i_1_n_0
    SLICE_X1Y108         CARRY4 (Prop_carry4_CI_CO[3])
                                                      0.114    29.615 r  uart_transmitter_module/baud_bit_period_counter_reg[704]_i_1/CO[3]
                         net (fo=1, estimated)        0.000    29.615    uart_transmitter_module/baud_bit_period_counter_reg[704]_i_1_n_0
    SLICE_X1Y109         CARRY4 (Prop_carry4_CI_CO[3])
                                                      0.114    29.729 r  uart_transmitter_module/baud_bit_period_counter_reg[708]_i_1/CO[3]
                         net (fo=1, estimated)        0.000    29.729    uart_transmitter_module/baud_bit_period_counter_reg[708]_i_1_n_0
    SLICE_X1Y110         CARRY4 (Prop_carry4_CI_CO[3])
                                                      0.114    29.843 r  uart_transmitter_module/baud_bit_period_counter_reg[712]_i_1/CO[3]
                         net (fo=1, estimated)        0.000    29.843    uart_transmitter_module/baud_bit_period_counter_reg[712]_i_1_n_0
    SLICE_X1Y111         CARRY4 (Prop_carry4_CI_CO[3])
                                                      0.114    29.957 r  uart_transmitter_module/baud_bit_period_counter_reg[716]_i_1/CO[3]
                         net (fo=1, estimated)        0.000    29.957    uart_transmitter_module/baud_bit_period_counter_reg[716]_i_1_n_0
    SLICE_X1Y112         CARRY4 (Prop_carry4_CI_CO[3])
                                                      0.114    30.071 r  uart_transmitter_module/baud_bit_period_counter_reg[720]_i_1/CO[3]
                         net (fo=1, estimated)        0.000    30.071    uart_transmitter_module/baud_bit_period_counter_reg[720]_i_1_n_0
    SLICE_X1Y113         CARRY4 (Prop_carry4_CI_CO[3])
                                                      0.114    30.185 r  uart_transmitter_module/baud_bit_period_counter_reg[724]_i_1/CO[3]
                         net (fo=1, estimated)        0.000    30.185    uart_transmitter_module/baud_bit_period_counter_reg[724]_i_1_n_0
    SLICE_X1Y114         CARRY4 (Prop_carry4_CI_CO[3])
                                                      0.114    30.299 r  uart_transmitter_module/baud_bit_period_counter_reg[728]_i_1/CO[3]
                         net (fo=1, estimated)        0.000    30.299    uart_transmitter_module/baud_bit_period_counter_reg[728]_i_1_n_0
    SLICE_X1Y115         CARRY4 (Prop_carry4_CI_CO[3])
                                                      0.114    30.413 r  uart_transmitter_module/baud_bit_period_counter_reg[732]_i_1/CO[3]
                         net (fo=1, estimated)        0.000    30.413    uart_transmitter_module/baud_bit_period_counter_reg[732]_i_1_n_0
    SLICE_X1Y116         CARRY4 (Prop_carry4_CI_CO[3])
                                                      0.114    30.527 r  uart_transmitter_module/baud_bit_period_counter_reg[736]_i_1/CO[3]
                         net (fo=1, estimated)        0.000    30.527    uart_transmitter_module/baud_bit_period_counter_reg[736]_i_1_n_0
    SLICE_X1Y117         CARRY4 (Prop_carry4_CI_CO[3])
                                                      0.114    30.641 r  uart_transmitter_module/baud_bit_period_counter_reg[740]_i_1/CO[3]
                         net (fo=1, estimated)        0.000    30.641    uart_transmitter_module/baud_bit_period_counter_reg[740]_i_1_n_0
    SLICE_X1Y118         CARRY4 (Prop_carry4_CI_CO[3])
                                                      0.114    30.755 r  uart_transmitter_module/baud_bit_period_counter_reg[744]_i_1/CO[3]
                         net (fo=1, estimated)        0.000    30.755    uart_transmitter_module/baud_bit_period_counter_reg[744]_i_1_n_0
    SLICE_X1Y119         CARRY4 (Prop_carry4_CI_CO[3])
                                                      0.114    30.869 r  uart_transmitter_module/baud_bit_period_counter_reg[748]_i_1/CO[3]
                         net (fo=1, estimated)        0.000    30.869    uart_transmitter_module/baud_bit_period_counter_reg[748]_i_1_n_0
    SLICE_X1Y120         CARRY4 (Prop_carry4_CI_CO[3])
                                                      0.114    30.983 r  uart_transmitter_module/baud_bit_period_counter_reg[752]_i_1/CO[3]
                         net (fo=1, estimated)        0.000    30.983    uart_transmitter_module/baud_bit_period_counter_reg[752]_i_1_n_0
    SLICE_X1Y121         CARRY4 (Prop_carry4_CI_CO[3])
                                                      0.114    31.097 r  uart_transmitter_module/baud_bit_period_counter_reg[756]_i_1/CO[3]
                         net (fo=1, estimated)        0.000    31.097    uart_transmitter_module/baud_bit_period_counter_reg[756]_i_1_n_0
    SLICE_X1Y122         CARRY4 (Prop_carry4_CI_CO[3])
                                                      0.114    31.211 r  uart_transmitter_module/baud_bit_period_counter_reg[760]_i_1/CO[3]
                         net (fo=1, estimated)        0.000    31.211    uart_transmitter_module/baud_bit_period_counter_reg[760]_i_1_n_0
    SLICE_X1Y123         CARRY4 (Prop_carry4_CI_CO[3])
                                                      0.114    31.325 r  uart_transmitter_module/baud_bit_period_counter_reg[764]_i_1/CO[3]
                         net (fo=1, estimated)        0.000    31.325    uart_transmitter_module/baud_bit_period_counter_reg[764]_i_1_n_0
    SLICE_X1Y124         CARRY4 (Prop_carry4_CI_CO[3])
                                                      0.114    31.439 r  uart_transmitter_module/baud_bit_period_counter_reg[768]_i_1/CO[3]
                         net (fo=1, estimated)        0.009    31.448    uart_transmitter_module/baud_bit_period_counter_reg[768]_i_1_n_0
    SLICE_X1Y125         CARRY4 (Prop_carry4_CI_CO[3])
                                                      0.114    31.562 r  uart_transmitter_module/baud_bit_period_counter_reg[772]_i_1/CO[3]
                         net (fo=1, estimated)        0.000    31.562    uart_transmitter_module/baud_bit_period_counter_reg[772]_i_1_n_0
    SLICE_X1Y126         CARRY4 (Prop_carry4_CI_CO[3])
                                                      0.114    31.676 r  uart_transmitter_module/baud_bit_period_counter_reg[776]_i_1/CO[3]
                         net (fo=1, estimated)        0.000    31.676    uart_transmitter_module/baud_bit_period_counter_reg[776]_i_1_n_0
    SLICE_X1Y127         CARRY4 (Prop_carry4_CI_CO[3])
                                                      0.114    31.790 r  uart_transmitter_module/baud_bit_period_counter_reg[780]_i_1/CO[3]
                         net (fo=1, estimated)        0.000    31.790    uart_transmitter_module/baud_bit_period_counter_reg[780]_i_1_n_0
    SLICE_X1Y128         CARRY4 (Prop_carry4_CI_CO[3])
                                                      0.114    31.904 r  uart_transmitter_module/baud_bit_period_counter_reg[784]_i_1/CO[3]
                         net (fo=1, estimated)        0.000    31.904    uart_transmitter_module/baud_bit_period_counter_reg[784]_i_1_n_0
    SLICE_X1Y129         CARRY4 (Prop_carry4_CI_CO[3])
                                                      0.114    32.018 r  uart_transmitter_module/baud_bit_period_counter_reg[788]_i_1/CO[3]
                         net (fo=1, estimated)        0.000    32.018    uart_transmitter_module/baud_bit_period_counter_reg[788]_i_1_n_0
    SLICE_X1Y130         CARRY4 (Prop_carry4_CI_CO[3])
                                                      0.114    32.132 r  uart_transmitter_module/baud_bit_period_counter_reg[792]_i_1/CO[3]
                         net (fo=1, estimated)        0.000    32.132    uart_transmitter_module/baud_bit_period_counter_reg[792]_i_1_n_0
    SLICE_X1Y131         CARRY4 (Prop_carry4_CI_CO[3])
                                                      0.114    32.246 r  uart_transmitter_module/baud_bit_period_counter_reg[796]_i_1/CO[3]
                         net (fo=1, estimated)        0.000    32.246    uart_transmitter_module/baud_bit_period_counter_reg[796]_i_1_n_0
    SLICE_X1Y132         CARRY4 (Prop_carry4_CI_CO[3])
                                                      0.114    32.360 r  uart_transmitter_module/baud_bit_period_counter_reg[800]_i_1/CO[3]
                         net (fo=1, estimated)        0.000    32.360    uart_transmitter_module/baud_bit_period_counter_reg[800]_i_1_n_0
    SLICE_X1Y133         CARRY4 (Prop_carry4_CI_CO[3])
                                                      0.114    32.474 r  uart_transmitter_module/baud_bit_period_counter_reg[804]_i_1/CO[3]
                         net (fo=1, estimated)        0.000    32.474    uart_transmitter_module/baud_bit_period_counter_reg[804]_i_1_n_0
    SLICE_X1Y134         CARRY4 (Prop_carry4_CI_CO[3])
                                                      0.114    32.588 r  uart_transmitter_module/baud_bit_period_counter_reg[808]_i_1/CO[3]
                         net (fo=1, estimated)        0.000    32.588    uart_transmitter_module/baud_bit_period_counter_reg[808]_i_1_n_0
    SLICE_X1Y135         CARRY4 (Prop_carry4_CI_CO[3])
                                                      0.114    32.702 r  uart_transmitter_module/baud_bit_period_counter_reg[812]_i_1/CO[3]
                         net (fo=1, estimated)        0.000    32.702    uart_transmitter_module/baud_bit_period_counter_reg[812]_i_1_n_0
    SLICE_X1Y136         CARRY4 (Prop_carry4_CI_CO[3])
                                                      0.114    32.816 r  uart_transmitter_module/baud_bit_period_counter_reg[816]_i_1/CO[3]
                         net (fo=1, estimated)        0.000    32.816    uart_transmitter_module/baud_bit_period_counter_reg[816]_i_1_n_0
    SLICE_X1Y137         CARRY4 (Prop_carry4_CI_CO[3])
                                                      0.114    32.930 r  uart_transmitter_module/baud_bit_period_counter_reg[820]_i_1/CO[3]
                         net (fo=1, estimated)        0.000    32.930    uart_transmitter_module/baud_bit_period_counter_reg[820]_i_1_n_0
    SLICE_X1Y138         CARRY4 (Prop_carry4_CI_CO[3])
                                                      0.114    33.044 r  uart_transmitter_module/baud_bit_period_counter_reg[824]_i_1/CO[3]
                         net (fo=1, estimated)        0.000    33.044    uart_transmitter_module/baud_bit_period_counter_reg[824]_i_1_n_0
    SLICE_X1Y139         CARRY4 (Prop_carry4_CI_CO[3])
                                                      0.114    33.158 r  uart_transmitter_module/baud_bit_period_counter_reg[828]_i_1/CO[3]
                         net (fo=1, estimated)        0.000    33.158    uart_transmitter_module/baud_bit_period_counter_reg[828]_i_1_n_0
    SLICE_X1Y140         CARRY4 (Prop_carry4_CI_CO[3])
                                                      0.114    33.272 r  uart_transmitter_module/baud_bit_period_counter_reg[832]_i_1/CO[3]
                         net (fo=1, estimated)        0.000    33.272    uart_transmitter_module/baud_bit_period_counter_reg[832]_i_1_n_0
    SLICE_X1Y141         CARRY4 (Prop_carry4_CI_CO[3])
                                                      0.114    33.386 r  uart_transmitter_module/baud_bit_period_counter_reg[836]_i_1/CO[3]
                         net (fo=1, estimated)        0.000    33.386    uart_transmitter_module/baud_bit_period_counter_reg[836]_i_1_n_0
    SLICE_X1Y142         CARRY4 (Prop_carry4_CI_CO[3])
                                                      0.114    33.500 r  uart_transmitter_module/baud_bit_period_counter_reg[840]_i_1/CO[3]
                         net (fo=1, estimated)        0.000    33.500    uart_transmitter_module/baud_bit_period_counter_reg[840]_i_1_n_0
    SLICE_X1Y143         CARRY4 (Prop_carry4_CI_CO[3])
                                                      0.114    33.614 r  uart_transmitter_module/baud_bit_period_counter_reg[844]_i_1/CO[3]
                         net (fo=1, estimated)        0.000    33.614    uart_transmitter_module/baud_bit_period_counter_reg[844]_i_1_n_0
    SLICE_X1Y144         CARRY4 (Prop_carry4_CI_CO[3])
                                                      0.114    33.728 r  uart_transmitter_module/baud_bit_period_counter_reg[848]_i_1/CO[3]
                         net (fo=1, estimated)        0.000    33.728    uart_transmitter_module/baud_bit_period_counter_reg[848]_i_1_n_0
    SLICE_X1Y145         CARRY4 (Prop_carry4_CI_CO[3])
                                                      0.114    33.842 r  uart_transmitter_module/baud_bit_period_counter_reg[852]_i_1/CO[3]
                         net (fo=1, estimated)        0.000    33.842    uart_transmitter_module/baud_bit_period_counter_reg[852]_i_1_n_0
    SLICE_X1Y146         CARRY4 (Prop_carry4_CI_CO[3])
                                                      0.114    33.956 r  uart_transmitter_module/baud_bit_period_counter_reg[856]_i_1/CO[3]
                         net (fo=1, estimated)        0.000    33.956    uart_transmitter_module/baud_bit_period_counter_reg[856]_i_1_n_0
    SLICE_X1Y147         CARRY4 (Prop_carry4_CI_CO[3])
                                                      0.114    34.070 r  uart_transmitter_module/baud_bit_period_counter_reg[860]_i_1/CO[3]
                         net (fo=1, estimated)        0.000    34.070    uart_transmitter_module/baud_bit_period_counter_reg[860]_i_1_n_0
    SLICE_X1Y148         CARRY4 (Prop_carry4_CI_CO[3])
                                                      0.114    34.184 r  uart_transmitter_module/baud_bit_period_counter_reg[864]_i_1/CO[3]
                         net (fo=1, estimated)        0.000    34.184    uart_transmitter_module/baud_bit_period_counter_reg[864]_i_1_n_0
    SLICE_X1Y149         CARRY4 (Prop_carry4_CI_O[0])
                                                      0.223    34.407 r  uart_transmitter_module/baud_bit_period_counter_reg[868]_i_1/O[0]
                         net (fo=1, routed)           0.000    34.407    uart_transmitter_module/baud_bit_period_counter_reg[868]_i_1_n_7
    SLICE_X1Y149         FDRE                                         r  uart_transmitter_module/baud_bit_period_counter_reg[868]/D
  -------------------------------------------------------------------    -------------------

                         (clock gclk rise edge)      10.000    10.000 r  
    N15                                               0.000    10.000 r  clk_100mhz (IN)
                         net (fo=0)                   0.000    10.000    clk_100mhz
    N15                  IBUF (Prop_ibuf_I_O)         1.370    11.370 r  clk_100mhz_IBUF_inst/O
                         net (fo=1, estimated)        1.873    13.244    clk_100mhz_IBUF
    BUFGCTRL_X0Y0        BUFG (Prop_bufg_I_O)         0.091    13.335 r  clk_100mhz_IBUF_BUFG_inst/O
                         net (fo=1115, estimated)     1.681    15.016    uart_transmitter_module/CLK
    SLICE_X1Y149         FDRE                                         r  uart_transmitter_module/baud_bit_period_counter_reg[868]/C
                         clock pessimism              0.174    15.189    
                         clock uncertainty           -0.035    15.154    
    SLICE_X1Y149         FDRE (Setup_fdre_C_D)        0.062    15.216    uart_transmitter_module/baud_bit_period_counter_reg[868]
  -------------------------------------------------------------------
                         required time                         15.216    
                         arrival time                         -34.407    
  -------------------------------------------------------------------
                         slack                                -19.191    





Min Delay Paths
--------------------------------------------------------------------------------------
Slack (VIOLATED) :        -0.038ns  (arrival time - required time)
  Source:                 uart_receiver_module/dout_reg[3]/C
                            (rising edge-triggered cell FDRE clocked by gclk  {rise@0.000ns fall@4.000ns period=10.000ns})
  Destination:            audio_bram/BRAM_reg_1_3/DIADI[0]
                            (rising edge-triggered cell RAMB36E1 clocked by gclk  {rise@0.000ns fall@4.000ns period=10.000ns})
  Path Group:             gclk
  Path Type:              Hold (Min at Fast Process Corner)
  Requirement:            0.000ns  (gclk rise@0.000ns - gclk rise@0.000ns)
  Data Path Delay:        0.436ns  (logic 0.141ns (32.303%)  route 0.295ns (67.697%))
  Logic Levels:           0  
  Clock Path Skew:        0.319ns (DCD - SCD - CPR)
    Destination Clock Delay (DCD):    2.180ns
    Source Clock Delay      (SCD):    1.627ns
    Clock Pessimism Removal (CPR):    0.234ns

    Location             Delay type                Incr(ns)  Path(ns)    Netlist Resource(s)
  -------------------------------------------------------------------    -------------------
                         (clock gclk rise edge)       0.000     0.000 r  
    N15                                               0.000     0.000 r  clk_100mhz (IN)
                         net (fo=0)                   0.000     0.000    clk_100mhz
    N15                  IBUF (Prop_ibuf_I_O)         0.209     0.209 r  clk_100mhz_IBUF_inst/O
                         net (fo=1, estimated)        0.831     1.040    clk_100mhz_IBUF
    BUFGCTRL_X0Y0        BUFG (Prop_bufg_I_O)         0.026     1.066 r  clk_100mhz_IBUF_BUFG_inst/O
                         net (fo=1115, estimated)     0.561     1.627    uart_receiver_module/CLK
    SLICE_X9Y54          FDRE                                         r  uart_receiver_module/dout_reg[3]/C
  -------------------------------------------------------------------    -------------------
    SLICE_X9Y54          FDRE (Prop_fdre_C_Q)         0.141     1.768 r  uart_receiver_module/dout_reg[3]/Q
                         net (fo=3, estimated)        0.295     2.063    audio_bram/Q[3]
    RAMB36_X0Y9          RAMB36E1                                     r  audio_bram/BRAM_reg_1_3/DIADI[0]
  -------------------------------------------------------------------    -------------------

                         (clock gclk rise edge)       0.000     0.000 r  
    N15                                               0.000     0.000 r  clk_100mhz (IN)
                         net (fo=0)                   0.000     0.000    clk_100mhz
    N15                  IBUF (Prop_ibuf_I_O)         0.396     0.396 r  clk_100mhz_IBUF_inst/O
                         net (fo=1, estimated)        0.875     1.271    clk_100mhz_IBUF
    BUFGCTRL_X0Y0        BUFG (Prop_bufg_I_O)         0.029     1.300 r  clk_100mhz_IBUF_BUFG_inst/O
                         net (fo=1115, estimated)     0.880     2.180    audio_bram/clk_100mhz_IBUF_BUFG
    RAMB36_X0Y9          RAMB36E1                                     r  audio_bram/BRAM_reg_1_3/CLKARDCLK
                         clock pessimism             -0.234     1.946    
    RAMB36_X0Y9          RAMB36E1 (Hold_ramb36e1_CLKARDCLK_DIADI[0])
                                                      0.155     2.101    audio_bram/BRAM_reg_1_3
  -------------------------------------------------------------------
                         required time                         -2.101    
                         arrival time                           2.063    
  -------------------------------------------------------------------
                         slack                                 -0.038    





Pulse Width Checks
--------------------------------------------------------------------------------------
Clock Name:         gclk
Waveform(ns):       { 0.000 4.000 }
Period(ns):         10.000
Sources:            { clk_100mhz }

Check Type        Corner  Lib Pin             Reference Pin  Required(ns)  Actual(ns)  Slack(ns)  Location     Pin
Min Period        n/a     RAMB36E1/CLKARDCLK  n/a            3.363         10.000      6.637      RAMB36_X0Y4  audio_bram/BRAM_reg_0_0/CLKARDCLK
Low Pulse Width   Slow    FDRE/C              n/a            0.500         6.000       5.500      SLICE_X5Y56  audio_sample_reg[0]/C
High Pulse Width  Slow    FDRE/C              n/a            0.500         4.000       3.500      SLICE_X5Y56  audio_sample_reg[0]/C



