Copyright 1986-2022 Xilinx, Inc. All Rights Reserved. Copyright 2022-2025 Advanced Micro Devices, Inc. All Rights Reserved.
---------------------------------------------------------------------------------------------------------------------------------------------
| Tool Version : Vivado v.2025.1 (lin64) Build 6140274 Wed May 21 22:58:25 MDT 2025
| Date         : Mon Feb  2 20:36:12 2026
| Host         : eecs-digital-04 running 64-bit Ubuntu 24.04.3 LTS
| Command      : report_timing -file obj/post_route_timing.rpt
| Design       : top_level
| Device       : 7s50-csga324
| Speed File   : -1  PRODUCTION 1.23 2018-06-13
| Design State : Routed
---------------------------------------------------------------------------------------------------------------------------------------------

Timing Report

Slack (MET) :             4.653ns  (required time - arrival time)
  Source:                 u_rgb_controller/g/mc/count_reg[3]/C
                            (rising edge-triggered cell FDRE clocked by gclk  {rise@0.000ns fall@4.000ns period=10.000ns})
  Destination:            u_rgb_controller/g/mc/count_reg[0]/R
                            (rising edge-triggered cell FDRE clocked by gclk  {rise@0.000ns fall@4.000ns period=10.000ns})
  Path Group:             gclk
  Path Type:              Setup (Max at Slow Process Corner)
  Requirement:            10.000ns  (gclk rise@10.000ns - gclk rise@0.000ns)
  Data Path Delay:        4.788ns  (logic 1.658ns (34.627%)  route 3.130ns (65.373%))
  Logic Levels:           6  (CARRY4=4 LUT2=2)
  Clock Path Skew:        0.000ns (DCD - SCD + CPR)
    Destination Clock Delay (DCD):    4.823ns = ( 14.823 - 10.000 ) 
    Source Clock Delay      (SCD):    5.116ns
    Clock Pessimism Removal (CPR):    0.293ns
  Clock Uncertainty:      0.035ns  ((TSJ^2 + TIJ^2)^1/2 + DJ) / 2 + PE
    Total System Jitter     (TSJ):    0.071ns
    Total Input Jitter      (TIJ):    0.000ns
    Discrete Jitter          (DJ):    0.000ns
    Phase Error              (PE):    0.000ns

    Location             Delay type                Incr(ns)  Path(ns)    Netlist Resource(s)
  -------------------------------------------------------------------    -------------------
                         (clock gclk rise edge)       0.000     0.000 r  
    N15                                               0.000     0.000 r  clk_100mhz (IN)
                         net (fo=0)                   0.000     0.000    clk_100mhz
    N15                  IBUF (Prop_ibuf_I_O)         1.440     1.440 r  clk_100mhz_IBUF_inst/O
                         net (fo=1, routed)           1.972     3.412    clk_100mhz_IBUF
    BUFGCTRL_X0Y0        BUFG (Prop_bufg_I_O)         0.096     3.508 r  clk_100mhz_IBUF_BUFG_inst/O
                         net (fo=112, routed)         1.608     5.116    u_rgb_controller/g/mc/CLK
    SLICE_X64Y73         FDRE                                         r  u_rgb_controller/g/mc/count_reg[3]/C
  -------------------------------------------------------------------    -------------------
    SLICE_X64Y73         FDRE (Prop_fdre_C_Q)         0.518     5.634 r  u_rgb_controller/g/mc/count_reg[3]/Q
                         net (fo=5, routed)           1.140     6.774    u_rgb_controller/g/mc/count_reg[3]
    SLICE_X62Y75         LUT2 (Prop_lut2_I1_O)        0.124     6.898 r  u_rgb_controller/g/mc/count0_carry_i_4__0/O
                         net (fo=1, routed)           0.000     6.898    u_rgb_controller/g/mc/count0_carry_i_4__0_n_0
    SLICE_X62Y75         CARRY4 (Prop_carry4_S[1]_CO[3])
                                                      0.550     7.448 r  u_rgb_controller/g/mc/count0_carry/CO[3]
                         net (fo=1, routed)           0.000     7.448    u_rgb_controller/g/mc/count0_carry_n_0
    SLICE_X62Y76         CARRY4 (Prop_carry4_CI_CO[3])
                                                      0.114     7.562 r  u_rgb_controller/g/mc/count0_carry__0/CO[3]
                         net (fo=1, routed)           0.000     7.562    u_rgb_controller/g/mc/count0_carry__0_n_0
    SLICE_X62Y77         CARRY4 (Prop_carry4_CI_CO[3])
                                                      0.114     7.676 r  u_rgb_controller/g/mc/count0_carry__1/CO[3]
                         net (fo=1, routed)           0.000     7.676    u_rgb_controller/g/mc/count0_carry__1_n_0
    SLICE_X62Y78         CARRY4 (Prop_carry4_CI_CO[3])
                                                      0.114     7.790 r  u_rgb_controller/g/mc/count0_carry__2/CO[3]
                         net (fo=1, routed)           0.746     8.536    u_rgb_controller/g/mc/count0_carry__2_n_0
    SLICE_X63Y79         LUT2 (Prop_lut2_I1_O)        0.124     8.660 r  u_rgb_controller/g/mc/count[0]_i_1__0/O
                         net (fo=32, routed)          1.244     9.904    u_rgb_controller/g/mc/count[0]_i_1__0_n_0
    SLICE_X64Y73         FDRE                                         r  u_rgb_controller/g/mc/count_reg[0]/R
  -------------------------------------------------------------------    -------------------

                         (clock gclk rise edge)      10.000    10.000 r  
    N15                                               0.000    10.000 r  clk_100mhz (IN)
                         net (fo=0)                   0.000    10.000    clk_100mhz
    N15                  IBUF (Prop_ibuf_I_O)         1.370    11.370 r  clk_100mhz_IBUF_inst/O
                         net (fo=1, routed)           1.868    13.238    clk_100mhz_IBUF
    BUFGCTRL_X0Y0        BUFG (Prop_bufg_I_O)         0.091    13.329 r  clk_100mhz_IBUF_BUFG_inst/O
                         net (fo=112, routed)         1.494    14.823    u_rgb_controller/g/mc/CLK
    SLICE_X64Y73         FDRE                                         r  u_rgb_controller/g/mc/count_reg[0]/C
                         clock pessimism              0.293    15.116    
                         clock uncertainty           -0.035    15.080    
    SLICE_X64Y73         FDRE (Setup_fdre_C_R)       -0.524    14.556    u_rgb_controller/g/mc/count_reg[0]
  -------------------------------------------------------------------
                         required time                         14.556    
                         arrival time                          -9.904    
  -------------------------------------------------------------------
                         slack                                  4.653    




