Copyright 1986-2022 Xilinx, Inc. All Rights Reserved. Copyright 2022-2025 Advanced Micro Devices, Inc. All Rights Reserved.
---------------------------------------------------------------------------------------------------------------------------------------------
| Tool Version : Vivado v.2025.1 (lin64) Build 6140274 Wed May 21 22:58:25 MDT 2025
| Date         : Mon Feb  2 20:36:03 2026
| Host         : eecs-digital-04 running 64-bit Ubuntu 24.04.3 LTS
| Command      : report_timing -file obj/post_synth_timing.rpt
| Design       : top_level
| Device       : 7s50-csga324
| Speed File   : -1  PRODUCTION 1.23 2018-06-13
| Design State : Synthesized
---------------------------------------------------------------------------------------------------------------------------------------------

Timing Report

Slack (MET) :             5.145ns  (required time - arrival time)
  Source:                 u_rgb_controller/b/mc/count_reg[0]/C
                            (rising edge-triggered cell FDRE clocked by gclk  {rise@0.000ns fall@4.000ns period=10.000ns})
  Destination:            u_rgb_controller/b/mc/count_reg[0]/R
                            (rising edge-triggered cell FDRE clocked by gclk  {rise@0.000ns fall@4.000ns period=10.000ns})
  Path Group:             gclk
  Path Type:              Setup (Max at Slow Process Corner)
  Requirement:            10.000ns  (gclk rise@10.000ns - gclk rise@0.000ns)
  Data Path Delay:        4.118ns  (logic 1.850ns (44.925%)  route 2.268ns (55.075%))
  Logic Levels:           6  (CARRY4=4 LUT2=2)
  Clock Path Skew:        -0.145ns (DCD - SCD + CPR)
    Destination Clock Delay (DCD):    2.660ns = ( 12.660 - 10.000 ) 
    Source Clock Delay      (SCD):    2.920ns
    Clock Pessimism Removal (CPR):    0.115ns
  Clock Uncertainty:      0.035ns  ((TSJ^2 + TIJ^2)^1/2 + DJ) / 2 + PE
    Total System Jitter     (TSJ):    0.071ns
    Total Input Jitter      (TIJ):    0.000ns
    Discrete Jitter          (DJ):    0.000ns
    Phase Error              (PE):    0.000ns

    Location             Delay type                Incr(ns)  Path(ns)    Netlist Resource(s)
  -------------------------------------------------------------------    -------------------
                         (clock gclk rise edge)       0.000     0.000 r  
    N15                                               0.000     0.000 r  clk_100mhz (IN)
                         net (fo=0)                   0.000     0.000    clk_100mhz
    N15                  IBUF (Prop_ibuf_I_O)         1.440     1.440 r  clk_100mhz_IBUF_inst/O
                         net (fo=1, unplaced)         0.800     2.240    clk_100mhz_IBUF
                         BUFG (Prop_bufg_I_O)         0.096     2.336 r  clk_100mhz_IBUF_BUFG_inst/O
                         net (fo=112, unplaced)       0.584     2.920    u_rgb_controller/b/mc/CLK
                         FDRE                                         r  u_rgb_controller/b/mc/count_reg[0]/C
  -------------------------------------------------------------------    -------------------
                         FDRE (Prop_fdre_C_Q)         0.478     3.398 r  u_rgb_controller/b/mc/count_reg[0]/Q
                         net (fo=4, unplaced)         0.494     3.892    u_rgb_controller/b/mc/count_reg[0]
                         LUT2 (Prop_lut2_I0_O)        0.321     4.213 r  u_rgb_controller/b/mc/count0_carry_i_1__1/O
                         net (fo=1, unplaced)         0.000     4.213    u_rgb_controller/b/mc/count0_carry_i_1__1_n_0
                         CARRY4 (Prop_carry4_DI[0]_CO[3])
                                                      0.576     4.789 r  u_rgb_controller/b/mc/count0_carry/CO[3]
                         net (fo=1, unplaced)         0.009     4.798    u_rgb_controller/b/mc/count0_carry_n_0
                         CARRY4 (Prop_carry4_CI_CO[3])
                                                      0.117     4.915 r  u_rgb_controller/b/mc/count0_carry__0/CO[3]
                         net (fo=1, unplaced)         0.000     4.915    u_rgb_controller/b/mc/count0_carry__0_n_0
                         CARRY4 (Prop_carry4_CI_CO[3])
                                                      0.117     5.032 r  u_rgb_controller/b/mc/count0_carry__1/CO[3]
                         net (fo=1, unplaced)         0.000     5.032    u_rgb_controller/b/mc/count0_carry__1_n_0
                         CARRY4 (Prop_carry4_CI_CO[3])
                                                      0.117     5.149 r  u_rgb_controller/b/mc/count0_carry__2/CO[3]
                         net (fo=1, unplaced)         0.918     6.067    u_rgb_controller/b/mc/count0_carry__2_n_0
                         LUT2 (Prop_lut2_I1_O)        0.124     6.191 r  u_rgb_controller/b/mc/count[0]_i_1__1/O
                         net (fo=32, unplaced)        0.847     7.038    u_rgb_controller/b/mc/count[0]_i_1__1_n_0
                         FDRE                                         r  u_rgb_controller/b/mc/count_reg[0]/R
  -------------------------------------------------------------------    -------------------

                         (clock gclk rise edge)      10.000    10.000 r  
    N15                                               0.000    10.000 r  clk_100mhz (IN)
                         net (fo=0)                   0.000    10.000    clk_100mhz
    N15                  IBUF (Prop_ibuf_I_O)         1.370    11.370 r  clk_100mhz_IBUF_inst/O
                         net (fo=1, unplaced)         0.760    12.130    clk_100mhz_IBUF
                         BUFG (Prop_bufg_I_O)         0.091    12.221 r  clk_100mhz_IBUF_BUFG_inst/O
                         net (fo=112, unplaced)       0.439    12.660    u_rgb_controller/b/mc/CLK
                         FDRE                                         r  u_rgb_controller/b/mc/count_reg[0]/C
                         clock pessimism              0.115    12.775    
                         clock uncertainty           -0.035    12.740    
                         FDRE (Setup_fdre_C_R)       -0.557    12.183    u_rgb_controller/b/mc/count_reg[0]
  -------------------------------------------------------------------
                         required time                         12.183    
                         arrival time                          -7.038    
  -------------------------------------------------------------------
                         slack                                  5.145    




