#-----------------------------------------------------------
# Vivado v2025.1 (64-bit)
# SW Build 6140274 on Wed May 21 22:58:25 MDT 2025
# IP Build 6138677 on Thu May 22 03:10:11 MDT 2025
# SharedData Build 6139179 on Tue May 20 17:58:58 MDT 2025
# Start of session at: Tue Feb  3 03:29:12 2026
# Process ID         : 1810707
# Current directory  : /home/fpga/worker_place/temp/temp/56a0f0944cc44d83b12e54385080fd1d
# Command line       : vivado -mode batch -source build.tcl
# Log file           : /home/fpga/worker_place/temp/temp/56a0f0944cc44d83b12e54385080fd1d/vivado.log
# Journal file       : /home/fpga/worker_place/temp/temp/56a0f0944cc44d83b12e54385080fd1d/vivado.jou
# Running On         : eecs-digital-18
# Platform           : Ubuntu
# Operating System   : Ubuntu 24.04.3 LTS
# Processor Detail   : 13th Gen Intel(R) Core(TM) i7-13700
# CPU Frequency      : 800.000 MHz
# CPU Physical cores : 16
# CPU Logical cores  : 24
# Host memory        : 33325 MB
# Swap memory        : 8589 MB
# Total Virtual      : 41915 MB
# Available Virtual  : 40239 MB
#-----------------------------------------------------------
source build.tcl
# set_param general.maxThreads 4
# set partNum xc7s50csga324-1
# set outputDir obj
# file mkdir $outputDir
# set files [glob -nocomplain "$outputDir/*"]
# if {[llength $files] != 0} {
#     # clear folder contents
#     puts "deleting contents of $outputDir"
#     file delete -force {*}[glob -directory $outputDir *];
# } else {
#     puts "$outputDir is empty"
# }
obj is empty
# set sources_sv [ glob ./hdl/*.sv ]
# read_verilog -sv $sources_sv
# set sources_v [ glob -nocomplain ./hdl/*.v ]
# if {[llength $sources_v] > 0 } {
#     read_verilog $sources_v
# }
# read_xdc [ glob ./xdc/*.xdc ]
# set sources_mem [ glob -nocomplain ./data/*.mem ]
# if {[llength $sources_mem] > 0} {
#     read_mem $sources_mem
# }
# set_part $partNum
INFO: [Coretcl 2-1500] The part has been set to 'xc7s50csga324-1' for the current project only. Run set_part -help for more details. To evaluate different speed grades in the current design, use the set_speed_grade command, or use the open_checkpoint -part command to change the part used by an existing checkpoint design.
# set sources_ip [ glob -nocomplain -directory ./ip -tails * ]
# puts $sources_ip

# foreach ip_source $sources_ip {
#     if {[file isdirectory ./ip/$ip_source]} {
# 	read_ip ./ip/$ip_source/$ip_source.xci
#     }
# }
WARNING: [Coretcl 2-176] No IPs found
# generate_target all [get_ips]
WARNING: [Coretcl 2-176] No IPs found
# synth_ip [get_ips]
INFO: [Vivado 12-3441] generate_netlist_ip - operation complete
# synth_design -top top_level -part $partNum -verbose
Command: synth_design -top top_level -part xc7s50csga324-1 -verbose
Starting synth_design
Attempting to get a license for feature 'Synthesis' and/or device 'xc7s50'
INFO: [Common 17-349] Got license for feature 'Synthesis' and/or device 'xc7s50'
INFO: [Device 21-403] Loading part xc7s50csga324-1
INFO: [Synth 8-7079] Multithreading enabled for synth_design using a maximum of 4 processes.
INFO: [Synth 8-7078] Launching helper process for spawning children vivado processes
INFO: [Synth 8-7075] Helper process launched with PID 1810732
---------------------------------------------------------------------------------
Starting RTL Elaboration : Time (s): cpu = 00:00:02 ; elapsed = 00:00:02 . Memory (MB): peak = 2111.078 ; gain = 435.742 ; free physical = 20578 ; free virtual = 37049
---------------------------------------------------------------------------------
CRITICAL WARNING: [Synth 8-9873] overwriting previous definition of module 'top_level' [/home/fpga/worker_place/temp/temp/56a0f0944cc44d83b12e54385080fd1d/hdl/top_level_for_bto7.sv:41]
INFO: [Synth 8-9937] previous definition of design element 'top_level' is here [/home/fpga/worker_place/temp/temp/56a0f0944cc44d83b12e54385080fd1d/hdl/top_level.sv:31]
INFO: [Synth 8-6157] synthesizing module 'top_level' [/home/fpga/worker_place/temp/temp/56a0f0944cc44d83b12e54385080fd1d/hdl/top_level_for_bto7.sv:3]
INFO: [Synth 8-6157] synthesizing module 'bto7s' [/home/fpga/worker_place/temp/temp/56a0f0944cc44d83b12e54385080fd1d/hdl/bto7s.sv:2]
INFO: [Synth 8-6155] done synthesizing module 'bto7s' (0#1) [/home/fpga/worker_place/temp/temp/56a0f0944cc44d83b12e54385080fd1d/hdl/bto7s.sv:2]
INFO: [Synth 8-6155] done synthesizing module 'top_level' (0#1) [/home/fpga/worker_place/temp/temp/56a0f0944cc44d83b12e54385080fd1d/hdl/top_level_for_bto7.sv:3]
WARNING: [Synth 8-3917] design top_level has port rgb0[2] driven by constant 0
WARNING: [Synth 8-3917] design top_level has port rgb0[1] driven by constant 0
WARNING: [Synth 8-3917] design top_level has port rgb0[0] driven by constant 0
WARNING: [Synth 8-3917] design top_level has port rgb1[2] driven by constant 0
WARNING: [Synth 8-3917] design top_level has port rgb1[1] driven by constant 0
WARNING: [Synth 8-3917] design top_level has port rgb1[0] driven by constant 0
WARNING: [Synth 8-3917] design top_level has port ss0_an[3] driven by constant 0
WARNING: [Synth 8-3917] design top_level has port ss0_an[2] driven by constant 0
WARNING: [Synth 8-3917] design top_level has port ss0_an[1] driven by constant 0
WARNING: [Synth 8-3917] design top_level has port ss0_an[0] driven by constant 0
WARNING: [Synth 8-3917] design top_level has port ss1_an[3] driven by constant 0
WARNING: [Synth 8-3917] design top_level has port ss1_an[2] driven by constant 0
WARNING: [Synth 8-3917] design top_level has port ss1_an[1] driven by constant 0
WARNING: [Synth 8-3917] design top_level has port ss1_an[0] driven by constant 0
WARNING: [Synth 8-7129] Port btn[3] in module top_level is either unconnected or has no load
WARNING: [Synth 8-7129] Port btn[2] in module top_level is either unconnected or has no load
WARNING: [Synth 8-7129] Port btn[1] in module top_level is either unconnected or has no load
WARNING: [Synth 8-7129] Port btn[0] in module top_level is either unconnected or has no load
---------------------------------------------------------------------------------
Finished RTL Elaboration : Time (s): cpu = 00:00:03 ; elapsed = 00:00:03 . Memory (MB): peak = 2185.016 ; gain = 509.680 ; free physical = 20491 ; free virtual = 36963
---------------------------------------------------------------------------------
---------------------------------------------------------------------------------
Start Handling Custom Attributes
---------------------------------------------------------------------------------
---------------------------------------------------------------------------------
Finished Handling Custom Attributes : Time (s): cpu = 00:00:03 ; elapsed = 00:00:03 . Memory (MB): peak = 2202.828 ; gain = 527.492 ; free physical = 20491 ; free virtual = 36963
---------------------------------------------------------------------------------
---------------------------------------------------------------------------------
Finished RTL Optimization Phase 1 : Time (s): cpu = 00:00:03 ; elapsed = 00:00:03 . Memory (MB): peak = 2202.828 ; gain = 527.492 ; free physical = 20491 ; free virtual = 36963
---------------------------------------------------------------------------------
Netlist sorting complete. Time (s): cpu = 00:00:00 ; elapsed = 00:00:00 . Memory (MB): peak = 2202.828 ; gain = 0.000 ; free physical = 20491 ; free virtual = 36963
INFO: [Project 1-570] Preparing netlist for logic optimization

Processing XDC Constraints
Initializing timing engine
Parsing XDC File [/home/fpga/worker_place/temp/temp/56a0f0944cc44d83b12e54385080fd1d/xdc/top_level.xdc]
WARNING: [Vivado 12-584] No ports matched 'clk_100mhz'. [/home/fpga/worker_place/temp/temp/56a0f0944cc44d83b12e54385080fd1d/xdc/top_level.xdc:3]
CRITICAL WARNING: [Common 17-55] 'set_property' expects at least one object. [/home/fpga/worker_place/temp/temp/56a0f0944cc44d83b12e54385080fd1d/xdc/top_level.xdc:3]
Resolution: If [get_<value>] was used to populate the object, check to make sure this command returns at least one valid object.
WARNING: [Vivado 12-584] No ports matched 'clk_100mhz'. [/home/fpga/worker_place/temp/temp/56a0f0944cc44d83b12e54385080fd1d/xdc/top_level.xdc:4]
CRITICAL WARNING: [Vivado 12-4739] create_clock:No valid object(s) found for '-objects [get_ports clk_100mhz]'. [/home/fpga/worker_place/temp/temp/56a0f0944cc44d83b12e54385080fd1d/xdc/top_level.xdc:4]
Resolution: Check if the specified object(s) exists in the current design. If it does, ensure that the correct design hierarchy was specified for the object. If you are working with clocks, make sure create_clock was used to create the clock object before it is referenced.
WARNING: [Vivado 12-584] No ports matched 'pmoda[0]'. [/home/fpga/worker_place/temp/temp/56a0f0944cc44d83b12e54385080fd1d/xdc/top_level.xdc:93]
CRITICAL WARNING: [Common 17-55] 'set_property' expects at least one object. [/home/fpga/worker_place/temp/temp/56a0f0944cc44d83b12e54385080fd1d/xdc/top_level.xdc:93]
Resolution: If [get_<value>] was used to populate the object, check to make sure this command returns at least one valid object.
WARNING: [Vivado 12-584] No ports matched 'pmoda[1]'. [/home/fpga/worker_place/temp/temp/56a0f0944cc44d83b12e54385080fd1d/xdc/top_level.xdc:94]
CRITICAL WARNING: [Common 17-55] 'set_property' expects at least one object. [/home/fpga/worker_place/temp/temp/56a0f0944cc44d83b12e54385080fd1d/xdc/top_level.xdc:94]
Resolution: If [get_<value>] was used to populate the object, check to make sure this command returns at least one valid object.
WARNING: [Vivado 12-584] No ports matched 'pmoda[2]'. [/home/fpga/worker_place/temp/temp/56a0f0944cc44d83b12e54385080fd1d/xdc/top_level.xdc:95]
CRITICAL WARNING: [Common 17-55] 'set_property' expects at least one object. [/home/fpga/worker_place/temp/temp/56a0f0944cc44d83b12e54385080fd1d/xdc/top_level.xdc:95]
Resolution: If [get_<value>] was used to populate the object, check to make sure this command returns at least one valid object.
Finished Parsing XDC File [/home/fpga/worker_place/temp/temp/56a0f0944cc44d83b12e54385080fd1d/xdc/top_level.xdc]
INFO: [Project 1-236] Implementation specific constraints were found while reading constraint file [/home/fpga/worker_place/temp/temp/56a0f0944cc44d83b12e54385080fd1d/xdc/top_level.xdc]. These constraints will be ignored for synthesis but will be used in implementation. Impacted constraints are listed in the file [.Xil/top_level_propImpl.xdc].
Resolution: To avoid this warning, move constraints listed in [.Xil/top_level_propImpl.xdc] to another XDC file and exclude this new file from synthesis with the used_in_synthesis property (File Properties dialog in GUI) and re-run elaboration/synthesis.
Completed Processing XDC Constraints

Netlist sorting complete. Time (s): cpu = 00:00:00 ; elapsed = 00:00:00 . Memory (MB): peak = 2326.566 ; gain = 0.000 ; free physical = 20495 ; free virtual = 36968
INFO: [Project 1-111] Unisim Transformation Summary:
No Unisim elements were transformed.

Constraint Validation Runtime : Time (s): cpu = 00:00:00 ; elapsed = 00:00:00 . Memory (MB): peak = 2326.602 ; gain = 0.000 ; free physical = 20495 ; free virtual = 36967
---------------------------------------------------------------------------------
Finished Constraint Validation : Time (s): cpu = 00:00:06 ; elapsed = 00:00:06 . Memory (MB): peak = 2326.602 ; gain = 651.266 ; free physical = 20510 ; free virtual = 36983
---------------------------------------------------------------------------------
---------------------------------------------------------------------------------
Start Loading Part and Timing Information
---------------------------------------------------------------------------------
Loading part: xc7s50csga324-1
---------------------------------------------------------------------------------
Finished Loading Part and Timing Information : Time (s): cpu = 00:00:06 ; elapsed = 00:00:06 . Memory (MB): peak = 2334.570 ; gain = 659.234 ; free physical = 20510 ; free virtual = 36983
---------------------------------------------------------------------------------
---------------------------------------------------------------------------------
Start Applying 'set_property' XDC Constraints
---------------------------------------------------------------------------------
---------------------------------------------------------------------------------
Finished applying 'set_property' XDC Constraints : Time (s): cpu = 00:00:06 ; elapsed = 00:00:06 . Memory (MB): peak = 2334.570 ; gain = 659.234 ; free physical = 20510 ; free virtual = 36983
---------------------------------------------------------------------------------
---------------------------------------------------------------------------------
Finished RTL Optimization Phase 2 : Time (s): cpu = 00:00:06 ; elapsed = 00:00:07 . Memory (MB): peak = 2334.570 ; gain = 659.234 ; free physical = 20510 ; free virtual = 36984
---------------------------------------------------------------------------------
---------------------------------------------------------------------------------
Start RTL Component Statistics 
---------------------------------------------------------------------------------
Detailed RTL Component Info : 
---------------------------------------------------------------------------------
Finished RTL Component Statistics 
---------------------------------------------------------------------------------
---------------------------------------------------------------------------------
Start Part Resource Summary
---------------------------------------------------------------------------------
Part Resources:
DSPs: 120 (col length:60)
BRAMs: 150 (col length: RAMB18 60 RAMB36 30)
---------------------------------------------------------------------------------
Finished Part Resource Summary
---------------------------------------------------------------------------------
---------------------------------------------------------------------------------
Start Cross Boundary and Area Optimization
---------------------------------------------------------------------------------
WARNING: [Synth 8-7080] Parallel synthesis criteria is not met
WARNING: [Synth 8-3917] design top_level has port rgb0[2] driven by constant 0
WARNING: [Synth 8-3917] design top_level has port rgb0[1] driven by constant 0
WARNING: [Synth 8-3917] design top_level has port rgb0[0] driven by constant 0
WARNING: [Synth 8-3917] design top_level has port rgb1[2] driven by constant 0
WARNING: [Synth 8-3917] design top_level has port rgb1[1] driven by constant 0
WARNING: [Synth 8-3917] design top_level has port rgb1[0] driven by constant 0
WARNING: [Synth 8-3917] design top_level has port ss0_an[3] driven by constant 0
WARNING: [Synth 8-3917] design top_level has port ss0_an[2] driven by constant 0
WARNING: [Synth 8-3917] design top_level has port ss0_an[1] driven by constant 0
WARNING: [Synth 8-3917] design top_level has port ss0_an[0] driven by constant 0
WARNING: [Synth 8-3917] design top_level has port ss1_an[3] driven by constant 0
WARNING: [Synth 8-3917] design top_level has port ss1_an[2] driven by constant 0
WARNING: [Synth 8-3917] design top_level has port ss1_an[1] driven by constant 0
WARNING: [Synth 8-3917] design top_level has port ss1_an[0] driven by constant 0
WARNING: [Synth 8-7129] Port btn[3] in module top_level is either unconnected or has no load
WARNING: [Synth 8-7129] Port btn[2] in module top_level is either unconnected or has no load
WARNING: [Synth 8-7129] Port btn[1] in module top_level is either unconnected or has no load
WARNING: [Synth 8-7129] Port btn[0] in module top_level is either unconnected or has no load
---------------------------------------------------------------------------------
Finished Cross Boundary and Area Optimization : Time (s): cpu = 00:00:07 ; elapsed = 00:00:07 . Memory (MB): peak = 2334.570 ; gain = 659.234 ; free physical = 20518 ; free virtual = 36996
---------------------------------------------------------------------------------
---------------------------------------------------------------------------------
Start Applying XDC Timing Constraints
---------------------------------------------------------------------------------
---------------------------------------------------------------------------------
Finished Applying XDC Timing Constraints : Time (s): cpu = 00:00:10 ; elapsed = 00:00:10 . Memory (MB): peak = 2363.570 ; gain = 688.234 ; free physical = 20455 ; free virtual = 36933
---------------------------------------------------------------------------------
---------------------------------------------------------------------------------
Start Timing Optimization
---------------------------------------------------------------------------------
---------------------------------------------------------------------------------
Finished Timing Optimization : Time (s): cpu = 00:00:10 ; elapsed = 00:00:10 . Memory (MB): peak = 2363.570 ; gain = 688.234 ; free physical = 20455 ; free virtual = 36933
---------------------------------------------------------------------------------
---------------------------------------------------------------------------------
Start Technology Mapping
---------------------------------------------------------------------------------
---------------------------------------------------------------------------------
Finished Technology Mapping : Time (s): cpu = 00:00:10 ; elapsed = 00:00:10 . Memory (MB): peak = 2373.586 ; gain = 698.250 ; free physical = 20440 ; free virtual = 36917
---------------------------------------------------------------------------------
---------------------------------------------------------------------------------
Start IO Insertion
---------------------------------------------------------------------------------
---------------------------------------------------------------------------------
Start Flattening Before IO Insertion
---------------------------------------------------------------------------------
---------------------------------------------------------------------------------
Finished Flattening Before IO Insertion
---------------------------------------------------------------------------------
---------------------------------------------------------------------------------
Start Final Netlist Cleanup
---------------------------------------------------------------------------------
---------------------------------------------------------------------------------
Finished Final Netlist Cleanup
---------------------------------------------------------------------------------
---------------------------------------------------------------------------------
Finished IO Insertion : Time (s): cpu = 00:00:12 ; elapsed = 00:00:12 . Memory (MB): peak = 2556.398 ; gain = 881.062 ; free physical = 20305 ; free virtual = 36783
---------------------------------------------------------------------------------
---------------------------------------------------------------------------------
Start Renaming Generated Instances
---------------------------------------------------------------------------------
---------------------------------------------------------------------------------
Finished Renaming Generated Instances : Time (s): cpu = 00:00:12 ; elapsed = 00:00:12 . Memory (MB): peak = 2556.398 ; gain = 881.062 ; free physical = 20305 ; free virtual = 36783
---------------------------------------------------------------------------------
---------------------------------------------------------------------------------
Start Rebuilding User Hierarchy
---------------------------------------------------------------------------------
---------------------------------------------------------------------------------
Finished Rebuilding User Hierarchy : Time (s): cpu = 00:00:12 ; elapsed = 00:00:12 . Memory (MB): peak = 2556.398 ; gain = 881.062 ; free physical = 20305 ; free virtual = 36783
---------------------------------------------------------------------------------
---------------------------------------------------------------------------------
Start Renaming Generated Ports
---------------------------------------------------------------------------------
---------------------------------------------------------------------------------
Finished Renaming Generated Ports : Time (s): cpu = 00:00:12 ; elapsed = 00:00:12 . Memory (MB): peak = 2556.398 ; gain = 881.062 ; free physical = 20305 ; free virtual = 36783
---------------------------------------------------------------------------------
---------------------------------------------------------------------------------
Start Handling Custom Attributes
---------------------------------------------------------------------------------
---------------------------------------------------------------------------------
Finished Handling Custom Attributes : Time (s): cpu = 00:00:12 ; elapsed = 00:00:12 . Memory (MB): peak = 2556.398 ; gain = 881.062 ; free physical = 20305 ; free virtual = 36783
---------------------------------------------------------------------------------
---------------------------------------------------------------------------------
Start Renaming Generated Nets
---------------------------------------------------------------------------------
---------------------------------------------------------------------------------
Finished Renaming Generated Nets : Time (s): cpu = 00:00:12 ; elapsed = 00:00:12 . Memory (MB): peak = 2556.398 ; gain = 881.062 ; free physical = 20305 ; free virtual = 36783
---------------------------------------------------------------------------------
---------------------------------------------------------------------------------
Start Writing Synthesis Report
---------------------------------------------------------------------------------

Report BlackBoxes: 
+-+--------------+----------+
| |BlackBox name |Instances |
+-+--------------+----------+
+-+--------------+----------+

Report Cell Usage: 
+------+-----+------+
|      |Cell |Count |
+------+-----+------+
|1     |LUT4 |    14|
|2     |IBUF |    16|
|3     |OBUF |    44|
+------+-----+------+
---------------------------------------------------------------------------------
Finished Writing Synthesis Report : Time (s): cpu = 00:00:12 ; elapsed = 00:00:12 . Memory (MB): peak = 2556.398 ; gain = 881.062 ; free physical = 20305 ; free virtual = 36783
---------------------------------------------------------------------------------
Synthesis finished with 0 errors, 0 critical warnings and 19 warnings.
Synthesis Optimization Runtime : Time (s): cpu = 00:00:11 ; elapsed = 00:00:11 . Memory (MB): peak = 2556.398 ; gain = 757.289 ; free physical = 20305 ; free virtual = 36783
Synthesis Optimization Complete : Time (s): cpu = 00:00:12 ; elapsed = 00:00:12 . Memory (MB): peak = 2556.406 ; gain = 881.062 ; free physical = 20305 ; free virtual = 36783
INFO: [Project 1-571] Translating synthesized netlist
Netlist sorting complete. Time (s): cpu = 00:00:00.01 ; elapsed = 00:00:00 . Memory (MB): peak = 2556.406 ; gain = 0.000 ; free physical = 20305 ; free virtual = 36783
INFO: [Project 1-570] Preparing netlist for logic optimization
Parsing XDC File [/home/fpga/worker_place/temp/temp/56a0f0944cc44d83b12e54385080fd1d/xdc/top_level.xdc]
WARNING: [Vivado 12-584] No ports matched 'clk_100mhz'. [/home/fpga/worker_place/temp/temp/56a0f0944cc44d83b12e54385080fd1d/xdc/top_level.xdc:3]
CRITICAL WARNING: [Common 17-55] 'set_property' expects at least one object. [/home/fpga/worker_place/temp/temp/56a0f0944cc44d83b12e54385080fd1d/xdc/top_level.xdc:3]
Resolution: If [get_<value>] was used to populate the object, check to make sure this command returns at least one valid object.
WARNING: [Vivado 12-584] No ports matched 'clk_100mhz'. [/home/fpga/worker_place/temp/temp/56a0f0944cc44d83b12e54385080fd1d/xdc/top_level.xdc:4]
CRITICAL WARNING: [Vivado 12-4739] create_clock:No valid object(s) found for '-objects [get_ports clk_100mhz]'. [/home/fpga/worker_place/temp/temp/56a0f0944cc44d83b12e54385080fd1d/xdc/top_level.xdc:4]
Resolution: Check if the specified object(s) exists in the current design. If it does, ensure that the correct design hierarchy was specified for the object. If you are working with clocks, make sure create_clock was used to create the clock object before it is referenced.
WARNING: [Vivado 12-584] No ports matched 'pmoda[0]'. [/home/fpga/worker_place/temp/temp/56a0f0944cc44d83b12e54385080fd1d/xdc/top_level.xdc:93]
CRITICAL WARNING: [Common 17-55] 'set_property' expects at least one object. [/home/fpga/worker_place/temp/temp/56a0f0944cc44d83b12e54385080fd1d/xdc/top_level.xdc:93]
Resolution: If [get_<value>] was used to populate the object, check to make sure this command returns at least one valid object.
WARNING: [Vivado 12-584] No ports matched 'pmoda[1]'. [/home/fpga/worker_place/temp/temp/56a0f0944cc44d83b12e54385080fd1d/xdc/top_level.xdc:94]
CRITICAL WARNING: [Common 17-55] 'set_property' expects at least one object. [/home/fpga/worker_place/temp/temp/56a0f0944cc44d83b12e54385080fd1d/xdc/top_level.xdc:94]
Resolution: If [get_<value>] was used to populate the object, check to make sure this command returns at least one valid object.
WARNING: [Vivado 12-584] No ports matched 'pmoda[2]'. [/home/fpga/worker_place/temp/temp/56a0f0944cc44d83b12e54385080fd1d/xdc/top_level.xdc:95]
CRITICAL WARNING: [Common 17-55] 'set_property' expects at least one object. [/home/fpga/worker_place/temp/temp/56a0f0944cc44d83b12e54385080fd1d/xdc/top_level.xdc:95]
Resolution: If [get_<value>] was used to populate the object, check to make sure this command returns at least one valid object.
Finished Parsing XDC File [/home/fpga/worker_place/temp/temp/56a0f0944cc44d83b12e54385080fd1d/xdc/top_level.xdc]
INFO: [Opt 31-138] Pushed 0 inverter(s) to 0 load pin(s).
Netlist sorting complete. Time (s): cpu = 00:00:00 ; elapsed = 00:00:00 . Memory (MB): peak = 2580.410 ; gain = 0.000 ; free physical = 20479 ; free virtual = 36957
INFO: [Project 1-111] Unisim Transformation Summary:
No Unisim elements were transformed.

Synth Design complete | Checksum: cf8283fb
INFO: [Common 17-83] Releasing license: Synthesis
18 Infos, 47 Warnings, 11 Critical Warnings and 0 Errors encountered.
synth_design completed successfully
synth_design: Time (s): cpu = 00:00:16 ; elapsed = 00:00:15 . Memory (MB): peak = 2580.445 ; gain = 1061.234 ; free physical = 20481 ; free virtual = 36958
INFO: [Common 17-2834] synth_design peak Physical Memory [PSS] (MB): overall = 1993.791; main = 1993.791; forked = 333.924
INFO: [Common 17-2834] synth_design peak Virtual Memory [VSS] (MB): overall = 3298.422; main = 2580.414; forked = 963.848
# report_timing_summary -file $outputDir/post_synth_timing_summary.rpt
INFO: [Timing 38-35] Done setting XDC timing constraints.
INFO: [Timing 38-91] UpdateTimingParams: Speed grade: -1, Delay Type: min_max.
INFO: [Timing 38-191] Multithreading enabled for timing update using a maximum of 4 CPUs
# report_utilization -file $outputDir/post_synth_util.rpt -hierarchical -hierarchical_depth 4
# report_timing -file $outputDir/post_synth_timing.rpt
INFO: [Timing 38-91] UpdateTimingParams: Speed grade: -1, Delay Type: max.
INFO: [Timing 38-191] Multithreading enabled for timing update using a maximum of 4 CPUs
INFO: [Timing 38-78] ReportTimingParams: -max_paths 1 -nworst 1 -delay_type max -sort_by slack.
# opt_design
Command: opt_design
Attempting to get a license for feature 'Implementation' and/or device 'xc7s50'
INFO: [Common 17-349] Got license for feature 'Implementation' and/or device 'xc7s50'
Running DRC as a precondition to command opt_design

Starting DRC Task
INFO: [DRC 23-27] Running DRC with 4 threads
INFO: [Project 1-461] DRC finished with 0 Errors
INFO: [Project 1-462] Please refer to the DRC report (report_drc) for more information.

Time (s): cpu = 00:00:02 ; elapsed = 00:00:00.81 . Memory (MB): peak = 2737.504 ; gain = 78.312 ; free physical = 20371 ; free virtual = 36848

Starting Cache Timing Information Task
Ending Cache Timing Information Task | Checksum: 25224920d

Time (s): cpu = 00:00:00 ; elapsed = 00:00:00 . Memory (MB): peak = 2737.504 ; gain = 0.000 ; free physical = 20371 ; free virtual = 36848

Starting Logic Optimization Task

Phase 1 Initialization

Phase 1.1 Core Generation And Design Setup
Phase 1.1 Core Generation And Design Setup | Checksum: 25224920d

Time (s): cpu = 00:00:00 ; elapsed = 00:00:00 . Memory (MB): peak = 2983.473 ; gain = 0.000 ; free physical = 20103 ; free virtual = 36580

Phase 1.2 Setup Constraints And Sort Netlist
Phase 1.2 Setup Constraints And Sort Netlist | Checksum: 25224920d

Time (s): cpu = 00:00:00 ; elapsed = 00:00:00 . Memory (MB): peak = 2983.473 ; gain = 0.000 ; free physical = 20103 ; free virtual = 36580
Phase 1 Initialization | Checksum: 25224920d

Time (s): cpu = 00:00:00 ; elapsed = 00:00:00 . Memory (MB): peak = 2983.473 ; gain = 0.000 ; free physical = 20103 ; free virtual = 36580

Phase 2 Timer Update And Timing Data Collection

Phase 2.1 Timer Update
Phase 2.1 Timer Update | Checksum: 25224920d

Time (s): cpu = 00:00:00 ; elapsed = 00:00:00 . Memory (MB): peak = 2983.473 ; gain = 0.000 ; free physical = 20103 ; free virtual = 36580

Phase 2.2 Timing Data Collection
Phase 2.2 Timing Data Collection | Checksum: 25224920d

Time (s): cpu = 00:00:00 ; elapsed = 00:00:00 . Memory (MB): peak = 2983.473 ; gain = 0.000 ; free physical = 20095 ; free virtual = 36572
Phase 2 Timer Update And Timing Data Collection | Checksum: 25224920d

Time (s): cpu = 00:00:00 ; elapsed = 00:00:00 . Memory (MB): peak = 2983.473 ; gain = 0.000 ; free physical = 20095 ; free virtual = 36572

Phase 3 Retarget
INFO: [Opt 31-1851] Number of loadless carry chains removed were: 0
INFO: [Opt 31-1834] Total Chains To Be Transformed Were: 0 AND Number of Transformed insts Created are: 0
INFO: [Opt 31-138] Pushed 0 inverter(s) to 0 load pin(s).
INFO: [Opt 31-49] Retargeted 0 cell(s).
Phase 3 Retarget | Checksum: 25224920d

Time (s): cpu = 00:00:00.01 ; elapsed = 00:00:00 . Memory (MB): peak = 2983.473 ; gain = 0.000 ; free physical = 20095 ; free virtual = 36572
Retarget | Checksum: 25224920d
INFO: [Opt 31-389] Phase Retarget created 0 cells and removed 0 cells

Phase 4 Constant propagation
INFO: [Opt 31-138] Pushed 0 inverter(s) to 0 load pin(s).
Phase 4 Constant propagation | Checksum: 25224920d

Time (s): cpu = 00:00:00.01 ; elapsed = 00:00:00.01 . Memory (MB): peak = 2983.473 ; gain = 0.000 ; free physical = 20095 ; free virtual = 36572
Constant propagation | Checksum: 25224920d
INFO: [Opt 31-389] Phase Constant propagation created 0 cells and removed 0 cells

Phase 5 Sweep
INFO: [Constraints 18-11670] Building netlist checker database with flags, 0x8
Done building netlist checker database: Time (s): cpu = 00:00:00 ; elapsed = 00:00:00 . Memory (MB): peak = 2983.473 ; gain = 0.000 ; free physical = 20095 ; free virtual = 36572
Phase 5 Sweep | Checksum: 25224920d

Time (s): cpu = 00:00:00.01 ; elapsed = 00:00:00.01 . Memory (MB): peak = 2983.473 ; gain = 0.000 ; free physical = 20095 ; free virtual = 36572
Sweep | Checksum: 25224920d
INFO: [Opt 31-389] Phase Sweep created 0 cells and removed 0 cells

Phase 6 BUFG optimization
Phase 6 BUFG optimization | Checksum: 25224920d

Time (s): cpu = 00:00:00.01 ; elapsed = 00:00:00.01 . Memory (MB): peak = 3015.488 ; gain = 32.016 ; free physical = 20095 ; free virtual = 36572
BUFG optimization | Checksum: 25224920d
INFO: [Opt 31-662] Phase BUFG optimization created 0 cells of which 0 are BUFGs and removed 0 cells.

Phase 7 Shift Register Optimization
INFO: [Opt 31-1064] SRL Remap converted 0 SRLs to 0 registers and converted 0 registers of register chains to 0 SRLs
Phase 7 Shift Register Optimization | Checksum: 25224920d

Time (s): cpu = 00:00:00.01 ; elapsed = 00:00:00.01 . Memory (MB): peak = 3015.488 ; gain = 32.016 ; free physical = 20095 ; free virtual = 36572
Shift Register Optimization | Checksum: 25224920d
INFO: [Opt 31-389] Phase Shift Register Optimization created 0 cells and removed 0 cells

Phase 8 Post Processing Netlist
Phase 8 Post Processing Netlist | Checksum: 25224920d

Time (s): cpu = 00:00:00.01 ; elapsed = 00:00:00.01 . Memory (MB): peak = 3015.488 ; gain = 32.016 ; free physical = 20095 ; free virtual = 36572
Post Processing Netlist | Checksum: 25224920d
INFO: [Opt 31-389] Phase Post Processing Netlist created 0 cells and removed 0 cells

Phase 9 Finalization

Phase 9.1 Finalizing Design Cores and Updating Shapes
Phase 9.1 Finalizing Design Cores and Updating Shapes | Checksum: 25224920d

Time (s): cpu = 00:00:00.01 ; elapsed = 00:00:00.01 . Memory (MB): peak = 3015.488 ; gain = 32.016 ; free physical = 20095 ; free virtual = 36572

Phase 9.2 Verifying Netlist Connectivity

Starting Connectivity Check Task

Time (s): cpu = 00:00:00.01 ; elapsed = 00:00:00 . Memory (MB): peak = 3015.488 ; gain = 0.000 ; free physical = 20095 ; free virtual = 36572
Phase 9.2 Verifying Netlist Connectivity | Checksum: 25224920d

Time (s): cpu = 00:00:00.02 ; elapsed = 00:00:00.01 . Memory (MB): peak = 3015.488 ; gain = 32.016 ; free physical = 20095 ; free virtual = 36572
Phase 9 Finalization | Checksum: 25224920d

Time (s): cpu = 00:00:00.02 ; elapsed = 00:00:00.01 . Memory (MB): peak = 3015.488 ; gain = 32.016 ; free physical = 20095 ; free virtual = 36572
Opt_design Change Summary
=========================


-------------------------------------------------------------------------------------------------------------------------
|  Phase                        |  #Cells created  |  #Cells Removed  |  #Constrained objects preventing optimizations  |
-------------------------------------------------------------------------------------------------------------------------
|  Retarget                     |               0  |               0  |                                              0  |
|  Constant propagation         |               0  |               0  |                                              0  |
|  Sweep                        |               0  |               0  |                                              0  |
|  BUFG optimization            |               0  |               0  |                                              0  |
|  Shift Register Optimization  |               0  |               0  |                                              0  |
|  Post Processing Netlist      |               0  |               0  |                                              0  |
-------------------------------------------------------------------------------------------------------------------------


Ending Logic Optimization Task | Checksum: 25224920d

Time (s): cpu = 00:00:00.02 ; elapsed = 00:00:00.01 . Memory (MB): peak = 3015.488 ; gain = 32.016 ; free physical = 20095 ; free virtual = 36572

Starting Power Optimization Task
INFO: [Pwropt 34-132] Skipping clock gating for clocks with a period < 2.00 ns.
Ending Power Optimization Task | Checksum: 25224920d

Time (s): cpu = 00:00:00.01 ; elapsed = 00:00:00 . Memory (MB): peak = 3015.488 ; gain = 0.000 ; free physical = 20095 ; free virtual = 36572

Starting Final Cleanup Task
Ending Final Cleanup Task | Checksum: 25224920d

Time (s): cpu = 00:00:00 ; elapsed = 00:00:00 . Memory (MB): peak = 3015.488 ; gain = 0.000 ; free physical = 20095 ; free virtual = 36572

Starting Netlist Obfuscation Task
Netlist sorting complete. Time (s): cpu = 00:00:00 ; elapsed = 00:00:00 . Memory (MB): peak = 3015.488 ; gain = 0.000 ; free physical = 20095 ; free virtual = 36572
Ending Netlist Obfuscation Task | Checksum: 25224920d

Time (s): cpu = 00:00:00 ; elapsed = 00:00:00 . Memory (MB): peak = 3015.488 ; gain = 0.000 ; free physical = 20095 ; free virtual = 36572
INFO: [Common 17-83] Releasing license: Implementation
19 Infos, 0 Warnings, 0 Critical Warnings and 0 Errors encountered.
opt_design completed successfully
# place_design
Command: place_design
Attempting to get a license for feature 'Implementation' and/or device 'xc7s50'
INFO: [Common 17-349] Got license for feature 'Implementation' and/or device 'xc7s50'
INFO: [Common 17-83] Releasing license: Implementation
INFO: [DRC 23-27] Running DRC with 4 threads
INFO: [Vivado_Tcl 4-198] DRC finished with 0 Errors
INFO: [Vivado_Tcl 4-199] Please refer to the DRC report (report_drc) for more information.
Running DRC as a precondition to command place_design
INFO: [DRC 23-27] Running DRC with 4 threads
INFO: [Vivado_Tcl 4-198] DRC finished with 0 Errors
INFO: [Vivado_Tcl 4-199] Please refer to the DRC report (report_drc) for more information.
INFO: [Place 30-611] Multithreading enabled for place_design using a maximum of 4 CPUs

Starting Placer Task

Phase 1 Placer Initialization

Phase 1.1 Placer Initialization Netlist Sorting
Netlist sorting complete. Time (s): cpu = 00:00:00 ; elapsed = 00:00:00 . Memory (MB): peak = 3015.488 ; gain = 0.000 ; free physical = 20093 ; free virtual = 36571
Phase 1.1 Placer Initialization Netlist Sorting | Checksum: 182a20e12

Time (s): cpu = 00:00:00 ; elapsed = 00:00:00 . Memory (MB): peak = 3015.488 ; gain = 0.000 ; free physical = 20093 ; free virtual = 36571
Netlist sorting complete. Time (s): cpu = 00:00:00 ; elapsed = 00:00:00 . Memory (MB): peak = 3015.488 ; gain = 0.000 ; free physical = 20093 ; free virtual = 36571

Phase 1.2 IO Placement/ Clock Placement/ Build Placer Device
INFO: [Timing 38-35] Done setting XDC timing constraints.
Phase 1.2 IO Placement/ Clock Placement/ Build Placer Device | Checksum: 182a20e12

Time (s): cpu = 00:00:00.09 ; elapsed = 00:00:00.03 . Memory (MB): peak = 3015.488 ; gain = 0.000 ; free physical = 20093 ; free virtual = 36571

Phase 1.3 Build Placer Netlist Model
Phase 1.3 Build Placer Netlist Model | Checksum: 1e27e0967

Time (s): cpu = 00:00:00.12 ; elapsed = 00:00:00.04 . Memory (MB): peak = 3015.488 ; gain = 0.000 ; free physical = 20093 ; free virtual = 36571

Phase 1.4 Constrain Clocks/Macros
Phase 1.4 Constrain Clocks/Macros | Checksum: 1e27e0967

Time (s): cpu = 00:00:00.12 ; elapsed = 00:00:00.04 . Memory (MB): peak = 3015.488 ; gain = 0.000 ; free physical = 20093 ; free virtual = 36571
Phase 1 Placer Initialization | Checksum: 1e27e0967

Time (s): cpu = 00:00:00.13 ; elapsed = 00:00:00.04 . Memory (MB): peak = 3015.488 ; gain = 0.000 ; free physical = 20093 ; free virtual = 36571

Phase 2 Global Placement

Phase 2.1 Floorplanning
Phase 2.1 Floorplanning | Checksum: 1e27e0967

Time (s): cpu = 00:00:00.13 ; elapsed = 00:00:00.04 . Memory (MB): peak = 3015.488 ; gain = 0.000 ; free physical = 20093 ; free virtual = 36571

Phase 2.2 Update Timing before SLR Path Opt
Phase 2.2 Update Timing before SLR Path Opt | Checksum: 1e27e0967

Time (s): cpu = 00:00:00.13 ; elapsed = 00:00:00.04 . Memory (MB): peak = 3015.488 ; gain = 0.000 ; free physical = 20093 ; free virtual = 36571

Phase 2.3 Post-Processing in Floorplanning
Phase 2.3 Post-Processing in Floorplanning | Checksum: 1e27e0967

Time (s): cpu = 00:00:00.13 ; elapsed = 00:00:00.05 . Memory (MB): peak = 3015.488 ; gain = 0.000 ; free physical = 20093 ; free virtual = 36571

Phase 2.4 Global Place Phase1
Phase 2.4 Global Place Phase1 | Checksum: 203f81898

Time (s): cpu = 00:00:00.2 ; elapsed = 00:00:00.08 . Memory (MB): peak = 3015.488 ; gain = 0.000 ; free physical = 20092 ; free virtual = 36570

Phase 2.5 Global Place Phase2
WARNING: [Place 46-29] Timing had been disabled during Placer and, therefore, physical synthesis in Placer will be skipped.
Phase 2.5 Global Place Phase2 | Checksum: 281b4d56f

Time (s): cpu = 00:00:00.26 ; elapsed = 00:00:00.1 . Memory (MB): peak = 3015.488 ; gain = 0.000 ; free physical = 20098 ; free virtual = 36576
Phase 2 Global Placement | Checksum: 281b4d56f

Time (s): cpu = 00:00:00.26 ; elapsed = 00:00:00.1 . Memory (MB): peak = 3015.488 ; gain = 0.000 ; free physical = 20098 ; free virtual = 36576

Phase 3 Detail Placement

Phase 3.1 Commit Multi Column Macros
Phase 3.1 Commit Multi Column Macros | Checksum: 281b4d56f

Time (s): cpu = 00:00:00.26 ; elapsed = 00:00:00.1 . Memory (MB): peak = 3015.488 ; gain = 0.000 ; free physical = 20098 ; free virtual = 36576

Phase 3.2 Commit Most Macros & LUTRAMs
Phase 3.2 Commit Most Macros & LUTRAMs | Checksum: 1d8203576

Time (s): cpu = 00:00:00.28 ; elapsed = 00:00:00.1 . Memory (MB): peak = 3015.488 ; gain = 0.000 ; free physical = 20098 ; free virtual = 36576

Phase 3.3 Area Swap Optimization
Phase 3.3 Area Swap Optimization | Checksum: 1b8e3b432

Time (s): cpu = 00:00:00.28 ; elapsed = 00:00:00.1 . Memory (MB): peak = 3015.488 ; gain = 0.000 ; free physical = 20098 ; free virtual = 36576

Phase 3.4 Pipeline Register Optimization
Phase 3.4 Pipeline Register Optimization | Checksum: 1b8e3b432

Time (s): cpu = 00:00:00.28 ; elapsed = 00:00:00.1 . Memory (MB): peak = 3015.488 ; gain = 0.000 ; free physical = 20098 ; free virtual = 36576

Phase 3.5 Small Shape Detail Placement
Phase 3.5 Small Shape Detail Placement | Checksum: 2ea9852e3

Time (s): cpu = 00:00:00.39 ; elapsed = 00:00:00.13 . Memory (MB): peak = 3023.492 ; gain = 8.004 ; free physical = 20098 ; free virtual = 36576

Phase 3.6 Re-assign LUT pins
Phase 3.6 Re-assign LUT pins | Checksum: 2ea9852e3

Time (s): cpu = 00:00:00.39 ; elapsed = 00:00:00.13 . Memory (MB): peak = 3023.492 ; gain = 8.004 ; free physical = 20098 ; free virtual = 36576

Phase 3.7 Pipeline Register Optimization
Phase 3.7 Pipeline Register Optimization | Checksum: 2ea9852e3

Time (s): cpu = 00:00:00.4 ; elapsed = 00:00:00.13 . Memory (MB): peak = 3023.492 ; gain = 8.004 ; free physical = 20098 ; free virtual = 36576
Phase 3 Detail Placement | Checksum: 2ea9852e3

Time (s): cpu = 00:00:00.4 ; elapsed = 00:00:00.13 . Memory (MB): peak = 3023.492 ; gain = 8.004 ; free physical = 20098 ; free virtual = 36576

Phase 4 Post Placement Optimization and Clean-Up

Phase 4.1 Post Commit Optimization
Phase 4.1 Post Commit Optimization | Checksum: 2ea9852e3

Time (s): cpu = 00:00:00.43 ; elapsed = 00:00:00.14 . Memory (MB): peak = 3023.492 ; gain = 8.004 ; free physical = 20098 ; free virtual = 36575

Phase 4.2 Post Placement Cleanup
Phase 4.2 Post Placement Cleanup | Checksum: 2ea9852e3

Time (s): cpu = 00:00:00.44 ; elapsed = 00:00:00.14 . Memory (MB): peak = 3023.492 ; gain = 8.004 ; free physical = 20098 ; free virtual = 36575

Phase 4.3 Placer Reporting

Phase 4.3.1 Print Estimated Congestion
INFO: [Place 30-612] Post-Placement Estimated Congestion 
 ____________________________________________________
|           | Global Congestion | Short Congestion  |
| Direction | Region Size       | Region Size       |
|___________|___________________|___________________|
|      North|                1x1|                1x1|
|___________|___________________|___________________|
|      South|                1x1|                1x1|
|___________|___________________|___________________|
|       East|                1x1|                1x1|
|___________|___________________|___________________|
|       West|                1x1|                1x1|
|___________|___________________|___________________|

Phase 4.3.1 Print Estimated Congestion | Checksum: 2ea9852e3

Time (s): cpu = 00:00:00.44 ; elapsed = 00:00:00.14 . Memory (MB): peak = 3023.492 ; gain = 8.004 ; free physical = 20098 ; free virtual = 36575
Phase 4.3 Placer Reporting | Checksum: 2ea9852e3

Time (s): cpu = 00:00:00.44 ; elapsed = 00:00:00.14 . Memory (MB): peak = 3023.492 ; gain = 8.004 ; free physical = 20098 ; free virtual = 36575

Phase 4.4 Final Placement Cleanup
Netlist sorting complete. Time (s): cpu = 00:00:00 ; elapsed = 00:00:00 . Memory (MB): peak = 3023.492 ; gain = 0.000 ; free physical = 20098 ; free virtual = 36575

Time (s): cpu = 00:00:00.44 ; elapsed = 00:00:00.14 . Memory (MB): peak = 3023.492 ; gain = 8.004 ; free physical = 20098 ; free virtual = 36575
Phase 4 Post Placement Optimization and Clean-Up | Checksum: 2ea9852e3

Time (s): cpu = 00:00:00.44 ; elapsed = 00:00:00.14 . Memory (MB): peak = 3023.492 ; gain = 8.004 ; free physical = 20098 ; free virtual = 36575
Ending Placer Task | Checksum: 1f407fd3c

Time (s): cpu = 00:00:00.45 ; elapsed = 00:00:00.15 . Memory (MB): peak = 3023.492 ; gain = 8.004 ; free physical = 20098 ; free virtual = 36575
11 Infos, 1 Warnings, 0 Critical Warnings and 0 Errors encountered.
place_design completed successfully
# report_clock_utilization -file $outputDir/clock_util.rpt
# if {[get_property SLACK [get_timing_paths -max_paths 1 -nworst 1 -setup]] < 0} {
#  puts "Found setup timing violations => running physical optimization"
#  phys_opt_design
# }
Found setup timing violations => running physical optimization
Command: phys_opt_design
Attempting to get a license for feature 'Implementation' and/or device 'xc7s50'
INFO: [Common 17-349] Got license for feature 'Implementation' and/or device 'xc7s50'
INFO: [Vivado_Tcl 4-235] No timing constraint found. The netlist was not modified.
INFO: [Common 17-83] Releasing license: Implementation
3 Infos, 0 Warnings, 0 Critical Warnings and 0 Errors encountered.
phys_opt_design completed successfully
# report_utilization -file $outputDir/post_place_util.rpt
# report_timing_summary -file $outputDir/post_place_timing_summary.rpt
# report_timing -file $outputDir/post_place_timing.rpt
INFO: [Timing 38-78] ReportTimingParams: -max_paths 1 -nworst 1 -delay_type max -sort_by slack.
# route_design -directive Explore
Command: route_design -directive Explore
Attempting to get a license for feature 'Implementation' and/or device 'xc7s50'
INFO: [Common 17-349] Got license for feature 'Implementation' and/or device 'xc7s50'


Starting Routing Task
INFO: [Route 35-270] Using Router directive 'Explore'.
INFO: [Route 35-254] Multithreading enabled for route_design using a maximum of 4 CPUs

Phase 1 Build RT Design
Checksum: PlaceDB: e32eca79 ConstDB: 0 ShapeSum: 6647ff8d RouteDB: aa913336
Post Restoration Checksum: NetGraph: d8ef7190 | NumContArr: 780b7fcd | Constraints: c2a8fa9d | Timing: c2a8fa9d
Phase 1 Build RT Design | Checksum: 2d64ce697

Time (s): cpu = 00:00:08 ; elapsed = 00:00:07 . Memory (MB): peak = 3023.492 ; gain = 0.000 ; free physical = 20104 ; free virtual = 36582

Phase 2 Router Initialization
INFO: [Route 35-64] No timing constraints were detected. The router will operate in resource-optimization mode.

Phase 2.1 Fix Topology Constraints
Phase 2.1 Fix Topology Constraints | Checksum: 2d64ce697

Time (s): cpu = 00:00:08 ; elapsed = 00:00:07 . Memory (MB): peak = 3023.492 ; gain = 0.000 ; free physical = 20106 ; free virtual = 36584

Phase 2.2 Pre Route Cleanup
Phase 2.2 Pre Route Cleanup | Checksum: 2d64ce697

Time (s): cpu = 00:00:08 ; elapsed = 00:00:07 . Memory (MB): peak = 3023.492 ; gain = 0.000 ; free physical = 20106 ; free virtual = 36584
 Number of Nodes with overlaps = 0

Router Utilization Summary
  Global Vertical Routing Utilization    = 0 %
  Global Horizontal Routing Utilization  = 0 %
  Routable Net Status*
  *Does not include unroutable nets such as driverless and loadless.
  Run report_route_status for detailed report.
  Number of Failed Nets               = 30
    (Failed Nets is the sum of unrouted and partially routed nets)
  Number of Unrouted Nets             = 30
  Number of Partially Routed Nets     = 0
  Number of Node Overlaps             = 0

Phase 2 Router Initialization | Checksum: 2c1404d7c

Time (s): cpu = 00:00:08 ; elapsed = 00:00:07 . Memory (MB): peak = 3023.492 ; gain = 0.000 ; free physical = 20106 ; free virtual = 36584

Phase 3 Global Routing
Phase 3 Global Routing | Checksum: 2c1404d7c

Time (s): cpu = 00:00:08 ; elapsed = 00:00:07 . Memory (MB): peak = 3023.492 ; gain = 0.000 ; free physical = 20106 ; free virtual = 36584

Phase 4 Initial Routing

Phase 4.1 Initial Net Routing Pass
Phase 4.1 Initial Net Routing Pass | Checksum: 281b7ac11

Time (s): cpu = 00:00:08 ; elapsed = 00:00:07 . Memory (MB): peak = 3023.492 ; gain = 0.000 ; free physical = 20106 ; free virtual = 36584
Phase 4 Initial Routing | Checksum: 281b7ac11

Time (s): cpu = 00:00:08 ; elapsed = 00:00:07 . Memory (MB): peak = 3023.492 ; gain = 0.000 ; free physical = 20106 ; free virtual = 36584

Phase 5 Rip-up And Reroute

Phase 5.1 Global Iteration 0
 Number of Nodes with overlaps = 0
Phase 5.1 Global Iteration 0 | Checksum: 2a43ab38b

Time (s): cpu = 00:00:08 ; elapsed = 00:00:07 . Memory (MB): peak = 3023.492 ; gain = 0.000 ; free physical = 20106 ; free virtual = 36584
Phase 5 Rip-up And Reroute | Checksum: 2a43ab38b

Time (s): cpu = 00:00:08 ; elapsed = 00:00:07 . Memory (MB): peak = 3023.492 ; gain = 0.000 ; free physical = 20106 ; free virtual = 36584

Phase 6 Delay and Skew Optimization
Phase 6 Delay and Skew Optimization | Checksum: 2a43ab38b

Time (s): cpu = 00:00:08 ; elapsed = 00:00:07 . Memory (MB): peak = 3023.492 ; gain = 0.000 ; free physical = 20106 ; free virtual = 36584

Phase 7 Post Hold Fix

Phase 7.1 Hold Fix Iter
Phase 7.1 Hold Fix Iter | Checksum: 2a43ab38b

Time (s): cpu = 00:00:08 ; elapsed = 00:00:07 . Memory (MB): peak = 3023.492 ; gain = 0.000 ; free physical = 20106 ; free virtual = 36584
Phase 7 Post Hold Fix | Checksum: 2a43ab38b

Time (s): cpu = 00:00:08 ; elapsed = 00:00:07 . Memory (MB): peak = 3023.492 ; gain = 0.000 ; free physical = 20106 ; free virtual = 36584

Phase 8 Route finalize

Router Utilization Summary
  Global Vertical Routing Utilization    = 0.0271068 %
  Global Horizontal Routing Utilization  = 0.0922697 %
  Routable Net Status*
  *Does not include unroutable nets such as driverless and loadless.
  Run report_route_status for detailed report.
  Number of Failed Nets               = 0
    (Failed Nets is the sum of unrouted and partially routed nets)
  Number of Unrouted Nets             = 0
  Number of Partially Routed Nets     = 0
  Number of Node Overlaps             = 0


--GLOBAL Congestion:
Utilization threshold used for congestion level computation: 0.85
Congestion Report
North Dir 1x1 Area, Max Cong = 7.20721%, No Congested Regions.
South Dir 1x1 Area, Max Cong = 10.8108%, No Congested Regions.
East Dir 1x1 Area, Max Cong = 17.6471%, No Congested Regions.
West Dir 1x1 Area, Max Cong = 23.5294%, No Congested Regions.

------------------------------
Reporting congestion hotspots
------------------------------
Direction: North
----------------
Congested clusters found at Level 0
Effective congestion level: 0 Aspect Ratio: 1 Sparse Ratio: 0
Direction: South
----------------
Congested clusters found at Level 0
Effective congestion level: 0 Aspect Ratio: 1 Sparse Ratio: 0
Direction: East
----------------
Congested clusters found at Level 0
Effective congestion level: 0 Aspect Ratio: 1 Sparse Ratio: 0
Direction: West
----------------
Congested clusters found at Level 0
Effective congestion level: 0 Aspect Ratio: 1 Sparse Ratio: 0

Phase 8 Route finalize | Checksum: 2a43ab38b

Time (s): cpu = 00:00:08 ; elapsed = 00:00:07 . Memory (MB): peak = 3023.492 ; gain = 0.000 ; free physical = 20106 ; free virtual = 36584

Phase 9 Verifying routed nets

 Verification completed successfully
Phase 9 Verifying routed nets | Checksum: 2a43ab38b

Time (s): cpu = 00:00:08 ; elapsed = 00:00:07 . Memory (MB): peak = 3023.492 ; gain = 0.000 ; free physical = 20106 ; free virtual = 36584

Phase 10 Depositing Routes
Phase 10 Depositing Routes | Checksum: 2fce1b47c

Time (s): cpu = 00:00:08 ; elapsed = 00:00:07 . Memory (MB): peak = 3023.492 ; gain = 0.000 ; free physical = 20106 ; free virtual = 36584

Phase 11 Post Process Routing
Phase 11 Post Process Routing | Checksum: 2fce1b47c

Time (s): cpu = 00:00:08 ; elapsed = 00:00:07 . Memory (MB): peak = 3023.492 ; gain = 0.000 ; free physical = 20106 ; free virtual = 36584
Total Elapsed time in route_design: 7.22 secs

Phase 12 Post-Route Event Processing
Phase 12 Post-Route Event Processing | Checksum: 190304564

Time (s): cpu = 00:00:08 ; elapsed = 00:00:07 . Memory (MB): peak = 3023.492 ; gain = 0.000 ; free physical = 20106 ; free virtual = 36584
INFO: [Route 35-16] Router Completed Successfully
Ending Routing Task | Checksum: 190304564

Time (s): cpu = 00:00:08 ; elapsed = 00:00:07 . Memory (MB): peak = 3023.492 ; gain = 0.000 ; free physical = 20106 ; free virtual = 36584

Routing Is Done.
INFO: [Common 17-83] Releasing license: Implementation
6 Infos, 0 Warnings, 0 Critical Warnings and 0 Errors encountered.
route_design completed successfully
route_design: Time (s): cpu = 00:00:08 ; elapsed = 00:00:07 . Memory (MB): peak = 3023.492 ; gain = 0.000 ; free physical = 20106 ; free virtual = 36584
# report_route_status -file $outputDir/post_route_status.rpt
# report_timing_summary -file $outputDir/post_route_timing_summary.rpt
# report_timing -file $outputDir/post_route_timing.rpt
INFO: [Timing 38-78] ReportTimingParams: -max_paths 1 -nworst 1 -delay_type max -sort_by slack.
# report_power -file $outputDir/post_route_power.rpt
Command: report_power -file obj/post_route_power.rpt
WARNING: [Power 33-232] No user defined clocks were found in the design! Power estimation will be inaccurate until this is corrected.
Resolution: Please specify clocks using create_clock/create_generated_clock for sequential elements. For pure combinatorial circuits, please specify a virtual clock, otherwise the vectorless estimation might be inaccurate
Running Vector-less Activity Propagation...

Finished Running Vector-less Activity Propagation
0 Infos, 1 Warnings, 0 Critical Warnings and 0 Errors encountered.
report_power completed successfully
# report_drc -file $outputDir/post_imp_drc.rpt
Command: report_drc -file obj/post_imp_drc.rpt
INFO: [IP_Flow 19-234] Refreshing IP repositories
INFO: [IP_Flow 19-1704] No user IP repositories specified
INFO: [IP_Flow 19-2313] Loaded Vivado IP repository '/tools/Xilinx/2025.1/Vivado/data/ip'.
INFO: [DRC 23-27] Running DRC with 4 threads
INFO: [Vivado_Tcl 2-168] The results of DRC are in file /home/fpga/worker_place/temp/temp/56a0f0944cc44d83b12e54385080fd1d/obj/post_imp_drc.rpt.
report_drc completed successfully
# write_bitstream -force $outputDir/final.bit
Command: write_bitstream -force obj/final.bit
Attempting to get a license for feature 'Implementation' and/or device 'xc7s50'
INFO: [Common 17-349] Got license for feature 'Implementation' and/or device 'xc7s50'
Running DRC as a precondition to command write_bitstream
INFO: [IP_Flow 19-1839] IP Catalog is up to date.
INFO: [DRC 23-27] Running DRC with 4 threads
INFO: [Vivado 12-3199] DRC finished with 0 Errors
INFO: [Vivado 12-3200] Please refer to the DRC report (report_drc) for more information.
INFO: [Designutils 20-2272] Running write_bitstream with 4 threads.
Loading data files...
Loading site data...
Loading route data...
Processing options...
Creating bitmap...
Creating bitstream...
Bitstream compression saved 15211648 bits.
Writing bitstream obj/final.bit...
INFO: [Vivado 12-1842] Bitgen Completed Successfully.
INFO: [Common 17-83] Releasing license: Implementation
8 Infos, 0 Warnings, 0 Critical Warnings and 0 Errors encountered.
write_bitstream completed successfully
write_bitstream: Time (s): cpu = 00:00:06 ; elapsed = 00:00:23 . Memory (MB): peak = 3241.977 ; gain = 209.477 ; free physical = 19895 ; free virtual = 36373
INFO: [Common 17-206] Exiting Vivado at Tue Feb  3 03:30:07 2026...
